Archive member included to satisfy reference by file (symbol)

d:/various_programs/atmel/studio/7.0/toolchain/avr8/avr8-gnu-toolchain/bin/../lib/gcc/avr/5.4.0/../../../../avr/lib/avrxmega3/short-calls\libm.a(addsf3.o)
                              tinyAxon/tinyAxon.o (__subsf3)
d:/various_programs/atmel/studio/7.0/toolchain/avr8/avr8-gnu-toolchain/bin/../lib/gcc/avr/5.4.0/../../../../avr/lib/avrxmega3/short-calls\libm.a(addsf3x.o)
                              d:/various_programs/atmel/studio/7.0/toolchain/avr8/avr8-gnu-toolchain/bin/../lib/gcc/avr/5.4.0/../../../../avr/lib/avrxmega3/short-calls\libm.a(addsf3.o) (__addsf3x)
d:/various_programs/atmel/studio/7.0/toolchain/avr8/avr8-gnu-toolchain/bin/../lib/gcc/avr/5.4.0/../../../../avr/lib/avrxmega3/short-calls\libm.a(cmpsf2.o)
                              Potential_to_RGB/Potential_to_RGB.o (__ltsf2)
d:/various_programs/atmel/studio/7.0/toolchain/avr8/avr8-gnu-toolchain/bin/../lib/gcc/avr/5.4.0/../../../../avr/lib/avrxmega3/short-calls\libm.a(divsf3.o)
                              Potential_to_RGB/Potential_to_RGB.o (__divsf3)
d:/various_programs/atmel/studio/7.0/toolchain/avr8/avr8-gnu-toolchain/bin/../lib/gcc/avr/5.4.0/../../../../avr/lib/avrxmega3/short-calls\libm.a(divsf3x.o)
                              d:/various_programs/atmel/studio/7.0/toolchain/avr8/avr8-gnu-toolchain/bin/../lib/gcc/avr/5.4.0/../../../../avr/lib/avrxmega3/short-calls\libm.a(divsf3.o) (__divsf3x)
d:/various_programs/atmel/studio/7.0/toolchain/avr8/avr8-gnu-toolchain/bin/../lib/gcc/avr/5.4.0/../../../../avr/lib/avrxmega3/short-calls\libm.a(fixsfsi.o)
                              Potential_to_RGB/Potential_to_RGB.o (__fixsfsi)
d:/various_programs/atmel/studio/7.0/toolchain/avr8/avr8-gnu-toolchain/bin/../lib/gcc/avr/5.4.0/../../../../avr/lib/avrxmega3/short-calls\libm.a(fixunssfsi.o)
                              Potential_to_RGB/Potential_to_RGB.o (__fixunssfsi)
d:/various_programs/atmel/studio/7.0/toolchain/avr8/avr8-gnu-toolchain/bin/../lib/gcc/avr/5.4.0/../../../../avr/lib/avrxmega3/short-calls\libm.a(floatsisf.o)
                              tinyButton/tinyButton.o (__floatunsisf)
d:/various_programs/atmel/studio/7.0/toolchain/avr8/avr8-gnu-toolchain/bin/../lib/gcc/avr/5.4.0/../../../../avr/lib/avrxmega3/short-calls\libm.a(fp_cmp.o)
                              d:/various_programs/atmel/studio/7.0/toolchain/avr8/avr8-gnu-toolchain/bin/../lib/gcc/avr/5.4.0/../../../../avr/lib/avrxmega3/short-calls\libm.a(cmpsf2.o) (__fp_cmp)
d:/various_programs/atmel/studio/7.0/toolchain/avr8/avr8-gnu-toolchain/bin/../lib/gcc/avr/5.4.0/../../../../avr/lib/avrxmega3/short-calls\libm.a(fp_inf.o)
                              d:/various_programs/atmel/studio/7.0/toolchain/avr8/avr8-gnu-toolchain/bin/../lib/gcc/avr/5.4.0/../../../../avr/lib/avrxmega3/short-calls\libm.a(addsf3x.o) (__fp_inf)
d:/various_programs/atmel/studio/7.0/toolchain/avr8/avr8-gnu-toolchain/bin/../lib/gcc/avr/5.4.0/../../../../avr/lib/avrxmega3/short-calls\libm.a(fp_nan.o)
                              d:/various_programs/atmel/studio/7.0/toolchain/avr8/avr8-gnu-toolchain/bin/../lib/gcc/avr/5.4.0/../../../../avr/lib/avrxmega3/short-calls\libm.a(addsf3x.o) (__fp_nan)
d:/various_programs/atmel/studio/7.0/toolchain/avr8/avr8-gnu-toolchain/bin/../lib/gcc/avr/5.4.0/../../../../avr/lib/avrxmega3/short-calls\libm.a(fp_pscA.o)
                              d:/various_programs/atmel/studio/7.0/toolchain/avr8/avr8-gnu-toolchain/bin/../lib/gcc/avr/5.4.0/../../../../avr/lib/avrxmega3/short-calls\libm.a(addsf3x.o) (__fp_pscA)
d:/various_programs/atmel/studio/7.0/toolchain/avr8/avr8-gnu-toolchain/bin/../lib/gcc/avr/5.4.0/../../../../avr/lib/avrxmega3/short-calls\libm.a(fp_pscB.o)
                              d:/various_programs/atmel/studio/7.0/toolchain/avr8/avr8-gnu-toolchain/bin/../lib/gcc/avr/5.4.0/../../../../avr/lib/avrxmega3/short-calls\libm.a(addsf3x.o) (__fp_pscB)
d:/various_programs/atmel/studio/7.0/toolchain/avr8/avr8-gnu-toolchain/bin/../lib/gcc/avr/5.4.0/../../../../avr/lib/avrxmega3/short-calls\libm.a(fp_round.o)
                              d:/various_programs/atmel/studio/7.0/toolchain/avr8/avr8-gnu-toolchain/bin/../lib/gcc/avr/5.4.0/../../../../avr/lib/avrxmega3/short-calls\libm.a(addsf3.o) (__fp_round)
d:/various_programs/atmel/studio/7.0/toolchain/avr8/avr8-gnu-toolchain/bin/../lib/gcc/avr/5.4.0/../../../../avr/lib/avrxmega3/short-calls\libm.a(fp_split3.o)
                              d:/various_programs/atmel/studio/7.0/toolchain/avr8/avr8-gnu-toolchain/bin/../lib/gcc/avr/5.4.0/../../../../avr/lib/avrxmega3/short-calls\libm.a(addsf3x.o) (__fp_split3)
d:/various_programs/atmel/studio/7.0/toolchain/avr8/avr8-gnu-toolchain/bin/../lib/gcc/avr/5.4.0/../../../../avr/lib/avrxmega3/short-calls\libm.a(fp_zero.o)
                              d:/various_programs/atmel/studio/7.0/toolchain/avr8/avr8-gnu-toolchain/bin/../lib/gcc/avr/5.4.0/../../../../avr/lib/avrxmega3/short-calls\libm.a(addsf3x.o) (__fp_zero)
[...]
Memory Configuration

Name             Origin             Length             Attributes
text             0x00000000         0x00100000         xr
data             0x00802000         0x0000ffa0         rw !x
eeprom           0x00810000         0x00010000         rw !x
fuse             0x00820000         0x00000009         rw !x
lock             0x00830000         0x00000400         rw !x
signature        0x00840000         0x00000400         rw !x
user_signatures  0x00850000         0x00000400         rw !x
*default*        0x00000000         0xffffffff

Linker script and memory map

Address of section .data set to 0x803e00
                0x00008000                __RODATA_PM_OFFSET__ = 0x8000
LOAD D:/Various_programs/Atmel/Studio/7.0/Packs/Atmel/ATtiny_DFP/1.3.229/gcc/dev/attiny817/avrxmega3/short-calls/crtattiny817.o
LOAD atmel_start.o
LOAD driver_isr.o
LOAD examples/src/adc_basic_example.o
LOAD examples/src/dac_basic_example.o
LOAD examples/src/usart_basic_example.o
LOAD src/adc_basic.o
LOAD src/bod.o
LOAD src/ccl.o
LOAD src/clkctrl.o
LOAD src/cpuint.o
LOAD src/dac_basic.o
LOAD src/driver_init.o
LOAD src/protected_io.o
LOAD src/rtc.o
LOAD src/slpctrl.o
LOAD src/spi.o
LOAD src/tca.o
LOAD src/usart_basic.o
LOAD tinyCharge/tinyCharge.o
LOAD tinyDebugger/tinyDebugger.o
LOAD tinyPulse/tinyPulse.o
LOAD tinyTime/tinyTime.o
LOAD main.o
LOAD Potential_to_RGB/Potential_to_RGB.o
LOAD tinyButton/tinyButton.o
LOAD tinyCCLRGB/tinyCCLRGB.o
LOAD tinyAxon/tinyAxon.o
LOAD tinyDendrite/tinyDendrite.o
LOAD tinyISR/tinyISR.o
LOAD tinyPotential/tinyPotential.o
START GROUP
LOAD d:/various_programs/atmel/studio/7.0/toolchain/avr8/avr8-gnu-toolchain/bin/../lib/gcc/avr/5.4.0/../../../../avr/lib/avrxmega3/short-calls\libm.a
END GROUP
START GROUP
LOAD d:/various_programs/atmel/studio/7.0/toolchain/avr8/avr8-gnu-toolchain/bin/../lib/gcc/avr/5.4.0/avrxmega3/short-calls\libgcc.a
LOAD d:/various_programs/atmel/studio/7.0/toolchain/avr8/avr8-gnu-toolchain/bin/../lib/gcc/avr/5.4.0/../../../../avr/lib/avrxmega3/short-calls\libm.a
LOAD d:/various_programs/atmel/studio/7.0/toolchain/avr8/avr8-gnu-toolchain/bin/../lib/gcc/avr/5.4.0/../../../../avr/lib/avrxmega3/short-calls\libc.a
LOAD D:/Various_programs/Atmel/Studio/7.0/Packs/Atmel/ATtiny_DFP/1.3.229/gcc/dev/attiny817/avrxmega3/short-calls\libattiny817.a
END GROUP
                0x00100000                __TEXT_REGION_LENGTH__ = DEFINED (__TEXT_REGION_LENGTH__)?__TEXT_REGION_LENGTH__:0x100000
                0x0000ffa0                __DATA_REGION_LENGTH__ = DEFINED (__DATA_REGION_LENGTH__)?__DATA_REGION_LENGTH__:0xffa0
                0x00010000                __EEPROM_REGION_LENGTH__ = DEFINED (__EEPROM_REGION_LENGTH__)?__EEPROM_REGION_LENGTH__:0x10000
                [0x00000009]                __FUSE_REGION_LENGTH__ = DEFINED (__FUSE_REGION_LENGTH__)?__FUSE_REGION_LENGTH__:0x400
                0x00000400                __LOCK_REGION_LENGTH__ = DEFINED (__LOCK_REGION_LENGTH__)?__LOCK_REGION_LENGTH__:0x400
                0x00000400                __SIGNATURE_REGION_LENGTH__ = DEFINED (__SIGNATURE_REGION_LENGTH__)?__SIGNATURE_REGION_LENGTH__:0x400
                0x00000400                __USER_SIGNATURE_REGION_LENGTH__ = DEFINED (__USER_SIGNATURE_REGION_LENGTH__)?__USER_SIGNATURE_REGION_LENGTH__:0x400
                0x00008000                __RODATA_PM_OFFSET__ = DEFINED (__RODATA_PM_OFFSET__)?__RODATA_PM_OFFSET__:0x8000

.hash
 *(.hash)

.dynsym
 *(.dynsym)

.dynstr
 *(.dynstr)

.gnu.version
 *(.gnu.version)

.gnu.version_d
 *(.gnu.version_d)

.gnu.version_r
 *(.gnu.version_r)

.rel.init
 *(.rel.init)

.rela.init
 *(.rela.init)

.rel.text
 *(.rel.text)
 *(.rel.text.*)
 *(.rel.gnu.linkonce.t*)

.rela.text
 *(.rela.text)
 *(.rela.text.*)
 *(.rela.gnu.linkonce.t*)

.rel.fini
 *(.rel.fini)

.rela.fini
 *(.rela.fini)

.rel.rodata
 *(.rel.rodata)
 *(.rel.rodata.*)
 *(.rel.gnu.linkonce.r*)

.rela.rodata
 *(.rela.rodata)
 *(.rela.rodata.*)
 *(.rela.gnu.linkonce.r*)

.rel.data
 *(.rel.data)
 *(.rel.data.*)
 *(.rel.gnu.linkonce.d*)

.rela.data
 *(.rela.data)
 *(.rela.data.*)
 *(.rela.gnu.linkonce.d*)

.rel.ctors
 *(.rel.ctors)

.rela.ctors
 *(.rela.ctors)

.rel.dtors
 *(.rel.dtors)

.rela.dtors
 *(.rela.dtors)

.rel.got
 *(.rel.got)

.rela.got
 *(.rela.got)

.rel.bss
 *(.rel.bss)

.rela.bss
 *(.rela.bss)

.rel.plt
 *(.rel.plt)

.rela.plt
 *(.rela.plt)

.text           0x00000000     0x1c6a
 *(.vectors)
 .vectors       0x00000000       0x34 D:/Various_programs/Atmel/Studio/7.0/Packs/Atmel/ATtiny_DFP/1.3.229/gcc/dev/attiny817/avrxmega3/short-calls/crtattiny817.o
                0x00000000                __vector_default
                0x00000000                __vectors
 *(.vectors)
 *(.progmem.gcc*)
                0x00000034                . = ALIGN (0x2)
                0x00000034                __trampolines_start = .
 *(.trampolines)
 .trampolines   0x00000034        0x0 linker stubs
 *(.trampolines*)
                0x00000034                __trampolines_end = .
 *libprintf_flt.a:*(.progmem.data)
 *libc.a:*(.progmem.data)
 .progmem.data  0x00000034       0xfa d:/various_programs/atmel/studio/7.0/toolchain/avr8/avr8-gnu-toolchain/bin/../lib/gcc/avr/5.4.0/../../../../avr/lib/avrxmega3/short-calls\libc.a(ftoa_engine.o)
 *(.progmem*)
                0x0000012e                . = ALIGN (0x2)
 *(.jumptables)
 *(.jumptables*)
 *(.lowtext)
 *(.lowtext*)
                0x0000012e                __ctors_start = .
 *(.ctors)
                0x0000012e                __ctors_end = .
                0x0000012e                __dtors_start = .
 *(.dtors)
                0x0000012e                __dtors_end = .
 SORT(*)(.ctors)
 SORT(*)(.dtors)
 *(.init0)
 .init0         0x0000012e        0x0 D:/Various_programs/Atmel/Studio/7.0/Packs/Atmel/ATtiny_DFP/1.3.229/gcc/dev/attiny817/avrxmega3/short-calls/crtattiny817.o
                0x0000012e                __init
 *(.init0)
 *(.init1)
 *(.init1)
 *(.init2)
 .init2         0x0000012e        0xc D:/Various_programs/Atmel/Studio/7.0/Packs/Atmel/ATtiny_DFP/1.3.229/gcc/dev/attiny817/avrxmega3/short-calls/crtattiny817.o
 *(.init2)
 *(.init3)
 *(.init3)
 *(.init4)
 .init4         0x0000013a       0x16 d:/various_programs/atmel/studio/7.0/toolchain/avr8/avr8-gnu-toolchain/bin/../lib/gcc/avr/5.4.0/avrxmega3/short-calls\libgcc.a(_copy_data.o)
                0x0000013a                __do_copy_data
 .init4         0x00000150       0x10 d:/various_programs/atmel/studio/7.0/toolchain/avr8/avr8-gnu-toolchain/bin/../lib/gcc/avr/5.4.0/avrxmega3/short-calls\libgcc.a(_clear_bss.o)
                0x00000150                __do_clear_bss
 *(.init4)
 *(.init5)
 *(.init5)
 *(.init6)
 *(.init6)
 *(.init7)
 *(.init7)
 *(.init8)
 *(.init8)
 *(.init9)
 .init9         0x00000160        0x4 D:/Various_programs/Atmel/Studio/7.0/Packs/Atmel/ATtiny_DFP/1.3.229/gcc/dev/attiny817/avrxmega3/short-calls/crtattiny817.o
 *(.init9)
 *(.text)
 .text          0x00000164        0x2 D:/Various_programs/Atmel/Studio/7.0/Packs/Atmel/ATtiny_DFP/1.3.229/gcc/dev/attiny817/avrxmega3/short-calls/crtattiny817.o
                0x00000164                __vector_22
                0x00000164                __vector_1
                0x00000164                __vector_24
                0x00000164                __vector_12
                0x00000164                __bad_interrupt
                0x00000164                __vector_3
                0x00000164                __vector_23
                0x00000164                __vector_25
                0x00000164                __vector_11
                0x00000164                __vector_13
                0x00000164                __vector_17
                0x00000164                __vector_19
                0x00000164                __vector_7
                0x00000164                __vector_5
                0x00000164                __vector_4
                0x00000164                __vector_9
                0x00000164                __vector_2
                0x00000164                __vector_21
                0x00000164                __vector_15
                0x00000164                __vector_8
                0x00000164                __vector_14
                0x00000164                __vector_10
                0x00000164                __vector_16
                0x00000164                __vector_18
                0x00000164                __vector_20
                0x00000166                . = ALIGN (0x2)
 *(.text.*)
 .text.atmel_start_init
                0x00000166        0x4 atmel_start.o
                0x00000166                atmel_start_init
 .text.ADC_init
                0x0000016a        0xa src/adc_basic.o
                0x0000016a                ADC_init
 .text.ADC_is_conversion_done
                0x00000174        0x8 src/adc_basic.o
                0x00000174                ADC_is_conversion_done
 .text.ADC_get_conversion
                0x0000017c       0x22 src/adc_basic.o
                0x0000017c                ADC_get_conversion
 .text.BOD_init
                0x0000019e        0x4 src/bod.o
                0x0000019e                BOD_init
 .text.DIGGSIGG_init
                0x000001a2       0x1c src/ccl.o
                0x000001a2                DIGGSIGG_init
 .text.CLKCTRL_init
                0x000001be       0x18 src/clkctrl.o
                0x000001be                CLKCTRL_init
 .text.CPUINT_init
                0x000001d6        0x6 src/cpuint.o
                0x000001d6                CPUINT_init
 .text.DAC_init
                0x000001dc        0xa src/dac_basic.o
                0x000001dc                DAC_init
 .text.DAC_set_output
                0x000001e6        0x6 src/dac_basic.o
                0x000001e6                DAC_set_output
 .text.mcu_init
                0x000001ec       0x38 src/driver_init.o
                0x000001ec                mcu_init
 .text.ADC_initialization
                0x00000224       0x5e src/driver_init.o
                0x00000224                ADC_initialization
 .text.USART_0_initialization
                0x00000282       0x14 src/driver_init.o
                0x00000282                USART_0_initialization
 .text.TIMER_0_initialization
                0x00000296       0x12 src/driver_init.o
                0x00000296                TIMER_0_initialization
 .text.DIGGSIGG_initialization
                0x000002a8       0x12 src/driver_init.o
                0x000002a8                DIGGSIGG_initialization
 .text.SPI_0_initialization
                0x000002ba       0x1c src/driver_init.o
                0x000002ba                SPI_0_initialization
 .text.DAC_initialization
                0x000002d6       0x16 src/driver_init.o
                0x000002d6                DAC_initialization
 .text.system_init
                0x000002ec       0x36 src/driver_init.o
                0x000002ec                system_init
 .text.protected_write_io
                0x00000322        0x8 src/protected_io.o
                0x00000322                protected_write_io
 .text.RTC_init
                0x0000032a       0x38 src/rtc.o
                0x0000032a                RTC_init
 .text.SLPCTRL_init
                0x00000362        0x4 src/slpctrl.o
                0x00000362                SLPCTRL_init
 .text.SPI_0_init
                0x00000366       0x10 src/spi.o
                0x00000366                SPI_0_init
 .text.TIMER_0_init
                0x00000376       0x20 src/tca.o
                0x00000376                TIMER_0_init
 .text.USART_0_init
                0x00000396       0x20 src/usart_basic.o
                0x00000396                USART_0_init
 .text.USART_0_write
                0x000003b6       0x10 src/usart_basic.o
                0x000003b6                USART_0_write
 .text.USART_0_printCHAR
                0x000003c6        0x8 src/usart_basic.o
                0x000003c6                USART_0_printCHAR
 .text.tinyCharge_is_charging
                0x000003ce        0x4 tinyCharge/tinyCharge.o
                0x000003ce                tinyCharge_is_charging
 .text.tinyCharge_set_charging
                0x000003d2        0x6 tinyCharge/tinyCharge.o
                0x000003d2                tinyCharge_set_charging
 .text.tinyCharge_set_transistors
                0x000003d8       0x10 tinyCharge/tinyCharge.o
                0x000003d8                tinyCharge_set_transistors
 .text.tinyDebugger_send_int
                0x000003e8       0x20 tinyDebugger/tinyDebugger.o
                0x000003e8                tinyDebugger_send_int
 .text.tinyDebugger_send_uint8
                0x00000408       0x20 tinyDebugger/tinyDebugger.o
                0x00000408                tinyDebugger_send_uint8
 .text.tinyDebugger_send_double
                0x00000428       0x68 tinyDebugger/tinyDebugger.o
                0x00000428                tinyDebugger_send_double
 .text.tinyDebugger_end_line
                0x00000490        0x8 tinyDebugger/tinyDebugger.o
                0x00000490                tinyDebugger_end_line
 .text.tinyPulse_toggle_pulse_mode
                0x00000498        0xe tinyPulse/tinyPulse.o
                0x00000498                tinyPulse_toggle_pulse_mode
 .text.tinyPulse_update_potential
                0x000004a6       0x6a tinyPulse/tinyPulse.o
                0x000004a6                tinyPulse_update_potential
 .text.tinyTime_counter_increment
                0x00000510       0x28 tinyTime/tinyTime.o
                0x00000510                tinyTime_counter_increment
 .text.tinyTime_now
                0x00000538       0x12 tinyTime/tinyTime.o
                0x00000538                tinyTime_now
 .text.main     0x0000054a       0x2e main.o
                0x0000054a                main
 .text.set_LED_fire
                0x00000578       0x2a Potential_to_RGB/Potential_to_RGB.o
                0x00000578                set_LED_fire
 .text.potential_to_RGB_update_LEDs
                0x000005a2      0x116 Potential_to_RGB/Potential_to_RGB.o
                0x000005a2                potential_to_RGB_update_LEDs
 .text.tinyButton_update
                0x000006b8       0x9c tinyButton/tinyButton.o
                0x000006b8                tinyButton_update
 .text.tinyButton_update_potential
                0x00000754       0x14 tinyButton/tinyButton.o
                0x00000754                tinyButton_update_potential
 .text.tinyCCLRGB_SPIWriteByte
                0x00000768       0x28 tinyCCLRGB/tinyCCLRGB.o
 .text.tinyCCLRGB_setColor
                0x00000790       0x1a tinyCCLRGB/tinyCCLRGB.o
                0x00000790                tinyCCLRGB_setColor
 .text.tinyCCLRGB_uploadColorsToLeds
                0x000007aa       0x2e tinyCCLRGB/tinyCCLRGB.o
                0x000007aa                tinyCCLRGB_uploadColorsToLeds
 .text.find_newest_pulse
                0x000007d8       0x26 tinyAxon/tinyAxon.o
                0x000007d8                find_newest_pulse
 .text.tinyAxon_remove_pulse
                0x000007fe       0x34 tinyAxon/tinyAxon.o
                0x000007fe                tinyAxon_remove_pulse
 .text.tinyAxon_update_potential
                0x00000832      0x17e tinyAxon/tinyAxon.o
                0x00000832                tinyAxon_update_potential
 .text.tinyDendrite_update_signals
                0x000009b0      0x16a tinyDendrite/tinyDendrite.o
                0x000009b0                tinyDendrite_update_signals
 .text.tinyDendrite_get_potential
                0x00000b1a       0x56 tinyDendrite/tinyDendrite.o
                0x00000b1a                tinyDendrite_get_potential
 .text.tinyDendrite_update_potential
                0x00000b70       0x26 tinyDendrite/tinyDendrite.o
                0x00000b70                tinyDendrite_update_potential
 .text.__vector_6
                0x00000b96       0x54 tinyISR/tinyISR.o
                0x00000b96                __vector_6
 .text.tinyISR_setflag
                0x00000bea        0x6 tinyISR/tinyISR.o
                0x00000bea                tinyISR_setflag
 .text.tinyISR_getflag
                0x00000bf0        0x6 tinyISR/tinyISR.o
                0x00000bf0                tinyISR_getflag
 .text.tinyPotential_update
                0x00000bf6       0xd2 tinyPotential/tinyPotential.o
                0x00000bf6                tinyPotential_update
 .text.avr-libc.fplib
                0x00000cc8        0xe d:/various_programs/atmel/studio/7.0/toolchain/avr8/avr8-gnu-toolchain/bin/../lib/gcc/avr/5.4.0/../../../../avr/lib/avrxmega3/short-calls\libm.a(addsf3.o)
                0x00000cc8                __subsf3
                0x00000cca                __addsf3
 .text.avr-libc.fplib
                0x00000cd6       0xcc d:/various_programs/atmel/studio/7.0/toolchain/avr8/avr8-gnu-toolchain/bin/../lib/gcc/avr/5.4.0/../../../../avr/lib/avrxmega3/short-calls\libm.a(addsf3x.o)
                0x00000cf8                __addsf3x
 .text.avr-libc.fplib
                0x00000da2        0xa d:/various_programs/atmel/studio/7.0/toolchain/avr8/avr8-gnu-toolchain/bin/../lib/gcc/avr/5.4.0/../../../../avr/lib/avrxmega3/short-calls\libm.a(cmpsf2.o)
                0x00000da2                __nesf2
                0x00000da2                __eqsf2
                0x00000da2                __cmpsf2
                0x00000da2                __ltsf2
                0x00000da2                __lesf2
 .text.avr-libc.fplib
                0x00000dac        0x8 d:/various_programs/atmel/studio/7.0/toolchain/avr8/avr8-gnu-toolchain/bin/../lib/gcc/avr/5.4.0/../../../../avr/lib/avrxmega3/short-calls\libm.a(divsf3.o)
                0x00000dac                __divsf3
 .text.avr-libc.fplib
                0x00000db4       0xdc d:/various_programs/atmel/studio/7.0/toolchain/avr8/avr8-gnu-toolchain/bin/../lib/gcc/avr/5.4.0/../../../../avr/lib/avrxmega3/short-calls\libm.a(divsf3x.o)
                0x00000dd4                __divsf3x
                0x00000dda                __divsf3_pse
 .text.avr-libc.fplib
                0x00000e90        0xe d:/various_programs/atmel/studio/7.0/toolchain/avr8/avr8-gnu-toolchain/bin/../lib/gcc/avr/5.4.0/../../../../avr/lib/avrxmega3/short-calls\libm.a(fixsfsi.o)
                0x00000e90                __fixsfsi
 .text.avr-libc.fplib
                0x00000e9e       0x5e d:/various_programs/atmel/studio/7.0/toolchain/avr8/avr8-gnu-toolchain/bin/../lib/gcc/avr/5.4.0/../../../../avr/lib/avrxmega3/short-calls\libm.a(fixunssfsi.o)
                0x00000e9e                __fixunssfsi
 .text.avr-libc.fplib
                0x00000efc       0x7a d:/various_programs/atmel/studio/7.0/toolchain/avr8/avr8-gnu-toolchain/bin/../lib/gcc/avr/5.4.0/../../../../avr/lib/avrxmega3/short-calls\libm.a(floatsisf.o)
                0x00000efc                __floatunsisf
                0x00000f00                __floatsisf
 .text.avr-libc.fplib
                0x00000f76       0x48 d:/various_programs/atmel/studio/7.0/toolchain/avr8/avr8-gnu-toolchain/bin/../lib/gcc/avr/5.4.0/../../../../avr/lib/avrxmega3/short-calls\libm.a(fp_cmp.o)
                0x00000f76                __fp_cmp
 .text.avr-libc.fplib
                0x00000fbe        0xc d:/various_programs/atmel/studio/7.0/toolchain/avr8/avr8-gnu-toolchain/bin/../lib/gcc/avr/5.4.0/../../../../avr/lib/avrxmega3/short-calls\libm.a(fp_inf.o)
                0x00000fbe                __fp_inf
 .text.avr-libc.fplib
                0x00000fca        0x6 d:/various_programs/atmel/studio/7.0/toolchain/avr8/avr8-gnu-toolchain/bin/../lib/gcc/avr/5.4.0/../../../../avr/lib/avrxmega3/short-calls\libm.a(fp_nan.o)
                0x00000fca                __fp_nan
 .text.avr-libc.fplib
                0x00000fd0        0xe d:/various_programs/atmel/studio/7.0/toolchain/avr8/avr8-gnu-toolchain/bin/../lib/gcc/avr/5.4.0/../../../../avr/lib/avrxmega3/short-calls\libm.a(fp_pscA.o)
                0x00000fd0                __fp_pscA
 .text.avr-libc.fplib
                0x00000fde        0xe d:/various_programs/atmel/studio/7.0/toolchain/avr8/avr8-gnu-toolchain/bin/../lib/gcc/avr/5.4.0/../../../../avr/lib/avrxmega3/short-calls\libm.a(fp_pscB.o)
                0x00000fde                __fp_pscB
 .text.avr-libc.fplib
                0x00000fec       0x22 d:/various_programs/atmel/studio/7.0/toolchain/avr8/avr8-gnu-toolchain/bin/../lib/gcc/avr/5.4.0/../../../../avr/lib/avrxmega3/short-calls\libm.a(fp_round.o)
                0x00000fec                __fp_round
 .text.avr-libc.fplib
                0x0000100e       0x44 d:/various_programs/atmel/studio/7.0/toolchain/avr8/avr8-gnu-toolchain/bin/../lib/gcc/avr/5.4.0/../../../../avr/lib/avrxmega3/short-calls\libm.a(fp_split3.o)
                0x0000100e                __fp_split3
                0x0000101e                __fp_splitA
 .text.avr-libc.fplib
                0x00001052        0xe d:/various_programs/atmel/studio/7.0/toolchain/avr8/avr8-gnu-toolchain/bin/../lib/gcc/avr/5.4.0/../../../../avr/lib/avrxmega3/short-calls\libm.a(fp_zero.o)
                0x00001052                __fp_zero
                0x00001054                __fp_szero
 .text.avr-libc.fplib
                0x00001060        0xa d:/various_programs/atmel/studio/7.0/toolchain/avr8/avr8-gnu-toolchain/bin/../lib/gcc/avr/5.4.0/../../../../avr/lib/avrxmega3/short-calls\libm.a(gesf2.o)
                0x00001060                __gesf2
                0x00001060                __gtsf2
 .text.avr-libc.fplib
                0x0000106a        0x8 d:/various_programs/atmel/studio/7.0/toolchain/avr8/avr8-gnu-toolchain/bin/../lib/gcc/avr/5.4.0/../../../../avr/lib/avrxmega3/short-calls\libm.a(mulsf3.o)
                0x0000106a                __mulsf3
 .text.avr-libc.fplib
                0x00001072       0xd2 d:/various_programs/atmel/studio/7.0/toolchain/avr8/avr8-gnu-toolchain/bin/../lib/gcc/avr/5.4.0/../../../../avr/lib/avrxmega3/short-calls\libm.a(mulsf3x.o)
                0x00001090                __mulsf3x
                0x00001096                __mulsf3_pse
 .text.avr-libc.fplib
                0x00001144       0x48 d:/various_programs/atmel/studio/7.0/toolchain/avr8/avr8-gnu-toolchain/bin/../lib/gcc/avr/5.4.0/../../../../avr/lib/avrxmega3/short-calls\libm.a(round.o)
                0x00001144                round
 .text.avr-libc.fplib
                0x0000118c       0x36 d:/various_programs/atmel/studio/7.0/toolchain/avr8/avr8-gnu-toolchain/bin/../lib/gcc/avr/5.4.0/../../../../avr/lib/avrxmega3/short-calls\libm.a(fp_mintl.o)
                0x0000118c                __fp_mintl
 .text.avr-libc.fplib
                0x000011c2       0x1c d:/various_programs/atmel/studio/7.0/toolchain/avr8/avr8-gnu-toolchain/bin/../lib/gcc/avr/5.4.0/../../../../avr/lib/avrxmega3/short-calls\libm.a(fp_mpack.o)
                0x000011c2                __fp_mpack
                0x000011c6                __fp_mpack_finite
 .text.avr-libc
                0x000011de       0x3e d:/various_programs/atmel/studio/7.0/toolchain/avr8/avr8-gnu-toolchain/bin/../lib/gcc/avr/5.4.0/../../../../avr/lib/avrxmega3/short-calls\libc.a(dtostrf.o)
                0x000011de                dtostrf
 .text.avr-libc
                0x0000121c       0x26 d:/various_programs/atmel/studio/7.0/toolchain/avr8/avr8-gnu-toolchain/bin/../lib/gcc/avr/5.4.0/../../../../avr/lib/avrxmega3/short-calls\libc.a(printf.o)
                0x0000121c                printf
 .text.avr-libc
                0x00001242       0x60 d:/various_programs/atmel/studio/7.0/toolchain/avr8/avr8-gnu-toolchain/bin/../lib/gcc/avr/5.4.0/../../../../avr/lib/avrxmega3/short-calls\libc.a(puts.o)
                0x00001242                puts
 .text.avr-libc
                0x000012a2      0x3a4 d:/various_programs/atmel/studio/7.0/toolchain/avr8/avr8-gnu-toolchain/bin/../lib/gcc/avr/5.4.0/../../../../avr/lib/avrxmega3/short-calls\libc.a(vfprintf_std.o)
                0x000012a2                vfprintf
 .text.avr-libc
                0x00001646      0x2ae d:/various_programs/atmel/studio/7.0/toolchain/avr8/avr8-gnu-toolchain/bin/../lib/gcc/avr/5.4.0/../../../../avr/lib/avrxmega3/short-calls\libc.a(dtoa_prf.o)
                0x00001646                dtoa_prf
 .text.avr-libc
                0x000018f4      0x1b0 d:/various_programs/atmel/studio/7.0/toolchain/avr8/avr8-gnu-toolchain/bin/../lib/gcc/avr/5.4.0/../../../../avr/lib/avrxmega3/short-calls\libc.a(ftoa_engine.o)
                0x000018f4                __ftoa_engine
 .text.avr-libc
                0x00001aa4       0x16 d:/various_programs/atmel/studio/7.0/toolchain/avr8/avr8-gnu-toolchain/bin/../lib/gcc/avr/5.4.0/../../../../avr/lib/avrxmega3/short-calls\libc.a(strnlen_P.o)
                0x00001aa4                strnlen_P
 .text.avr-libc
                0x00001aba       0x16 d:/various_programs/atmel/studio/7.0/toolchain/avr8/avr8-gnu-toolchain/bin/../lib/gcc/avr/5.4.0/../../../../avr/lib/avrxmega3/short-calls\libc.a(strnlen.o)
                0x00001aba                strnlen
 .text.avr-libc
                0x00001ad0       0x78 d:/various_programs/atmel/studio/7.0/toolchain/avr8/avr8-gnu-toolchain/bin/../lib/gcc/avr/5.4.0/../../../../avr/lib/avrxmega3/short-calls\libc.a(fputc.o)
                0x00001ad0                fputc
 .text.avr-libc
                0x00001b48       0xbc d:/various_programs/atmel/studio/7.0/toolchain/avr8/avr8-gnu-toolchain/bin/../lib/gcc/avr/5.4.0/../../../../avr/lib/avrxmega3/short-calls\libc.a(ultoa_invert.o)
                0x00001b48                __ultoa_invert
 .text.libgcc.prologue
                0x00001c04       0x32 d:/various_programs/atmel/studio/7.0/toolchain/avr8/avr8-gnu-toolchain/bin/../lib/gcc/avr/5.4.0/avrxmega3/short-calls\libgcc.a(_prologue.o)
                0x00001c04                __prologue_saves__
 .text.libgcc.prologue
                0x00001c36       0x30 d:/various_programs/atmel/studio/7.0/toolchain/avr8/avr8-gnu-toolchain/bin/../lib/gcc/avr/5.4.0/avrxmega3/short-calls\libgcc.a(_epilogue.o)
                0x00001c36                __epilogue_restores__
                0x00001c66                . = ALIGN (0x2)
 *(.fini9)
 .fini9         0x00001c66        0x0 d:/various_programs/atmel/studio/7.0/toolchain/avr8/avr8-gnu-toolchain/bin/../lib/gcc/avr/5.4.0/avrxmega3/short-calls\libgcc.a(_exit.o)
                0x00001c66                _exit
                0x00001c66                exit
 *(.fini9)
 *(.fini8)
 *(.fini8)
 *(.fini7)
 *(.fini7)
 *(.fini6)
 *(.fini6)
 *(.fini5)
 *(.fini5)
 *(.fini4)
 *(.fini4)
 *(.fini3)
 *(.fini3)
 *(.fini2)
 *(.fini2)
 *(.fini1)
 *(.fini1)
 *(.fini0)
 .fini0         0x00001c66        0x4 d:/various_programs/atmel/studio/7.0/toolchain/avr8/avr8-gnu-toolchain/bin/../lib/gcc/avr/5.4.0/avrxmega3/short-calls\libgcc.a(_exit.o)
 *(.fini0)
                0x00001c6a                _etext = .

.rodata         0x00009c6a       0x41 load address 0x00001c6a
 *(.rodata)
 *(.rodata*)
 .rodata.str1.1
                0x00009c6a       0x17 tinyDebugger/tinyDebugger.o
 .rodata.str1.1
                0x00009c81        0x5 main.o
 .rodata.str1.1
                0x00009c86        0xc tinyAxon/tinyAxon.o
 .rodata.str1.1
                0x00009c92        0xf tinyDendrite/tinyDendrite.o
 .rodata.str1.1
                0x00009ca1        0xa tinyPotential/tinyPotential.o
 *(.gnu.linkonce.r*)

.data           0x00803e00       0x16 load address 0x00001cab
                0x00803e00                PROVIDE (__data_start, .)
 *(.data)
 *(.data*)
 .data.USART_0_stream
                0x00803e00        0xe src/usart_basic.o
                0x00803e00                USART_0_stream
 .data.ideal_time_between_pulses
                0x00803e0e        0x2 tinyPulse/tinyPulse.o
                0x00803e0e                ideal_time_between_pulses
 .data.Dendrite_ports
                0x00803e10        0x5 tinyDendrite/tinyDendrite.o
                0x00803e10                Dendrite_ports
 *(.gnu.linkonce.d*)
                0x00803e16                . = ALIGN (0x2)
 *fill*         0x00803e15        0x1 
                0x00803e16                _edata = .
                0x00803e16                PROVIDE (__data_end, .)

.bss            0x00803e16       0x5f
                0x00803e16                PROVIDE (__bss_start, .)
 *(.bss)
 *(.bss*)
 .bss.time_since_last_pulse
                0x00803e16        0x2 tinyPulse/tinyPulse.o
                0x00803e16                time_since_last_pulse
 .bss.time_of_last_pulse
                0x00803e18        0x4 tinyPulse/tinyPulse.o
                0x00803e18                time_of_last_pulse
 .bss.pulse_mode
                0x00803e1c        0x1 tinyPulse/tinyPulse.o
                0x00803e1c                pulse_mode
 .bss.time_counter
                0x00803e1d        0x4 tinyTime/tinyTime.o
 .bss.fire_flash_time_counter
                0x00803e21        0x4 Potential_to_RGB/Potential_to_RGB.o
                0x00803e21                fire_flash_time_counter
 .bss.tinyButton_start_time
                0x00803e25        0x4 tinyButton/tinyButton.o
 .bss.button_press
                0x00803e29        0x1 tinyButton/tinyButton.o
                0x00803e29                button_press
 .bss.button_was_pushed_down
                0x00803e2a        0x1 tinyButton/tinyButton.o
 .bss.tinyCCLRGB_colors
                0x00803e2b       0x12 tinyCCLRGB/tinyCCLRGB.o
 .bss.axonOutputValue
                0x00803e3d        0x1 tinyAxon/tinyAxon.o
                0x00803e3d                axonOutputValue
 .bss.time_left_until_pulse
                0x00803e3e       0x14 tinyAxon/tinyAxon.o
                0x00803e3e                time_left_until_pulse
 .bss.pulses_in_queue
                0x00803e52        0x1 tinyAxon/tinyAxon.o
                0x00803e52                pulses_in_queue
 .bss.tinyAxon_should_fire
                0x00803e53        0x1 tinyAxon/tinyAxon.o
                0x00803e53                tinyAxon_should_fire
 .bss.tinyAxon_has_fired
                0x00803e54        0x1 tinyAxon/tinyAxon.o
                0x00803e54                tinyAxon_has_fired
 .bss.tinyDendrite_previous_signals
                0x00803e55        0x5 tinyDendrite/tinyDendrite.o
                0x00803e55                tinyDendrite_previous_signals
 .bss.tinyDendrite_current_signals
                0x00803e5a        0x5 tinyDendrite/tinyDendrite.o
                0x00803e5a                tinyDendrite_current_signals
 .bss.tinyDendrite_values
                0x00803e5f        0xa tinyDendrite/tinyDendrite.o
                0x00803e5f                tinyDendrite_values
 .bss.tinyISR_interrupt_flag
                0x00803e69        0x1 tinyISR/tinyISR.o
 .bss.tinyPotential_potential
                0x00803e6a        0x4 tinyPotential/tinyPotential.o
 *(COMMON)
 COMMON         0x00803e6e        0x1 tinyCharge/tinyCharge.o
                0x00803e6e                charging
 COMMON         0x00803e6f        0x6 d:/various_programs/atmel/studio/7.0/toolchain/avr8/avr8-gnu-toolchain/bin/../lib/gcc/avr/5.4.0/../../../../avr/lib/avrxmega3/short-calls\libc.a(iob.o)
                0x00803e6f                __iob
                0x00803e75                PROVIDE (__bss_end, .)
                0x00001cab                __data_load_start = LOADADDR (.data)
                0x00001cc1                __data_load_end = (__data_load_start + SIZEOF (.data))

.noinit         0x00803e75        0x0
                [!provide]                PROVIDE (__noinit_start, .)
 *(.noinit*)
                [!provide]                PROVIDE (__noinit_end, .)
                0x00803e75                _end = .
                [!provide]                PROVIDE (__heap_start, .)

.eeprom         0x00810000        0x0
 *(.eeprom*)
                0x00810000                __eeprom_end = .

.fuse
 *(.fuse)
 *(.lfuse)
 *(.hfuse)
 *(.efuse)

.lock
 *(.lock*)

.signature
 *(.signature*)

.user_signatures
 *(.user_signatures*)

.stab
 *(.stab)

.stabstr
 *(.stabstr)

.stab.excl
 *(.stab.excl)

.stab.exclstr
 *(.stab.exclstr)

.stab.index
 *(.stab.index)

.stab.indexstr
 *(.stab.indexstr)

.comment        0x00000000       0x5c
 *(.comment)
 .comment       0x00000000       0x30 atmel_start.o
                                 0x31 (size before relaxing)
 .comment       0x00000030       0x31 src/adc_basic.o
 .comment       0x00000030       0x31 src/bod.o
 .comment       0x00000030       0x31 src/ccl.o
 .comment       0x00000030       0x31 src/clkctrl.o
 .comment       0x00000030       0x31 src/cpuint.o
 .comment       0x00000030       0x31 src/dac_basic.o
 .comment       0x00000030       0x31 src/driver_init.o
 .comment       0x00000030       0x31 src/rtc.o
 .comment       0x00000030       0x31 src/slpctrl.o
 .comment       0x00000030       0x31 src/spi.o
 .comment       0x00000030       0x31 src/tca.o
 .comment       0x00000030       0x31 src/usart_basic.o
 .comment       0x00000030       0x31 tinyCharge/tinyCharge.o
 .comment       0x00000030       0x31 tinyDebugger/tinyDebugger.o
 .comment       0x00000030       0x31 tinyPulse/tinyPulse.o
 .comment       0x00000030       0x31 tinyTime/tinyTime.o
 .comment       0x00000030       0x31 main.o
 .comment       0x00000030       0x31 Potential_to_RGB/Potential_to_RGB.o
 .comment       0x00000030       0x31 tinyButton/tinyButton.o
 .comment       0x00000030       0x31 tinyCCLRGB/tinyCCLRGB.o
 .comment       0x00000030       0x31 tinyAxon/tinyAxon.o
 .comment       0x00000030       0x31 tinyDendrite/tinyDendrite.o
 .comment       0x00000030       0x31 tinyISR/tinyISR.o
 .comment       0x00000030       0x31 tinyPotential/tinyPotential.o
 .comment       0x00000030       0x31 d:/various_programs/atmel/studio/7.0/toolchain/avr8/avr8-gnu-toolchain/bin/../lib/gcc/avr/5.4.0/../../../../avr/lib/avrxmega3/short-calls\libc.a(dtostrf.o)
 .comment       0x00000030       0x31 d:/various_programs/atmel/studio/7.0/toolchain/avr8/avr8-gnu-toolchain/bin/../lib/gcc/avr/5.4.0/../../../../avr/lib/avrxmega3/short-calls\libc.a(iob.o)
 .comment       0x00000030       0x31 d:/various_programs/atmel/studio/7.0/toolchain/avr8/avr8-gnu-toolchain/bin/../lib/gcc/avr/5.4.0/../../../../avr/lib/avrxmega3/short-calls\libc.a(printf.o)
 .comment       0x00000030       0x31 d:/various_programs/atmel/studio/7.0/toolchain/avr8/avr8-gnu-toolchain/bin/../lib/gcc/avr/5.4.0/../../../../avr/lib/avrxmega3/short-calls\libc.a(puts.o)
 .comment       0x00000030       0x2c d:/various_programs/atmel/studio/7.0/toolchain/avr8/avr8-gnu-toolchain/bin/../lib/gcc/avr/5.4.0/../../../../avr/lib/avrxmega3/short-calls\libc.a(vfprintf_std.o)
                                 0x2d (size before relaxing)
 .comment       0x0000005c       0x31 d:/various_programs/atmel/studio/7.0/toolchain/avr8/avr8-gnu-toolchain/bin/../lib/gcc/avr/5.4.0/../../../../avr/lib/avrxmega3/short-calls\libc.a(dtoa_prf.o)
 .comment       0x0000005c       0x31 d:/various_programs/atmel/studio/7.0/toolchain/avr8/avr8-gnu-toolchain/bin/../lib/gcc/avr/5.4.0/../../../../avr/lib/avrxmega3/short-calls\libc.a(fputc.o)

.note.gnu.avr.deviceinfo
                0x00000000       0x3c
 .note.gnu.avr.deviceinfo
                0x00000000       0x3c D:/Various_programs/Atmel/Studio/7.0/Packs/Atmel/ATtiny_DFP/1.3.229/gcc/dev/attiny817/avrxmega3/short-calls/crtattiny817.o

.note.gnu.build-id
 *(.note.gnu.build-id)

.debug
 *(.debug)

.line
 *(.line)

.debug_srcinfo
 *(.debug_srcinfo)

.debug_sfnames
 *(.debug_sfnames)

.debug_aranges  0x00000000      0x4b8
 *(.debug_aranges)
 .debug_aranges
                0x00000000       0x20 atmel_start.o
 .debug_aranges
                0x00000020       0x58 src/adc_basic.o
 .debug_aranges
                0x00000078       0x20 src/bod.o
 .debug_aranges
                0x00000098       0x20 src/ccl.o
 .debug_aranges
                0x000000b8       0x20 src/clkctrl.o
 .debug_aranges
                0x000000d8       0x20 src/cpuint.o
 .debug_aranges
                0x000000f8       0x40 src/dac_basic.o
 .debug_aranges
                0x00000138       0x58 src/driver_init.o
 .debug_aranges
                0x00000190       0x20 src/protected_io.o
 .debug_aranges
                0x000001b0       0x20 src/rtc.o
 .debug_aranges
                0x000001d0       0x20 src/slpctrl.o
 .debug_aranges
                0x000001f0       0x20 src/spi.o
 .debug_aranges
                0x00000210       0x20 src/tca.o
 .debug_aranges
                0x00000230       0x78 src/usart_basic.o
 .debug_aranges
                0x000002a8       0x30 tinyCharge/tinyCharge.o
 .debug_aranges
                0x000002d8       0x40 tinyDebugger/tinyDebugger.o
 .debug_aranges
                0x00000318       0x28 tinyPulse/tinyPulse.o
 .debug_aranges
                0x00000340       0x28 tinyTime/tinyTime.o
 .debug_aranges
                0x00000368       0x20 main.o
 .debug_aranges
                0x00000388       0x28 Potential_to_RGB/Potential_to_RGB.o
 .debug_aranges
                0x000003b0       0x28 tinyButton/tinyButton.o
 .debug_aranges
                0x000003d8       0x30 tinyCCLRGB/tinyCCLRGB.o
 .debug_aranges
                0x00000408       0x30 tinyAxon/tinyAxon.o
 .debug_aranges
                0x00000438       0x30 tinyDendrite/tinyDendrite.o
 .debug_aranges
                0x00000468       0x30 tinyISR/tinyISR.o
 .debug_aranges
                0x00000498       0x20 tinyPotential/tinyPotential.o

.debug_pubnames
 *(.debug_pubnames)

.debug_info     0x00000000     0x76d3
 *(.debug_info .gnu.linkonce.wi.*)
 .debug_info    0x00000000     0x16bc D:/Various_programs/Atmel/Studio/7.0/Packs/Atmel/ATtiny_DFP/1.3.229/gcc/dev/attiny817/avrxmega3/short-calls/crtattiny817.o
 .debug_info    0x000016bc       0x9a atmel_start.o
 .debug_info    0x00001756      0x484 src/adc_basic.o
 .debug_info    0x00001bda       0x8d src/bod.o
 .debug_info    0x00001c67      0x2fd src/ccl.o
 .debug_info    0x00001f64      0x3fe src/clkctrl.o
 .debug_info    0x00002362       0x8d src/cpuint.o
 .debug_info    0x000023ef      0x184 src/dac_basic.o
 .debug_info    0x00002573     0x15ed src/driver_init.o
 .debug_info    0x00003b60       0xb2 src/protected_io.o
 .debug_info    0x00003c12      0x422 src/rtc.o
 .debug_info    0x00004034       0x8d src/slpctrl.o
 .debug_info    0x000040c1      0x18f src/spi.o
 .debug_info    0x00004250      0xa74 src/tca.o
 .debug_info    0x00004cc4      0x47d src/usart_basic.o
 .debug_info    0x00005141      0x212 tinyCharge/tinyCharge.o
 .debug_info    0x00005353      0x278 tinyDebugger/tinyDebugger.o
 .debug_info    0x000055cb      0x130 tinyPulse/tinyPulse.o
 .debug_info    0x000056fb       0xb5 tinyTime/tinyTime.o
 .debug_info    0x000057b0      0x21b main.o
 .debug_info    0x000059cb      0x30e Potential_to_RGB/Potential_to_RGB.o
 .debug_info    0x00005cd9      0x222 tinyButton/tinyButton.o
 .debug_info    0x00005efb      0xc0d tinyCCLRGB/tinyCCLRGB.o
 .debug_info    0x00006b08      0x341 tinyAxon/tinyAxon.o
 .debug_info    0x00006e49      0x340 tinyDendrite/tinyDendrite.o
 .debug_info    0x00007189      0x3d8 tinyISR/tinyISR.o
 .debug_info    0x00007561      0x172 tinyPotential/tinyPotential.o

.debug_abbrev   0x00000000     0x2fdb
 *(.debug_abbrev)
 .debug_abbrev  0x00000000     0x1582 D:/Various_programs/Atmel/Studio/7.0/Packs/Atmel/ATtiny_DFP/1.3.229/gcc/dev/attiny817/avrxmega3/short-calls/crtattiny817.o
 .debug_abbrev  0x00001582       0x63 atmel_start.o
 .debug_abbrev  0x000015e5      0x1bc src/adc_basic.o
 .debug_abbrev  0x000017a1       0x51 src/bod.o
 .debug_abbrev  0x000017f2       0x9f src/ccl.o
 .debug_abbrev  0x00001891      0x116 src/clkctrl.o
 .debug_abbrev  0x000019a7       0x51 src/cpuint.o
 .debug_abbrev  0x000019f8       0xc2 src/dac_basic.o
 .debug_abbrev  0x00001aba      0x1cf src/driver_init.o
 .debug_abbrev  0x00001c89       0x14 src/protected_io.o
 .debug_abbrev  0x00001c9d       0xd4 src/rtc.o
 .debug_abbrev  0x00001d71       0x51 src/slpctrl.o
 .debug_abbrev  0x00001dc2       0x9f src/spi.o
 .debug_abbrev  0x00001e61       0xf0 src/tca.o
 .debug_abbrev  0x00001f51      0x204 src/usart_basic.o
 .debug_abbrev  0x00002155      0x157 tinyCharge/tinyCharge.o
 .debug_abbrev  0x000022ac      0x112 tinyDebugger/tinyDebugger.o
 .debug_abbrev  0x000023be       0xa8 tinyPulse/tinyPulse.o
 .debug_abbrev  0x00002466       0x7a tinyTime/tinyTime.o
 .debug_abbrev  0x000024e0       0xda main.o
 .debug_abbrev  0x000025ba      0x16f Potential_to_RGB/Potential_to_RGB.o
 .debug_abbrev  0x00002729      0x16a tinyButton/tinyButton.o
 .debug_abbrev  0x00002893      0x1d1 tinyCCLRGB/tinyCCLRGB.o
 .debug_abbrev  0x00002a64      0x1dc tinyAxon/tinyAxon.o
 .debug_abbrev  0x00002c40      0x17c tinyDendrite/tinyDendrite.o
 .debug_abbrev  0x00002dbc      0x157 tinyISR/tinyISR.o
 .debug_abbrev  0x00002f13       0xc8 tinyPotential/tinyPotential.o

.debug_line     0x00000000     0x26be
 *(.debug_line .debug_line.* .debug_line_end)
 .debug_line    0x00000000      0x136 D:/Various_programs/Atmel/Studio/7.0/Packs/Atmel/ATtiny_DFP/1.3.229/gcc/dev/attiny817/avrxmega3/short-calls/crtattiny817.o
 .debug_line    0x00000136       0x60 atmel_start.o
 .debug_line    0x00000196      0x1fd src/adc_basic.o
 .debug_line    0x00000393       0x9f src/bod.o
 .debug_line    0x00000432      0x11a src/ccl.o
 .debug_line    0x0000054c      0x130 src/clkctrl.o
 .debug_line    0x0000067c       0xa8 src/cpuint.o
 .debug_line    0x00000724      0x17e src/dac_basic.o
 .debug_line    0x000008a2      0x3f8 src/driver_init.o
 .debug_line    0x00000c9a       0x55 src/protected_io.o
 .debug_line    0x00000cef      0x13c src/rtc.o
 .debug_line    0x00000e2b       0xa3 src/slpctrl.o
 .debug_line    0x00000ece      0x108 src/spi.o
 .debug_line    0x00000fd6      0x114 src/tca.o
 .debug_line    0x000010ea      0x266 src/usart_basic.o
 .debug_line    0x00001350      0x170 tinyCharge/tinyCharge.o
 .debug_line    0x000014c0      0x14c tinyDebugger/tinyDebugger.o
 .debug_line    0x0000160c       0xf9 tinyPulse/tinyPulse.o
 .debug_line    0x00001705       0xc5 tinyTime/tinyTime.o
 .debug_line    0x000017ca      0x22f main.o
 .debug_line    0x000019f9      0x18e Potential_to_RGB/Potential_to_RGB.o
 .debug_line    0x00001b87      0x1f3 tinyButton/tinyButton.o
 .debug_line    0x00001d7a      0x1a4 tinyCCLRGB/tinyCCLRGB.o
 .debug_line    0x00001f1e      0x279 tinyAxon/tinyAxon.o
 .debug_line    0x00002197      0x279 tinyDendrite/tinyDendrite.o
 .debug_line    0x00002410      0x15c tinyISR/tinyISR.o
 .debug_line    0x0000256c      0x152 tinyPotential/tinyPotential.o

.debug_frame    0x00000000      0x870
 *(.debug_frame)
 .debug_frame   0x00000000       0x24 atmel_start.o
 .debug_frame   0x00000024       0x94 src/adc_basic.o
 .debug_frame   0x000000b8       0x24 src/bod.o
 .debug_frame   0x000000dc       0x24 src/ccl.o
 .debug_frame   0x00000100       0x24 src/clkctrl.o
 .debug_frame   0x00000124       0x24 src/cpuint.o
 .debug_frame   0x00000148       0x64 src/dac_basic.o
 .debug_frame   0x000001ac       0x94 src/driver_init.o
 .debug_frame   0x00000240       0x24 src/rtc.o
 .debug_frame   0x00000264       0x24 src/slpctrl.o
 .debug_frame   0x00000288       0x24 src/spi.o
 .debug_frame   0x000002ac       0x24 src/tca.o
 .debug_frame   0x000002d0       0xd4 src/usart_basic.o
 .debug_frame   0x000003a4       0x44 tinyCharge/tinyCharge.o
 .debug_frame   0x000003e8       0xdc tinyDebugger/tinyDebugger.o
 .debug_frame   0x000004c4       0x48 tinyPulse/tinyPulse.o
 .debug_frame   0x0000050c       0x34 tinyTime/tinyTime.o
 .debug_frame   0x00000540       0x24 main.o
 .debug_frame   0x00000564       0x74 Potential_to_RGB/Potential_to_RGB.o
 .debug_frame   0x000005d8       0x48 tinyButton/tinyButton.o
 .debug_frame   0x00000620       0x58 tinyCCLRGB/tinyCCLRGB.o
 .debug_frame   0x00000678       0x7c tinyAxon/tinyAxon.o
 .debug_frame   0x000006f4       0xb4 tinyDendrite/tinyDendrite.o
 .debug_frame   0x000007a8       0x90 tinyISR/tinyISR.o
 .debug_frame   0x00000838       0x38 tinyPotential/tinyPotential.o

.debug_str      0x00000000     0x2f5a
 *(.debug_str)
 .debug_str     0x00000000      0x9a7 D:/Various_programs/Atmel/Studio/7.0/Packs/Atmel/ATtiny_DFP/1.3.229/gcc/dev/attiny817/avrxmega3/short-calls/crtattiny817.o
 .debug_str     0x000009a7      0x1a0 atmel_start.o
                                0x1d4 (size before relaxing)
 .debug_str     0x00000b47      0x331 src/adc_basic.o
                                0x507 (size before relaxing)
 .debug_str     0x00000e78       0x16 src/bod.o
                                0x1c1 (size before relaxing)
 .debug_str     0x00000e8e      0x41c src/ccl.o
                                0x5fd (size before relaxing)
 .debug_str     0x000012aa      0x317 src/clkctrl.o
                                0x536 (size before relaxing)
 .debug_str     0x000015c1       0x1c src/cpuint.o
                                0x1c7 (size before relaxing)
 .debug_str     0x000015dd       0x7c src/dac_basic.o
                                0x26c (size before relaxing)
 .debug_str     0x00001659      0x5ec src/driver_init.o
                                0x938 (size before relaxing)
 .debug_str     0x00001c45      0x351 src/rtc.o
                                0x61e (size before relaxing)
 .debug_str     0x00001f96       0x11 src/slpctrl.o
                                0x1c9 (size before relaxing)
 .debug_str     0x00001fa7       0xbf src/spi.o
                                0x2d5 (size before relaxing)
 .debug_str     0x00002066      0x36b src/tca.o
                                0x6c5 (size before relaxing)
 .debug_str     0x000023d1      0x1da src/usart_basic.o
                                0x417 (size before relaxing)
 .debug_str     0x000025ab       0x75 tinyCharge/tinyCharge.o
                                0x294 (size before relaxing)
 .debug_str     0x00002620       0xd2 tinyDebugger/tinyDebugger.o
                                0x295 (size before relaxing)
 .debug_str     0x000026f2       0xa9 tinyPulse/tinyPulse.o
                                0x26f (size before relaxing)
 .debug_str     0x0000279b       0x32 tinyTime/tinyTime.o
                                0x1f9 (size before relaxing)
 .debug_str     0x000027cd      0x111 main.o
                                0x351 (size before relaxing)
 .debug_str     0x000028de       0xe4 Potential_to_RGB/Potential_to_RGB.o
                                0x2bd (size before relaxing)
 .debug_str     0x000029c2       0xb0 tinyButton/tinyButton.o
                                0x2e7 (size before relaxing)
 .debug_str     0x00002a72      0x14b tinyCCLRGB/tinyCCLRGB.o
                                0x783 (size before relaxing)
 .debug_str     0x00002bbd      0x196 tinyAxon/tinyAxon.o
                                0x3a3 (size before relaxing)
 .debug_str     0x00002d53      0x15f tinyDendrite/tinyDendrite.o
                                0x395 (size before relaxing)
 .debug_str     0x00002eb2       0x44 tinyISR/tinyISR.o
                                0x3ad (size before relaxing)
 .debug_str     0x00002ef6       0x64 tinyPotential/tinyPotential.o
                                0x2c9 (size before relaxing)

.debug_loc      0x00000000     0x1494
 *(.debug_loc)
 .debug_loc     0x00000000       0x87 src/adc_basic.o
 .debug_loc     0x00000087       0x52 src/clkctrl.o
 .debug_loc     0x000000d9      0x696 src/driver_init.o
 .debug_loc     0x0000076f       0x47 src/usart_basic.o
 .debug_loc     0x000007b6       0x64 tinyCharge/tinyCharge.o
 .debug_loc     0x0000081a      0x32e tinyDebugger/tinyDebugger.o
 .debug_loc     0x00000b48       0x93 tinyPulse/tinyPulse.o
 .debug_loc     0x00000bdb      0x15a Potential_to_RGB/Potential_to_RGB.o
 .debug_loc     0x00000d35       0xc3 tinyButton/tinyButton.o
 .debug_loc     0x00000df8       0xac tinyCCLRGB/tinyCCLRGB.o
 .debug_loc     0x00000ea4      0x1de tinyAxon/tinyAxon.o
 .debug_loc     0x00001082      0x2dd tinyDendrite/tinyDendrite.o
 .debug_loc     0x0000135f       0xec tinyISR/tinyISR.o
 .debug_loc     0x0000144b       0x49 tinyPotential/tinyPotential.o

.debug_macinfo
 *(.debug_macinfo)

.debug_weaknames
 *(.debug_weaknames)

.debug_funcnames
 *(.debug_funcnames)

.debug_typenames
 *(.debug_typenames)

.debug_varnames
 *(.debug_varnames)

.debug_pubtypes
 *(.debug_pubtypes)

.debug_ranges   0x00000000      0x350
 *(.debug_ranges)
 .debug_ranges  0x00000000       0x10 atmel_start.o
 .debug_ranges  0x00000010       0x48 src/adc_basic.o
 .debug_ranges  0x00000058       0x10 src/bod.o
 .debug_ranges  0x00000068       0x10 src/ccl.o
 .debug_ranges  0x00000078       0x10 src/clkctrl.o
 .debug_ranges  0x00000088       0x10 src/cpuint.o
 .debug_ranges  0x00000098       0x30 src/dac_basic.o
 .debug_ranges  0x000000c8       0x48 src/driver_init.o
 .debug_ranges  0x00000110       0x10 src/rtc.o
 .debug_ranges  0x00000120       0x10 src/slpctrl.o
 .debug_ranges  0x00000130       0x10 src/spi.o
 .debug_ranges  0x00000140       0x10 src/tca.o
 .debug_ranges  0x00000150       0x68 src/usart_basic.o
 .debug_ranges  0x000001b8       0x20 tinyCharge/tinyCharge.o
 .debug_ranges  0x000001d8       0x30 tinyDebugger/tinyDebugger.o
 .debug_ranges  0x00000208       0x18 tinyPulse/tinyPulse.o
 .debug_ranges  0x00000220       0x18 tinyTime/tinyTime.o
 .debug_ranges  0x00000238       0x10 main.o
 .debug_ranges  0x00000248       0x18 Potential_to_RGB/Potential_to_RGB.o
 .debug_ranges  0x00000260       0x18 tinyButton/tinyButton.o
 .debug_ranges  0x00000278       0x20 tinyCCLRGB/tinyCCLRGB.o
 .debug_ranges  0x00000298       0x68 tinyAxon/tinyAxon.o
 .debug_ranges  0x00000300       0x20 tinyDendrite/tinyDendrite.o
 .debug_ranges  0x00000320       0x20 tinyISR/tinyISR.o
 .debug_ranges  0x00000340       0x10 tinyPotential/tinyPotential.o

.debug_macro
 *(.debug_macro)
OUTPUT(Building_Brains_V4.elf elf32-avr)
LOAD linker stubs
