Archive member included to satisfy reference by file (symbol)

d:/various_programs/atmel/studio/7.0/toolchain/avr8/avr8-gnu-toolchain/bin/../lib/gcc/avr/5.4.0/../../../../avr/lib/avrxmega3/short-calls\libm.a(addsf3.o)
                              tinyAxon/tinyAxon.o (__subsf3)
d:/various_programs/atmel/studio/7.0/toolchain/avr8/avr8-gnu-toolchain/bin/../lib/gcc/avr/5.4.0/../../../../avr/lib/avrxmega3/short-calls\libm.a(addsf3x.o)
                              d:/various_programs/atmel/studio/7.0/toolchain/avr8/avr8-gnu-toolchain/bin/../lib/gcc/avr/5.4.0/../../../../avr/lib/avrxmega3/short-calls\libm.a(addsf3.o) (__addsf3x)
d:/various_programs/atmel/studio/7.0/toolchain/avr8/avr8-gnu-toolchain/bin/../lib/gcc/avr/5.4.0/../../../../avr/lib/avrxmega3/short-calls\libm.a(cmpsf2.o)
                              tinyLED/tinyLED.o (__ltsf2)
d:/various_programs/atmel/studio/7.0/toolchain/avr8/avr8-gnu-toolchain/bin/../lib/gcc/avr/5.4.0/../../../../avr/lib/avrxmega3/short-calls\libm.a(divsf3.o)
                              tinyLED/tinyLED.o (__divsf3)
d:/various_programs/atmel/studio/7.0/toolchain/avr8/avr8-gnu-toolchain/bin/../lib/gcc/avr/5.4.0/../../../../avr/lib/avrxmega3/short-calls\libm.a(divsf3x.o)
                              d:/various_programs/atmel/studio/7.0/toolchain/avr8/avr8-gnu-toolchain/bin/../lib/gcc/avr/5.4.0/../../../../avr/lib/avrxmega3/short-calls\libm.a(divsf3.o) (__divsf3x)
d:/various_programs/atmel/studio/7.0/toolchain/avr8/avr8-gnu-toolchain/bin/../lib/gcc/avr/5.4.0/../../../../avr/lib/avrxmega3/short-calls\libm.a(exp.o)
                              tinyPotential/tinyPotential.o (exp)
d:/various_programs/atmel/studio/7.0/toolchain/avr8/avr8-gnu-toolchain/bin/../lib/gcc/avr/5.4.0/../../../../avr/lib/avrxmega3/short-calls\libm.a(fixunssfsi.o)
                              tinyLED/tinyLED.o (__fixunssfsi)
d:/various_programs/atmel/studio/7.0/toolchain/avr8/avr8-gnu-toolchain/bin/../lib/gcc/avr/5.4.0/../../../../avr/lib/avrxmega3/short-calls\libm.a(floatsisf.o)
                              tinyButton/tinyButton.o (__floatunsisf)
d:/various_programs/atmel/studio/7.0/toolchain/avr8/avr8-gnu-toolchain/bin/../lib/gcc/avr/5.4.0/../../../../avr/lib/avrxmega3/short-calls\libm.a(fmin.o)
                              tinyLED/tinyLED.o (fmin)
d:/various_programs/atmel/studio/7.0/toolchain/avr8/avr8-gnu-toolchain/bin/../lib/gcc/avr/5.4.0/../../../../avr/lib/avrxmega3/short-calls\libm.a(fp_cmp.o)
                              d:/various_programs/atmel/studio/7.0/toolchain/avr8/avr8-gnu-toolchain/bin/../lib/gcc/avr/5.4.0/../../../../avr/lib/avrxmega3/short-calls\libm.a(cmpsf2.o) (__fp_cmp)
d:/various_programs/atmel/studio/7.0/toolchain/avr8/avr8-gnu-toolchain/bin/../lib/gcc/avr/5.4.0/../../../../avr/lib/avrxmega3/short-calls\libm.a(fp_inf.o)
                              d:/various_programs/atmel/studio/7.0/toolchain/avr8/avr8-gnu-toolchain/bin/../lib/gcc/avr/5.4.0/../../../../avr/lib/avrxmega3/short-calls\libm.a(addsf3x.o) (__fp_inf)
d:/various_programs/atmel/studio/7.0/toolchain/avr8/avr8-gnu-toolchain/bin/../lib/gcc/avr/5.4.0/../../../../avr/lib/avrxmega3/short-calls\libm.a(fp_nan.o)
                              d:/various_programs/atmel/studio/7.0/toolchain/avr8/avr8-gnu-toolchain/bin/../lib/gcc/avr/5.4.0/../../../../avr/lib/avrxmega3/short-calls\libm.a(addsf3x.o) (__fp_nan)
d:/various_programs/atmel/studio/7.0/toolchain/avr8/avr8-gnu-toolchain/bin/../lib/gcc/avr/5.4.0/../../../../avr/lib/avrxmega3/short-calls\libm.a(fp_powser.o)
                              d:/various_programs/atmel/studio/7.0/toolchain/avr8/avr8-gnu-toolchain/bin/../lib/gcc/avr/5.4.0/../../../../avr/lib/avrxmega3/short-calls\libm.a(exp.o) (__fp_powser)
d:/various_programs/atmel/studio/7.0/toolchain/avr8/avr8-gnu-toolchain/bin/../lib/gcc/avr/5.4.0/../../../../avr/lib/avrxmega3/short-calls\libm.a(fp_pscA.o)
                              d:/various_programs/atmel/studio/7.0/toolchain/avr8/avr8-gnu-toolchain/bin/../lib/gcc/avr/5.4.0/../../../../avr/lib/avrxmega3/short-calls\libm.a(addsf3x.o) (__fp_pscA)
d:/various_programs/atmel/studio/7.0/toolchain/avr8/avr8-gnu-toolchain/bin/../lib/gcc/avr/5.4.0/../../../../avr/lib/avrxmega3/short-calls\libm.a(fp_pscB.o)
                              d:/various_programs/atmel/studio/7.0/toolchain/avr8/avr8-gnu-toolchain/bin/../lib/gcc/avr/5.4.0/../../../../avr/lib/avrxmega3/short-calls\libm.a(addsf3x.o) (__fp_pscB)
d:/various_programs/atmel/studio/7.0/toolchain/avr8/avr8-gnu-toolchain/bin/../lib/gcc/avr/5.4.0/../../../../avr/lib/avrxmega3/short-calls\libm.a(fp_round.o)
                              d:/various_programs/atmel/studio/7.0/toolchain/avr8/avr8-gnu-toolchain/bin/../lib/gcc/avr/5.4.0/../../../../avr/lib/avrxmega3/short-calls\libm.a(addsf3.o) (__fp_round)
d:/various_programs/atmel/studio/7.0/toolchain/avr8/avr8-gnu-toolchain/bin/../lib/gcc/avr/5.4.0/../../../../avr/lib/avrxmega3/short-calls\libm.a(fp_split3.o)
[...]
Memory Configuration

Name             Origin             Length             Attributes
text             0x00000000         0x00100000         xr
data             0x00802000         0x0000ffa0         rw !x
eeprom           0x00810000         0x00010000         rw !x
fuse             0x00820000         0x00000009         rw !x
lock             0x00830000         0x00000400         rw !x
signature        0x00840000         0x00000400         rw !x
user_signatures  0x00850000         0x00000400         rw !x
*default*        0x00000000         0xffffffff

Linker script and memory map

Address of section .data set to 0x803e00
                0x00008000                __RODATA_PM_OFFSET__ = 0x8000
LOAD D:/Various_programs/Atmel/Studio/7.0/Packs/Atmel/ATtiny_DFP/1.3.229/gcc/dev/attiny817/avrxmega3/short-calls/crtattiny817.o
LOAD atmel_start.o
LOAD driver_isr.o
LOAD examples/src/adc_basic_example.o
LOAD examples/src/dac_basic_example.o
LOAD examples/src/usart_basic_example.o
LOAD src/adc_basic.o
LOAD src/bod.o
LOAD src/ccl.o
LOAD src/clkctrl.o
LOAD src/cpuint.o
LOAD src/dac_basic.o
LOAD src/driver_init.o
LOAD src/protected_io.o
LOAD src/rtc.o
LOAD src/slpctrl.o
LOAD src/spi.o
LOAD src/tca.o
LOAD src/usart_basic.o
LOAD tinyCharge/tinyCharge.o
LOAD tinyDebugger/tinyDebugger.o
LOAD tinyPulse/tinyPulse.o
LOAD tinyTime/tinyTime.o
LOAD main.o
LOAD tinyButton/tinyButton.o
LOAD tinyLED/tinyLED.o
LOAD tinyAxon/tinyAxon.o
LOAD tinyDendrite/tinyDendrite.o
LOAD tinyISR/tinyISR.o
LOAD tinyPotential/tinyPotential.o
START GROUP
LOAD d:/various_programs/atmel/studio/7.0/toolchain/avr8/avr8-gnu-toolchain/bin/../lib/gcc/avr/5.4.0/../../../../avr/lib/avrxmega3/short-calls\libm.a
END GROUP
START GROUP
LOAD d:/various_programs/atmel/studio/7.0/toolchain/avr8/avr8-gnu-toolchain/bin/../lib/gcc/avr/5.4.0/avrxmega3/short-calls\libgcc.a
LOAD d:/various_programs/atmel/studio/7.0/toolchain/avr8/avr8-gnu-toolchain/bin/../lib/gcc/avr/5.4.0/../../../../avr/lib/avrxmega3/short-calls\libm.a
LOAD d:/various_programs/atmel/studio/7.0/toolchain/avr8/avr8-gnu-toolchain/bin/../lib/gcc/avr/5.4.0/../../../../avr/lib/avrxmega3/short-calls\libc.a
LOAD D:/Various_programs/Atmel/Studio/7.0/Packs/Atmel/ATtiny_DFP/1.3.229/gcc/dev/attiny817/avrxmega3/short-calls\libattiny817.a
END GROUP
                0x00100000                __TEXT_REGION_LENGTH__ = DEFINED (__TEXT_REGION_LENGTH__)?__TEXT_REGION_LENGTH__:0x100000
                0x0000ffa0                __DATA_REGION_LENGTH__ = DEFINED (__DATA_REGION_LENGTH__)?__DATA_REGION_LENGTH__:0xffa0
                0x00010000                __EEPROM_REGION_LENGTH__ = DEFINED (__EEPROM_REGION_LENGTH__)?__EEPROM_REGION_LENGTH__:0x10000
                [0x00000009]                __FUSE_REGION_LENGTH__ = DEFINED (__FUSE_REGION_LENGTH__)?__FUSE_REGION_LENGTH__:0x400
                0x00000400                __LOCK_REGION_LENGTH__ = DEFINED (__LOCK_REGION_LENGTH__)?__LOCK_REGION_LENGTH__:0x400
                0x00000400                __SIGNATURE_REGION_LENGTH__ = DEFINED (__SIGNATURE_REGION_LENGTH__)?__SIGNATURE_REGION_LENGTH__:0x400
                0x00000400                __USER_SIGNATURE_REGION_LENGTH__ = DEFINED (__USER_SIGNATURE_REGION_LENGTH__)?__USER_SIGNATURE_REGION_LENGTH__:0x400
                0x00008000                __RODATA_PM_OFFSET__ = DEFINED (__RODATA_PM_OFFSET__)?__RODATA_PM_OFFSET__:0x8000

.hash
 *(.hash)

.dynsym
 *(.dynsym)

.dynstr
 *(.dynstr)

.gnu.version
 *(.gnu.version)

.gnu.version_d
 *(.gnu.version_d)

.gnu.version_r
 *(.gnu.version_r)

.rel.init
 *(.rel.init)

.rela.init
 *(.rela.init)

.rel.text
 *(.rel.text)
 *(.rel.text.*)
 *(.rel.gnu.linkonce.t*)

.rela.text
 *(.rela.text)
 *(.rela.text.*)
 *(.rela.gnu.linkonce.t*)

.rel.fini
 *(.rel.fini)

.rela.fini
 *(.rela.fini)

.rel.rodata
 *(.rel.rodata)
 *(.rel.rodata.*)
 *(.rel.gnu.linkonce.r*)

.rela.rodata
 *(.rela.rodata)
 *(.rela.rodata.*)
 *(.rela.gnu.linkonce.r*)

.rel.data
 *(.rel.data)
 *(.rel.data.*)
 *(.rel.gnu.linkonce.d*)

.rela.data
 *(.rela.data)
 *(.rela.data.*)
 *(.rela.gnu.linkonce.d*)

.rel.ctors
 *(.rel.ctors)

.rela.ctors
 *(.rela.ctors)

.rel.dtors
 *(.rel.dtors)

.rela.dtors
 *(.rela.dtors)

.rel.got
 *(.rel.got)

.rela.got
 *(.rela.got)

.rel.bss
 *(.rel.bss)

.rela.bss
 *(.rela.bss)

.rel.plt
 *(.rel.plt)

.rela.plt
 *(.rela.plt)

.text           0x00000000     0x1614
 *(.vectors)
 .vectors       0x00000000       0x34 D:/Various_programs/Atmel/Studio/7.0/Packs/Atmel/ATtiny_DFP/1.3.229/gcc/dev/attiny817/avrxmega3/short-calls/crtattiny817.o
                0x00000000                __vector_default
                0x00000000                __vectors
 *(.vectors)
 *(.progmem.gcc*)
 .progmem.gcc_fplib
                0x00000034       0x28 d:/various_programs/atmel/studio/7.0/toolchain/avr8/avr8-gnu-toolchain/bin/../lib/gcc/avr/5.4.0/../../../../avr/lib/avrxmega3/short-calls\libm.a(exp.o)
 .progmem.gcc_fplib
                0x0000005c       0x1e d:/various_programs/atmel/studio/7.0/toolchain/avr8/avr8-gnu-toolchain/bin/../lib/gcc/avr/5.4.0/../../../../avr/lib/avrxmega3/short-calls\libm.a(fp_sinus.o)
                0x0000007a                . = ALIGN (0x2)
                0x0000007a                __trampolines_start = .
 *(.trampolines)
 .trampolines   0x0000007a        0x0 linker stubs
 *(.trampolines*)
                0x0000007a                __trampolines_end = .
 *libprintf_flt.a:*(.progmem.data)
 *libc.a:*(.progmem.data)
 *(.progmem*)
                0x0000007a                . = ALIGN (0x2)
 *(.jumptables)
 *(.jumptables*)
 *(.lowtext)
 *(.lowtext*)
                0x0000007a                __ctors_start = .
 *(.ctors)
                0x0000007a                __ctors_end = .
                0x0000007a                __dtors_start = .
 *(.dtors)
                0x0000007a                __dtors_end = .
 SORT(*)(.ctors)
 SORT(*)(.dtors)
 *(.init0)
 .init0         0x0000007a        0x0 D:/Various_programs/Atmel/Studio/7.0/Packs/Atmel/ATtiny_DFP/1.3.229/gcc/dev/attiny817/avrxmega3/short-calls/crtattiny817.o
                0x0000007a                __init
 *(.init0)
 *(.init1)
 *(.init1)
 *(.init2)
 .init2         0x0000007a        0xc D:/Various_programs/Atmel/Studio/7.0/Packs/Atmel/ATtiny_DFP/1.3.229/gcc/dev/attiny817/avrxmega3/short-calls/crtattiny817.o
 *(.init2)
 *(.init3)
 *(.init3)
 *(.init4)
 .init4         0x00000086       0x16 d:/various_programs/atmel/studio/7.0/toolchain/avr8/avr8-gnu-toolchain/bin/../lib/gcc/avr/5.4.0/avrxmega3/short-calls\libgcc.a(_copy_data.o)
                0x00000086                __do_copy_data
 .init4         0x0000009c       0x10 d:/various_programs/atmel/studio/7.0/toolchain/avr8/avr8-gnu-toolchain/bin/../lib/gcc/avr/5.4.0/avrxmega3/short-calls\libgcc.a(_clear_bss.o)
                0x0000009c                __do_clear_bss
 *(.init4)
 *(.init5)
 *(.init5)
 *(.init6)
 *(.init6)
 *(.init7)
 *(.init7)
 *(.init8)
 *(.init8)
 *(.init9)
 .init9         0x000000ac        0x4 D:/Various_programs/Atmel/Studio/7.0/Packs/Atmel/ATtiny_DFP/1.3.229/gcc/dev/attiny817/avrxmega3/short-calls/crtattiny817.o
 *(.init9)
 *(.text)
 .text          0x000000b0        0x2 D:/Various_programs/Atmel/Studio/7.0/Packs/Atmel/ATtiny_DFP/1.3.229/gcc/dev/attiny817/avrxmega3/short-calls/crtattiny817.o
                0x000000b0                __vector_22
                0x000000b0                __vector_1
                0x000000b0                __vector_24
                0x000000b0                __vector_12
                0x000000b0                __bad_interrupt
                0x000000b0                __vector_3
                0x000000b0                __vector_23
                0x000000b0                __vector_25
                0x000000b0                __vector_11
                0x000000b0                __vector_13
                0x000000b0                __vector_17
                0x000000b0                __vector_19
                0x000000b0                __vector_7
                0x000000b0                __vector_5
                0x000000b0                __vector_4
                0x000000b0                __vector_9
                0x000000b0                __vector_2
                0x000000b0                __vector_21
                0x000000b0                __vector_15
                0x000000b0                __vector_8
                0x000000b0                __vector_14
                0x000000b0                __vector_10
                0x000000b0                __vector_16
                0x000000b0                __vector_18
                0x000000b0                __vector_20
                0x000000b2                . = ALIGN (0x2)
 *(.text.*)
 .text.atmel_start_init
                0x000000b2        0x4 atmel_start.o
                0x000000b2                atmel_start_init
 .text.ADC_init
                0x000000b6        0xa src/adc_basic.o
                0x000000b6                ADC_init
 .text.ADC_is_conversion_done
                0x000000c0        0x8 src/adc_basic.o
                0x000000c0                ADC_is_conversion_done
 .text.ADC_get_conversion
                0x000000c8       0x22 src/adc_basic.o
                0x000000c8                ADC_get_conversion
 .text.BOD_init
                0x000000ea        0x4 src/bod.o
                0x000000ea                BOD_init
 .text.DIGGSIGG_init
                0x000000ee       0x1c src/ccl.o
                0x000000ee                DIGGSIGG_init
 .text.CLKCTRL_init
                0x0000010a       0x18 src/clkctrl.o
                0x0000010a                CLKCTRL_init
 .text.CPUINT_init
                0x00000122        0x6 src/cpuint.o
                0x00000122                CPUINT_init
 .text.DAC_init
                0x00000128        0xa src/dac_basic.o
                0x00000128                DAC_init
 .text.DAC_set_output
                0x00000132        0x6 src/dac_basic.o
                0x00000132                DAC_set_output
 .text.mcu_init
                0x00000138       0x38 src/driver_init.o
                0x00000138                mcu_init
 .text.ADC_initialization
                0x00000170       0x5e src/driver_init.o
                0x00000170                ADC_initialization
 .text.USART_0_initialization
                0x000001ce       0x14 src/driver_init.o
                0x000001ce                USART_0_initialization
 .text.TIMER_0_initialization
                0x000001e2       0x12 src/driver_init.o
                0x000001e2                TIMER_0_initialization
 .text.DIGGSIGG_initialization
                0x000001f4       0x12 src/driver_init.o
                0x000001f4                DIGGSIGG_initialization
 .text.SPI_0_initialization
                0x00000206       0x1c src/driver_init.o
                0x00000206                SPI_0_initialization
 .text.DAC_initialization
                0x00000222       0x16 src/driver_init.o
                0x00000222                DAC_initialization
 .text.system_init
                0x00000238       0x36 src/driver_init.o
                0x00000238                system_init
 .text.protected_write_io
                0x0000026e        0x8 src/protected_io.o
                0x0000026e                protected_write_io
 .text.RTC_init
                0x00000276       0x38 src/rtc.o
                0x00000276                RTC_init
 .text.SLPCTRL_init
                0x000002ae        0x4 src/slpctrl.o
                0x000002ae                SLPCTRL_init
 .text.SPI_0_init
                0x000002b2       0x10 src/spi.o
                0x000002b2                SPI_0_init
 .text.TIMER_0_init
                0x000002c2       0x20 src/tca.o
                0x000002c2                TIMER_0_init
 .text.USART_0_init
                0x000002e2       0x20 src/usart_basic.o
                0x000002e2                USART_0_init
 .text.USART_0_write
                0x00000302       0x10 src/usart_basic.o
                0x00000302                USART_0_write
 .text.USART_0_printCHAR
                0x00000312        0x8 src/usart_basic.o
                0x00000312                USART_0_printCHAR
 .text.tinyCharge_is_connected_to_charger
                0x0000031a        0x6 tinyCharge/tinyCharge.o
                0x0000031a                tinyCharge_is_connected_to_charger
 .text.tinyCharge_is_fully_charged
                0x00000320        0xa tinyCharge/tinyCharge.o
                0x00000320                tinyCharge_is_fully_charged
 .text.tinyCharge_set_charging_mode
                0x0000032a        0x6 tinyCharge/tinyCharge.o
                0x0000032a                tinyCharge_set_charging_mode
 .text.tinyCharge_set_transistors
                0x00000330       0x10 tinyCharge/tinyCharge.o
                0x00000330                tinyCharge_set_transistors
 .text.tinyDebugger_send_int
                0x00000340        0x2 tinyDebugger/tinyDebugger.o
                0x00000340                tinyDebugger_send_int
 .text.tinyDebugger_send_uint8
                0x00000342        0x2 tinyDebugger/tinyDebugger.o
                0x00000342                tinyDebugger_send_uint8
 .text.tinyDebugger_send_double
                0x00000344        0x2 tinyDebugger/tinyDebugger.o
                0x00000344                tinyDebugger_send_double
 .text.tinyDebugger_end_line
                0x00000346        0x2 tinyDebugger/tinyDebugger.o
                0x00000346                tinyDebugger_end_line
 .text.tinyPulse_toggle_pulse_mode
                0x00000348        0xe tinyPulse/tinyPulse.o
                0x00000348                tinyPulse_toggle_pulse_mode
 .text.tinyPulse_update_potential
                0x00000356       0x6a tinyPulse/tinyPulse.o
                0x00000356                tinyPulse_update_potential
 .text.tinyTime_counter_increment
                0x000003c0       0x28 tinyTime/tinyTime.o
                0x000003c0                tinyTime_counter_increment
 .text.tinyTime_now
                0x000003e8       0x12 tinyTime/tinyTime.o
                0x000003e8                tinyTime_now
 .text.main     0x000003fa       0x5a main.o
                0x000003fa                main
 .text.tinyButton_update
                0x00000454       0x9c tinyButton/tinyButton.o
                0x00000454                tinyButton_update
 .text.tinyButton_update_potential
                0x000004f0       0x14 tinyButton/tinyButton.o
                0x000004f0                tinyButton_update_potential
 .text.tinyLED_SPIWriteByte
                0x00000504       0x28 tinyLED/tinyLED.o
 .text.tinyLED_set_color
                0x0000052c       0x12 tinyLED/tinyLED.o
                0x0000052c                tinyLED_set_color
 .text.tinyLED_get_color
                0x0000053e       0x10 tinyLED/tinyLED.o
                0x0000053e                tinyLED_get_color
 .text.tinyLED_set_color_mode
                0x0000054e       0x20 tinyLED/tinyLED.o
                0x0000054e                tinyLED_set_color_mode
 .text.tinyLED_RGB_Color_Compare
                0x0000056e       0x60 tinyLED/tinyLED.o
                0x0000056e                tinyLED_RGB_Color_Compare
 .text.tinyLED_update
                0x000005ce      0x390 tinyLED/tinyLED.o
                0x000005ce                tinyLED_update
 .text.tinyAxon_add_pulse
                0x0000095e       0x4a tinyAxon/tinyAxon.o
 .text.find_newest_pulse
                0x000009a8       0x26 tinyAxon/tinyAxon.o
                0x000009a8                find_newest_pulse
 .text.tinyAxon_remove_pulse
                0x000009ce       0x34 tinyAxon/tinyAxon.o
                0x000009ce                tinyAxon_remove_pulse
 .text.tinyAxon_update_potential
                0x00000a02      0x150 tinyAxon/tinyAxon.o
                0x00000a02                tinyAxon_update_potential
 .text.tinyDendrite_update_signals
                0x00000b52      0x16a tinyDendrite/tinyDendrite.o
                0x00000b52                tinyDendrite_update_signals
 .text.tinyDendrite_get_potential
                0x00000cbc       0x56 tinyDendrite/tinyDendrite.o
                0x00000cbc                tinyDendrite_get_potential
 .text.tinyDendrite_update_potential
                0x00000d12       0x28 tinyDendrite/tinyDendrite.o
                0x00000d12                tinyDendrite_update_potential
 .text.__vector_6
                0x00000d3a       0x54 tinyISR/tinyISR.o
                0x00000d3a                __vector_6
 .text.tinyISR_setflag
                0x00000d8e        0x6 tinyISR/tinyISR.o
                0x00000d8e                tinyISR_setflag
 .text.tinyISR_getflag
                0x00000d94        0x6 tinyISR/tinyISR.o
                0x00000d94                tinyISR_getflag
 .text.tinyPotential_update
                0x00000d9a      0x106 tinyPotential/tinyPotential.o
                0x00000d9a                tinyPotential_update
 .text.avr-libc.fplib
                0x00000ea0        0xe d:/various_programs/atmel/studio/7.0/toolchain/avr8/avr8-gnu-toolchain/bin/../lib/gcc/avr/5.4.0/../../../../avr/lib/avrxmega3/short-calls\libm.a(addsf3.o)
                0x00000ea0                __subsf3
                0x00000ea2                __addsf3
 .text.avr-libc.fplib
                0x00000eae       0xcc d:/various_programs/atmel/studio/7.0/toolchain/avr8/avr8-gnu-toolchain/bin/../lib/gcc/avr/5.4.0/../../../../avr/lib/avrxmega3/short-calls\libm.a(addsf3x.o)
                0x00000ed0                __addsf3x
 .text.avr-libc.fplib
                0x00000f7a        0xa d:/various_programs/atmel/studio/7.0/toolchain/avr8/avr8-gnu-toolchain/bin/../lib/gcc/avr/5.4.0/../../../../avr/lib/avrxmega3/short-calls\libm.a(cmpsf2.o)
                0x00000f7a                __nesf2
                0x00000f7a                __eqsf2
                0x00000f7a                __cmpsf2
                0x00000f7a                __ltsf2
                0x00000f7a                __lesf2
 .text.avr-libc.fplib
                0x00000f84        0x8 d:/various_programs/atmel/studio/7.0/toolchain/avr8/avr8-gnu-toolchain/bin/../lib/gcc/avr/5.4.0/../../../../avr/lib/avrxmega3/short-calls\libm.a(divsf3.o)
                0x00000f84                __divsf3
 .text.avr-libc.fplib
                0x00000f8c       0xdc d:/various_programs/atmel/studio/7.0/toolchain/avr8/avr8-gnu-toolchain/bin/../lib/gcc/avr/5.4.0/../../../../avr/lib/avrxmega3/short-calls\libm.a(divsf3x.o)
                0x00000fac                __divsf3x
                0x00000fb2                __divsf3_pse
 .text.avr-libc.fplib
                0x00001068       0x74 d:/various_programs/atmel/studio/7.0/toolchain/avr8/avr8-gnu-toolchain/bin/../lib/gcc/avr/5.4.0/../../../../avr/lib/avrxmega3/short-calls\libm.a(exp.o)
                0x00001078                exp
 .text.avr-libc.fplib
                0x000010dc       0x5e d:/various_programs/atmel/studio/7.0/toolchain/avr8/avr8-gnu-toolchain/bin/../lib/gcc/avr/5.4.0/../../../../avr/lib/avrxmega3/short-calls\libm.a(fixunssfsi.o)
                0x000010dc                __fixunssfsi
 .text.avr-libc.fplib
                0x0000113a       0x7a d:/various_programs/atmel/studio/7.0/toolchain/avr8/avr8-gnu-toolchain/bin/../lib/gcc/avr/5.4.0/../../../../avr/lib/avrxmega3/short-calls\libm.a(floatsisf.o)
                0x0000113a                __floatunsisf
                0x0000113e                __floatsisf
 .text.avr-libc.fplib
                0x000011b4       0x3e d:/various_programs/atmel/studio/7.0/toolchain/avr8/avr8-gnu-toolchain/bin/../lib/gcc/avr/5.4.0/../../../../avr/lib/avrxmega3/short-calls\libm.a(fmin.o)
                0x000011b4                fmin
 .text.avr-libc.fplib
                0x000011f2       0x48 d:/various_programs/atmel/studio/7.0/toolchain/avr8/avr8-gnu-toolchain/bin/../lib/gcc/avr/5.4.0/../../../../avr/lib/avrxmega3/short-calls\libm.a(fp_cmp.o)
                0x000011f2                __fp_cmp
 .text.avr-libc.fplib
                0x0000123a        0xc d:/various_programs/atmel/studio/7.0/toolchain/avr8/avr8-gnu-toolchain/bin/../lib/gcc/avr/5.4.0/../../../../avr/lib/avrxmega3/short-calls\libm.a(fp_inf.o)
                0x0000123a                __fp_inf
 .text.avr-libc.fplib
                0x00001246        0x6 d:/various_programs/atmel/studio/7.0/toolchain/avr8/avr8-gnu-toolchain/bin/../lib/gcc/avr/5.4.0/../../../../avr/lib/avrxmega3/short-calls\libm.a(fp_nan.o)
                0x00001246                __fp_nan
 .text.avr-libc.fplib
                0x0000124c       0x4e d:/various_programs/atmel/studio/7.0/toolchain/avr8/avr8-gnu-toolchain/bin/../lib/gcc/avr/5.4.0/../../../../avr/lib/avrxmega3/short-calls\libm.a(fp_powser.o)
                0x0000124c                __fp_powser
 .text.avr-libc.fplib
                0x0000129a        0xe d:/various_programs/atmel/studio/7.0/toolchain/avr8/avr8-gnu-toolchain/bin/../lib/gcc/avr/5.4.0/../../../../avr/lib/avrxmega3/short-calls\libm.a(fp_pscA.o)
                0x0000129a                __fp_pscA
 .text.avr-libc.fplib
                0x000012a8        0xe d:/various_programs/atmel/studio/7.0/toolchain/avr8/avr8-gnu-toolchain/bin/../lib/gcc/avr/5.4.0/../../../../avr/lib/avrxmega3/short-calls\libm.a(fp_pscB.o)
                0x000012a8                __fp_pscB
 .text.avr-libc.fplib
                0x000012b6       0x22 d:/various_programs/atmel/studio/7.0/toolchain/avr8/avr8-gnu-toolchain/bin/../lib/gcc/avr/5.4.0/../../../../avr/lib/avrxmega3/short-calls\libm.a(fp_round.o)
                0x000012b6                __fp_round
 .text.avr-libc.fplib
                0x000012d8       0x44 d:/various_programs/atmel/studio/7.0/toolchain/avr8/avr8-gnu-toolchain/bin/../lib/gcc/avr/5.4.0/../../../../avr/lib/avrxmega3/short-calls\libm.a(fp_split3.o)
                0x000012d8                __fp_split3
                0x000012e8                __fp_splitA
 .text.avr-libc.fplib
                0x0000131c        0xe d:/various_programs/atmel/studio/7.0/toolchain/avr8/avr8-gnu-toolchain/bin/../lib/gcc/avr/5.4.0/../../../../avr/lib/avrxmega3/short-calls\libm.a(fp_zero.o)
                0x0000131c                __fp_zero
                0x0000131e                __fp_szero
 .text.avr-libc.fplib
                0x0000132a        0xa d:/various_programs/atmel/studio/7.0/toolchain/avr8/avr8-gnu-toolchain/bin/../lib/gcc/avr/5.4.0/../../../../avr/lib/avrxmega3/short-calls\libm.a(gesf2.o)
                0x0000132a                __gesf2
                0x0000132a                __gtsf2
 .text.avr-libc.fplib
                0x00001334       0x10 d:/various_programs/atmel/studio/7.0/toolchain/avr8/avr8-gnu-toolchain/bin/../lib/gcc/avr/5.4.0/../../../../avr/lib/avrxmega3/short-calls\libm.a(inverse.o)
                0x00001334                inverse
 .text.avr-libc.fplib
                0x00001344       0x74 d:/various_programs/atmel/studio/7.0/toolchain/avr8/avr8-gnu-toolchain/bin/../lib/gcc/avr/5.4.0/../../../../avr/lib/avrxmega3/short-calls\libm.a(ldexp.o)
                0x0000134c                ldexp
 .text.avr-libc.fplib
                0x000013b8       0x68 d:/various_programs/atmel/studio/7.0/toolchain/avr8/avr8-gnu-toolchain/bin/../lib/gcc/avr/5.4.0/../../../../avr/lib/avrxmega3/short-calls\libm.a(modf.o)
                0x000013b8                modf
                0x000013b8                modff
 .text.avr-libc.fplib
                0x00001420        0x8 d:/various_programs/atmel/studio/7.0/toolchain/avr8/avr8-gnu-toolchain/bin/../lib/gcc/avr/5.4.0/../../../../avr/lib/avrxmega3/short-calls\libm.a(mulsf3.o)
                0x00001420                __mulsf3
 .text.avr-libc.fplib
                0x00001428       0xd2 d:/various_programs/atmel/studio/7.0/toolchain/avr8/avr8-gnu-toolchain/bin/../lib/gcc/avr/5.4.0/../../../../avr/lib/avrxmega3/short-calls\libm.a(mulsf3x.o)
                0x00001446                __mulsf3x
                0x0000144c                __mulsf3_pse
 .text.avr-libc.fplib
                0x000014fa       0x10 d:/various_programs/atmel/studio/7.0/toolchain/avr8/avr8-gnu-toolchain/bin/../lib/gcc/avr/5.4.0/../../../../avr/lib/avrxmega3/short-calls\libm.a(sin.o)
                0x000014fa                sin
 .text.avr-libc.fplib
                0x0000150a       0x1c d:/various_programs/atmel/studio/7.0/toolchain/avr8/avr8-gnu-toolchain/bin/../lib/gcc/avr/5.4.0/../../../../avr/lib/avrxmega3/short-calls\libm.a(fp_mpack.o)
                0x0000150a                __fp_mpack
                0x0000150e                __fp_mpack_finite
 .text.avr-libc.fplib
                0x00001526       0x56 d:/various_programs/atmel/studio/7.0/toolchain/avr8/avr8-gnu-toolchain/bin/../lib/gcc/avr/5.4.0/../../../../avr/lib/avrxmega3/short-calls\libm.a(fp_rempio2.o)
                0x0000152a                __fp_rempio2
 .text.avr-libc.fplib
                0x0000157c       0x28 d:/various_programs/atmel/studio/7.0/toolchain/avr8/avr8-gnu-toolchain/bin/../lib/gcc/avr/5.4.0/../../../../avr/lib/avrxmega3/short-calls\libm.a(fp_sinus.o)
                0x0000157c                __fp_sinus
 .text.avr-libc.fplib
                0x000015a4       0x28 d:/various_programs/atmel/studio/7.0/toolchain/avr8/avr8-gnu-toolchain/bin/../lib/gcc/avr/5.4.0/../../../../avr/lib/avrxmega3/short-calls\libm.a(fp_powsodd.o)
                0x000015a4                __fp_powsodd
 .text.libgcc.div
                0x000015cc       0x44 d:/various_programs/atmel/studio/7.0/toolchain/avr8/avr8-gnu-toolchain/bin/../lib/gcc/avr/5.4.0/avrxmega3/short-calls\libgcc.a(_udivmodsi4.o)
                0x000015cc                __udivmodsi4
                0x00001610                . = ALIGN (0x2)
 *(.fini9)
 .fini9         0x00001610        0x0 d:/various_programs/atmel/studio/7.0/toolchain/avr8/avr8-gnu-toolchain/bin/../lib/gcc/avr/5.4.0/avrxmega3/short-calls\libgcc.a(_exit.o)
                0x00001610                _exit
                0x00001610                exit
 *(.fini9)
 *(.fini8)
 *(.fini8)
 *(.fini7)
 *(.fini7)
 *(.fini6)
 *(.fini6)
 *(.fini5)
 *(.fini5)
 *(.fini4)
 *(.fini4)
 *(.fini3)
 *(.fini3)
 *(.fini2)
 *(.fini2)
 *(.fini1)
 *(.fini1)
 *(.fini0)
 .fini0         0x00001610        0x4 d:/various_programs/atmel/studio/7.0/toolchain/avr8/avr8-gnu-toolchain/bin/../lib/gcc/avr/5.4.0/avrxmega3/short-calls\libgcc.a(_exit.o)
 *(.fini0)
                0x00001614                _etext = .

.rodata         0x00009614       0x2c load address 0x00001614
 *(.rodata)
 *(.rodata*)
 .rodata.str1.1
                0x00009614        0x5 main.o
 .rodata.str1.1
                0x00009619        0xc tinyAxon/tinyAxon.o
 .rodata.str1.1
                0x00009625        0xf tinyDendrite/tinyDendrite.o
 .rodata.str1.1
                0x00009634        0xc tinyPotential/tinyPotential.o
 *(.gnu.linkonce.r*)

.data           0x00803e00       0x16 load address 0x00001640
                0x00803e00                PROVIDE (__data_start, .)
 *(.data)
 *(.data*)
 .data.USART_0_stream
                0x00803e00        0xe src/usart_basic.o
                0x00803e00                USART_0_stream
 .data.ideal_time_between_pulses
                0x00803e0e        0x2 tinyPulse/tinyPulse.o
                0x00803e0e                ideal_time_between_pulses
 .data.Dendrite_ports
                0x00803e10        0x5 tinyDendrite/tinyDendrite.o
                0x00803e10                Dendrite_ports
 *(.gnu.linkonce.d*)
                0x00803e16                . = ALIGN (0x2)
 *fill*         0x00803e15        0x1 
                0x00803e16                _edata = .
                0x00803e16                PROVIDE (__data_end, .)

.bss            0x00803e16       0x59
                0x00803e16                PROVIDE (__bss_start, .)
 *(.bss)
 *(.bss*)
 .bss.time_since_last_pulse
                0x00803e16        0x2 tinyPulse/tinyPulse.o
                0x00803e16                time_since_last_pulse
 .bss.time_of_last_pulse
                0x00803e18        0x4 tinyPulse/tinyPulse.o
                0x00803e18                time_of_last_pulse
 .bss.pulse_mode
                0x00803e1c        0x1 tinyPulse/tinyPulse.o
                0x00803e1c                pulse_mode
 .bss.time_counter
                0x00803e1d        0x4 tinyTime/tinyTime.o
                0x00803e1d                time_counter
 .bss.tinyButton_start_time
                0x00803e21        0x4 tinyButton/tinyButton.o
 .bss.button_press
                0x00803e25        0x1 tinyButton/tinyButton.o
                0x00803e25                button_press
 .bss.button_was_pushed_down
                0x00803e26        0x1 tinyButton/tinyButton.o
 .bss.axonOutputValue
                0x00803e27        0x1 tinyAxon/tinyAxon.o
                0x00803e27                axonOutputValue
 .bss.pulse_queue
                0x00803e28       0x14 tinyAxon/tinyAxon.o
                0x00803e28                pulse_queue
 .bss.pulses_in_queue
                0x00803e3c        0x1 tinyAxon/tinyAxon.o
                0x00803e3c                pulses_in_queue
 .bss.tinyAxon_should_fire
                0x00803e3d        0x1 tinyAxon/tinyAxon.o
                0x00803e3d                tinyAxon_should_fire
 .bss.tinyAxon_has_fired
                0x00803e3e        0x1 tinyAxon/tinyAxon.o
                0x00803e3e                tinyAxon_has_fired
 .bss.tinyDendrite_previous_signals
                0x00803e3f        0x5 tinyDendrite/tinyDendrite.o
                0x00803e3f                tinyDendrite_previous_signals
 .bss.tinyDendrite_current_signals
                0x00803e44        0x5 tinyDendrite/tinyDendrite.o
                0x00803e44                tinyDendrite_current_signals
 .bss.tinyDendrite_values
                0x00803e49        0xa tinyDendrite/tinyDendrite.o
                0x00803e49                tinyDendrite_values
 .bss.tinyISR_interrupt_flag
                0x00803e53        0x1 tinyISR/tinyISR.o
 .bss.previous_update_time
                0x00803e54        0x4 tinyPotential/tinyPotential.o
 .bss.tinyPotential_potential
                0x00803e58        0x4 tinyPotential/tinyPotential.o
 *(COMMON)
 COMMON         0x00803e5c        0x1 tinyCharge/tinyCharge.o
                0x00803e5c                connected_to_charger
 COMMON         0x00803e5d        0xc tinyLED/tinyLED.o
                0x00803e5d                tinyLED_flash_once_time
                0x00803e5f                tinyLED_old_colors
                0x00803e65                tinyLED_colors
 COMMON         0x00803e69        0x6 d:/various_programs/atmel/studio/7.0/toolchain/avr8/avr8-gnu-toolchain/bin/../lib/gcc/avr/5.4.0/../../../../avr/lib/avrxmega3/short-calls\libc.a(iob.o)
                0x00803e69                __iob
                0x00803e6f                PROVIDE (__bss_end, .)
                0x00001640                __data_load_start = LOADADDR (.data)
                0x00001656                __data_load_end = (__data_load_start + SIZEOF (.data))

.noinit         0x00803e6f        0x0
                [!provide]                PROVIDE (__noinit_start, .)
 *(.noinit*)
                [!provide]                PROVIDE (__noinit_end, .)
                0x00803e6f                _end = .
                [!provide]                PROVIDE (__heap_start, .)

.eeprom         0x00810000        0x0
 *(.eeprom*)
                0x00810000                __eeprom_end = .

.fuse
 *(.fuse)
 *(.lfuse)
 *(.hfuse)
 *(.efuse)

.lock
 *(.lock*)

.signature
 *(.signature*)

.user_signatures
 *(.user_signatures*)

.stab
 *(.stab)

.stabstr
 *(.stabstr)

.stab.excl
 *(.stab.excl)

.stab.exclstr
 *(.stab.exclstr)

.stab.index
 *(.stab.index)

.stab.indexstr
 *(.stab.indexstr)

.comment        0x00000000       0x30
 *(.comment)
 .comment       0x00000000       0x30 atmel_start.o
                                 0x31 (size before relaxing)
 .comment       0x00000030       0x31 src/adc_basic.o
 .comment       0x00000030       0x31 src/bod.o
 .comment       0x00000030       0x31 src/ccl.o
 .comment       0x00000030       0x31 src/clkctrl.o
 .comment       0x00000030       0x31 src/cpuint.o
 .comment       0x00000030       0x31 src/dac_basic.o
 .comment       0x00000030       0x31 src/driver_init.o
 .comment       0x00000030       0x31 src/rtc.o
 .comment       0x00000030       0x31 src/slpctrl.o
 .comment       0x00000030       0x31 src/spi.o
 .comment       0x00000030       0x31 src/tca.o
 .comment       0x00000030       0x31 src/usart_basic.o
 .comment       0x00000030       0x31 tinyCharge/tinyCharge.o
 .comment       0x00000030       0x31 tinyDebugger/tinyDebugger.o
 .comment       0x00000030       0x31 tinyPulse/tinyPulse.o
 .comment       0x00000030       0x31 tinyTime/tinyTime.o
 .comment       0x00000030       0x31 main.o
 .comment       0x00000030       0x31 tinyButton/tinyButton.o
 .comment       0x00000030       0x31 tinyLED/tinyLED.o
 .comment       0x00000030       0x31 tinyAxon/tinyAxon.o
 .comment       0x00000030       0x31 tinyDendrite/tinyDendrite.o
 .comment       0x00000030       0x31 tinyISR/tinyISR.o
 .comment       0x00000030       0x31 tinyPotential/tinyPotential.o
 .comment       0x00000030       0x31 d:/various_programs/atmel/studio/7.0/toolchain/avr8/avr8-gnu-toolchain/bin/../lib/gcc/avr/5.4.0/../../../../avr/lib/avrxmega3/short-calls\libc.a(iob.o)

.note.gnu.avr.deviceinfo
                0x00000000       0x3c
 .note.gnu.avr.deviceinfo
                0x00000000       0x3c D:/Various_programs/Atmel/Studio/7.0/Packs/Atmel/ATtiny_DFP/1.3.229/gcc/dev/attiny817/avrxmega3/short-calls/crtattiny817.o

.note.gnu.build-id
 *(.note.gnu.build-id)

.debug
 *(.debug)

.line
 *(.line)

.debug_srcinfo
 *(.debug_srcinfo)

.debug_sfnames
 *(.debug_sfnames)

.debug_aranges  0x00000000      0x4b8
 *(.debug_aranges)
 .debug_aranges
                0x00000000       0x20 atmel_start.o
 .debug_aranges
                0x00000020       0x58 src/adc_basic.o
 .debug_aranges
                0x00000078       0x20 src/bod.o
 .debug_aranges
                0x00000098       0x20 src/ccl.o
 .debug_aranges
                0x000000b8       0x20 src/clkctrl.o
 .debug_aranges
                0x000000d8       0x20 src/cpuint.o
 .debug_aranges
                0x000000f8       0x40 src/dac_basic.o
 .debug_aranges
                0x00000138       0x58 src/driver_init.o
 .debug_aranges
                0x00000190       0x20 src/protected_io.o
 .debug_aranges
                0x000001b0       0x20 src/rtc.o
 .debug_aranges
                0x000001d0       0x20 src/slpctrl.o
 .debug_aranges
                0x000001f0       0x20 src/spi.o
 .debug_aranges
                0x00000210       0x20 src/tca.o
 .debug_aranges
                0x00000230       0x78 src/usart_basic.o
 .debug_aranges
                0x000002a8       0x38 tinyCharge/tinyCharge.o
 .debug_aranges
                0x000002e0       0x40 tinyDebugger/tinyDebugger.o
 .debug_aranges
                0x00000320       0x28 tinyPulse/tinyPulse.o
 .debug_aranges
                0x00000348       0x28 tinyTime/tinyTime.o
 .debug_aranges
                0x00000370       0x20 main.o
 .debug_aranges
                0x00000390       0x28 tinyButton/tinyButton.o
 .debug_aranges
                0x000003b8       0x48 tinyLED/tinyLED.o
 .debug_aranges
                0x00000400       0x38 tinyAxon/tinyAxon.o
 .debug_aranges
                0x00000438       0x30 tinyDendrite/tinyDendrite.o
 .debug_aranges
                0x00000468       0x30 tinyISR/tinyISR.o
 .debug_aranges
                0x00000498       0x20 tinyPotential/tinyPotential.o

.debug_pubnames
 *(.debug_pubnames)

.debug_info     0x00000000     0x7968
 *(.debug_info .gnu.linkonce.wi.*)
 .debug_info    0x00000000     0x16bc D:/Various_programs/Atmel/Studio/7.0/Packs/Atmel/ATtiny_DFP/1.3.229/gcc/dev/attiny817/avrxmega3/short-calls/crtattiny817.o
 .debug_info    0x000016bc       0x9a atmel_start.o
 .debug_info    0x00001756      0x484 src/adc_basic.o
 .debug_info    0x00001bda       0x8d src/bod.o
 .debug_info    0x00001c67      0x2fd src/ccl.o
 .debug_info    0x00001f64      0x3fe src/clkctrl.o
 .debug_info    0x00002362       0x8d src/cpuint.o
 .debug_info    0x000023ef      0x184 src/dac_basic.o
 .debug_info    0x00002573     0x15ed src/driver_init.o
 .debug_info    0x00003b60       0xb2 src/protected_io.o
 .debug_info    0x00003c12      0x422 src/rtc.o
 .debug_info    0x00004034       0x8d src/slpctrl.o
 .debug_info    0x000040c1      0x18f src/spi.o
 .debug_info    0x00004250      0xa74 src/tca.o
 .debug_info    0x00004cc4      0x47d src/usart_basic.o
 .debug_info    0x00005141      0x286 tinyCharge/tinyCharge.o
 .debug_info    0x000053c7      0x1c7 tinyDebugger/tinyDebugger.o
 .debug_info    0x0000558e      0x130 tinyPulse/tinyPulse.o
 .debug_info    0x000056be       0xb6 tinyTime/tinyTime.o
 .debug_info    0x00005774      0x344 main.o
 .debug_info    0x00005ab8      0x222 tinyButton/tinyButton.o
 .debug_info    0x00005cda      0xf99 tinyLED/tinyLED.o
 .debug_info    0x00006c73      0x40e tinyAxon/tinyAxon.o
 .debug_info    0x00007081      0x340 tinyDendrite/tinyDendrite.o
 .debug_info    0x000073c1      0x3d8 tinyISR/tinyISR.o
 .debug_info    0x00007799      0x1cf tinyPotential/tinyPotential.o

.debug_abbrev   0x00000000     0x2fe9
 *(.debug_abbrev)
 .debug_abbrev  0x00000000     0x1582 D:/Various_programs/Atmel/Studio/7.0/Packs/Atmel/ATtiny_DFP/1.3.229/gcc/dev/attiny817/avrxmega3/short-calls/crtattiny817.o
 .debug_abbrev  0x00001582       0x63 atmel_start.o
 .debug_abbrev  0x000015e5      0x1bc src/adc_basic.o
 .debug_abbrev  0x000017a1       0x51 src/bod.o
 .debug_abbrev  0x000017f2       0x9f src/ccl.o
 .debug_abbrev  0x00001891      0x116 src/clkctrl.o
 .debug_abbrev  0x000019a7       0x51 src/cpuint.o
 .debug_abbrev  0x000019f8       0xc2 src/dac_basic.o
 .debug_abbrev  0x00001aba      0x1cf src/driver_init.o
 .debug_abbrev  0x00001c89       0x14 src/protected_io.o
 .debug_abbrev  0x00001c9d       0xd4 src/rtc.o
 .debug_abbrev  0x00001d71       0x51 src/slpctrl.o
 .debug_abbrev  0x00001dc2       0x9f src/spi.o
 .debug_abbrev  0x00001e61       0xf0 src/tca.o
 .debug_abbrev  0x00001f51      0x204 src/usart_basic.o
 .debug_abbrev  0x00002155      0x193 tinyCharge/tinyCharge.o
 .debug_abbrev  0x000022e8       0xab tinyDebugger/tinyDebugger.o
 .debug_abbrev  0x00002393       0xa8 tinyPulse/tinyPulse.o
 .debug_abbrev  0x0000243b       0x7c tinyTime/tinyTime.o
 .debug_abbrev  0x000024b7       0xf4 main.o
 .debug_abbrev  0x000025ab      0x16a tinyButton/tinyButton.o
 .debug_abbrev  0x00002715      0x336 tinyLED/tinyLED.o
 .debug_abbrev  0x00002a4b      0x1d9 tinyAxon/tinyAxon.o
 .debug_abbrev  0x00002c24      0x17c tinyDendrite/tinyDendrite.o
 .debug_abbrev  0x00002da0      0x157 tinyISR/tinyISR.o
 .debug_abbrev  0x00002ef7       0xf2 tinyPotential/tinyPotential.o

.debug_line     0x00000000     0x26e0
 *(.debug_line .debug_line.* .debug_line_end)
 .debug_line    0x00000000      0x136 D:/Various_programs/Atmel/Studio/7.0/Packs/Atmel/ATtiny_DFP/1.3.229/gcc/dev/attiny817/avrxmega3/short-calls/crtattiny817.o
 .debug_line    0x00000136       0x60 atmel_start.o
 .debug_line    0x00000196      0x1fd src/adc_basic.o
 .debug_line    0x00000393       0x9f src/bod.o
 .debug_line    0x00000432      0x11a src/ccl.o
 .debug_line    0x0000054c      0x130 src/clkctrl.o
 .debug_line    0x0000067c       0xa8 src/cpuint.o
 .debug_line    0x00000724      0x17e src/dac_basic.o
 .debug_line    0x000008a2      0x3f8 src/driver_init.o
 .debug_line    0x00000c9a       0x55 src/protected_io.o
 .debug_line    0x00000cef      0x13c src/rtc.o
 .debug_line    0x00000e2b       0xa3 src/slpctrl.o
 .debug_line    0x00000ece      0x108 src/spi.o
 .debug_line    0x00000fd6      0x114 src/tca.o
 .debug_line    0x000010ea      0x266 src/usart_basic.o
 .debug_line    0x00001350      0x192 tinyCharge/tinyCharge.o
 .debug_line    0x000014e2       0xeb tinyDebugger/tinyDebugger.o
 .debug_line    0x000015cd       0xf9 tinyPulse/tinyPulse.o
 .debug_line    0x000016c6       0xc5 tinyTime/tinyTime.o
 .debug_line    0x0000178b      0x273 main.o
 .debug_line    0x000019fe      0x1f3 tinyButton/tinyButton.o
 .debug_line    0x00001bf1      0x2d1 tinyLED/tinyLED.o
 .debug_line    0x00001ec2      0x292 tinyAxon/tinyAxon.o
 .debug_line    0x00002154      0x279 tinyDendrite/tinyDendrite.o
 .debug_line    0x000023cd      0x15c tinyISR/tinyISR.o
 .debug_line    0x00002529      0x1b7 tinyPotential/tinyPotential.o

.debug_frame    0x00000000      0x804
 *(.debug_frame)
 .debug_frame   0x00000000       0x24 atmel_start.o
 .debug_frame   0x00000024       0x94 src/adc_basic.o
 .debug_frame   0x000000b8       0x24 src/bod.o
 .debug_frame   0x000000dc       0x24 src/ccl.o
 .debug_frame   0x00000100       0x24 src/clkctrl.o
 .debug_frame   0x00000124       0x24 src/cpuint.o
 .debug_frame   0x00000148       0x64 src/dac_basic.o
 .debug_frame   0x000001ac       0x94 src/driver_init.o
 .debug_frame   0x00000240       0x24 src/rtc.o
 .debug_frame   0x00000264       0x24 src/slpctrl.o
 .debug_frame   0x00000288       0x24 src/spi.o
 .debug_frame   0x000002ac       0x24 src/tca.o
 .debug_frame   0x000002d0       0xd4 src/usart_basic.o
 .debug_frame   0x000003a4       0x54 tinyCharge/tinyCharge.o
 .debug_frame   0x000003f8       0x64 tinyDebugger/tinyDebugger.o
 .debug_frame   0x0000045c       0x48 tinyPulse/tinyPulse.o
 .debug_frame   0x000004a4       0x34 tinyTime/tinyTime.o
 .debug_frame   0x000004d8       0x24 main.o
 .debug_frame   0x000004fc       0x48 tinyButton/tinyButton.o
 .debug_frame   0x00000544       0xd4 tinyLED/tinyLED.o
 .debug_frame   0x00000618       0x70 tinyAxon/tinyAxon.o
 .debug_frame   0x00000688       0xb4 tinyDendrite/tinyDendrite.o
 .debug_frame   0x0000073c       0x90 tinyISR/tinyISR.o
 .debug_frame   0x000007cc       0x38 tinyPotential/tinyPotential.o

.debug_str      0x00000000     0x2fe1
 *(.debug_str)
 .debug_str     0x00000000      0x9a7 D:/Various_programs/Atmel/Studio/7.0/Packs/Atmel/ATtiny_DFP/1.3.229/gcc/dev/attiny817/avrxmega3/short-calls/crtattiny817.o
 .debug_str     0x000009a7      0x1a0 atmel_start.o
                                0x1d4 (size before relaxing)
 .debug_str     0x00000b47      0x331 src/adc_basic.o
                                0x507 (size before relaxing)
 .debug_str     0x00000e78       0x16 src/bod.o
                                0x1c1 (size before relaxing)
 .debug_str     0x00000e8e      0x41c src/ccl.o
                                0x5fd (size before relaxing)
 .debug_str     0x000012aa      0x317 src/clkctrl.o
                                0x536 (size before relaxing)
 .debug_str     0x000015c1       0x1c src/cpuint.o
                                0x1c7 (size before relaxing)
 .debug_str     0x000015dd       0x7c src/dac_basic.o
                                0x26c (size before relaxing)
 .debug_str     0x00001659      0x5ec src/driver_init.o
                                0x938 (size before relaxing)
 .debug_str     0x00001c45      0x351 src/rtc.o
                                0x61e (size before relaxing)
 .debug_str     0x00001f96       0x11 src/slpctrl.o
                                0x1c9 (size before relaxing)
 .debug_str     0x00001fa7       0xbf src/spi.o
                                0x2d5 (size before relaxing)
 .debug_str     0x00002066      0x36b src/tca.o
                                0x6c5 (size before relaxing)
 .debug_str     0x000023d1      0x1da src/usart_basic.o
                                0x417 (size before relaxing)
 .debug_str     0x000025ab       0xd4 tinyCharge/tinyCharge.o
                                0x2ff (size before relaxing)
 .debug_str     0x0000267f       0xa7 tinyDebugger/tinyDebugger.o
                                0x265 (size before relaxing)
 .debug_str     0x00002726       0xa9 tinyPulse/tinyPulse.o
                                0x26f (size before relaxing)
 .debug_str     0x000027cf       0x3f tinyTime/tinyTime.o
                                0x1f9 (size before relaxing)
 .debug_str     0x0000280e      0x1a1 main.o
                                0x409 (size before relaxing)
 .debug_str     0x000029af       0xb6 tinyButton/tinyButton.o
                                0x2e7 (size before relaxing)
 .debug_str     0x00002a65      0x1dd tinyLED/tinyLED.o
                                0x8b6 (size before relaxing)
 .debug_str     0x00002c42      0x183 tinyAxon/tinyAxon.o
                                0x3e0 (size before relaxing)
 .debug_str     0x00002dc5      0x15f tinyDendrite/tinyDendrite.o
                                0x39a (size before relaxing)
 .debug_str     0x00002f24       0x44 tinyISR/tinyISR.o
                                0x3ad (size before relaxing)
 .debug_str     0x00002f68       0x79 tinyPotential/tinyPotential.o
                                0x2df (size before relaxing)

.debug_loc      0x00000000     0x12a4
 *(.debug_loc)
 .debug_loc     0x00000000       0x87 src/adc_basic.o
 .debug_loc     0x00000087       0x52 src/clkctrl.o
 .debug_loc     0x000000d9      0x696 src/driver_init.o
 .debug_loc     0x0000076f       0x47 src/usart_basic.o
 .debug_loc     0x000007b6       0x78 tinyCharge/tinyCharge.o
 .debug_loc     0x0000082e       0x93 tinyPulse/tinyPulse.o
 .debug_loc     0x000008c1       0xc3 tinyButton/tinyButton.o
 .debug_loc     0x00000984      0x34a tinyLED/tinyLED.o
 .debug_loc     0x00000cce      0x1c1 tinyAxon/tinyAxon.o
 .debug_loc     0x00000e8f      0x2b8 tinyDendrite/tinyDendrite.o
 .debug_loc     0x00001147       0xec tinyISR/tinyISR.o
 .debug_loc     0x00001233       0x71 tinyPotential/tinyPotential.o

.debug_macinfo
 *(.debug_macinfo)

.debug_weaknames
 *(.debug_weaknames)

.debug_funcnames
 *(.debug_funcnames)

.debug_typenames
 *(.debug_typenames)

.debug_varnames
 *(.debug_varnames)

.debug_pubtypes
 *(.debug_pubtypes)

.debug_ranges   0x00000000      0x330
 *(.debug_ranges)
 .debug_ranges  0x00000000       0x10 atmel_start.o
 .debug_ranges  0x00000010       0x48 src/adc_basic.o
 .debug_ranges  0x00000058       0x10 src/bod.o
 .debug_ranges  0x00000068       0x10 src/ccl.o
 .debug_ranges  0x00000078       0x10 src/clkctrl.o
 .debug_ranges  0x00000088       0x10 src/cpuint.o
 .debug_ranges  0x00000098       0x30 src/dac_basic.o
 .debug_ranges  0x000000c8       0x48 src/driver_init.o
 .debug_ranges  0x00000110       0x10 src/rtc.o
 .debug_ranges  0x00000120       0x10 src/slpctrl.o
 .debug_ranges  0x00000130       0x10 src/spi.o
 .debug_ranges  0x00000140       0x10 src/tca.o
 .debug_ranges  0x00000150       0x68 src/usart_basic.o
 .debug_ranges  0x000001b8       0x28 tinyCharge/tinyCharge.o
 .debug_ranges  0x000001e0       0x30 tinyDebugger/tinyDebugger.o
 .debug_ranges  0x00000210       0x18 tinyPulse/tinyPulse.o
 .debug_ranges  0x00000228       0x18 tinyTime/tinyTime.o
 .debug_ranges  0x00000240       0x10 main.o
 .debug_ranges  0x00000250       0x18 tinyButton/tinyButton.o
 .debug_ranges  0x00000268       0x38 tinyLED/tinyLED.o
 .debug_ranges  0x000002a0       0x40 tinyAxon/tinyAxon.o
 .debug_ranges  0x000002e0       0x20 tinyDendrite/tinyDendrite.o
 .debug_ranges  0x00000300       0x20 tinyISR/tinyISR.o
 .debug_ranges  0x00000320       0x10 tinyPotential/tinyPotential.o

.debug_macro
 *(.debug_macro)
OUTPUT(Building_Brains_V4.elf elf32-avr)
LOAD linker stubs
