Archive member included to satisfy reference by file (symbol)

d:/various_programs/atmel/studio/7.0/toolchain/avr8/avr8-gnu-toolchain/bin/../lib/gcc/avr/5.4.0/../../../../avr/lib/avrxmega3/short-calls\libm.a(addsf3.o)
                              tinyAxon/tinyAxon.o (__subsf3)
d:/various_programs/atmel/studio/7.0/toolchain/avr8/avr8-gnu-toolchain/bin/../lib/gcc/avr/5.4.0/../../../../avr/lib/avrxmega3/short-calls\libm.a(addsf3x.o)
                              d:/various_programs/atmel/studio/7.0/toolchain/avr8/avr8-gnu-toolchain/bin/../lib/gcc/avr/5.4.0/../../../../avr/lib/avrxmega3/short-calls\libm.a(addsf3.o) (__addsf3x)
d:/various_programs/atmel/studio/7.0/toolchain/avr8/avr8-gnu-toolchain/bin/../lib/gcc/avr/5.4.0/../../../../avr/lib/avrxmega3/short-calls\libm.a(cmpsf2.o)
                              Potential_to_RGB/Potential_to_RGB.o (__ltsf2)
d:/various_programs/atmel/studio/7.0/toolchain/avr8/avr8-gnu-toolchain/bin/../lib/gcc/avr/5.4.0/../../../../avr/lib/avrxmega3/short-calls\libm.a(divsf3.o)
                              Potential_to_RGB/Potential_to_RGB.o (__divsf3)
d:/various_programs/atmel/studio/7.0/toolchain/avr8/avr8-gnu-toolchain/bin/../lib/gcc/avr/5.4.0/../../../../avr/lib/avrxmega3/short-calls\libm.a(divsf3x.o)
                              d:/various_programs/atmel/studio/7.0/toolchain/avr8/avr8-gnu-toolchain/bin/../lib/gcc/avr/5.4.0/../../../../avr/lib/avrxmega3/short-calls\libm.a(divsf3.o) (__divsf3x)
d:/various_programs/atmel/studio/7.0/toolchain/avr8/avr8-gnu-toolchain/bin/../lib/gcc/avr/5.4.0/../../../../avr/lib/avrxmega3/short-calls\libm.a(fixsfsi.o)
                              Potential_to_RGB/Potential_to_RGB.o (__fixsfsi)
d:/various_programs/atmel/studio/7.0/toolchain/avr8/avr8-gnu-toolchain/bin/../lib/gcc/avr/5.4.0/../../../../avr/lib/avrxmega3/short-calls\libm.a(fixunssfsi.o)
                              Potential_to_RGB/Potential_to_RGB.o (__fixunssfsi)
d:/various_programs/atmel/studio/7.0/toolchain/avr8/avr8-gnu-toolchain/bin/../lib/gcc/avr/5.4.0/../../../../avr/lib/avrxmega3/short-calls\libm.a(floatsisf.o)
                              tinyButton/tinyButton.o (__floatunsisf)
d:/various_programs/atmel/studio/7.0/toolchain/avr8/avr8-gnu-toolchain/bin/../lib/gcc/avr/5.4.0/../../../../avr/lib/avrxmega3/short-calls\libm.a(fp_cmp.o)
                              d:/various_programs/atmel/studio/7.0/toolchain/avr8/avr8-gnu-toolchain/bin/../lib/gcc/avr/5.4.0/../../../../avr/lib/avrxmega3/short-calls\libm.a(cmpsf2.o) (__fp_cmp)
d:/various_programs/atmel/studio/7.0/toolchain/avr8/avr8-gnu-toolchain/bin/../lib/gcc/avr/5.4.0/../../../../avr/lib/avrxmega3/short-calls\libm.a(fp_inf.o)
                              d:/various_programs/atmel/studio/7.0/toolchain/avr8/avr8-gnu-toolchain/bin/../lib/gcc/avr/5.4.0/../../../../avr/lib/avrxmega3/short-calls\libm.a(addsf3x.o) (__fp_inf)
d:/various_programs/atmel/studio/7.0/toolchain/avr8/avr8-gnu-toolchain/bin/../lib/gcc/avr/5.4.0/../../../../avr/lib/avrxmega3/short-calls\libm.a(fp_nan.o)
                              d:/various_programs/atmel/studio/7.0/toolchain/avr8/avr8-gnu-toolchain/bin/../lib/gcc/avr/5.4.0/../../../../avr/lib/avrxmega3/short-calls\libm.a(addsf3x.o) (__fp_nan)
d:/various_programs/atmel/studio/7.0/toolchain/avr8/avr8-gnu-toolchain/bin/../lib/gcc/avr/5.4.0/../../../../avr/lib/avrxmega3/short-calls\libm.a(fp_pscA.o)
                              d:/various_programs/atmel/studio/7.0/toolchain/avr8/avr8-gnu-toolchain/bin/../lib/gcc/avr/5.4.0/../../../../avr/lib/avrxmega3/short-calls\libm.a(addsf3x.o) (__fp_pscA)
d:/various_programs/atmel/studio/7.0/toolchain/avr8/avr8-gnu-toolchain/bin/../lib/gcc/avr/5.4.0/../../../../avr/lib/avrxmega3/short-calls\libm.a(fp_pscB.o)
                              d:/various_programs/atmel/studio/7.0/toolchain/avr8/avr8-gnu-toolchain/bin/../lib/gcc/avr/5.4.0/../../../../avr/lib/avrxmega3/short-calls\libm.a(addsf3x.o) (__fp_pscB)
d:/various_programs/atmel/studio/7.0/toolchain/avr8/avr8-gnu-toolchain/bin/../lib/gcc/avr/5.4.0/../../../../avr/lib/avrxmega3/short-calls\libm.a(fp_round.o)
                              d:/various_programs/atmel/studio/7.0/toolchain/avr8/avr8-gnu-toolchain/bin/../lib/gcc/avr/5.4.0/../../../../avr/lib/avrxmega3/short-calls\libm.a(addsf3.o) (__fp_round)
d:/various_programs/atmel/studio/7.0/toolchain/avr8/avr8-gnu-toolchain/bin/../lib/gcc/avr/5.4.0/../../../../avr/lib/avrxmega3/short-calls\libm.a(fp_split3.o)
                              d:/various_programs/atmel/studio/7.0/toolchain/avr8/avr8-gnu-toolchain/bin/../lib/gcc/avr/5.4.0/../../../../avr/lib/avrxmega3/short-calls\libm.a(addsf3x.o) (__fp_split3)
d:/various_programs/atmel/studio/7.0/toolchain/avr8/avr8-gnu-toolchain/bin/../lib/gcc/avr/5.4.0/../../../../avr/lib/avrxmega3/short-calls\libm.a(fp_zero.o)
                              d:/various_programs/atmel/studio/7.0/toolchain/avr8/avr8-gnu-toolchain/bin/../lib/gcc/avr/5.4.0/../../../../avr/lib/avrxmega3/short-calls\libm.a(addsf3x.o) (__fp_zero)
[...]
Memory Configuration

Name             Origin             Length             Attributes
text             0x00000000         0x00100000         xr
data             0x00802000         0x0000ffa0         rw !x
eeprom           0x00810000         0x00010000         rw !x
fuse             0x00820000         0x00000009         rw !x
lock             0x00830000         0x00000400         rw !x
signature        0x00840000         0x00000400         rw !x
user_signatures  0x00850000         0x00000400         rw !x
*default*        0x00000000         0xffffffff

Linker script and memory map

Address of section .data set to 0x803e00
                0x00008000                __RODATA_PM_OFFSET__ = 0x8000
LOAD D:/Various_programs/Atmel/Studio/7.0/Packs/Atmel/ATtiny_DFP/1.3.229/gcc/dev/attiny817/avrxmega3/short-calls/crtattiny817.o
LOAD atmel_start.o
LOAD driver_isr.o
LOAD examples/src/adc_basic_example.o
LOAD examples/src/dac_basic_example.o
LOAD examples/src/usart_basic_example.o
LOAD src/adc_basic.o
LOAD src/bod.o
LOAD src/ccl.o
LOAD src/clkctrl.o
LOAD src/cpuint.o
LOAD src/dac_basic.o
LOAD src/driver_init.o
LOAD src/protected_io.o
LOAD src/queue.o
LOAD src/rtc.o
LOAD src/slpctrl.o
LOAD src/spi.o
LOAD src/tca.o
LOAD src/usart_basic.o
LOAD tinyCharge/tinyCharge.o
LOAD tinyDebugger/tinyDebugger.o
LOAD tinyPulse/tinyPulse.o
LOAD tinyTime/tinyTime.o
LOAD main.o
LOAD Potential_to_RGB/Potential_to_RGB.o
LOAD tinyButton/tinyButton.o
LOAD tinyCCLRGB/tinyCCLRGB.o
LOAD tinyAxon/tinyAxon.o
LOAD tinyDendrite/tinyDendrite.o
LOAD tinyISR/tinyISR.o
LOAD tinyPotential/tinyPotential.o
START GROUP
LOAD d:/various_programs/atmel/studio/7.0/toolchain/avr8/avr8-gnu-toolchain/bin/../lib/gcc/avr/5.4.0/../../../../avr/lib/avrxmega3/short-calls\libm.a
END GROUP
START GROUP
LOAD d:/various_programs/atmel/studio/7.0/toolchain/avr8/avr8-gnu-toolchain/bin/../lib/gcc/avr/5.4.0/avrxmega3/short-calls\libgcc.a
LOAD d:/various_programs/atmel/studio/7.0/toolchain/avr8/avr8-gnu-toolchain/bin/../lib/gcc/avr/5.4.0/../../../../avr/lib/avrxmega3/short-calls\libm.a
LOAD d:/various_programs/atmel/studio/7.0/toolchain/avr8/avr8-gnu-toolchain/bin/../lib/gcc/avr/5.4.0/../../../../avr/lib/avrxmega3/short-calls\libc.a
LOAD D:/Various_programs/Atmel/Studio/7.0/Packs/Atmel/ATtiny_DFP/1.3.229/gcc/dev/attiny817/avrxmega3/short-calls\libattiny817.a
END GROUP
                0x00100000                __TEXT_REGION_LENGTH__ = DEFINED (__TEXT_REGION_LENGTH__)?__TEXT_REGION_LENGTH__:0x100000
                0x0000ffa0                __DATA_REGION_LENGTH__ = DEFINED (__DATA_REGION_LENGTH__)?__DATA_REGION_LENGTH__:0xffa0
                0x00010000                __EEPROM_REGION_LENGTH__ = DEFINED (__EEPROM_REGION_LENGTH__)?__EEPROM_REGION_LENGTH__:0x10000
                [0x00000009]                __FUSE_REGION_LENGTH__ = DEFINED (__FUSE_REGION_LENGTH__)?__FUSE_REGION_LENGTH__:0x400
                0x00000400                __LOCK_REGION_LENGTH__ = DEFINED (__LOCK_REGION_LENGTH__)?__LOCK_REGION_LENGTH__:0x400
                0x00000400                __SIGNATURE_REGION_LENGTH__ = DEFINED (__SIGNATURE_REGION_LENGTH__)?__SIGNATURE_REGION_LENGTH__:0x400
                0x00000400                __USER_SIGNATURE_REGION_LENGTH__ = DEFINED (__USER_SIGNATURE_REGION_LENGTH__)?__USER_SIGNATURE_REGION_LENGTH__:0x400
                0x00008000                __RODATA_PM_OFFSET__ = DEFINED (__RODATA_PM_OFFSET__)?__RODATA_PM_OFFSET__:0x8000

.hash
 *(.hash)

.dynsym
 *(.dynsym)

.dynstr
 *(.dynstr)

.gnu.version
 *(.gnu.version)

.gnu.version_d
 *(.gnu.version_d)

.gnu.version_r
 *(.gnu.version_r)

.rel.init
 *(.rel.init)

.rela.init
 *(.rela.init)

.rel.text
 *(.rel.text)
 *(.rel.text.*)
 *(.rel.gnu.linkonce.t*)

.rela.text
 *(.rela.text)
 *(.rela.text.*)
 *(.rela.gnu.linkonce.t*)

.rel.fini
 *(.rel.fini)

.rela.fini
 *(.rela.fini)

.rel.rodata
 *(.rel.rodata)
 *(.rel.rodata.*)
 *(.rel.gnu.linkonce.r*)

.rela.rodata
 *(.rela.rodata)
 *(.rela.rodata.*)
 *(.rela.gnu.linkonce.r*)

.rel.data
 *(.rel.data)
 *(.rel.data.*)
 *(.rel.gnu.linkonce.d*)

.rela.data
 *(.rela.data)
 *(.rela.data.*)
 *(.rela.gnu.linkonce.d*)

.rel.ctors
 *(.rel.ctors)

.rela.ctors
 *(.rela.ctors)

.rel.dtors
 *(.rel.dtors)

.rela.dtors
 *(.rela.dtors)

.rel.got
 *(.rel.got)

.rela.got
 *(.rela.got)

.rel.bss
 *(.rel.bss)

.rela.bss
 *(.rela.bss)

.rel.plt
 *(.rel.plt)

.rela.plt
 *(.rela.plt)

.text           0x00000000     0x1f66
 *(.vectors)
 .vectors       0x00000000       0x34 D:/Various_programs/Atmel/Studio/7.0/Packs/Atmel/ATtiny_DFP/1.3.229/gcc/dev/attiny817/avrxmega3/short-calls/crtattiny817.o
                0x00000000                __vector_default
                0x00000000                __vectors
 *(.vectors)
 *(.progmem.gcc*)
                0x00000034                . = ALIGN (0x2)
                0x00000034                __trampolines_start = .
 *(.trampolines)
 .trampolines   0x00000034        0x0 linker stubs
 *(.trampolines*)
                0x00000034                __trampolines_end = .
 *libprintf_flt.a:*(.progmem.data)
 *libc.a:*(.progmem.data)
 .progmem.data  0x00000034       0xfa d:/various_programs/atmel/studio/7.0/toolchain/avr8/avr8-gnu-toolchain/bin/../lib/gcc/avr/5.4.0/../../../../avr/lib/avrxmega3/short-calls\libc.a(ftoa_engine.o)
 *(.progmem*)
                0x0000012e                . = ALIGN (0x2)
 *(.jumptables)
 *(.jumptables*)
 *(.lowtext)
 *(.lowtext*)
                0x0000012e                __ctors_start = .
 *(.ctors)
                0x0000012e                __ctors_end = .
                0x0000012e                __dtors_start = .
 *(.dtors)
                0x0000012e                __dtors_end = .
 SORT(*)(.ctors)
 SORT(*)(.dtors)
 *(.init0)
 .init0         0x0000012e        0x0 D:/Various_programs/Atmel/Studio/7.0/Packs/Atmel/ATtiny_DFP/1.3.229/gcc/dev/attiny817/avrxmega3/short-calls/crtattiny817.o
                0x0000012e                __init
 *(.init0)
 *(.init1)
 *(.init1)
 *(.init2)
 .init2         0x0000012e        0xc D:/Various_programs/Atmel/Studio/7.0/Packs/Atmel/ATtiny_DFP/1.3.229/gcc/dev/attiny817/avrxmega3/short-calls/crtattiny817.o
 *(.init2)
 *(.init3)
 *(.init3)
 *(.init4)
 .init4         0x0000013a       0x16 d:/various_programs/atmel/studio/7.0/toolchain/avr8/avr8-gnu-toolchain/bin/../lib/gcc/avr/5.4.0/avrxmega3/short-calls\libgcc.a(_copy_data.o)
                0x0000013a                __do_copy_data
 .init4         0x00000150       0x10 d:/various_programs/atmel/studio/7.0/toolchain/avr8/avr8-gnu-toolchain/bin/../lib/gcc/avr/5.4.0/avrxmega3/short-calls\libgcc.a(_clear_bss.o)
                0x00000150                __do_clear_bss
 *(.init4)
 *(.init5)
 *(.init5)
 *(.init6)
 *(.init6)
 *(.init7)
 *(.init7)
 *(.init8)
 *(.init8)
 *(.init9)
 .init9         0x00000160        0x4 D:/Various_programs/Atmel/Studio/7.0/Packs/Atmel/ATtiny_DFP/1.3.229/gcc/dev/attiny817/avrxmega3/short-calls/crtattiny817.o
 *(.init9)
 *(.text)
 .text          0x00000164        0x2 D:/Various_programs/Atmel/Studio/7.0/Packs/Atmel/ATtiny_DFP/1.3.229/gcc/dev/attiny817/avrxmega3/short-calls/crtattiny817.o
                0x00000164                __vector_22
                0x00000164                __vector_1
                0x00000164                __vector_24
                0x00000164                __vector_12
                0x00000164                __bad_interrupt
                0x00000164                __vector_3
                0x00000164                __vector_23
                0x00000164                __vector_25
                0x00000164                __vector_11
                0x00000164                __vector_13
                0x00000164                __vector_17
                0x00000164                __vector_19
                0x00000164                __vector_7
                0x00000164                __vector_5
                0x00000164                __vector_4
                0x00000164                __vector_9
                0x00000164                __vector_2
                0x00000164                __vector_21
                0x00000164                __vector_15
                0x00000164                __vector_8
                0x00000164                __vector_14
                0x00000164                __vector_10
                0x00000164                __vector_16
                0x00000164                __vector_18
                0x00000164                __vector_20
                0x00000166                . = ALIGN (0x2)
 *(.text.*)
 .text.atmel_start_init
                0x00000166        0x4 atmel_start.o
                0x00000166                atmel_start_init
 .text.ADC_init
                0x0000016a        0xa src/adc_basic.o
                0x0000016a                ADC_init
 .text.ADC_is_conversion_done
                0x00000174        0x8 src/adc_basic.o
                0x00000174                ADC_is_conversion_done
 .text.ADC_get_conversion
                0x0000017c       0x22 src/adc_basic.o
                0x0000017c                ADC_get_conversion
 .text.BOD_init
                0x0000019e        0x4 src/bod.o
                0x0000019e                BOD_init
 .text.DIGGSIGG_init
                0x000001a2       0x1c src/ccl.o
                0x000001a2                DIGGSIGG_init
 .text.CLKCTRL_init
                0x000001be       0x18 src/clkctrl.o
                0x000001be                CLKCTRL_init
 .text.CPUINT_init
                0x000001d6        0x6 src/cpuint.o
                0x000001d6                CPUINT_init
 .text.DAC_init
                0x000001dc        0xa src/dac_basic.o
                0x000001dc                DAC_init
 .text.DAC_set_output
                0x000001e6        0x6 src/dac_basic.o
                0x000001e6                DAC_set_output
 .text.mcu_init
                0x000001ec       0x38 src/driver_init.o
                0x000001ec                mcu_init
 .text.ADC_initialization
                0x00000224       0x5e src/driver_init.o
                0x00000224                ADC_initialization
 .text.USART_0_initialization
                0x00000282       0x14 src/driver_init.o
                0x00000282                USART_0_initialization
 .text.TIMER_0_initialization
                0x00000296       0x12 src/driver_init.o
                0x00000296                TIMER_0_initialization
 .text.DIGGSIGG_initialization
                0x000002a8       0x12 src/driver_init.o
                0x000002a8                DIGGSIGG_initialization
 .text.SPI_0_initialization
                0x000002ba       0x1c src/driver_init.o
                0x000002ba                SPI_0_initialization
 .text.DAC_initialization
                0x000002d6       0x16 src/driver_init.o
                0x000002d6                DAC_initialization
 .text.system_init
                0x000002ec       0x36 src/driver_init.o
                0x000002ec                system_init
 .text.protected_write_io
                0x00000322        0x8 src/protected_io.o
                0x00000322                protected_write_io
 .text.enqueue  0x0000032a       0x40 src/queue.o
                0x0000032a                enqueue
 .text.dequeue  0x0000036a       0x78 src/queue.o
                0x0000036a                dequeue
 .text.dequeue_top
                0x000003e2       0x54 src/queue.o
                0x000003e2                dequeue_top
 .text.RTC_init
                0x00000436       0x38 src/rtc.o
                0x00000436                RTC_init
 .text.SLPCTRL_init
                0x0000046e        0x4 src/slpctrl.o
                0x0000046e                SLPCTRL_init
 .text.SPI_0_init
                0x00000472       0x10 src/spi.o
                0x00000472                SPI_0_init
 .text.TIMER_0_init
                0x00000482       0x20 src/tca.o
                0x00000482                TIMER_0_init
 .text.USART_0_init
                0x000004a2       0x20 src/usart_basic.o
                0x000004a2                USART_0_init
 .text.USART_0_write
                0x000004c2       0x10 src/usart_basic.o
                0x000004c2                USART_0_write
 .text.USART_0_printCHAR
                0x000004d2        0x8 src/usart_basic.o
                0x000004d2                USART_0_printCHAR
 .text.tinyCharge_is_charging
                0x000004da        0x4 tinyCharge/tinyCharge.o
                0x000004da                tinyCharge_is_charging
 .text.tinyCharge_set_charging
                0x000004de        0x6 tinyCharge/tinyCharge.o
                0x000004de                tinyCharge_set_charging
 .text.tinyCharge_set_transistors
                0x000004e4       0x10 tinyCharge/tinyCharge.o
                0x000004e4                tinyCharge_set_transistors
 .text.tinyDebugger_send_int
                0x000004f4       0x20 tinyDebugger/tinyDebugger.o
                0x000004f4                tinyDebugger_send_int
 .text.tinyDebugger_send_float
                0x00000514       0x68 tinyDebugger/tinyDebugger.o
                0x00000514                tinyDebugger_send_float
 .text.tinyDebugger_end_line
                0x0000057c        0x8 tinyDebugger/tinyDebugger.o
                0x0000057c                tinyDebugger_end_line
 .text.tinyPulse_toggle_pulse_mode
                0x00000584        0xe tinyPulse/tinyPulse.o
                0x00000584                tinyPulse_toggle_pulse_mode
 .text.tinyPulse_update_potential
                0x00000592       0x6a tinyPulse/tinyPulse.o
                0x00000592                tinyPulse_update_potential
 .text.tinyTime_counter_increment
                0x000005fc       0x28 tinyTime/tinyTime.o
                0x000005fc                tinyTime_counter_increment
 .text.tinyTime_now
                0x00000624       0x12 tinyTime/tinyTime.o
                0x00000624                tinyTime_now
 .text.main     0x00000636       0x2e main.o
                0x00000636                main
 .text.set_LED_fire
                0x00000664       0x2a Potential_to_RGB/Potential_to_RGB.o
                0x00000664                set_LED_fire
 .text.potential_to_RGB_update_LEDs
                0x0000068e      0x116 Potential_to_RGB/Potential_to_RGB.o
                0x0000068e                potential_to_RGB_update_LEDs
 .text.tinyButton_update
                0x000007a4       0x9c tinyButton/tinyButton.o
                0x000007a4                tinyButton_update
 .text.tinyButton_update_potential
                0x00000840       0x14 tinyButton/tinyButton.o
                0x00000840                tinyButton_update_potential
 .text.tinyCCLRGB_SPIWriteByte
                0x00000854       0x28 tinyCCLRGB/tinyCCLRGB.o
 .text.tinyCCLRGB_setColor
                0x0000087c       0x1a tinyCCLRGB/tinyCCLRGB.o
                0x0000087c                tinyCCLRGB_setColor
 .text.tinyCCLRGB_uploadColorsToLeds
                0x00000896       0x2e tinyCCLRGB/tinyCCLRGB.o
                0x00000896                tinyCCLRGB_uploadColorsToLeds
 .text.tinyAxon_remove_pulse
                0x000008c4       0x5a tinyAxon/tinyAxon.o
                0x000008c4                tinyAxon_remove_pulse
 .text.tinyAxon_update_potential
                0x0000091e      0x178 tinyAxon/tinyAxon.o
                0x0000091e                tinyAxon_update_potential
 .text.tinyDendrite_update_signals
                0x00000a96      0x16a tinyDendrite/tinyDendrite.o
                0x00000a96                tinyDendrite_update_signals
 .text.tinyDendrite_get_potential
                0x00000c00       0x56 tinyDendrite/tinyDendrite.o
                0x00000c00                tinyDendrite_get_potential
 .text.tinyDendrite_update_potential
                0x00000c56       0x26 tinyDendrite/tinyDendrite.o
                0x00000c56                tinyDendrite_update_potential
 .text.__vector_6
                0x00000c7c       0x54 tinyISR/tinyISR.o
                0x00000c7c                __vector_6
 .text.tinyISR_setflag
                0x00000cd0        0x6 tinyISR/tinyISR.o
                0x00000cd0                tinyISR_setflag
 .text.tinyISR_getflag
                0x00000cd6        0x6 tinyISR/tinyISR.o
                0x00000cd6                tinyISR_getflag
 .text.tinyPotential_update
                0x00000cdc       0xa6 tinyPotential/tinyPotential.o
                0x00000cdc                tinyPotential_update
 .text.avr-libc.fplib
                0x00000d82        0xe d:/various_programs/atmel/studio/7.0/toolchain/avr8/avr8-gnu-toolchain/bin/../lib/gcc/avr/5.4.0/../../../../avr/lib/avrxmega3/short-calls\libm.a(addsf3.o)
                0x00000d82                __subsf3
                0x00000d84                __addsf3
 .text.avr-libc.fplib
                0x00000d90       0xcc d:/various_programs/atmel/studio/7.0/toolchain/avr8/avr8-gnu-toolchain/bin/../lib/gcc/avr/5.4.0/../../../../avr/lib/avrxmega3/short-calls\libm.a(addsf3x.o)
                0x00000db2                __addsf3x
 .text.avr-libc.fplib
                0x00000e5c        0xa d:/various_programs/atmel/studio/7.0/toolchain/avr8/avr8-gnu-toolchain/bin/../lib/gcc/avr/5.4.0/../../../../avr/lib/avrxmega3/short-calls\libm.a(cmpsf2.o)
                0x00000e5c                __nesf2
                0x00000e5c                __eqsf2
                0x00000e5c                __cmpsf2
                0x00000e5c                __ltsf2
                0x00000e5c                __lesf2
 .text.avr-libc.fplib
                0x00000e66        0x8 d:/various_programs/atmel/studio/7.0/toolchain/avr8/avr8-gnu-toolchain/bin/../lib/gcc/avr/5.4.0/../../../../avr/lib/avrxmega3/short-calls\libm.a(divsf3.o)
                0x00000e66                __divsf3
 .text.avr-libc.fplib
                0x00000e6e       0xdc d:/various_programs/atmel/studio/7.0/toolchain/avr8/avr8-gnu-toolchain/bin/../lib/gcc/avr/5.4.0/../../../../avr/lib/avrxmega3/short-calls\libm.a(divsf3x.o)
                0x00000e8e                __divsf3x
                0x00000e94                __divsf3_pse
 .text.avr-libc.fplib
                0x00000f4a        0xe d:/various_programs/atmel/studio/7.0/toolchain/avr8/avr8-gnu-toolchain/bin/../lib/gcc/avr/5.4.0/../../../../avr/lib/avrxmega3/short-calls\libm.a(fixsfsi.o)
                0x00000f4a                __fixsfsi
 .text.avr-libc.fplib
                0x00000f58       0x5e d:/various_programs/atmel/studio/7.0/toolchain/avr8/avr8-gnu-toolchain/bin/../lib/gcc/avr/5.4.0/../../../../avr/lib/avrxmega3/short-calls\libm.a(fixunssfsi.o)
                0x00000f58                __fixunssfsi
 .text.avr-libc.fplib
                0x00000fb6       0x7a d:/various_programs/atmel/studio/7.0/toolchain/avr8/avr8-gnu-toolchain/bin/../lib/gcc/avr/5.4.0/../../../../avr/lib/avrxmega3/short-calls\libm.a(floatsisf.o)
                0x00000fb6                __floatunsisf
                0x00000fba                __floatsisf
 .text.avr-libc.fplib
                0x00001030       0x48 d:/various_programs/atmel/studio/7.0/toolchain/avr8/avr8-gnu-toolchain/bin/../lib/gcc/avr/5.4.0/../../../../avr/lib/avrxmega3/short-calls\libm.a(fp_cmp.o)
                0x00001030                __fp_cmp
 .text.avr-libc.fplib
                0x00001078        0xc d:/various_programs/atmel/studio/7.0/toolchain/avr8/avr8-gnu-toolchain/bin/../lib/gcc/avr/5.4.0/../../../../avr/lib/avrxmega3/short-calls\libm.a(fp_inf.o)
                0x00001078                __fp_inf
 .text.avr-libc.fplib
                0x00001084        0x6 d:/various_programs/atmel/studio/7.0/toolchain/avr8/avr8-gnu-toolchain/bin/../lib/gcc/avr/5.4.0/../../../../avr/lib/avrxmega3/short-calls\libm.a(fp_nan.o)
                0x00001084                __fp_nan
 .text.avr-libc.fplib
                0x0000108a        0xe d:/various_programs/atmel/studio/7.0/toolchain/avr8/avr8-gnu-toolchain/bin/../lib/gcc/avr/5.4.0/../../../../avr/lib/avrxmega3/short-calls\libm.a(fp_pscA.o)
                0x0000108a                __fp_pscA
 .text.avr-libc.fplib
                0x00001098        0xe d:/various_programs/atmel/studio/7.0/toolchain/avr8/avr8-gnu-toolchain/bin/../lib/gcc/avr/5.4.0/../../../../avr/lib/avrxmega3/short-calls\libm.a(fp_pscB.o)
                0x00001098                __fp_pscB
 .text.avr-libc.fplib
                0x000010a6       0x22 d:/various_programs/atmel/studio/7.0/toolchain/avr8/avr8-gnu-toolchain/bin/../lib/gcc/avr/5.4.0/../../../../avr/lib/avrxmega3/short-calls\libm.a(fp_round.o)
                0x000010a6                __fp_round
 .text.avr-libc.fplib
                0x000010c8       0x44 d:/various_programs/atmel/studio/7.0/toolchain/avr8/avr8-gnu-toolchain/bin/../lib/gcc/avr/5.4.0/../../../../avr/lib/avrxmega3/short-calls\libm.a(fp_split3.o)
                0x000010c8                __fp_split3
                0x000010d8                __fp_splitA
 .text.avr-libc.fplib
                0x0000110c        0xe d:/various_programs/atmel/studio/7.0/toolchain/avr8/avr8-gnu-toolchain/bin/../lib/gcc/avr/5.4.0/../../../../avr/lib/avrxmega3/short-calls\libm.a(fp_zero.o)
                0x0000110c                __fp_zero
                0x0000110e                __fp_szero
 .text.avr-libc.fplib
                0x0000111a        0xa d:/various_programs/atmel/studio/7.0/toolchain/avr8/avr8-gnu-toolchain/bin/../lib/gcc/avr/5.4.0/../../../../avr/lib/avrxmega3/short-calls\libm.a(gesf2.o)
                0x0000111a                __gesf2
                0x0000111a                __gtsf2
 .text.avr-libc.fplib
                0x00001124        0x8 d:/various_programs/atmel/studio/7.0/toolchain/avr8/avr8-gnu-toolchain/bin/../lib/gcc/avr/5.4.0/../../../../avr/lib/avrxmega3/short-calls\libm.a(mulsf3.o)
                0x00001124                __mulsf3
 .text.avr-libc.fplib
                0x0000112c       0xd2 d:/various_programs/atmel/studio/7.0/toolchain/avr8/avr8-gnu-toolchain/bin/../lib/gcc/avr/5.4.0/../../../../avr/lib/avrxmega3/short-calls\libm.a(mulsf3x.o)
                0x0000114a                __mulsf3x
                0x00001150                __mulsf3_pse
 .text.avr-libc.fplib
                0x000011fe       0x48 d:/various_programs/atmel/studio/7.0/toolchain/avr8/avr8-gnu-toolchain/bin/../lib/gcc/avr/5.4.0/../../../../avr/lib/avrxmega3/short-calls\libm.a(round.o)
                0x000011fe                round
 .text.avr-libc.fplib
                0x00001246       0x36 d:/various_programs/atmel/studio/7.0/toolchain/avr8/avr8-gnu-toolchain/bin/../lib/gcc/avr/5.4.0/../../../../avr/lib/avrxmega3/short-calls\libm.a(fp_mintl.o)
                0x00001246                __fp_mintl
 .text.avr-libc.fplib
                0x0000127c       0x1c d:/various_programs/atmel/studio/7.0/toolchain/avr8/avr8-gnu-toolchain/bin/../lib/gcc/avr/5.4.0/../../../../avr/lib/avrxmega3/short-calls\libm.a(fp_mpack.o)
                0x0000127c                __fp_mpack
                0x00001280                __fp_mpack_finite
 .text.avr-libc
                0x00001298       0x3e d:/various_programs/atmel/studio/7.0/toolchain/avr8/avr8-gnu-toolchain/bin/../lib/gcc/avr/5.4.0/../../../../avr/lib/avrxmega3/short-calls\libc.a(dtostrf.o)
                0x00001298                dtostrf
 .text.avr-libc
                0x000012d6      0x242 d:/various_programs/atmel/studio/7.0/toolchain/avr8/avr8-gnu-toolchain/bin/../lib/gcc/avr/5.4.0/../../../../avr/lib/avrxmega3/short-calls\libc.a(malloc.o)
                0x000012d6                malloc
                0x00001406                free
 .text.avr-libc
                0x00001518       0x26 d:/various_programs/atmel/studio/7.0/toolchain/avr8/avr8-gnu-toolchain/bin/../lib/gcc/avr/5.4.0/../../../../avr/lib/avrxmega3/short-calls\libc.a(printf.o)
                0x00001518                printf
 .text.avr-libc
                0x0000153e       0x60 d:/various_programs/atmel/studio/7.0/toolchain/avr8/avr8-gnu-toolchain/bin/../lib/gcc/avr/5.4.0/../../../../avr/lib/avrxmega3/short-calls\libc.a(puts.o)
                0x0000153e                puts
 .text.avr-libc
                0x0000159e      0x3a4 d:/various_programs/atmel/studio/7.0/toolchain/avr8/avr8-gnu-toolchain/bin/../lib/gcc/avr/5.4.0/../../../../avr/lib/avrxmega3/short-calls\libc.a(vfprintf_std.o)
                0x0000159e                vfprintf
 .text.avr-libc
                0x00001942      0x2ae d:/various_programs/atmel/studio/7.0/toolchain/avr8/avr8-gnu-toolchain/bin/../lib/gcc/avr/5.4.0/../../../../avr/lib/avrxmega3/short-calls\libc.a(dtoa_prf.o)
                0x00001942                dtoa_prf
 .text.avr-libc
                0x00001bf0      0x1b0 d:/various_programs/atmel/studio/7.0/toolchain/avr8/avr8-gnu-toolchain/bin/../lib/gcc/avr/5.4.0/../../../../avr/lib/avrxmega3/short-calls\libc.a(ftoa_engine.o)
                0x00001bf0                __ftoa_engine
 .text.avr-libc
                0x00001da0       0x16 d:/various_programs/atmel/studio/7.0/toolchain/avr8/avr8-gnu-toolchain/bin/../lib/gcc/avr/5.4.0/../../../../avr/lib/avrxmega3/short-calls\libc.a(strnlen_P.o)
                0x00001da0                strnlen_P
 .text.avr-libc
                0x00001db6       0x16 d:/various_programs/atmel/studio/7.0/toolchain/avr8/avr8-gnu-toolchain/bin/../lib/gcc/avr/5.4.0/../../../../avr/lib/avrxmega3/short-calls\libc.a(strnlen.o)
                0x00001db6                strnlen
 .text.avr-libc
                0x00001dcc       0x78 d:/various_programs/atmel/studio/7.0/toolchain/avr8/avr8-gnu-toolchain/bin/../lib/gcc/avr/5.4.0/../../../../avr/lib/avrxmega3/short-calls\libc.a(fputc.o)
                0x00001dcc                fputc
 .text.avr-libc
                0x00001e44       0xbc d:/various_programs/atmel/studio/7.0/toolchain/avr8/avr8-gnu-toolchain/bin/../lib/gcc/avr/5.4.0/../../../../avr/lib/avrxmega3/short-calls\libc.a(ultoa_invert.o)
                0x00001e44                __ultoa_invert
 .text.libgcc.prologue
                0x00001f00       0x32 d:/various_programs/atmel/studio/7.0/toolchain/avr8/avr8-gnu-toolchain/bin/../lib/gcc/avr/5.4.0/avrxmega3/short-calls\libgcc.a(_prologue.o)
                0x00001f00                __prologue_saves__
 .text.libgcc.prologue
                0x00001f32       0x30 d:/various_programs/atmel/studio/7.0/toolchain/avr8/avr8-gnu-toolchain/bin/../lib/gcc/avr/5.4.0/avrxmega3/short-calls\libgcc.a(_epilogue.o)
                0x00001f32                __epilogue_restores__
                0x00001f62                . = ALIGN (0x2)
 *(.fini9)
 .fini9         0x00001f62        0x0 d:/various_programs/atmel/studio/7.0/toolchain/avr8/avr8-gnu-toolchain/bin/../lib/gcc/avr/5.4.0/avrxmega3/short-calls\libgcc.a(_exit.o)
                0x00001f62                _exit
                0x00001f62                exit
 *(.fini9)
 *(.fini8)
 *(.fini8)
 *(.fini7)
 *(.fini7)
 *(.fini6)
 *(.fini6)
 *(.fini5)
 *(.fini5)
 *(.fini4)
 *(.fini4)
 *(.fini3)
 *(.fini3)
 *(.fini2)
 *(.fini2)
 *(.fini1)
 *(.fini1)
 *(.fini0)
 .fini0         0x00001f62        0x4 d:/various_programs/atmel/studio/7.0/toolchain/avr8/avr8-gnu-toolchain/bin/../lib/gcc/avr/5.4.0/avrxmega3/short-calls\libgcc.a(_exit.o)
 *(.fini0)
                0x00001f66                _etext = .

.rodata         0x00009f66       0x6d load address 0x00001f66
 *(.rodata)
 *(.rodata*)
 .rodata.str1.1
                0x00009f66       0x10 tinyDebugger/tinyDebugger.o
 .rodata.str1.1
                0x00009f76        0x5 main.o
 .rodata.str1.1
                0x00009f7b       0x1c tinyAxon/tinyAxon.o
 .rodata.str1.1
                0x00009f97       0x32 tinyDendrite/tinyDendrite.o
 .rodata.str1.1
                0x00009fc9        0xa tinyPotential/tinyPotential.o
 *(.gnu.linkonce.r*)

.data           0x00803e00       0x1c load address 0x00001fd3
                0x00803e00                PROVIDE (__data_start, .)
 *(.data)
 .data          0x00803e00        0x6 d:/various_programs/atmel/studio/7.0/toolchain/avr8/avr8-gnu-toolchain/bin/../lib/gcc/avr/5.4.0/../../../../avr/lib/avrxmega3/short-calls\libc.a(malloc.o)
                0x00803e00                __malloc_heap_end
                0x00803e02                __malloc_heap_start
                0x00803e04                __malloc_margin
 *(.data*)
 .data.USART_0_stream
                0x00803e06        0xe src/usart_basic.o
                0x00803e06                USART_0_stream
 .data.ideal_time_between_pulses
                0x00803e14        0x2 tinyPulse/tinyPulse.o
                0x00803e14                ideal_time_between_pulses
 .data.Dendrite_ports
                0x00803e16        0x5 tinyDendrite/tinyDendrite.o
                0x00803e16                Dendrite_ports
 *(.gnu.linkonce.d*)
                0x00803e1c                . = ALIGN (0x2)
 *fill*         0x00803e1b        0x1 
                0x00803e1c                _edata = .
                0x00803e1c                PROVIDE (__data_end, .)

.bss            0x00803e1c       0x55
                0x00803e1c                PROVIDE (__bss_start, .)
 *(.bss)
 *(.bss*)
 .bss.time_since_last_pulse
                0x00803e1c        0x2 tinyPulse/tinyPulse.o
                0x00803e1c                time_since_last_pulse
 .bss.time_of_last_pulse
                0x00803e1e        0x4 tinyPulse/tinyPulse.o
                0x00803e1e                time_of_last_pulse
 .bss.pulse_mode
                0x00803e22        0x1 tinyPulse/tinyPulse.o
                0x00803e22                pulse_mode
 .bss.time_counter
                0x00803e23        0x4 tinyTime/tinyTime.o
 .bss.fire_flash_time_counter
                0x00803e27        0x4 Potential_to_RGB/Potential_to_RGB.o
                0x00803e27                fire_flash_time_counter
 .bss.tinyButton_start_time
                0x00803e2b        0x4 tinyButton/tinyButton.o
 .bss.button_press
                0x00803e2f        0x1 tinyButton/tinyButton.o
                0x00803e2f                button_press
 .bss.button_was_pushed_down
                0x00803e30        0x1 tinyButton/tinyButton.o
 .bss.tinyCCLRGB_colors
                0x00803e31       0x12 tinyCCLRGB/tinyCCLRGB.o
 .bss.axonOutputValue
                0x00803e43        0x1 tinyAxon/tinyAxon.o
                0x00803e43                axonOutputValue
 .bss.pulse_queue
                0x00803e44        0x2 tinyAxon/tinyAxon.o
                0x00803e44                pulse_queue
 .bss.pulses_in_queue
                0x00803e46        0x1 tinyAxon/tinyAxon.o
                0x00803e46                pulses_in_queue
 .bss.tinyAxon_should_fire
                0x00803e47        0x1 tinyAxon/tinyAxon.o
                0x00803e47                tinyAxon_should_fire
 .bss.tinyAxon_has_fired
                0x00803e48        0x1 tinyAxon/tinyAxon.o
                0x00803e48                tinyAxon_has_fired
 .bss.tinyDendrite_previous_signals
                0x00803e49        0x5 tinyDendrite/tinyDendrite.o
                0x00803e49                tinyDendrite_previous_signals
 .bss.tinyDendrite_current_signals
                0x00803e4e        0x5 tinyDendrite/tinyDendrite.o
                0x00803e4e                tinyDendrite_current_signals
 .bss.tinyDendrite_values
                0x00803e53        0xa tinyDendrite/tinyDendrite.o
                0x00803e53                tinyDendrite_values
 .bss.tinyISR_interrupt_flag
                0x00803e5d        0x1 tinyISR/tinyISR.o
 .bss.tinyPotential_potential
                0x00803e5e        0x4 tinyPotential/tinyPotential.o
 *(COMMON)
 COMMON         0x00803e62        0x1 tinyCharge/tinyCharge.o
                0x00803e62                charging
 COMMON         0x00803e63        0x4 tinyAxon/tinyAxon.o
                0x00803e63                next_pulse
 COMMON         0x00803e67        0x4 d:/various_programs/atmel/studio/7.0/toolchain/avr8/avr8-gnu-toolchain/bin/../lib/gcc/avr/5.4.0/../../../../avr/lib/avrxmega3/short-calls\libc.a(malloc.o)
                0x00803e67                __brkval
                0x00803e69                __flp
 COMMON         0x00803e6b        0x6 d:/various_programs/atmel/studio/7.0/toolchain/avr8/avr8-gnu-toolchain/bin/../lib/gcc/avr/5.4.0/../../../../avr/lib/avrxmega3/short-calls\libc.a(iob.o)
                0x00803e6b                __iob
                0x00803e71                PROVIDE (__bss_end, .)
                0x00001fd3                __data_load_start = LOADADDR (.data)
                0x00001fef                __data_load_end = (__data_load_start + SIZEOF (.data))

.noinit         0x00803e71        0x0
                [!provide]                PROVIDE (__noinit_start, .)
 *(.noinit*)
                [!provide]                PROVIDE (__noinit_end, .)
                0x00803e71                _end = .
                0x00803e71                PROVIDE (__heap_start, .)

.eeprom         0x00810000        0x0
 *(.eeprom*)
                0x00810000                __eeprom_end = .

.fuse
 *(.fuse)
 *(.lfuse)
 *(.hfuse)
 *(.efuse)

.lock
 *(.lock*)

.signature
 *(.signature*)

.user_signatures
 *(.user_signatures*)

.stab
 *(.stab)

.stabstr
 *(.stabstr)

.stab.excl
 *(.stab.excl)

.stab.exclstr
 *(.stab.exclstr)

.stab.index
 *(.stab.index)

.stab.indexstr
 *(.stab.indexstr)

.comment        0x00000000       0x5c
 *(.comment)
 .comment       0x00000000       0x30 atmel_start.o
                                 0x31 (size before relaxing)
 .comment       0x00000030       0x31 src/adc_basic.o
 .comment       0x00000030       0x31 src/bod.o
 .comment       0x00000030       0x31 src/ccl.o
 .comment       0x00000030       0x31 src/clkctrl.o
 .comment       0x00000030       0x31 src/cpuint.o
 .comment       0x00000030       0x31 src/dac_basic.o
 .comment       0x00000030       0x31 src/driver_init.o
 .comment       0x00000030       0x31 src/queue.o
 .comment       0x00000030       0x31 src/rtc.o
 .comment       0x00000030       0x31 src/slpctrl.o
 .comment       0x00000030       0x31 src/spi.o
 .comment       0x00000030       0x31 src/tca.o
 .comment       0x00000030       0x31 src/usart_basic.o
 .comment       0x00000030       0x31 tinyCharge/tinyCharge.o
 .comment       0x00000030       0x31 tinyDebugger/tinyDebugger.o
 .comment       0x00000030       0x31 tinyPulse/tinyPulse.o
 .comment       0x00000030       0x31 tinyTime/tinyTime.o
 .comment       0x00000030       0x31 main.o
 .comment       0x00000030       0x31 Potential_to_RGB/Potential_to_RGB.o
 .comment       0x00000030       0x31 tinyButton/tinyButton.o
 .comment       0x00000030       0x31 tinyCCLRGB/tinyCCLRGB.o
 .comment       0x00000030       0x31 tinyAxon/tinyAxon.o
 .comment       0x00000030       0x31 tinyDendrite/tinyDendrite.o
 .comment       0x00000030       0x31 tinyISR/tinyISR.o
 .comment       0x00000030       0x31 tinyPotential/tinyPotential.o
 .comment       0x00000030       0x31 d:/various_programs/atmel/studio/7.0/toolchain/avr8/avr8-gnu-toolchain/bin/../lib/gcc/avr/5.4.0/../../../../avr/lib/avrxmega3/short-calls\libc.a(dtostrf.o)
 .comment       0x00000030       0x31 d:/various_programs/atmel/studio/7.0/toolchain/avr8/avr8-gnu-toolchain/bin/../lib/gcc/avr/5.4.0/../../../../avr/lib/avrxmega3/short-calls\libc.a(malloc.o)
 .comment       0x00000030       0x31 d:/various_programs/atmel/studio/7.0/toolchain/avr8/avr8-gnu-toolchain/bin/../lib/gcc/avr/5.4.0/../../../../avr/lib/avrxmega3/short-calls\libc.a(iob.o)
 .comment       0x00000030       0x31 d:/various_programs/atmel/studio/7.0/toolchain/avr8/avr8-gnu-toolchain/bin/../lib/gcc/avr/5.4.0/../../../../avr/lib/avrxmega3/short-calls\libc.a(printf.o)
 .comment       0x00000030       0x31 d:/various_programs/atmel/studio/7.0/toolchain/avr8/avr8-gnu-toolchain/bin/../lib/gcc/avr/5.4.0/../../../../avr/lib/avrxmega3/short-calls\libc.a(puts.o)
 .comment       0x00000030       0x2c d:/various_programs/atmel/studio/7.0/toolchain/avr8/avr8-gnu-toolchain/bin/../lib/gcc/avr/5.4.0/../../../../avr/lib/avrxmega3/short-calls\libc.a(vfprintf_std.o)
                                 0x2d (size before relaxing)
 .comment       0x0000005c       0x31 d:/various_programs/atmel/studio/7.0/toolchain/avr8/avr8-gnu-toolchain/bin/../lib/gcc/avr/5.4.0/../../../../avr/lib/avrxmega3/short-calls\libc.a(dtoa_prf.o)
 .comment       0x0000005c       0x31 d:/various_programs/atmel/studio/7.0/toolchain/avr8/avr8-gnu-toolchain/bin/../lib/gcc/avr/5.4.0/../../../../avr/lib/avrxmega3/short-calls\libc.a(fputc.o)

.note.gnu.avr.deviceinfo
                0x00000000       0x3c
 .note.gnu.avr.deviceinfo
                0x00000000       0x3c D:/Various_programs/Atmel/Studio/7.0/Packs/Atmel/ATtiny_DFP/1.3.229/gcc/dev/attiny817/avrxmega3/short-calls/crtattiny817.o

.note.gnu.build-id
 *(.note.gnu.build-id)

.debug
 *(.debug)

.line
 *(.line)

.debug_srcinfo
 *(.debug_srcinfo)

.debug_sfnames
 *(.debug_sfnames)

.debug_aranges  0x00000000      0x4d8
 *(.debug_aranges)
 .debug_aranges
                0x00000000       0x20 atmel_start.o
 .debug_aranges
                0x00000020       0x58 src/adc_basic.o
 .debug_aranges
                0x00000078       0x20 src/bod.o
 .debug_aranges
                0x00000098       0x20 src/ccl.o
 .debug_aranges
                0x000000b8       0x20 src/clkctrl.o
 .debug_aranges
                0x000000d8       0x20 src/cpuint.o
 .debug_aranges
                0x000000f8       0x40 src/dac_basic.o
 .debug_aranges
                0x00000138       0x58 src/driver_init.o
 .debug_aranges
                0x00000190       0x20 src/protected_io.o
 .debug_aranges
                0x000001b0       0x30 src/queue.o
 .debug_aranges
                0x000001e0       0x20 src/rtc.o
 .debug_aranges
                0x00000200       0x20 src/slpctrl.o
 .debug_aranges
                0x00000220       0x20 src/spi.o
 .debug_aranges
                0x00000240       0x20 src/tca.o
 .debug_aranges
                0x00000260       0x78 src/usart_basic.o
 .debug_aranges
                0x000002d8       0x30 tinyCharge/tinyCharge.o
 .debug_aranges
                0x00000308       0x38 tinyDebugger/tinyDebugger.o
 .debug_aranges
                0x00000340       0x28 tinyPulse/tinyPulse.o
 .debug_aranges
                0x00000368       0x28 tinyTime/tinyTime.o
 .debug_aranges
                0x00000390       0x20 main.o
 .debug_aranges
                0x000003b0       0x28 Potential_to_RGB/Potential_to_RGB.o
 .debug_aranges
                0x000003d8       0x28 tinyButton/tinyButton.o
 .debug_aranges
                0x00000400       0x30 tinyCCLRGB/tinyCCLRGB.o
 .debug_aranges
                0x00000430       0x28 tinyAxon/tinyAxon.o
 .debug_aranges
                0x00000458       0x30 tinyDendrite/tinyDendrite.o
 .debug_aranges
                0x00000488       0x30 tinyISR/tinyISR.o
 .debug_aranges
                0x000004b8       0x20 tinyPotential/tinyPotential.o

.debug_pubnames
 *(.debug_pubnames)

.debug_info     0x00000000     0x7953
 *(.debug_info .gnu.linkonce.wi.*)
 .debug_info    0x00000000     0x16bc D:/Various_programs/Atmel/Studio/7.0/Packs/Atmel/ATtiny_DFP/1.3.229/gcc/dev/attiny817/avrxmega3/short-calls/crtattiny817.o
 .debug_info    0x000016bc       0x9a atmel_start.o
 .debug_info    0x00001756      0x484 src/adc_basic.o
 .debug_info    0x00001bda       0x8d src/bod.o
 .debug_info    0x00001c67      0x2fd src/ccl.o
 .debug_info    0x00001f64      0x3fe src/clkctrl.o
 .debug_info    0x00002362       0x8d src/cpuint.o
 .debug_info    0x000023ef      0x184 src/dac_basic.o
 .debug_info    0x00002573     0x15ed src/driver_init.o
 .debug_info    0x00003b60       0xb2 src/protected_io.o
 .debug_info    0x00003c12      0x1fd src/queue.o
 .debug_info    0x00003e0f      0x422 src/rtc.o
 .debug_info    0x00004231       0x8d src/slpctrl.o
 .debug_info    0x000042be      0x18f src/spi.o
 .debug_info    0x0000444d      0xa74 src/tca.o
 .debug_info    0x00004ec1      0x47d src/usart_basic.o
 .debug_info    0x0000533e      0x212 tinyCharge/tinyCharge.o
 .debug_info    0x00005550      0x248 tinyDebugger/tinyDebugger.o
 .debug_info    0x00005798      0x130 tinyPulse/tinyPulse.o
 .debug_info    0x000058c8       0xb5 tinyTime/tinyTime.o
 .debug_info    0x0000597d      0x21b main.o
 .debug_info    0x00005b98      0x30e Potential_to_RGB/Potential_to_RGB.o
 .debug_info    0x00005ea6      0x222 tinyButton/tinyButton.o
 .debug_info    0x000060c8      0xc0d tinyCCLRGB/tinyCCLRGB.o
 .debug_info    0x00006cd5      0x3ed tinyAxon/tinyAxon.o
 .debug_info    0x000070c2      0x340 tinyDendrite/tinyDendrite.o
 .debug_info    0x00007402      0x3d8 tinyISR/tinyISR.o
 .debug_info    0x000077da      0x179 tinyPotential/tinyPotential.o

.debug_abbrev   0x00000000     0x30dc
 *(.debug_abbrev)
 .debug_abbrev  0x00000000     0x1582 D:/Various_programs/Atmel/Studio/7.0/Packs/Atmel/ATtiny_DFP/1.3.229/gcc/dev/attiny817/avrxmega3/short-calls/crtattiny817.o
 .debug_abbrev  0x00001582       0x63 atmel_start.o
 .debug_abbrev  0x000015e5      0x1bc src/adc_basic.o
 .debug_abbrev  0x000017a1       0x51 src/bod.o
 .debug_abbrev  0x000017f2       0x9f src/ccl.o
 .debug_abbrev  0x00001891      0x116 src/clkctrl.o
 .debug_abbrev  0x000019a7       0x51 src/cpuint.o
 .debug_abbrev  0x000019f8       0xc2 src/dac_basic.o
 .debug_abbrev  0x00001aba      0x1cf src/driver_init.o
 .debug_abbrev  0x00001c89       0x14 src/protected_io.o
 .debug_abbrev  0x00001c9d      0x115 src/queue.o
 .debug_abbrev  0x00001db2       0xd4 src/rtc.o
 .debug_abbrev  0x00001e86       0x51 src/slpctrl.o
 .debug_abbrev  0x00001ed7       0x9f src/spi.o
 .debug_abbrev  0x00001f76       0xf0 src/tca.o
 .debug_abbrev  0x00002066      0x204 src/usart_basic.o
 .debug_abbrev  0x0000226a      0x157 tinyCharge/tinyCharge.o
 .debug_abbrev  0x000023c1      0x112 tinyDebugger/tinyDebugger.o
 .debug_abbrev  0x000024d3       0xa8 tinyPulse/tinyPulse.o
 .debug_abbrev  0x0000257b       0x7a tinyTime/tinyTime.o
 .debug_abbrev  0x000025f5       0xda main.o
 .debug_abbrev  0x000026cf      0x16f Potential_to_RGB/Potential_to_RGB.o
 .debug_abbrev  0x0000283e      0x16a tinyButton/tinyButton.o
 .debug_abbrev  0x000029a8      0x1d1 tinyCCLRGB/tinyCCLRGB.o
 .debug_abbrev  0x00002b79      0x1bb tinyAxon/tinyAxon.o
 .debug_abbrev  0x00002d34      0x17c tinyDendrite/tinyDendrite.o
 .debug_abbrev  0x00002eb0      0x157 tinyISR/tinyISR.o
 .debug_abbrev  0x00003007       0xd5 tinyPotential/tinyPotential.o

.debug_line     0x00000000     0x280f
 *(.debug_line .debug_line.* .debug_line_end)
 .debug_line    0x00000000      0x136 D:/Various_programs/Atmel/Studio/7.0/Packs/Atmel/ATtiny_DFP/1.3.229/gcc/dev/attiny817/avrxmega3/short-calls/crtattiny817.o
 .debug_line    0x00000136       0x60 atmel_start.o
 .debug_line    0x00000196      0x1fd src/adc_basic.o
 .debug_line    0x00000393       0x9f src/bod.o
 .debug_line    0x00000432      0x11a src/ccl.o
 .debug_line    0x0000054c      0x130 src/clkctrl.o
 .debug_line    0x0000067c       0xa8 src/cpuint.o
 .debug_line    0x00000724      0x17e src/dac_basic.o
 .debug_line    0x000008a2      0x3f8 src/driver_init.o
 .debug_line    0x00000c9a       0x55 src/protected_io.o
 .debug_line    0x00000cef      0x179 src/queue.o
 .debug_line    0x00000e68      0x13c src/rtc.o
 .debug_line    0x00000fa4       0xa3 src/slpctrl.o
 .debug_line    0x00001047      0x108 src/spi.o
 .debug_line    0x0000114f      0x114 src/tca.o
 .debug_line    0x00001263      0x266 src/usart_basic.o
 .debug_line    0x000014c9      0x170 tinyCharge/tinyCharge.o
 .debug_line    0x00001639      0x130 tinyDebugger/tinyDebugger.o
 .debug_line    0x00001769       0xf9 tinyPulse/tinyPulse.o
 .debug_line    0x00001862       0xc5 tinyTime/tinyTime.o
 .debug_line    0x00001927      0x22f main.o
 .debug_line    0x00001b56      0x18e Potential_to_RGB/Potential_to_RGB.o
 .debug_line    0x00001ce4      0x1f3 tinyButton/tinyButton.o
 .debug_line    0x00001ed7      0x1a4 tinyCCLRGB/tinyCCLRGB.o
 .debug_line    0x0000207b      0x220 tinyAxon/tinyAxon.o
 .debug_line    0x0000229b      0x279 tinyDendrite/tinyDendrite.o
 .debug_line    0x00002514      0x15c tinyISR/tinyISR.o
 .debug_line    0x00002670      0x19f tinyPotential/tinyPotential.o

.debug_frame    0x00000000      0x8fc
 *(.debug_frame)
 .debug_frame   0x00000000       0x24 atmel_start.o
 .debug_frame   0x00000024       0x94 src/adc_basic.o
 .debug_frame   0x000000b8       0x24 src/bod.o
 .debug_frame   0x000000dc       0x24 src/ccl.o
 .debug_frame   0x00000100       0x24 src/clkctrl.o
 .debug_frame   0x00000124       0x24 src/cpuint.o
 .debug_frame   0x00000148       0x64 src/dac_basic.o
 .debug_frame   0x000001ac       0x94 src/driver_init.o
 .debug_frame   0x00000240       0xb4 src/queue.o
 .debug_frame   0x000002f4       0x24 src/rtc.o
 .debug_frame   0x00000318       0x24 src/slpctrl.o
 .debug_frame   0x0000033c       0x24 src/spi.o
 .debug_frame   0x00000360       0x24 src/tca.o
 .debug_frame   0x00000384       0xd4 src/usart_basic.o
 .debug_frame   0x00000458       0x44 tinyCharge/tinyCharge.o
 .debug_frame   0x0000049c       0xb4 tinyDebugger/tinyDebugger.o
 .debug_frame   0x00000550       0x48 tinyPulse/tinyPulse.o
 .debug_frame   0x00000598       0x34 tinyTime/tinyTime.o
 .debug_frame   0x000005cc       0x24 main.o
 .debug_frame   0x000005f0       0x74 Potential_to_RGB/Potential_to_RGB.o
 .debug_frame   0x00000664       0x48 tinyButton/tinyButton.o
 .debug_frame   0x000006ac       0x58 tinyCCLRGB/tinyCCLRGB.o
 .debug_frame   0x00000704       0x90 tinyAxon/tinyAxon.o
 .debug_frame   0x00000794       0xb4 tinyDendrite/tinyDendrite.o
 .debug_frame   0x00000848       0x90 tinyISR/tinyISR.o
 .debug_frame   0x000008d8       0x24 tinyPotential/tinyPotential.o

.debug_str      0x00000000     0x2fa8
 *(.debug_str)
 .debug_str     0x00000000      0x9a7 D:/Various_programs/Atmel/Studio/7.0/Packs/Atmel/ATtiny_DFP/1.3.229/gcc/dev/attiny817/avrxmega3/short-calls/crtattiny817.o
 .debug_str     0x000009a7      0x1a0 atmel_start.o
                                0x1d4 (size before relaxing)
 .debug_str     0x00000b47      0x331 src/adc_basic.o
                                0x507 (size before relaxing)
 .debug_str     0x00000e78       0x16 src/bod.o
                                0x1c1 (size before relaxing)
 .debug_str     0x00000e8e      0x41c src/ccl.o
                                0x5fd (size before relaxing)
 .debug_str     0x000012aa      0x317 src/clkctrl.o
                                0x536 (size before relaxing)
 .debug_str     0x000015c1       0x1c src/cpuint.o
                                0x1c7 (size before relaxing)
 .debug_str     0x000015dd       0x7c src/dac_basic.o
                                0x26c (size before relaxing)
 .debug_str     0x00001659      0x5ec src/driver_init.o
                                0x938 (size before relaxing)
 .debug_str     0x00001c45       0x7e src/queue.o
                                0x223 (size before relaxing)
 .debug_str     0x00001cc3      0x351 src/rtc.o
                                0x61e (size before relaxing)
 .debug_str     0x00002014       0x11 src/slpctrl.o
                                0x1c9 (size before relaxing)
 .debug_str     0x00002025       0xbf src/spi.o
                                0x2d5 (size before relaxing)
 .debug_str     0x000020e4      0x36b src/tca.o
                                0x6c5 (size before relaxing)
 .debug_str     0x0000244f      0x1da src/usart_basic.o
                                0x417 (size before relaxing)
 .debug_str     0x00002629       0x75 tinyCharge/tinyCharge.o
                                0x294 (size before relaxing)
 .debug_str     0x0000269e       0xc8 tinyDebugger/tinyDebugger.o
                                0x28a (size before relaxing)
 .debug_str     0x00002766       0xa0 tinyPulse/tinyPulse.o
                                0x26f (size before relaxing)
 .debug_str     0x00002806       0x32 tinyTime/tinyTime.o
                                0x1f9 (size before relaxing)
 .debug_str     0x00002838      0x111 main.o
                                0x351 (size before relaxing)
 .debug_str     0x00002949       0xe4 Potential_to_RGB/Potential_to_RGB.o
                                0x2bd (size before relaxing)
 .debug_str     0x00002a2d       0xb0 tinyButton/tinyButton.o
                                0x2e7 (size before relaxing)
 .debug_str     0x00002add      0x14b tinyCCLRGB/tinyCCLRGB.o
                                0x783 (size before relaxing)
 .debug_str     0x00002c28      0x179 tinyAxon/tinyAxon.o
                                0x3b1 (size before relaxing)
 .debug_str     0x00002da1      0x15f tinyDendrite/tinyDendrite.o
                                0x395 (size before relaxing)
 .debug_str     0x00002f00       0x44 tinyISR/tinyISR.o
                                0x3ad (size before relaxing)
 .debug_str     0x00002f44       0x64 tinyPotential/tinyPotential.o
                                0x2d0 (size before relaxing)

.debug_loc      0x00000000     0x176e
 *(.debug_loc)
 .debug_loc     0x00000000       0x87 src/adc_basic.o
 .debug_loc     0x00000087       0x52 src/clkctrl.o
 .debug_loc     0x000000d9      0x696 src/driver_init.o
 .debug_loc     0x0000076f      0x395 src/queue.o
 .debug_loc     0x00000b04       0x47 src/usart_basic.o
 .debug_loc     0x00000b4b       0x64 tinyCharge/tinyCharge.o
 .debug_loc     0x00000baf      0x277 tinyDebugger/tinyDebugger.o
 .debug_loc     0x00000e26       0x93 tinyPulse/tinyPulse.o
 .debug_loc     0x00000eb9      0x15a Potential_to_RGB/Potential_to_RGB.o
 .debug_loc     0x00001013       0xc3 tinyButton/tinyButton.o
 .debug_loc     0x000010d6       0xac tinyCCLRGB/tinyCCLRGB.o
 .debug_loc     0x00001182      0x223 tinyAxon/tinyAxon.o
 .debug_loc     0x000013a5      0x2dd tinyDendrite/tinyDendrite.o
 .debug_loc     0x00001682       0xec tinyISR/tinyISR.o

.debug_macinfo
 *(.debug_macinfo)

.debug_weaknames
 *(.debug_weaknames)

.debug_funcnames
 *(.debug_funcnames)

.debug_typenames
 *(.debug_typenames)

.debug_varnames
 *(.debug_varnames)

.debug_pubtypes
 *(.debug_pubtypes)

.debug_ranges   0x00000000      0x318
 *(.debug_ranges)
 .debug_ranges  0x00000000       0x10 atmel_start.o
 .debug_ranges  0x00000010       0x48 src/adc_basic.o
 .debug_ranges  0x00000058       0x10 src/bod.o
 .debug_ranges  0x00000068       0x10 src/ccl.o
 .debug_ranges  0x00000078       0x10 src/clkctrl.o
 .debug_ranges  0x00000088       0x10 src/cpuint.o
 .debug_ranges  0x00000098       0x30 src/dac_basic.o
 .debug_ranges  0x000000c8       0x48 src/driver_init.o
 .debug_ranges  0x00000110       0x20 src/queue.o
 .debug_ranges  0x00000130       0x10 src/rtc.o
 .debug_ranges  0x00000140       0x10 src/slpctrl.o
 .debug_ranges  0x00000150       0x10 src/spi.o
 .debug_ranges  0x00000160       0x10 src/tca.o
 .debug_ranges  0x00000170       0x68 src/usart_basic.o
 .debug_ranges  0x000001d8       0x20 tinyCharge/tinyCharge.o
 .debug_ranges  0x000001f8       0x28 tinyDebugger/tinyDebugger.o
 .debug_ranges  0x00000220       0x18 tinyPulse/tinyPulse.o
 .debug_ranges  0x00000238       0x18 tinyTime/tinyTime.o
 .debug_ranges  0x00000250       0x10 main.o
 .debug_ranges  0x00000260       0x18 Potential_to_RGB/Potential_to_RGB.o
 .debug_ranges  0x00000278       0x18 tinyButton/tinyButton.o
 .debug_ranges  0x00000290       0x20 tinyCCLRGB/tinyCCLRGB.o
 .debug_ranges  0x000002b0       0x18 tinyAxon/tinyAxon.o
 .debug_ranges  0x000002c8       0x20 tinyDendrite/tinyDendrite.o
 .debug_ranges  0x000002e8       0x20 tinyISR/tinyISR.o
 .debug_ranges  0x00000308       0x10 tinyPotential/tinyPotential.o

.debug_macro
 *(.debug_macro)
OUTPUT(Building_Brains_V4.elf elf32-avr)
LOAD linker stubs
