Archive member included to satisfy reference by file (symbol)

d:/various_programs/atmel/studio/7.0/toolchain/avr8/avr8-gnu-toolchain/bin/../lib/gcc/avr/5.4.0/../../../../avr/lib/avrxmega3/short-calls\libm.a(addsf3.o)
                              tinyAxon/tinyAxon.o (__subsf3)
d:/various_programs/atmel/studio/7.0/toolchain/avr8/avr8-gnu-toolchain/bin/../lib/gcc/avr/5.4.0/../../../../avr/lib/avrxmega3/short-calls\libm.a(addsf3x.o)
                              d:/various_programs/atmel/studio/7.0/toolchain/avr8/avr8-gnu-toolchain/bin/../lib/gcc/avr/5.4.0/../../../../avr/lib/avrxmega3/short-calls\libm.a(addsf3.o) (__addsf3x)
d:/various_programs/atmel/studio/7.0/toolchain/avr8/avr8-gnu-toolchain/bin/../lib/gcc/avr/5.4.0/../../../../avr/lib/avrxmega3/short-calls\libm.a(cmpsf2.o)
                              Potential_to_RGB/Potential_to_RGB.o (__ltsf2)
d:/various_programs/atmel/studio/7.0/toolchain/avr8/avr8-gnu-toolchain/bin/../lib/gcc/avr/5.4.0/../../../../avr/lib/avrxmega3/short-calls\libm.a(divsf3.o)
                              Potential_to_RGB/Potential_to_RGB.o (__divsf3)
d:/various_programs/atmel/studio/7.0/toolchain/avr8/avr8-gnu-toolchain/bin/../lib/gcc/avr/5.4.0/../../../../avr/lib/avrxmega3/short-calls\libm.a(divsf3x.o)
                              d:/various_programs/atmel/studio/7.0/toolchain/avr8/avr8-gnu-toolchain/bin/../lib/gcc/avr/5.4.0/../../../../avr/lib/avrxmega3/short-calls\libm.a(divsf3.o) (__divsf3x)
d:/various_programs/atmel/studio/7.0/toolchain/avr8/avr8-gnu-toolchain/bin/../lib/gcc/avr/5.4.0/../../../../avr/lib/avrxmega3/short-calls\libm.a(exp.o)
                              tinyPotential/tinyPotential.o (exp)
d:/various_programs/atmel/studio/7.0/toolchain/avr8/avr8-gnu-toolchain/bin/../lib/gcc/avr/5.4.0/../../../../avr/lib/avrxmega3/short-calls\libm.a(fixsfsi.o)
                              Potential_to_RGB/Potential_to_RGB.o (__fixsfsi)
d:/various_programs/atmel/studio/7.0/toolchain/avr8/avr8-gnu-toolchain/bin/../lib/gcc/avr/5.4.0/../../../../avr/lib/avrxmega3/short-calls\libm.a(fixunssfsi.o)
                              Potential_to_RGB/Potential_to_RGB.o (__fixunssfsi)
d:/various_programs/atmel/studio/7.0/toolchain/avr8/avr8-gnu-toolchain/bin/../lib/gcc/avr/5.4.0/../../../../avr/lib/avrxmega3/short-calls\libm.a(floatsisf.o)
                              main.o (__floatunsisf)
d:/various_programs/atmel/studio/7.0/toolchain/avr8/avr8-gnu-toolchain/bin/../lib/gcc/avr/5.4.0/../../../../avr/lib/avrxmega3/short-calls\libm.a(fp_cmp.o)
                              d:/various_programs/atmel/studio/7.0/toolchain/avr8/avr8-gnu-toolchain/bin/../lib/gcc/avr/5.4.0/../../../../avr/lib/avrxmega3/short-calls\libm.a(cmpsf2.o) (__fp_cmp)
d:/various_programs/atmel/studio/7.0/toolchain/avr8/avr8-gnu-toolchain/bin/../lib/gcc/avr/5.4.0/../../../../avr/lib/avrxmega3/short-calls\libm.a(fp_inf.o)
                              d:/various_programs/atmel/studio/7.0/toolchain/avr8/avr8-gnu-toolchain/bin/../lib/gcc/avr/5.4.0/../../../../avr/lib/avrxmega3/short-calls\libm.a(addsf3x.o) (__fp_inf)
d:/various_programs/atmel/studio/7.0/toolchain/avr8/avr8-gnu-toolchain/bin/../lib/gcc/avr/5.4.0/../../../../avr/lib/avrxmega3/short-calls\libm.a(fp_nan.o)
                              d:/various_programs/atmel/studio/7.0/toolchain/avr8/avr8-gnu-toolchain/bin/../lib/gcc/avr/5.4.0/../../../../avr/lib/avrxmega3/short-calls\libm.a(addsf3x.o) (__fp_nan)
d:/various_programs/atmel/studio/7.0/toolchain/avr8/avr8-gnu-toolchain/bin/../lib/gcc/avr/5.4.0/../../../../avr/lib/avrxmega3/short-calls\libm.a(fp_powser.o)
                              d:/various_programs/atmel/studio/7.0/toolchain/avr8/avr8-gnu-toolchain/bin/../lib/gcc/avr/5.4.0/../../../../avr/lib/avrxmega3/short-calls\libm.a(exp.o) (__fp_powser)
d:/various_programs/atmel/studio/7.0/toolchain/avr8/avr8-gnu-toolchain/bin/../lib/gcc/avr/5.4.0/../../../../avr/lib/avrxmega3/short-calls\libm.a(fp_pscA.o)
                              d:/various_programs/atmel/studio/7.0/toolchain/avr8/avr8-gnu-toolchain/bin/../lib/gcc/avr/5.4.0/../../../../avr/lib/avrxmega3/short-calls\libm.a(addsf3x.o) (__fp_pscA)
d:/various_programs/atmel/studio/7.0/toolchain/avr8/avr8-gnu-toolchain/bin/../lib/gcc/avr/5.4.0/../../../../avr/lib/avrxmega3/short-calls\libm.a(fp_pscB.o)
                              d:/various_programs/atmel/studio/7.0/toolchain/avr8/avr8-gnu-toolchain/bin/../lib/gcc/avr/5.4.0/../../../../avr/lib/avrxmega3/short-calls\libm.a(addsf3x.o) (__fp_pscB)
d:/various_programs/atmel/studio/7.0/toolchain/avr8/avr8-gnu-toolchain/bin/../lib/gcc/avr/5.4.0/../../../../avr/lib/avrxmega3/short-calls\libm.a(fp_round.o)
                              d:/various_programs/atmel/studio/7.0/toolchain/avr8/avr8-gnu-toolchain/bin/../lib/gcc/avr/5.4.0/../../../../avr/lib/avrxmega3/short-calls\libm.a(addsf3.o) (__fp_round)
d:/various_programs/atmel/studio/7.0/toolchain/avr8/avr8-gnu-toolchain/bin/../lib/gcc/avr/5.4.0/../../../../avr/lib/avrxmega3/short-calls\libm.a(fp_split3.o)
                              d:/various_programs/atmel/studio/7.0/toolchain/avr8/avr8-gnu-toolchain/bin/../lib/gcc/avr/5.4.0/../../../../avr/lib/avrxmega3/short-calls\libm.a(addsf3x.o) (__fp_split3)
d:/various_programs/atmel/studio/7.0/toolchain/avr8/avr8-gnu-toolchain/bin/../lib/gcc/avr/5.4.0/../../../../avr/lib/avrxmega3/short-calls\libm.a(fp_zero.o)
                              d:/various_programs/atmel/studio/7.0/toolchain/avr8/avr8-gnu-toolchain/bin/../lib/gcc/avr/5.4.0/../../../../avr/lib/avrxmega3/short-calls\libm.a(addsf3x.o) (__fp_zero)
d:/various_programs/atmel/studio/7.0/toolchain/avr8/avr8-gnu-toolchain/bin/../lib/gcc/avr/5.4.0/../../../../avr/lib/avrxmega3/short-calls\libm.a(gesf2.o)
                              tinyAxon/tinyAxon.o (__gtsf2)
d:/various_programs/atmel/studio/7.0/toolchain/avr8/avr8-gnu-toolchain/bin/../lib/gcc/avr/5.4.0/../../../../avr/lib/avrxmega3/short-calls\libm.a(inverse.o)
                              d:/various_programs/atmel/studio/7.0/toolchain/avr8/avr8-gnu-toolchain/bin/../lib/gcc/avr/5.4.0/../../../../avr/lib/avrxmega3/short-calls\libm.a(exp.o) (inverse)
d:/various_programs/atmel/studio/7.0/toolchain/avr8/avr8-gnu-toolchain/bin/../lib/gcc/avr/5.4.0/../../../../avr/lib/avrxmega3/short-calls\libm.a(ldexp.o)
                              d:/various_programs/atmel/studio/7.0/toolchain/avr8/avr8-gnu-toolchain/bin/../lib/gcc/avr/5.4.0/../../../../avr/lib/avrxmega3/short-calls\libm.a(exp.o) (ldexp)
d:/various_programs/atmel/studio/7.0/toolchain/avr8/avr8-gnu-toolchain/bin/../lib/gcc/avr/5.4.0/../../../../avr/lib/avrxmega3/short-calls\libm.a(modf.o)
                              d:/various_programs/atmel/studio/7.0/toolchain/avr8/avr8-gnu-toolchain/bin/../lib/gcc/avr/5.4.0/../../../../avr/lib/avrxmega3/short-calls\libm.a(exp.o) (modf)
d:/various_programs/atmel/studio/7.0/toolchain/avr8/avr8-gnu-toolchain/bin/../lib/gcc/avr/5.4.0/../../../../avr/lib/avrxmega3/short-calls\libm.a(mulsf3.o)
                              Potential_to_RGB/Potential_to_RGB.o (__mulsf3)
d:/various_programs/atmel/studio/7.0/toolchain/avr8/avr8-gnu-toolchain/bin/../lib/gcc/avr/5.4.0/../../../../avr/lib/avrxmega3/short-calls\libm.a(mulsf3x.o)
                              d:/various_programs/atmel/studio/7.0/toolchain/avr8/avr8-gnu-toolchain/bin/../lib/gcc/avr/5.4.0/../../../../avr/lib/avrxmega3/short-calls\libm.a(fp_powser.o) (__mulsf3x)
d:/various_programs/atmel/studio/7.0/toolchain/avr8/avr8-gnu-toolchain/bin/../lib/gcc/avr/5.4.0/../../../../avr/lib/avrxmega3/short-calls\libm.a(round.o)
                              Potential_to_RGB/Potential_to_RGB.o (round)
d:/various_programs/atmel/studio/7.0/toolchain/avr8/avr8-gnu-toolchain/bin/../lib/gcc/avr/5.4.0/../../../../avr/lib/avrxmega3/short-calls\libm.a(fp_mintl.o)
                              d:/various_programs/atmel/studio/7.0/toolchain/avr8/avr8-gnu-toolchain/bin/../lib/gcc/avr/5.4.0/../../../../avr/lib/avrxmega3/short-calls\libm.a(round.o) (__fp_mintl)
d:/various_programs/atmel/studio/7.0/toolchain/avr8/avr8-gnu-toolchain/bin/../lib/gcc/avr/5.4.0/../../../../avr/lib/avrxmega3/short-calls\libm.a(fp_mpack.o)
                              d:/various_programs/atmel/studio/7.0/toolchain/avr8/avr8-gnu-toolchain/bin/../lib/gcc/avr/5.4.0/../../../../avr/lib/avrxmega3/short-calls\libm.a(ldexp.o) (__fp_mpack)
d:/various_programs/atmel/studio/7.0/toolchain/avr8/avr8-gnu-toolchain/bin/../lib/gcc/avr/5.4.0/avrxmega3/short-calls\libgcc.a(_exit.o)
                              D:/Various_programs/Atmel/Studio/7.0/Packs/Atmel/ATtiny_DFP/1.3.229/gcc/dev/attiny817/avrxmega3/short-calls/crtattiny817.o (exit)
d:/various_programs/atmel/studio/7.0/toolchain/avr8/avr8-gnu-toolchain/bin/../lib/gcc/avr/5.4.0/avrxmega3/short-calls\libgcc.a(_copy_data.o)
                              tinyPulse/tinyPulse.o (__do_copy_data)
d:/various_programs/atmel/studio/7.0/toolchain/avr8/avr8-gnu-toolchain/bin/../lib/gcc/avr/5.4.0/avrxmega3/short-calls\libgcc.a(_clear_bss.o)
                              examples/src/adc_basic_example.o (__do_clear_bss)
d:/various_programs/atmel/studio/7.0/toolchain/avr8/avr8-gnu-toolchain/bin/../lib/gcc/avr/5.4.0/../../../../avr/lib/avrxmega3/short-calls\libc.a(malloc.o)
                              src/queue.o (malloc)

Allocating common symbols
Common symbol       size              file

next_pulse          0x4               tinyAxon/tinyAxon.o
__brkval            0x2               d:/various_programs/atmel/studio/7.0/toolchain/avr8/avr8-gnu-toolchain/bin/../lib/gcc/avr/5.4.0/../../../../avr/lib/avrxmega3/short-calls\libc.a(malloc.o)
ADC_measurement     0x2               examples/src/adc_basic_example.o
__flp               0x2               d:/various_programs/atmel/studio/7.0/toolchain/avr8/avr8-gnu-toolchain/bin/../lib/gcc/avr/5.4.0/../../../../avr/lib/avrxmega3/short-calls\libc.a(malloc.o)
ADC_measurement_normalized
                    0x1               examples/src/adc_basic_example.o

Discarded input sections

 .data          0x00000000        0x0 D:/Various_programs/Atmel/Studio/7.0/Packs/Atmel/ATtiny_DFP/1.3.229/gcc/dev/attiny817/avrxmega3/short-calls/crtattiny817.o
 .bss           0x00000000        0x0 D:/Various_programs/Atmel/Studio/7.0/Packs/Atmel/ATtiny_DFP/1.3.229/gcc/dev/attiny817/avrxmega3/short-calls/crtattiny817.o
 .text          0x00000000        0x0 atmel_start.o
 .data          0x00000000        0x0 atmel_start.o
 .bss           0x00000000        0x0 atmel_start.o
 .text          0x00000000        0x0 examples/src/adc_basic_example.o
 .data          0x00000000        0x0 examples/src/adc_basic_example.o
 .bss           0x00000000        0x0 examples/src/adc_basic_example.o
 .text.ADC_test_adc_basic
                0x00000000       0x32 examples/src/adc_basic_example.o
 .debug_info    0x00000000      0x10d examples/src/adc_basic_example.o
 .debug_abbrev  0x00000000       0xa3 examples/src/adc_basic_example.o
 .debug_loc     0x00000000       0x2f examples/src/adc_basic_example.o
 .debug_aranges
                0x00000000       0x20 examples/src/adc_basic_example.o
 .debug_ranges  0x00000000       0x10 examples/src/adc_basic_example.o
 .debug_line    0x00000000       0xdc examples/src/adc_basic_example.o
 .debug_str     0x00000000      0x24a examples/src/adc_basic_example.o
 .comment       0x00000000       0x31 examples/src/adc_basic_example.o
 .debug_frame   0x00000000       0x30 examples/src/adc_basic_example.o
 COMMON         0x00000000        0x3 examples/src/adc_basic_example.o
 .text          0x00000000        0x0 examples/src/dac_basic_example.o
 .data          0x00000000        0x0 examples/src/dac_basic_example.o
 .bss           0x00000000        0x0 examples/src/dac_basic_example.o
 .text.DAC_test_dac_basic
                0x00000000        0xc examples/src/dac_basic_example.o
 .debug_info    0x00000000       0xbf examples/src/dac_basic_example.o
 .debug_abbrev  0x00000000       0x72 examples/src/dac_basic_example.o
 .debug_aranges
                0x00000000       0x20 examples/src/dac_basic_example.o
 .debug_ranges  0x00000000       0x10 examples/src/dac_basic_example.o
 .debug_line    0x00000000       0xd6 examples/src/dac_basic_example.o
 .debug_str     0x00000000      0x205 examples/src/dac_basic_example.o
 .comment       0x00000000       0x31 examples/src/dac_basic_example.o
 .debug_frame   0x00000000       0x24 examples/src/dac_basic_example.o
 .text          0x00000000        0x0 src/adc_basic.o
 .data          0x00000000        0x0 src/adc_basic.o
 .bss           0x00000000        0x0 src/adc_basic.o
 .text.ADC_enable
                0x00000000        0xc src/adc_basic.o
 .text.ADC_disable
                0x00000000        0xc src/adc_basic.o
 .text.ADC_start_conversion
                0x00000000        0xc src/adc_basic.o
 .text.ADC_get_conversion_result
                0x00000000        0xa src/adc_basic.o
 .text.ADC_get_resolution
                0x00000000       0x10 src/adc_basic.o
 .text          0x00000000        0x0 src/bod.o
 .data          0x00000000        0x0 src/bod.o
 .bss           0x00000000        0x0 src/bod.o
 .text          0x00000000        0x0 src/ccl.o
 .data          0x00000000        0x0 src/ccl.o
 .bss           0x00000000        0x0 src/ccl.o
 .text          0x00000000        0x0 src/clkctrl.o
 .data          0x00000000        0x0 src/clkctrl.o
 .bss           0x00000000        0x0 src/clkctrl.o
 .text          0x00000000        0x0 src/cpuint.o
 .data          0x00000000        0x0 src/cpuint.o
 .bss           0x00000000        0x0 src/cpuint.o
 .text          0x00000000        0x0 src/dac_basic.o
 .data          0x00000000        0x0 src/dac_basic.o
 .bss           0x00000000        0x0 src/dac_basic.o
 .text.DAC_enable
                0x00000000        0xc src/dac_basic.o
 .text.DAC_disable
                0x00000000        0xc src/dac_basic.o
 .text.DAC_get_resolution
                0x00000000        0x4 src/dac_basic.o
 .text          0x00000000        0x0 src/driver_init.o
 .data          0x00000000        0x0 src/driver_init.o
 .bss           0x00000000        0x0 src/driver_init.o
 .text.DAC_initialization
                0x00000000        0x4 src/driver_init.o
 .text          0x00000000        0x0 src/protected_io.o
 .data          0x00000000        0x0 src/protected_io.o
 .bss           0x00000000        0x0 src/protected_io.o
 .text          0x00000000        0x0 src/queue.o
 .data          0x00000000        0x0 src/queue.o
 .bss           0x00000000        0x0 src/queue.o
 .text          0x00000000        0x0 src/rtc.o
 .data          0x00000000        0x0 src/rtc.o
 .bss           0x00000000        0x0 src/rtc.o
 .text          0x00000000        0x0 src/slpctrl.o
 .data          0x00000000        0x0 src/slpctrl.o
 .bss           0x00000000        0x0 src/slpctrl.o
 .text          0x00000000        0x0 src/spi.o
 .data          0x00000000        0x0 src/spi.o
 .bss           0x00000000        0x0 src/spi.o
 .text          0x00000000        0x0 src/tca.o
 .data          0x00000000        0x0 src/tca.o
 .bss           0x00000000        0x0 src/tca.o
 .text          0x00000000        0x0 tinyPulse/tinyPulse.o
 .data          0x00000000        0x0 tinyPulse/tinyPulse.o
 .bss           0x00000000        0x0 tinyPulse/tinyPulse.o
 .text          0x00000000        0x0 tinyTime/tinyTime.o
 .data          0x00000000        0x0 tinyTime/tinyTime.o
 .bss           0x00000000        0x0 tinyTime/tinyTime.o
 .text          0x00000000        0x0 main.o
 .data          0x00000000        0x0 main.o
 .bss           0x00000000        0x0 main.o
 .text          0x00000000        0x0 Potential_to_RGB/Potential_to_RGB.o
 .data          0x00000000        0x0 Potential_to_RGB/Potential_to_RGB.o
 .bss           0x00000000        0x0 Potential_to_RGB/Potential_to_RGB.o
 .text          0x00000000        0x0 tinyButton/tinyButton.o
 .data          0x00000000        0x0 tinyButton/tinyButton.o
 .bss           0x00000000        0x0 tinyButton/tinyButton.o
 .text          0x00000000        0x0 tinyCCLRGB/tinyCCLRGB.o
 .data          0x00000000        0x0 tinyCCLRGB/tinyCCLRGB.o
 .bss           0x00000000        0x0 tinyCCLRGB/tinyCCLRGB.o
 .text          0x00000000        0x0 tinyAxon/tinyAxon.o
 .data          0x00000000        0x0 tinyAxon/tinyAxon.o
 .bss           0x00000000        0x0 tinyAxon/tinyAxon.o
 .text          0x00000000        0x0 tinyDendrite/tinyDendrite.o
 .data          0x00000000        0x0 tinyDendrite/tinyDendrite.o
 .bss           0x00000000        0x0 tinyDendrite/tinyDendrite.o
 .text          0x00000000        0x0 tinyISR/tinyISR.o
 .data          0x00000000        0x0 tinyISR/tinyISR.o
 .bss           0x00000000        0x0 tinyISR/tinyISR.o
 .text          0x00000000        0x0 tinyPotential/tinyPotential.o
 .data          0x00000000        0x0 tinyPotential/tinyPotential.o
 .bss           0x00000000        0x0 tinyPotential/tinyPotential.o
 .text          0x00000000        0x0 d:/various_programs/atmel/studio/7.0/toolchain/avr8/avr8-gnu-toolchain/bin/../lib/gcc/avr/5.4.0/../../../../avr/lib/avrxmega3/short-calls\libm.a(addsf3.o)
 .data          0x00000000        0x0 d:/various_programs/atmel/studio/7.0/toolchain/avr8/avr8-gnu-toolchain/bin/../lib/gcc/avr/5.4.0/../../../../avr/lib/avrxmega3/short-calls\libm.a(addsf3.o)
 .bss           0x00000000        0x0 d:/various_programs/atmel/studio/7.0/toolchain/avr8/avr8-gnu-toolchain/bin/../lib/gcc/avr/5.4.0/../../../../avr/lib/avrxmega3/short-calls\libm.a(addsf3.o)
 .text          0x00000000        0x0 d:/various_programs/atmel/studio/7.0/toolchain/avr8/avr8-gnu-toolchain/bin/../lib/gcc/avr/5.4.0/../../../../avr/lib/avrxmega3/short-calls\libm.a(addsf3x.o)
 .data          0x00000000        0x0 d:/various_programs/atmel/studio/7.0/toolchain/avr8/avr8-gnu-toolchain/bin/../lib/gcc/avr/5.4.0/../../../../avr/lib/avrxmega3/short-calls\libm.a(addsf3x.o)
 .bss           0x00000000        0x0 d:/various_programs/atmel/studio/7.0/toolchain/avr8/avr8-gnu-toolchain/bin/../lib/gcc/avr/5.4.0/../../../../avr/lib/avrxmega3/short-calls\libm.a(addsf3x.o)
 .text          0x00000000        0x0 d:/various_programs/atmel/studio/7.0/toolchain/avr8/avr8-gnu-toolchain/bin/../lib/gcc/avr/5.4.0/../../../../avr/lib/avrxmega3/short-calls\libm.a(cmpsf2.o)
 .data          0x00000000        0x0 d:/various_programs/atmel/studio/7.0/toolchain/avr8/avr8-gnu-toolchain/bin/../lib/gcc/avr/5.4.0/../../../../avr/lib/avrxmega3/short-calls\libm.a(cmpsf2.o)
 .bss           0x00000000        0x0 d:/various_programs/atmel/studio/7.0/toolchain/avr8/avr8-gnu-toolchain/bin/../lib/gcc/avr/5.4.0/../../../../avr/lib/avrxmega3/short-calls\libm.a(cmpsf2.o)
 .text          0x00000000        0x0 d:/various_programs/atmel/studio/7.0/toolchain/avr8/avr8-gnu-toolchain/bin/../lib/gcc/avr/5.4.0/../../../../avr/lib/avrxmega3/short-calls\libm.a(divsf3.o)
 .data          0x00000000        0x0 d:/various_programs/atmel/studio/7.0/toolchain/avr8/avr8-gnu-toolchain/bin/../lib/gcc/avr/5.4.0/../../../../avr/lib/avrxmega3/short-calls\libm.a(divsf3.o)
 .bss           0x00000000        0x0 d:/various_programs/atmel/studio/7.0/toolchain/avr8/avr8-gnu-toolchain/bin/../lib/gcc/avr/5.4.0/../../../../avr/lib/avrxmega3/short-calls\libm.a(divsf3.o)
 .text          0x00000000        0x0 d:/various_programs/atmel/studio/7.0/toolchain/avr8/avr8-gnu-toolchain/bin/../lib/gcc/avr/5.4.0/../../../../avr/lib/avrxmega3/short-calls\libm.a(divsf3x.o)
 .data          0x00000000        0x0 d:/various_programs/atmel/studio/7.0/toolchain/avr8/avr8-gnu-toolchain/bin/../lib/gcc/avr/5.4.0/../../../../avr/lib/avrxmega3/short-calls\libm.a(divsf3x.o)
 .bss           0x00000000        0x0 d:/various_programs/atmel/studio/7.0/toolchain/avr8/avr8-gnu-toolchain/bin/../lib/gcc/avr/5.4.0/../../../../avr/lib/avrxmega3/short-calls\libm.a(divsf3x.o)
 .text          0x00000000        0x0 d:/various_programs/atmel/studio/7.0/toolchain/avr8/avr8-gnu-toolchain/bin/../lib/gcc/avr/5.4.0/../../../../avr/lib/avrxmega3/short-calls\libm.a(exp.o)
 .data          0x00000000        0x0 d:/various_programs/atmel/studio/7.0/toolchain/avr8/avr8-gnu-toolchain/bin/../lib/gcc/avr/5.4.0/../../../../avr/lib/avrxmega3/short-calls\libm.a(exp.o)
 .bss           0x00000000        0x0 d:/various_programs/atmel/studio/7.0/toolchain/avr8/avr8-gnu-toolchain/bin/../lib/gcc/avr/5.4.0/../../../../avr/lib/avrxmega3/short-calls\libm.a(exp.o)
 .text          0x00000000        0x0 d:/various_programs/atmel/studio/7.0/toolchain/avr8/avr8-gnu-toolchain/bin/../lib/gcc/avr/5.4.0/../../../../avr/lib/avrxmega3/short-calls\libm.a(fixsfsi.o)
 .data          0x00000000        0x0 d:/various_programs/atmel/studio/7.0/toolchain/avr8/avr8-gnu-toolchain/bin/../lib/gcc/avr/5.4.0/../../../../avr/lib/avrxmega3/short-calls\libm.a(fixsfsi.o)
 .bss           0x00000000        0x0 d:/various_programs/atmel/studio/7.0/toolchain/avr8/avr8-gnu-toolchain/bin/../lib/gcc/avr/5.4.0/../../../../avr/lib/avrxmega3/short-calls\libm.a(fixsfsi.o)
 .text          0x00000000        0x0 d:/various_programs/atmel/studio/7.0/toolchain/avr8/avr8-gnu-toolchain/bin/../lib/gcc/avr/5.4.0/../../../../avr/lib/avrxmega3/short-calls\libm.a(fixunssfsi.o)
 .data          0x00000000        0x0 d:/various_programs/atmel/studio/7.0/toolchain/avr8/avr8-gnu-toolchain/bin/../lib/gcc/avr/5.4.0/../../../../avr/lib/avrxmega3/short-calls\libm.a(fixunssfsi.o)
 .bss           0x00000000        0x0 d:/various_programs/atmel/studio/7.0/toolchain/avr8/avr8-gnu-toolchain/bin/../lib/gcc/avr/5.4.0/../../../../avr/lib/avrxmega3/short-calls\libm.a(fixunssfsi.o)
 .text          0x00000000        0x0 d:/various_programs/atmel/studio/7.0/toolchain/avr8/avr8-gnu-toolchain/bin/../lib/gcc/avr/5.4.0/../../../../avr/lib/avrxmega3/short-calls\libm.a(floatsisf.o)
 .data          0x00000000        0x0 d:/various_programs/atmel/studio/7.0/toolchain/avr8/avr8-gnu-toolchain/bin/../lib/gcc/avr/5.4.0/../../../../avr/lib/avrxmega3/short-calls\libm.a(floatsisf.o)
 .bss           0x00000000        0x0 d:/various_programs/atmel/studio/7.0/toolchain/avr8/avr8-gnu-toolchain/bin/../lib/gcc/avr/5.4.0/../../../../avr/lib/avrxmega3/short-calls\libm.a(floatsisf.o)
 .text          0x00000000        0x0 d:/various_programs/atmel/studio/7.0/toolchain/avr8/avr8-gnu-toolchain/bin/../lib/gcc/avr/5.4.0/../../../../avr/lib/avrxmega3/short-calls\libm.a(fp_cmp.o)
 .data          0x00000000        0x0 d:/various_programs/atmel/studio/7.0/toolchain/avr8/avr8-gnu-toolchain/bin/../lib/gcc/avr/5.4.0/../../../../avr/lib/avrxmega3/short-calls\libm.a(fp_cmp.o)
 .bss           0x00000000        0x0 d:/various_programs/atmel/studio/7.0/toolchain/avr8/avr8-gnu-toolchain/bin/../lib/gcc/avr/5.4.0/../../../../avr/lib/avrxmega3/short-calls\libm.a(fp_cmp.o)
 .text          0x00000000        0x0 d:/various_programs/atmel/studio/7.0/toolchain/avr8/avr8-gnu-toolchain/bin/../lib/gcc/avr/5.4.0/../../../../avr/lib/avrxmega3/short-calls\libm.a(fp_inf.o)
 .data          0x00000000        0x0 d:/various_programs/atmel/studio/7.0/toolchain/avr8/avr8-gnu-toolchain/bin/../lib/gcc/avr/5.4.0/../../../../avr/lib/avrxmega3/short-calls\libm.a(fp_inf.o)
 .bss           0x00000000        0x0 d:/various_programs/atmel/studio/7.0/toolchain/avr8/avr8-gnu-toolchain/bin/../lib/gcc/avr/5.4.0/../../../../avr/lib/avrxmega3/short-calls\libm.a(fp_inf.o)
 .text          0x00000000        0x0 d:/various_programs/atmel/studio/7.0/toolchain/avr8/avr8-gnu-toolchain/bin/../lib/gcc/avr/5.4.0/../../../../avr/lib/avrxmega3/short-calls\libm.a(fp_nan.o)
 .data          0x00000000        0x0 d:/various_programs/atmel/studio/7.0/toolchain/avr8/avr8-gnu-toolchain/bin/../lib/gcc/avr/5.4.0/../../../../avr/lib/avrxmega3/short-calls\libm.a(fp_nan.o)
 .bss           0x00000000        0x0 d:/various_programs/atmel/studio/7.0/toolchain/avr8/avr8-gnu-toolchain/bin/../lib/gcc/avr/5.4.0/../../../../avr/lib/avrxmega3/short-calls\libm.a(fp_nan.o)
 .text          0x00000000        0x0 d:/various_programs/atmel/studio/7.0/toolchain/avr8/avr8-gnu-toolchain/bin/../lib/gcc/avr/5.4.0/../../../../avr/lib/avrxmega3/short-calls\libm.a(fp_powser.o)
 .data          0x00000000        0x0 d:/various_programs/atmel/studio/7.0/toolchain/avr8/avr8-gnu-toolchain/bin/../lib/gcc/avr/5.4.0/../../../../avr/lib/avrxmega3/short-calls\libm.a(fp_powser.o)
 .bss           0x00000000        0x0 d:/various_programs/atmel/studio/7.0/toolchain/avr8/avr8-gnu-toolchain/bin/../lib/gcc/avr/5.4.0/../../../../avr/lib/avrxmega3/short-calls\libm.a(fp_powser.o)
 .text          0x00000000        0x0 d:/various_programs/atmel/studio/7.0/toolchain/avr8/avr8-gnu-toolchain/bin/../lib/gcc/avr/5.4.0/../../../../avr/lib/avrxmega3/short-calls\libm.a(fp_pscA.o)
 .data          0x00000000        0x0 d:/various_programs/atmel/studio/7.0/toolchain/avr8/avr8-gnu-toolchain/bin/../lib/gcc/avr/5.4.0/../../../../avr/lib/avrxmega3/short-calls\libm.a(fp_pscA.o)
 .bss           0x00000000        0x0 d:/various_programs/atmel/studio/7.0/toolchain/avr8/avr8-gnu-toolchain/bin/../lib/gcc/avr/5.4.0/../../../../avr/lib/avrxmega3/short-calls\libm.a(fp_pscA.o)
 .text          0x00000000        0x0 d:/various_programs/atmel/studio/7.0/toolchain/avr8/avr8-gnu-toolchain/bin/../lib/gcc/avr/5.4.0/../../../../avr/lib/avrxmega3/short-calls\libm.a(fp_pscB.o)
 .data          0x00000000        0x0 d:/various_programs/atmel/studio/7.0/toolchain/avr8/avr8-gnu-toolchain/bin/../lib/gcc/avr/5.4.0/../../../../avr/lib/avrxmega3/short-calls\libm.a(fp_pscB.o)
 .bss           0x00000000        0x0 d:/various_programs/atmel/studio/7.0/toolchain/avr8/avr8-gnu-toolchain/bin/../lib/gcc/avr/5.4.0/../../../../avr/lib/avrxmega3/short-calls\libm.a(fp_pscB.o)
 .text          0x00000000        0x0 d:/various_programs/atmel/studio/7.0/toolchain/avr8/avr8-gnu-toolchain/bin/../lib/gcc/avr/5.4.0/../../../../avr/lib/avrxmega3/short-calls\libm.a(fp_round.o)
 .data          0x00000000        0x0 d:/various_programs/atmel/studio/7.0/toolchain/avr8/avr8-gnu-toolchain/bin/../lib/gcc/avr/5.4.0/../../../../avr/lib/avrxmega3/short-calls\libm.a(fp_round.o)
 .bss           0x00000000        0x0 d:/various_programs/atmel/studio/7.0/toolchain/avr8/avr8-gnu-toolchain/bin/../lib/gcc/avr/5.4.0/../../../../avr/lib/avrxmega3/short-calls\libm.a(fp_round.o)
 .text          0x00000000        0x0 d:/various_programs/atmel/studio/7.0/toolchain/avr8/avr8-gnu-toolchain/bin/../lib/gcc/avr/5.4.0/../../../../avr/lib/avrxmega3/short-calls\libm.a(fp_split3.o)
 .data          0x00000000        0x0 d:/various_programs/atmel/studio/7.0/toolchain/avr8/avr8-gnu-toolchain/bin/../lib/gcc/avr/5.4.0/../../../../avr/lib/avrxmega3/short-calls\libm.a(fp_split3.o)
 .bss           0x00000000        0x0 d:/various_programs/atmel/studio/7.0/toolchain/avr8/avr8-gnu-toolchain/bin/../lib/gcc/avr/5.4.0/../../../../avr/lib/avrxmega3/short-calls\libm.a(fp_split3.o)
 .text          0x00000000        0x0 d:/various_programs/atmel/studio/7.0/toolchain/avr8/avr8-gnu-toolchain/bin/../lib/gcc/avr/5.4.0/../../../../avr/lib/avrxmega3/short-calls\libm.a(fp_zero.o)
 .data          0x00000000        0x0 d:/various_programs/atmel/studio/7.0/toolchain/avr8/avr8-gnu-toolchain/bin/../lib/gcc/avr/5.4.0/../../../../avr/lib/avrxmega3/short-calls\libm.a(fp_zero.o)
 .bss           0x00000000        0x0 d:/various_programs/atmel/studio/7.0/toolchain/avr8/avr8-gnu-toolchain/bin/../lib/gcc/avr/5.4.0/../../../../avr/lib/avrxmega3/short-calls\libm.a(fp_zero.o)
 .text          0x00000000        0x0 d:/various_programs/atmel/studio/7.0/toolchain/avr8/avr8-gnu-toolchain/bin/../lib/gcc/avr/5.4.0/../../../../avr/lib/avrxmega3/short-calls\libm.a(gesf2.o)
 .data          0x00000000        0x0 d:/various_programs/atmel/studio/7.0/toolchain/avr8/avr8-gnu-toolchain/bin/../lib/gcc/avr/5.4.0/../../../../avr/lib/avrxmega3/short-calls\libm.a(gesf2.o)
 .bss           0x00000000        0x0 d:/various_programs/atmel/studio/7.0/toolchain/avr8/avr8-gnu-toolchain/bin/../lib/gcc/avr/5.4.0/../../../../avr/lib/avrxmega3/short-calls\libm.a(gesf2.o)
 .text          0x00000000        0x0 d:/various_programs/atmel/studio/7.0/toolchain/avr8/avr8-gnu-toolchain/bin/../lib/gcc/avr/5.4.0/../../../../avr/lib/avrxmega3/short-calls\libm.a(inverse.o)
 .data          0x00000000        0x0 d:/various_programs/atmel/studio/7.0/toolchain/avr8/avr8-gnu-toolchain/bin/../lib/gcc/avr/5.4.0/../../../../avr/lib/avrxmega3/short-calls\libm.a(inverse.o)
 .bss           0x00000000        0x0 d:/various_programs/atmel/studio/7.0/toolchain/avr8/avr8-gnu-toolchain/bin/../lib/gcc/avr/5.4.0/../../../../avr/lib/avrxmega3/short-calls\libm.a(inverse.o)
 .text          0x00000000        0x0 d:/various_programs/atmel/studio/7.0/toolchain/avr8/avr8-gnu-toolchain/bin/../lib/gcc/avr/5.4.0/../../../../avr/lib/avrxmega3/short-calls\libm.a(ldexp.o)
 .data          0x00000000        0x0 d:/various_programs/atmel/studio/7.0/toolchain/avr8/avr8-gnu-toolchain/bin/../lib/gcc/avr/5.4.0/../../../../avr/lib/avrxmega3/short-calls\libm.a(ldexp.o)
 .bss           0x00000000        0x0 d:/various_programs/atmel/studio/7.0/toolchain/avr8/avr8-gnu-toolchain/bin/../lib/gcc/avr/5.4.0/../../../../avr/lib/avrxmega3/short-calls\libm.a(ldexp.o)
 .text          0x00000000        0x0 d:/various_programs/atmel/studio/7.0/toolchain/avr8/avr8-gnu-toolchain/bin/../lib/gcc/avr/5.4.0/../../../../avr/lib/avrxmega3/short-calls\libm.a(modf.o)
 .data          0x00000000        0x0 d:/various_programs/atmel/studio/7.0/toolchain/avr8/avr8-gnu-toolchain/bin/../lib/gcc/avr/5.4.0/../../../../avr/lib/avrxmega3/short-calls\libm.a(modf.o)
 .bss           0x00000000        0x0 d:/various_programs/atmel/studio/7.0/toolchain/avr8/avr8-gnu-toolchain/bin/../lib/gcc/avr/5.4.0/../../../../avr/lib/avrxmega3/short-calls\libm.a(modf.o)
 .text          0x00000000        0x0 d:/various_programs/atmel/studio/7.0/toolchain/avr8/avr8-gnu-toolchain/bin/../lib/gcc/avr/5.4.0/../../../../avr/lib/avrxmega3/short-calls\libm.a(mulsf3.o)
 .data          0x00000000        0x0 d:/various_programs/atmel/studio/7.0/toolchain/avr8/avr8-gnu-toolchain/bin/../lib/gcc/avr/5.4.0/../../../../avr/lib/avrxmega3/short-calls\libm.a(mulsf3.o)
 .bss           0x00000000        0x0 d:/various_programs/atmel/studio/7.0/toolchain/avr8/avr8-gnu-toolchain/bin/../lib/gcc/avr/5.4.0/../../../../avr/lib/avrxmega3/short-calls\libm.a(mulsf3.o)
 .text          0x00000000        0x0 d:/various_programs/atmel/studio/7.0/toolchain/avr8/avr8-gnu-toolchain/bin/../lib/gcc/avr/5.4.0/../../../../avr/lib/avrxmega3/short-calls\libm.a(mulsf3x.o)
 .data          0x00000000        0x0 d:/various_programs/atmel/studio/7.0/toolchain/avr8/avr8-gnu-toolchain/bin/../lib/gcc/avr/5.4.0/../../../../avr/lib/avrxmega3/short-calls\libm.a(mulsf3x.o)
 .bss           0x00000000        0x0 d:/various_programs/atmel/studio/7.0/toolchain/avr8/avr8-gnu-toolchain/bin/../lib/gcc/avr/5.4.0/../../../../avr/lib/avrxmega3/short-calls\libm.a(mulsf3x.o)
 .text          0x00000000        0x0 d:/various_programs/atmel/studio/7.0/toolchain/avr8/avr8-gnu-toolchain/bin/../lib/gcc/avr/5.4.0/../../../../avr/lib/avrxmega3/short-calls\libm.a(round.o)
 .data          0x00000000        0x0 d:/various_programs/atmel/studio/7.0/toolchain/avr8/avr8-gnu-toolchain/bin/../lib/gcc/avr/5.4.0/../../../../avr/lib/avrxmega3/short-calls\libm.a(round.o)
 .bss           0x00000000        0x0 d:/various_programs/atmel/studio/7.0/toolchain/avr8/avr8-gnu-toolchain/bin/../lib/gcc/avr/5.4.0/../../../../avr/lib/avrxmega3/short-calls\libm.a(round.o)
 .text          0x00000000        0x0 d:/various_programs/atmel/studio/7.0/toolchain/avr8/avr8-gnu-toolchain/bin/../lib/gcc/avr/5.4.0/../../../../avr/lib/avrxmega3/short-calls\libm.a(fp_mintl.o)
 .data          0x00000000        0x0 d:/various_programs/atmel/studio/7.0/toolchain/avr8/avr8-gnu-toolchain/bin/../lib/gcc/avr/5.4.0/../../../../avr/lib/avrxmega3/short-calls\libm.a(fp_mintl.o)
 .bss           0x00000000        0x0 d:/various_programs/atmel/studio/7.0/toolchain/avr8/avr8-gnu-toolchain/bin/../lib/gcc/avr/5.4.0/../../../../avr/lib/avrxmega3/short-calls\libm.a(fp_mintl.o)
 .text          0x00000000        0x0 d:/various_programs/atmel/studio/7.0/toolchain/avr8/avr8-gnu-toolchain/bin/../lib/gcc/avr/5.4.0/../../../../avr/lib/avrxmega3/short-calls\libm.a(fp_mpack.o)
 .data          0x00000000        0x0 d:/various_programs/atmel/studio/7.0/toolchain/avr8/avr8-gnu-toolchain/bin/../lib/gcc/avr/5.4.0/../../../../avr/lib/avrxmega3/short-calls\libm.a(fp_mpack.o)
 .bss           0x00000000        0x0 d:/various_programs/atmel/studio/7.0/toolchain/avr8/avr8-gnu-toolchain/bin/../lib/gcc/avr/5.4.0/../../../../avr/lib/avrxmega3/short-calls\libm.a(fp_mpack.o)
 .text          0x00000000        0x0 d:/various_programs/atmel/studio/7.0/toolchain/avr8/avr8-gnu-toolchain/bin/../lib/gcc/avr/5.4.0/avrxmega3/short-calls\libgcc.a(_exit.o)
 .data          0x00000000        0x0 d:/various_programs/atmel/studio/7.0/toolchain/avr8/avr8-gnu-toolchain/bin/../lib/gcc/avr/5.4.0/avrxmega3/short-calls\libgcc.a(_exit.o)
 .bss           0x00000000        0x0 d:/various_programs/atmel/studio/7.0/toolchain/avr8/avr8-gnu-toolchain/bin/../lib/gcc/avr/5.4.0/avrxmega3/short-calls\libgcc.a(_exit.o)
 .text.libgcc.mul
                0x00000000        0x0 d:/various_programs/atmel/studio/7.0/toolchain/avr8/avr8-gnu-toolchain/bin/../lib/gcc/avr/5.4.0/avrxmega3/short-calls\libgcc.a(_exit.o)
 .text.libgcc.div
                0x00000000        0x0 d:/various_programs/atmel/studio/7.0/toolchain/avr8/avr8-gnu-toolchain/bin/../lib/gcc/avr/5.4.0/avrxmega3/short-calls\libgcc.a(_exit.o)
 .text.libgcc   0x00000000        0x0 d:/various_programs/atmel/studio/7.0/toolchain/avr8/avr8-gnu-toolchain/bin/../lib/gcc/avr/5.4.0/avrxmega3/short-calls\libgcc.a(_exit.o)
 .text.libgcc.prologue
                0x00000000        0x0 d:/various_programs/atmel/studio/7.0/toolchain/avr8/avr8-gnu-toolchain/bin/../lib/gcc/avr/5.4.0/avrxmega3/short-calls\libgcc.a(_exit.o)
 .text.libgcc.builtins
                0x00000000        0x0 d:/various_programs/atmel/studio/7.0/toolchain/avr8/avr8-gnu-toolchain/bin/../lib/gcc/avr/5.4.0/avrxmega3/short-calls\libgcc.a(_exit.o)
 .text.libgcc.fmul
                0x00000000        0x0 d:/various_programs/atmel/studio/7.0/toolchain/avr8/avr8-gnu-toolchain/bin/../lib/gcc/avr/5.4.0/avrxmega3/short-calls\libgcc.a(_exit.o)
 .text.libgcc.fixed
                0x00000000        0x0 d:/various_programs/atmel/studio/7.0/toolchain/avr8/avr8-gnu-toolchain/bin/../lib/gcc/avr/5.4.0/avrxmega3/short-calls\libgcc.a(_exit.o)
 .text          0x00000000        0x0 d:/various_programs/atmel/studio/7.0/toolchain/avr8/avr8-gnu-toolchain/bin/../lib/gcc/avr/5.4.0/avrxmega3/short-calls\libgcc.a(_copy_data.o)
 .data          0x00000000        0x0 d:/various_programs/atmel/studio/7.0/toolchain/avr8/avr8-gnu-toolchain/bin/../lib/gcc/avr/5.4.0/avrxmega3/short-calls\libgcc.a(_copy_data.o)
 .bss           0x00000000        0x0 d:/various_programs/atmel/studio/7.0/toolchain/avr8/avr8-gnu-toolchain/bin/../lib/gcc/avr/5.4.0/avrxmega3/short-calls\libgcc.a(_copy_data.o)
 .text.libgcc.mul
                0x00000000        0x0 d:/various_programs/atmel/studio/7.0/toolchain/avr8/avr8-gnu-toolchain/bin/../lib/gcc/avr/5.4.0/avrxmega3/short-calls\libgcc.a(_copy_data.o)
 .text.libgcc.div
                0x00000000        0x0 d:/various_programs/atmel/studio/7.0/toolchain/avr8/avr8-gnu-toolchain/bin/../lib/gcc/avr/5.4.0/avrxmega3/short-calls\libgcc.a(_copy_data.o)
 .text.libgcc   0x00000000        0x0 d:/various_programs/atmel/studio/7.0/toolchain/avr8/avr8-gnu-toolchain/bin/../lib/gcc/avr/5.4.0/avrxmega3/short-calls\libgcc.a(_copy_data.o)
 .text.libgcc.prologue
                0x00000000        0x0 d:/various_programs/atmel/studio/7.0/toolchain/avr8/avr8-gnu-toolchain/bin/../lib/gcc/avr/5.4.0/avrxmega3/short-calls\libgcc.a(_copy_data.o)
 .text.libgcc.builtins
                0x00000000        0x0 d:/various_programs/atmel/studio/7.0/toolchain/avr8/avr8-gnu-toolchain/bin/../lib/gcc/avr/5.4.0/avrxmega3/short-calls\libgcc.a(_copy_data.o)
 .text.libgcc.fmul
                0x00000000        0x0 d:/various_programs/atmel/studio/7.0/toolchain/avr8/avr8-gnu-toolchain/bin/../lib/gcc/avr/5.4.0/avrxmega3/short-calls\libgcc.a(_copy_data.o)
 .text.libgcc.fixed
                0x00000000        0x0 d:/various_programs/atmel/studio/7.0/toolchain/avr8/avr8-gnu-toolchain/bin/../lib/gcc/avr/5.4.0/avrxmega3/short-calls\libgcc.a(_copy_data.o)
 .text          0x00000000        0x0 d:/various_programs/atmel/studio/7.0/toolchain/avr8/avr8-gnu-toolchain/bin/../lib/gcc/avr/5.4.0/avrxmega3/short-calls\libgcc.a(_clear_bss.o)
 .data          0x00000000        0x0 d:/various_programs/atmel/studio/7.0/toolchain/avr8/avr8-gnu-toolchain/bin/../lib/gcc/avr/5.4.0/avrxmega3/short-calls\libgcc.a(_clear_bss.o)
 .bss           0x00000000        0x0 d:/various_programs/atmel/studio/7.0/toolchain/avr8/avr8-gnu-toolchain/bin/../lib/gcc/avr/5.4.0/avrxmega3/short-calls\libgcc.a(_clear_bss.o)
 .text.libgcc.mul
                0x00000000        0x0 d:/various_programs/atmel/studio/7.0/toolchain/avr8/avr8-gnu-toolchain/bin/../lib/gcc/avr/5.4.0/avrxmega3/short-calls\libgcc.a(_clear_bss.o)
 .text.libgcc.div
                0x00000000        0x0 d:/various_programs/atmel/studio/7.0/toolchain/avr8/avr8-gnu-toolchain/bin/../lib/gcc/avr/5.4.0/avrxmega3/short-calls\libgcc.a(_clear_bss.o)
 .text.libgcc   0x00000000        0x0 d:/various_programs/atmel/studio/7.0/toolchain/avr8/avr8-gnu-toolchain/bin/../lib/gcc/avr/5.4.0/avrxmega3/short-calls\libgcc.a(_clear_bss.o)
 .text.libgcc.prologue
                0x00000000        0x0 d:/various_programs/atmel/studio/7.0/toolchain/avr8/avr8-gnu-toolchain/bin/../lib/gcc/avr/5.4.0/avrxmega3/short-calls\libgcc.a(_clear_bss.o)
 .text.libgcc.builtins
                0x00000000        0x0 d:/various_programs/atmel/studio/7.0/toolchain/avr8/avr8-gnu-toolchain/bin/../lib/gcc/avr/5.4.0/avrxmega3/short-calls\libgcc.a(_clear_bss.o)
 .text.libgcc.fmul
                0x00000000        0x0 d:/various_programs/atmel/studio/7.0/toolchain/avr8/avr8-gnu-toolchain/bin/../lib/gcc/avr/5.4.0/avrxmega3/short-calls\libgcc.a(_clear_bss.o)
 .text.libgcc.fixed
                0x00000000        0x0 d:/various_programs/atmel/studio/7.0/toolchain/avr8/avr8-gnu-toolchain/bin/../lib/gcc/avr/5.4.0/avrxmega3/short-calls\libgcc.a(_clear_bss.o)
 .text          0x00000000        0x0 d:/various_programs/atmel/studio/7.0/toolchain/avr8/avr8-gnu-toolchain/bin/../lib/gcc/avr/5.4.0/../../../../avr/lib/avrxmega3/short-calls\libc.a(malloc.o)
 .bss           0x00000000        0x0 d:/various_programs/atmel/studio/7.0/toolchain/avr8/avr8-gnu-toolchain/bin/../lib/gcc/avr/5.4.0/../../../../avr/lib/avrxmega3/short-calls\libc.a(malloc.o)

Memory Configuration

Name             Origin             Length             Attributes
text             0x00000000         0x00100000         xr
data             0x00802000         0x0000ffa0         rw !x
eeprom           0x00810000         0x00010000         rw !x
fuse             0x00820000         0x00000009         rw !x
lock             0x00830000         0x00000400         rw !x
signature        0x00840000         0x00000400         rw !x
user_signatures  0x00850000         0x00000400         rw !x
*default*        0x00000000         0xffffffff

Linker script and memory map

Address of section .data set to 0x803e00
                0x00008000                __RODATA_PM_OFFSET__ = 0x8000
LOAD D:/Various_programs/Atmel/Studio/7.0/Packs/Atmel/ATtiny_DFP/1.3.229/gcc/dev/attiny817/avrxmega3/short-calls/crtattiny817.o
LOAD atmel_start.o
LOAD examples/src/adc_basic_example.o
LOAD examples/src/dac_basic_example.o
LOAD src/adc_basic.o
LOAD src/bod.o
LOAD src/ccl.o
LOAD src/clkctrl.o
LOAD src/cpuint.o
LOAD src/dac_basic.o
LOAD src/driver_init.o
LOAD src/protected_io.o
LOAD src/queue.o
LOAD src/rtc.o
LOAD src/slpctrl.o
LOAD src/spi.o
LOAD src/tca.o
LOAD tinyPulse/tinyPulse.o
LOAD tinyTime/tinyTime.o
LOAD main.o
LOAD Potential_to_RGB/Potential_to_RGB.o
LOAD tinyButton/tinyButton.o
LOAD tinyCCLRGB/tinyCCLRGB.o
LOAD tinyAxon/tinyAxon.o
LOAD tinyDendrite/tinyDendrite.o
LOAD tinyISR/tinyISR.o
LOAD tinyPotential/tinyPotential.o
START GROUP
LOAD d:/various_programs/atmel/studio/7.0/toolchain/avr8/avr8-gnu-toolchain/bin/../lib/gcc/avr/5.4.0/../../../../avr/lib/avrxmega3/short-calls\libm.a
END GROUP
START GROUP
LOAD d:/various_programs/atmel/studio/7.0/toolchain/avr8/avr8-gnu-toolchain/bin/../lib/gcc/avr/5.4.0/avrxmega3/short-calls\libgcc.a
LOAD d:/various_programs/atmel/studio/7.0/toolchain/avr8/avr8-gnu-toolchain/bin/../lib/gcc/avr/5.4.0/../../../../avr/lib/avrxmega3/short-calls\libm.a
LOAD d:/various_programs/atmel/studio/7.0/toolchain/avr8/avr8-gnu-toolchain/bin/../lib/gcc/avr/5.4.0/../../../../avr/lib/avrxmega3/short-calls\libc.a
LOAD D:/Various_programs/Atmel/Studio/7.0/Packs/Atmel/ATtiny_DFP/1.3.229/gcc/dev/attiny817/avrxmega3/short-calls\libattiny817.a
END GROUP
                0x00100000                __TEXT_REGION_LENGTH__ = DEFINED (__TEXT_REGION_LENGTH__)?__TEXT_REGION_LENGTH__:0x100000
                0x0000ffa0                __DATA_REGION_LENGTH__ = DEFINED (__DATA_REGION_LENGTH__)?__DATA_REGION_LENGTH__:0xffa0
                0x00010000                __EEPROM_REGION_LENGTH__ = DEFINED (__EEPROM_REGION_LENGTH__)?__EEPROM_REGION_LENGTH__:0x10000
                [0x00000009]                __FUSE_REGION_LENGTH__ = DEFINED (__FUSE_REGION_LENGTH__)?__FUSE_REGION_LENGTH__:0x400
                0x00000400                __LOCK_REGION_LENGTH__ = DEFINED (__LOCK_REGION_LENGTH__)?__LOCK_REGION_LENGTH__:0x400
                0x00000400                __SIGNATURE_REGION_LENGTH__ = DEFINED (__SIGNATURE_REGION_LENGTH__)?__SIGNATURE_REGION_LENGTH__:0x400
                0x00000400                __USER_SIGNATURE_REGION_LENGTH__ = DEFINED (__USER_SIGNATURE_REGION_LENGTH__)?__USER_SIGNATURE_REGION_LENGTH__:0x400
                0x00008000                __RODATA_PM_OFFSET__ = DEFINED (__RODATA_PM_OFFSET__)?__RODATA_PM_OFFSET__:0x8000

.hash
 *(.hash)

.dynsym
 *(.dynsym)

.dynstr
 *(.dynstr)

.gnu.version
 *(.gnu.version)

.gnu.version_d
 *(.gnu.version_d)

.gnu.version_r
 *(.gnu.version_r)

.rel.init
 *(.rel.init)

.rela.init
 *(.rela.init)

.rel.text
 *(.rel.text)
 *(.rel.text.*)
 *(.rel.gnu.linkonce.t*)

.rela.text
 *(.rela.text)
 *(.rela.text.*)
 *(.rela.gnu.linkonce.t*)

.rel.fini
 *(.rel.fini)

.rela.fini
 *(.rela.fini)

.rel.rodata
 *(.rel.rodata)
 *(.rel.rodata.*)
 *(.rel.gnu.linkonce.r*)

.rela.rodata
 *(.rela.rodata)
 *(.rela.rodata.*)
 *(.rela.gnu.linkonce.r*)

.rel.data
 *(.rel.data)
 *(.rel.data.*)
 *(.rel.gnu.linkonce.d*)

.rela.data
 *(.rela.data)
 *(.rela.data.*)
 *(.rela.gnu.linkonce.d*)

.rel.ctors
 *(.rel.ctors)

.rela.ctors
 *(.rela.ctors)

.rel.dtors
 *(.rel.dtors)

.rela.dtors
 *(.rela.dtors)

.rel.got
 *(.rel.got)

.rela.got
 *(.rela.got)

.rel.bss
 *(.rel.bss)

.rela.bss
 *(.rela.bss)

.rel.plt
 *(.rel.plt)

.rela.plt
 *(.rela.plt)

.text           0x00000000     0x1438
 *(.vectors)
 .vectors       0x00000000       0x34 D:/Various_programs/Atmel/Studio/7.0/Packs/Atmel/ATtiny_DFP/1.3.229/gcc/dev/attiny817/avrxmega3/short-calls/crtattiny817.o
                0x00000000                __vector_default
                0x00000000                __vectors
 *(.vectors)
 *(.progmem.gcc*)
 .progmem.gcc_fplib
                0x00000034       0x28 d:/various_programs/atmel/studio/7.0/toolchain/avr8/avr8-gnu-toolchain/bin/../lib/gcc/avr/5.4.0/../../../../avr/lib/avrxmega3/short-calls\libm.a(exp.o)
                0x0000005c                . = ALIGN (0x2)
                0x0000005c                __trampolines_start = .
 *(.trampolines)
 .trampolines   0x0000005c        0x0 linker stubs
 *(.trampolines*)
                0x0000005c                __trampolines_end = .
 *libprintf_flt.a:*(.progmem.data)
 *libc.a:*(.progmem.data)
 *(.progmem*)
                0x0000005c                . = ALIGN (0x2)
 *(.jumptables)
 *(.jumptables*)
 *(.lowtext)
 *(.lowtext*)
                0x0000005c                __ctors_start = .
 *(.ctors)
                0x0000005c                __ctors_end = .
                0x0000005c                __dtors_start = .
 *(.dtors)
                0x0000005c                __dtors_end = .
 SORT(*)(.ctors)
 SORT(*)(.dtors)
 *(.init0)
 .init0         0x0000005c        0x0 D:/Various_programs/Atmel/Studio/7.0/Packs/Atmel/ATtiny_DFP/1.3.229/gcc/dev/attiny817/avrxmega3/short-calls/crtattiny817.o
                0x0000005c                __init
 *(.init0)
 *(.init1)
 *(.init1)
 *(.init2)
 .init2         0x0000005c        0xc D:/Various_programs/Atmel/Studio/7.0/Packs/Atmel/ATtiny_DFP/1.3.229/gcc/dev/attiny817/avrxmega3/short-calls/crtattiny817.o
 *(.init2)
 *(.init3)
 *(.init3)
 *(.init4)
 .init4         0x00000068       0x16 d:/various_programs/atmel/studio/7.0/toolchain/avr8/avr8-gnu-toolchain/bin/../lib/gcc/avr/5.4.0/avrxmega3/short-calls\libgcc.a(_copy_data.o)
                0x00000068                __do_copy_data
 .init4         0x0000007e       0x10 d:/various_programs/atmel/studio/7.0/toolchain/avr8/avr8-gnu-toolchain/bin/../lib/gcc/avr/5.4.0/avrxmega3/short-calls\libgcc.a(_clear_bss.o)
                0x0000007e                __do_clear_bss
 *(.init4)
 *(.init5)
 *(.init5)
 *(.init6)
 *(.init6)
 *(.init7)
 *(.init7)
 *(.init8)
 *(.init8)
 *(.init9)
 .init9         0x0000008e        0x4 D:/Various_programs/Atmel/Studio/7.0/Packs/Atmel/ATtiny_DFP/1.3.229/gcc/dev/attiny817/avrxmega3/short-calls/crtattiny817.o
 *(.init9)
 *(.text)
 .text          0x00000092        0x2 D:/Various_programs/Atmel/Studio/7.0/Packs/Atmel/ATtiny_DFP/1.3.229/gcc/dev/attiny817/avrxmega3/short-calls/crtattiny817.o
                0x00000092                __vector_22
                0x00000092                __vector_1
                0x00000092                __vector_24
                0x00000092                __vector_12
                0x00000092                __bad_interrupt
                0x00000092                __vector_3
                0x00000092                __vector_23
                0x00000092                __vector_25
                0x00000092                __vector_11
                0x00000092                __vector_13
                0x00000092                __vector_17
                0x00000092                __vector_19
                0x00000092                __vector_7
                0x00000092                __vector_5
                0x00000092                __vector_4
                0x00000092                __vector_9
                0x00000092                __vector_2
                0x00000092                __vector_21
                0x00000092                __vector_15
                0x00000092                __vector_8
                0x00000092                __vector_14
                0x00000092                __vector_10
                0x00000092                __vector_16
                0x00000092                __vector_18
                0x00000092                __vector_20
                0x00000094                . = ALIGN (0x2)
 *(.text.*)
 .text.atmel_start_init
                0x00000094        0x4 atmel_start.o
                0x00000094                atmel_start_init
 .text.ADC_init
                0x00000098        0xa src/adc_basic.o
                0x00000098                ADC_init
 .text.ADC_is_conversion_done
                0x000000a2        0x8 src/adc_basic.o
                0x000000a2                ADC_is_conversion_done
 .text.ADC_get_conversion
                0x000000aa       0x22 src/adc_basic.o
                0x000000aa                ADC_get_conversion
 .text.BOD_init
                0x000000cc        0x4 src/bod.o
                0x000000cc                BOD_init
 .text.DIGGSIGG_init
                0x000000d0       0x1c src/ccl.o
                0x000000d0                DIGGSIGG_init
 .text.CLKCTRL_init
                0x000000ec       0x18 src/clkctrl.o
                0x000000ec                CLKCTRL_init
 .text.CPUINT_init
                0x00000104        0x6 src/cpuint.o
                0x00000104                CPUINT_init
 .text.DAC_init
                0x0000010a        0xa src/dac_basic.o
                0x0000010a                DAC_init
 .text.DAC_set_output
                0x00000114        0x6 src/dac_basic.o
                0x00000114                DAC_set_output
 .text.mcu_init
                0x0000011a       0x38 src/driver_init.o
                0x0000011a                mcu_init
 .text.ADC_initialization
                0x00000152       0x5e src/driver_init.o
                0x00000152                ADC_initialization
 .text.TIMER_0_initialization
                0x000001b0       0x12 src/driver_init.o
                0x000001b0                TIMER_0_initialization
 .text.DIGGSIGG_initialization
                0x000001c2       0x12 src/driver_init.o
                0x000001c2                DIGGSIGG_initialization
 .text.SPI_0_initialization
                0x000001d4       0x1c src/driver_init.o
                0x000001d4                SPI_0_initialization
 .text.system_init
                0x000001f0       0x28 src/driver_init.o
                0x000001f0                system_init
 .text.protected_write_io
                0x00000218        0x8 src/protected_io.o
                0x00000218                protected_write_io
 .text.enqueue  0x00000220       0x40 src/queue.o
                0x00000220                enqueue
 .text.dequeue  0x00000260       0x78 src/queue.o
                0x00000260                dequeue
 .text.dequeue_top
                0x000002d8       0x54 src/queue.o
                0x000002d8                dequeue_top
 .text.RTC_init
                0x0000032c       0x34 src/rtc.o
                0x0000032c                RTC_init
 .text.SLPCTRL_init
                0x00000360        0x4 src/slpctrl.o
                0x00000360                SLPCTRL_init
 .text.SPI_0_init
                0x00000364       0x10 src/spi.o
                0x00000364                SPI_0_init
 .text.TIMER_0_init
                0x00000374       0x20 src/tca.o
                0x00000374                TIMER_0_init
 .text.tinyPulse_toggle_pulse_mode
                0x00000394        0xe tinyPulse/tinyPulse.o
                0x00000394                tinyPulse_toggle_pulse_mode
 .text.tinyPulse_update_potential
                0x000003a2       0x6a tinyPulse/tinyPulse.o
                0x000003a2                tinyPulse_update_potential
 .text.tinyTime_counter_increment
                0x0000040c       0x28 tinyTime/tinyTime.o
                0x0000040c                tinyTime_counter_increment
 .text.tinyTime_now
                0x00000434       0x12 tinyTime/tinyTime.o
                0x00000434                tinyTime_now
 .text.main     0x00000446       0x50 main.o
                0x00000446                main
 .text.set_LED_fire
                0x00000496       0x2a Potential_to_RGB/Potential_to_RGB.o
                0x00000496                set_LED_fire
 .text.potential_to_RGB_update_LEDs
                0x000004c0      0x116 Potential_to_RGB/Potential_to_RGB.o
                0x000004c0                potential_to_RGB_update_LEDs
 .text.tinyButton_update
                0x000005d6       0x9a tinyButton/tinyButton.o
                0x000005d6                tinyButton_update
 .text.tinyButton_update_potential
                0x00000670       0x14 tinyButton/tinyButton.o
                0x00000670                tinyButton_update_potential
 .text.tinyCCLRGB_SPIWriteByte
                0x00000684       0x28 tinyCCLRGB/tinyCCLRGB.o
 .text.tinyCCLRGB_setColor
                0x000006ac       0x1a tinyCCLRGB/tinyCCLRGB.o
                0x000006ac                tinyCCLRGB_setColor
 .text.tinyCCLRGB_uploadColorsToLeds
                0x000006c6       0x2e tinyCCLRGB/tinyCCLRGB.o
                0x000006c6                tinyCCLRGB_uploadColorsToLeds
 .text.tinyDendrite_set_neuron_type
                0x000006f4        0xe tinyAxon/tinyAxon.o
                0x000006f4                tinyDendrite_set_neuron_type
 .text.tinyAxon_remove_pulse
                0x00000702       0x5a tinyAxon/tinyAxon.o
                0x00000702                tinyAxon_remove_pulse
 .text.tinyAxon_update_potential
                0x0000075c      0x176 tinyAxon/tinyAxon.o
                0x0000075c                tinyAxon_update_potential
 .text.tinyDendrite_get_potential
                0x000008d2      0x15a tinyDendrite/tinyDendrite.o
                0x000008d2                tinyDendrite_get_potential
 .text.tinyDendrite_update_potential
                0x00000a2c       0x26 tinyDendrite/tinyDendrite.o
                0x00000a2c                tinyDendrite_update_potential
 .text.__vector_6
                0x00000a52       0x54 tinyISR/tinyISR.o
                0x00000a52                __vector_6
 .text.tinyISR_setflag
                0x00000aa6        0x6 tinyISR/tinyISR.o
                0x00000aa6                tinyISR_setflag
 .text.tinyISR_getflag
                0x00000aac        0x6 tinyISR/tinyISR.o
                0x00000aac                tinyISR_getflag
 .text.tinyPotential_update
                0x00000ab2       0x7c tinyPotential/tinyPotential.o
                0x00000ab2                tinyPotential_update
 .text.avr-libc.fplib
                0x00000b2e        0xe d:/various_programs/atmel/studio/7.0/toolchain/avr8/avr8-gnu-toolchain/bin/../lib/gcc/avr/5.4.0/../../../../avr/lib/avrxmega3/short-calls\libm.a(addsf3.o)
                0x00000b2e                __subsf3
                0x00000b30                __addsf3
 .text.avr-libc.fplib
                0x00000b3c       0xcc d:/various_programs/atmel/studio/7.0/toolchain/avr8/avr8-gnu-toolchain/bin/../lib/gcc/avr/5.4.0/../../../../avr/lib/avrxmega3/short-calls\libm.a(addsf3x.o)
                0x00000b5e                __addsf3x
 .text.avr-libc.fplib
                0x00000c08        0xa d:/various_programs/atmel/studio/7.0/toolchain/avr8/avr8-gnu-toolchain/bin/../lib/gcc/avr/5.4.0/../../../../avr/lib/avrxmega3/short-calls\libm.a(cmpsf2.o)
                0x00000c08                __nesf2
                0x00000c08                __eqsf2
                0x00000c08                __cmpsf2
                0x00000c08                __ltsf2
                0x00000c08                __lesf2
 .text.avr-libc.fplib
                0x00000c12        0x8 d:/various_programs/atmel/studio/7.0/toolchain/avr8/avr8-gnu-toolchain/bin/../lib/gcc/avr/5.4.0/../../../../avr/lib/avrxmega3/short-calls\libm.a(divsf3.o)
                0x00000c12                __divsf3
 .text.avr-libc.fplib
                0x00000c1a       0xdc d:/various_programs/atmel/studio/7.0/toolchain/avr8/avr8-gnu-toolchain/bin/../lib/gcc/avr/5.4.0/../../../../avr/lib/avrxmega3/short-calls\libm.a(divsf3x.o)
                0x00000c3a                __divsf3x
                0x00000c40                __divsf3_pse
 .text.avr-libc.fplib
                0x00000cf6       0x74 d:/various_programs/atmel/studio/7.0/toolchain/avr8/avr8-gnu-toolchain/bin/../lib/gcc/avr/5.4.0/../../../../avr/lib/avrxmega3/short-calls\libm.a(exp.o)
                0x00000d06                exp
 .text.avr-libc.fplib
                0x00000d6a        0xe d:/various_programs/atmel/studio/7.0/toolchain/avr8/avr8-gnu-toolchain/bin/../lib/gcc/avr/5.4.0/../../../../avr/lib/avrxmega3/short-calls\libm.a(fixsfsi.o)
                0x00000d6a                __fixsfsi
 .text.avr-libc.fplib
                0x00000d78       0x5e d:/various_programs/atmel/studio/7.0/toolchain/avr8/avr8-gnu-toolchain/bin/../lib/gcc/avr/5.4.0/../../../../avr/lib/avrxmega3/short-calls\libm.a(fixunssfsi.o)
                0x00000d78                __fixunssfsi
 .text.avr-libc.fplib
                0x00000dd6       0x7a d:/various_programs/atmel/studio/7.0/toolchain/avr8/avr8-gnu-toolchain/bin/../lib/gcc/avr/5.4.0/../../../../avr/lib/avrxmega3/short-calls\libm.a(floatsisf.o)
                0x00000dd6                __floatunsisf
                0x00000dda                __floatsisf
 .text.avr-libc.fplib
                0x00000e50       0x48 d:/various_programs/atmel/studio/7.0/toolchain/avr8/avr8-gnu-toolchain/bin/../lib/gcc/avr/5.4.0/../../../../avr/lib/avrxmega3/short-calls\libm.a(fp_cmp.o)
                0x00000e50                __fp_cmp
 .text.avr-libc.fplib
                0x00000e98        0xc d:/various_programs/atmel/studio/7.0/toolchain/avr8/avr8-gnu-toolchain/bin/../lib/gcc/avr/5.4.0/../../../../avr/lib/avrxmega3/short-calls\libm.a(fp_inf.o)
                0x00000e98                __fp_inf
 .text.avr-libc.fplib
                0x00000ea4        0x6 d:/various_programs/atmel/studio/7.0/toolchain/avr8/avr8-gnu-toolchain/bin/../lib/gcc/avr/5.4.0/../../../../avr/lib/avrxmega3/short-calls\libm.a(fp_nan.o)
                0x00000ea4                __fp_nan
 .text.avr-libc.fplib
                0x00000eaa       0x4e d:/various_programs/atmel/studio/7.0/toolchain/avr8/avr8-gnu-toolchain/bin/../lib/gcc/avr/5.4.0/../../../../avr/lib/avrxmega3/short-calls\libm.a(fp_powser.o)
                0x00000eaa                __fp_powser
 .text.avr-libc.fplib
                0x00000ef8        0xe d:/various_programs/atmel/studio/7.0/toolchain/avr8/avr8-gnu-toolchain/bin/../lib/gcc/avr/5.4.0/../../../../avr/lib/avrxmega3/short-calls\libm.a(fp_pscA.o)
                0x00000ef8                __fp_pscA
 .text.avr-libc.fplib
                0x00000f06        0xe d:/various_programs/atmel/studio/7.0/toolchain/avr8/avr8-gnu-toolchain/bin/../lib/gcc/avr/5.4.0/../../../../avr/lib/avrxmega3/short-calls\libm.a(fp_pscB.o)
                0x00000f06                __fp_pscB
 .text.avr-libc.fplib
                0x00000f14       0x22 d:/various_programs/atmel/studio/7.0/toolchain/avr8/avr8-gnu-toolchain/bin/../lib/gcc/avr/5.4.0/../../../../avr/lib/avrxmega3/short-calls\libm.a(fp_round.o)
                0x00000f14                __fp_round
 .text.avr-libc.fplib
                0x00000f36       0x44 d:/various_programs/atmel/studio/7.0/toolchain/avr8/avr8-gnu-toolchain/bin/../lib/gcc/avr/5.4.0/../../../../avr/lib/avrxmega3/short-calls\libm.a(fp_split3.o)
                0x00000f36                __fp_split3
                0x00000f46                __fp_splitA
 .text.avr-libc.fplib
                0x00000f7a        0xe d:/various_programs/atmel/studio/7.0/toolchain/avr8/avr8-gnu-toolchain/bin/../lib/gcc/avr/5.4.0/../../../../avr/lib/avrxmega3/short-calls\libm.a(fp_zero.o)
                0x00000f7a                __fp_zero
                0x00000f7c                __fp_szero
 .text.avr-libc.fplib
                0x00000f88        0xa d:/various_programs/atmel/studio/7.0/toolchain/avr8/avr8-gnu-toolchain/bin/../lib/gcc/avr/5.4.0/../../../../avr/lib/avrxmega3/short-calls\libm.a(gesf2.o)
                0x00000f88                __gesf2
                0x00000f88                __gtsf2
 .text.avr-libc.fplib
                0x00000f92       0x10 d:/various_programs/atmel/studio/7.0/toolchain/avr8/avr8-gnu-toolchain/bin/../lib/gcc/avr/5.4.0/../../../../avr/lib/avrxmega3/short-calls\libm.a(inverse.o)
                0x00000f92                inverse
 .text.avr-libc.fplib
                0x00000fa2       0x74 d:/various_programs/atmel/studio/7.0/toolchain/avr8/avr8-gnu-toolchain/bin/../lib/gcc/avr/5.4.0/../../../../avr/lib/avrxmega3/short-calls\libm.a(ldexp.o)
                0x00000faa                ldexp
 .text.avr-libc.fplib
                0x00001016       0x68 d:/various_programs/atmel/studio/7.0/toolchain/avr8/avr8-gnu-toolchain/bin/../lib/gcc/avr/5.4.0/../../../../avr/lib/avrxmega3/short-calls\libm.a(modf.o)
                0x00001016                modf
                0x00001016                modff
 .text.avr-libc.fplib
                0x0000107e        0x8 d:/various_programs/atmel/studio/7.0/toolchain/avr8/avr8-gnu-toolchain/bin/../lib/gcc/avr/5.4.0/../../../../avr/lib/avrxmega3/short-calls\libm.a(mulsf3.o)
                0x0000107e                __mulsf3
 .text.avr-libc.fplib
                0x00001086       0xd2 d:/various_programs/atmel/studio/7.0/toolchain/avr8/avr8-gnu-toolchain/bin/../lib/gcc/avr/5.4.0/../../../../avr/lib/avrxmega3/short-calls\libm.a(mulsf3x.o)
                0x000010a4                __mulsf3x
                0x000010aa                __mulsf3_pse
 .text.avr-libc.fplib
                0x00001158       0x48 d:/various_programs/atmel/studio/7.0/toolchain/avr8/avr8-gnu-toolchain/bin/../lib/gcc/avr/5.4.0/../../../../avr/lib/avrxmega3/short-calls\libm.a(round.o)
                0x00001158                round
 .text.avr-libc.fplib
                0x000011a0       0x36 d:/various_programs/atmel/studio/7.0/toolchain/avr8/avr8-gnu-toolchain/bin/../lib/gcc/avr/5.4.0/../../../../avr/lib/avrxmega3/short-calls\libm.a(fp_mintl.o)
                0x000011a0                __fp_mintl
 .text.avr-libc.fplib
                0x000011d6       0x1c d:/various_programs/atmel/studio/7.0/toolchain/avr8/avr8-gnu-toolchain/bin/../lib/gcc/avr/5.4.0/../../../../avr/lib/avrxmega3/short-calls\libm.a(fp_mpack.o)
                0x000011d6                __fp_mpack
                0x000011da                __fp_mpack_finite
 .text.avr-libc
                0x000011f2      0x242 d:/various_programs/atmel/studio/7.0/toolchain/avr8/avr8-gnu-toolchain/bin/../lib/gcc/avr/5.4.0/../../../../avr/lib/avrxmega3/short-calls\libc.a(malloc.o)
                0x000011f2                malloc
                0x00001322                free
                0x00001434                . = ALIGN (0x2)
 *(.fini9)
 .fini9         0x00001434        0x0 d:/various_programs/atmel/studio/7.0/toolchain/avr8/avr8-gnu-toolchain/bin/../lib/gcc/avr/5.4.0/avrxmega3/short-calls\libgcc.a(_exit.o)
                0x00001434                _exit
                0x00001434                exit
 *(.fini9)
 *(.fini8)
 *(.fini8)
 *(.fini7)
 *(.fini7)
 *(.fini6)
 *(.fini6)
 *(.fini5)
 *(.fini5)
 *(.fini4)
 *(.fini4)
 *(.fini3)
 *(.fini3)
 *(.fini2)
 *(.fini2)
 *(.fini1)
 *(.fini1)
 *(.fini0)
 .fini0         0x00001434        0x4 d:/various_programs/atmel/studio/7.0/toolchain/avr8/avr8-gnu-toolchain/bin/../lib/gcc/avr/5.4.0/avrxmega3/short-calls\libgcc.a(_exit.o)
 *(.fini0)
                0x00001438                _etext = .

.rodata
 *(.rodata)
 *(.rodata*)
 *(.gnu.linkonce.r*)

.data           0x00803e00        0xe load address 0x00001438
                0x00803e00                PROVIDE (__data_start, .)
 *(.data)
 .data          0x00803e00        0x6 d:/various_programs/atmel/studio/7.0/toolchain/avr8/avr8-gnu-toolchain/bin/../lib/gcc/avr/5.4.0/../../../../avr/lib/avrxmega3/short-calls\libc.a(malloc.o)
                0x00803e00                __malloc_heap_end
                0x00803e02                __malloc_heap_start
                0x00803e04                __malloc_margin
 *(.data*)
 .data.ideal_time_between_pulses
                0x00803e06        0x2 tinyPulse/tinyPulse.o
                0x00803e06                ideal_time_between_pulses
 .data.dendrite_ports
                0x00803e08        0x5 tinyDendrite/tinyDendrite.o
                0x00803e08                dendrite_ports
 *(.gnu.linkonce.d*)
                0x00803e0e                . = ALIGN (0x2)
 *fill*         0x00803e0d        0x1 
                0x00803e0e                _edata = .
                0x00803e0e                PROVIDE (__data_end, .)

.bss            0x00803e0e       0x4f
                0x00803e0e                PROVIDE (__bss_start, .)
 *(.bss)
 *(.bss*)
 .bss.time_since_last_pulse
                0x00803e0e        0x2 tinyPulse/tinyPulse.o
                0x00803e0e                time_since_last_pulse
 .bss.time_of_last_pulse
                0x00803e10        0x4 tinyPulse/tinyPulse.o
                0x00803e10                time_of_last_pulse
 .bss.pulse_mode
                0x00803e14        0x1 tinyPulse/tinyPulse.o
                0x00803e14                pulse_mode
 .bss.time_counter
                0x00803e15        0x4 tinyTime/tinyTime.o
 .bss.fire_flash_time_counter
                0x00803e19        0x4 Potential_to_RGB/Potential_to_RGB.o
                0x00803e19                fire_flash_time_counter
 .bss.tinyButton_start_time
                0x00803e1d        0x4 tinyButton/tinyButton.o
 .bss.button_press
                0x00803e21        0x1 tinyButton/tinyButton.o
                0x00803e21                button_press
 .bss.button_was_pushed_down
                0x00803e22        0x1 tinyButton/tinyButton.o
 .bss.tinyCCLRGB_colors
                0x00803e23       0x12 tinyCCLRGB/tinyCCLRGB.o
 .bss.axonOutputValue
                0x00803e35        0x1 tinyAxon/tinyAxon.o
                0x00803e35                axonOutputValue
 .bss.pulse_queue
                0x00803e36        0x2 tinyAxon/tinyAxon.o
                0x00803e36                pulse_queue
 .bss.pulses_in_queue
                0x00803e38        0x1 tinyAxon/tinyAxon.o
                0x00803e38                pulses_in_queue
 .bss.this_neurons_type
                0x00803e39        0x1 tinyAxon/tinyAxon.o
                0x00803e39                this_neurons_type
 .bss.tinyAxon_should_fire
                0x00803e3a        0x1 tinyAxon/tinyAxon.o
                0x00803e3a                tinyAxon_should_fire
 .bss.tinyAxon_has_fired
                0x00803e3b        0x1 tinyAxon/tinyAxon.o
                0x00803e3b                tinyAxon_has_fired
 .bss.tinyDendrite_previous_signals
                0x00803e3c        0x5 tinyDendrite/tinyDendrite.o
                0x00803e3c                tinyDendrite_previous_signals
 .bss.tinyDendrite_current_signals
                0x00803e41        0x5 tinyDendrite/tinyDendrite.o
                0x00803e41                tinyDendrite_current_signals
 .bss.tinyDendrite_values
                0x00803e46        0xa tinyDendrite/tinyDendrite.o
                0x00803e46                tinyDendrite_values
 .bss.tinyISR_interrupt_flag
                0x00803e50        0x1 tinyISR/tinyISR.o
 .bss.tinyPotential_potential
                0x00803e51        0x4 tinyPotential/tinyPotential.o
 *(COMMON)
 COMMON         0x00803e55        0x4 tinyAxon/tinyAxon.o
                0x00803e55                next_pulse
 COMMON         0x00803e59        0x4 d:/various_programs/atmel/studio/7.0/toolchain/avr8/avr8-gnu-toolchain/bin/../lib/gcc/avr/5.4.0/../../../../avr/lib/avrxmega3/short-calls\libc.a(malloc.o)
                0x00803e59                __brkval
                0x00803e5b                __flp
                0x00803e5d                PROVIDE (__bss_end, .)
                0x00001438                __data_load_start = LOADADDR (.data)
                0x00001446                __data_load_end = (__data_load_start + SIZEOF (.data))

.noinit         0x00803e5d        0x0
                [!provide]                PROVIDE (__noinit_start, .)
 *(.noinit*)
                [!provide]                PROVIDE (__noinit_end, .)
                0x00803e5d                _end = .
                0x00803e5d                PROVIDE (__heap_start, .)

.eeprom         0x00810000        0x0
 *(.eeprom*)
                0x00810000                __eeprom_end = .

.fuse
 *(.fuse)
 *(.lfuse)
 *(.hfuse)
 *(.efuse)

.lock
 *(.lock*)

.signature
 *(.signature*)

.user_signatures
 *(.user_signatures*)

.stab
 *(.stab)

.stabstr
 *(.stabstr)

.stab.excl
 *(.stab.excl)

.stab.exclstr
 *(.stab.exclstr)

.stab.index
 *(.stab.index)

.stab.indexstr
 *(.stab.indexstr)

.comment        0x00000000       0x30
 *(.comment)
 .comment       0x00000000       0x30 atmel_start.o
                                 0x31 (size before relaxing)
 .comment       0x00000030       0x31 src/adc_basic.o
 .comment       0x00000030       0x31 src/bod.o
 .comment       0x00000030       0x31 src/ccl.o
 .comment       0x00000030       0x31 src/clkctrl.o
 .comment       0x00000030       0x31 src/cpuint.o
 .comment       0x00000030       0x31 src/dac_basic.o
 .comment       0x00000030       0x31 src/driver_init.o
 .comment       0x00000030       0x31 src/queue.o
 .comment       0x00000030       0x31 src/rtc.o
 .comment       0x00000030       0x31 src/slpctrl.o
 .comment       0x00000030       0x31 src/spi.o
 .comment       0x00000030       0x31 src/tca.o
 .comment       0x00000030       0x31 tinyPulse/tinyPulse.o
 .comment       0x00000030       0x31 tinyTime/tinyTime.o
 .comment       0x00000030       0x31 main.o
 .comment       0x00000030       0x31 Potential_to_RGB/Potential_to_RGB.o
 .comment       0x00000030       0x31 tinyButton/tinyButton.o
 .comment       0x00000030       0x31 tinyCCLRGB/tinyCCLRGB.o
 .comment       0x00000030       0x31 tinyAxon/tinyAxon.o
 .comment       0x00000030       0x31 tinyDendrite/tinyDendrite.o
 .comment       0x00000030       0x31 tinyISR/tinyISR.o
 .comment       0x00000030       0x31 tinyPotential/tinyPotential.o
 .comment       0x00000030       0x31 d:/various_programs/atmel/studio/7.0/toolchain/avr8/avr8-gnu-toolchain/bin/../lib/gcc/avr/5.4.0/../../../../avr/lib/avrxmega3/short-calls\libc.a(malloc.o)

.note.gnu.avr.deviceinfo
                0x00000000       0x3c
 .note.gnu.avr.deviceinfo
                0x00000000       0x3c D:/Various_programs/Atmel/Studio/7.0/Packs/Atmel/ATtiny_DFP/1.3.229/gcc/dev/attiny817/avrxmega3/short-calls/crtattiny817.o

.note.gnu.build-id
 *(.note.gnu.build-id)

.debug
 *(.debug)

.line
 *(.line)

.debug_srcinfo
 *(.debug_srcinfo)

.debug_sfnames
 *(.debug_sfnames)

.debug_aranges  0x00000000      0x3f0
 *(.debug_aranges)
 .debug_aranges
                0x00000000       0x20 atmel_start.o
 .debug_aranges
                0x00000020       0x58 src/adc_basic.o
 .debug_aranges
                0x00000078       0x20 src/bod.o
 .debug_aranges
                0x00000098       0x20 src/ccl.o
 .debug_aranges
                0x000000b8       0x20 src/clkctrl.o
 .debug_aranges
                0x000000d8       0x20 src/cpuint.o
 .debug_aranges
                0x000000f8       0x40 src/dac_basic.o
 .debug_aranges
                0x00000138       0x50 src/driver_init.o
 .debug_aranges
                0x00000188       0x20 src/protected_io.o
 .debug_aranges
                0x000001a8       0x30 src/queue.o
 .debug_aranges
                0x000001d8       0x20 src/rtc.o
 .debug_aranges
                0x000001f8       0x20 src/slpctrl.o
 .debug_aranges
                0x00000218       0x20 src/spi.o
 .debug_aranges
                0x00000238       0x20 src/tca.o
 .debug_aranges
                0x00000258       0x28 tinyPulse/tinyPulse.o
 .debug_aranges
                0x00000280       0x28 tinyTime/tinyTime.o
 .debug_aranges
                0x000002a8       0x20 main.o
 .debug_aranges
                0x000002c8       0x28 Potential_to_RGB/Potential_to_RGB.o
 .debug_aranges
                0x000002f0       0x28 tinyButton/tinyButton.o
 .debug_aranges
                0x00000318       0x30 tinyCCLRGB/tinyCCLRGB.o
 .debug_aranges
                0x00000348       0x30 tinyAxon/tinyAxon.o
 .debug_aranges
                0x00000378       0x28 tinyDendrite/tinyDendrite.o
 .debug_aranges
                0x000003a0       0x30 tinyISR/tinyISR.o
 .debug_aranges
                0x000003d0       0x20 tinyPotential/tinyPotential.o

.debug_pubnames
 *(.debug_pubnames)

.debug_info     0x00000000     0x6c6c
 *(.debug_info .gnu.linkonce.wi.*)
 .debug_info    0x00000000     0x16bc D:/Various_programs/Atmel/Studio/7.0/Packs/Atmel/ATtiny_DFP/1.3.229/gcc/dev/attiny817/avrxmega3/short-calls/crtattiny817.o
 .debug_info    0x000016bc       0x9a atmel_start.o
 .debug_info    0x00001756      0x484 src/adc_basic.o
 .debug_info    0x00001bda       0x8d src/bod.o
 .debug_info    0x00001c67      0x2fd src/ccl.o
 .debug_info    0x00001f64      0x3fe src/clkctrl.o
 .debug_info    0x00002362       0x8d src/cpuint.o
 .debug_info    0x000023ef      0x184 src/dac_basic.o
 .debug_info    0x00002573     0x12a9 src/driver_init.o
 .debug_info    0x0000381c       0xb2 src/protected_io.o
 .debug_info    0x000038ce      0x1fd src/queue.o
 .debug_info    0x00003acb      0x422 src/rtc.o
 .debug_info    0x00003eed       0x8d src/slpctrl.o
 .debug_info    0x00003f7a      0x18f src/spi.o
 .debug_info    0x00004109      0xa74 src/tca.o
 .debug_info    0x00004b7d      0x130 tinyPulse/tinyPulse.o
 .debug_info    0x00004cad       0xb5 tinyTime/tinyTime.o
 .debug_info    0x00004d62      0x229 main.o
 .debug_info    0x00004f8b      0x30e Potential_to_RGB/Potential_to_RGB.o
 .debug_info    0x00005299      0x222 tinyButton/tinyButton.o
 .debug_info    0x000054bb      0xc0d tinyCCLRGB/tinyCCLRGB.o
 .debug_info    0x000060c8      0x3ec tinyAxon/tinyAxon.o
 .debug_info    0x000064b4      0x274 tinyDendrite/tinyDendrite.o
 .debug_info    0x00006728      0x3d8 tinyISR/tinyISR.o
 .debug_info    0x00006b00      0x16c tinyPotential/tinyPotential.o

.debug_abbrev   0x00000000     0x2ca2
 *(.debug_abbrev)
 .debug_abbrev  0x00000000     0x1582 D:/Various_programs/Atmel/Studio/7.0/Packs/Atmel/ATtiny_DFP/1.3.229/gcc/dev/attiny817/avrxmega3/short-calls/crtattiny817.o
 .debug_abbrev  0x00001582       0x63 atmel_start.o
 .debug_abbrev  0x000015e5      0x1bc src/adc_basic.o
 .debug_abbrev  0x000017a1       0x51 src/bod.o
 .debug_abbrev  0x000017f2       0x9f src/ccl.o
 .debug_abbrev  0x00001891      0x116 src/clkctrl.o
 .debug_abbrev  0x000019a7       0x51 src/cpuint.o
 .debug_abbrev  0x000019f8       0xc2 src/dac_basic.o
 .debug_abbrev  0x00001aba      0x1f2 src/driver_init.o
 .debug_abbrev  0x00001cac       0x14 src/protected_io.o
 .debug_abbrev  0x00001cc0      0x115 src/queue.o
 .debug_abbrev  0x00001dd5       0xd4 src/rtc.o
 .debug_abbrev  0x00001ea9       0x51 src/slpctrl.o
 .debug_abbrev  0x00001efa       0x9f src/spi.o
 .debug_abbrev  0x00001f99       0xf0 src/tca.o
 .debug_abbrev  0x00002089       0xa8 tinyPulse/tinyPulse.o
 .debug_abbrev  0x00002131       0x7a tinyTime/tinyTime.o
 .debug_abbrev  0x000021ab      0x114 main.o
 .debug_abbrev  0x000022bf      0x16f Potential_to_RGB/Potential_to_RGB.o
 .debug_abbrev  0x0000242e      0x16a tinyButton/tinyButton.o
 .debug_abbrev  0x00002598      0x1d1 tinyCCLRGB/tinyCCLRGB.o
 .debug_abbrev  0x00002769      0x1cc tinyAxon/tinyAxon.o
 .debug_abbrev  0x00002935      0x14b tinyDendrite/tinyDendrite.o
 .debug_abbrev  0x00002a80      0x157 tinyISR/tinyISR.o
 .debug_abbrev  0x00002bd7       0xcb tinyPotential/tinyPotential.o

.debug_line     0x00000000     0x21b5
 *(.debug_line .debug_line.* .debug_line_end)
 .debug_line    0x00000000      0x136 D:/Various_programs/Atmel/Studio/7.0/Packs/Atmel/ATtiny_DFP/1.3.229/gcc/dev/attiny817/avrxmega3/short-calls/crtattiny817.o
 .debug_line    0x00000136       0x60 atmel_start.o
 .debug_line    0x00000196      0x1fd src/adc_basic.o
 .debug_line    0x00000393       0x9f src/bod.o
 .debug_line    0x00000432      0x11a src/ccl.o
 .debug_line    0x0000054c      0x130 src/clkctrl.o
 .debug_line    0x0000067c       0xa8 src/cpuint.o
 .debug_line    0x00000724      0x17e src/dac_basic.o
 .debug_line    0x000008a2      0x388 src/driver_init.o
 .debug_line    0x00000c2a       0x55 src/protected_io.o
 .debug_line    0x00000c7f      0x179 src/queue.o
 .debug_line    0x00000df8      0x13c src/rtc.o
 .debug_line    0x00000f34       0xa3 src/slpctrl.o
 .debug_line    0x00000fd7      0x108 src/spi.o
 .debug_line    0x000010df      0x114 src/tca.o
 .debug_line    0x000011f3       0xf9 tinyPulse/tinyPulse.o
 .debug_line    0x000012ec       0xc5 tinyTime/tinyTime.o
 .debug_line    0x000013b1      0x1e9 main.o
 .debug_line    0x0000159a      0x18e Potential_to_RGB/Potential_to_RGB.o
 .debug_line    0x00001728      0x1f3 tinyButton/tinyButton.o
 .debug_line    0x0000191b      0x1a4 tinyCCLRGB/tinyCCLRGB.o
 .debug_line    0x00001abf      0x23c tinyAxon/tinyAxon.o
 .debug_line    0x00001cfb      0x1ef tinyDendrite/tinyDendrite.o
 .debug_line    0x00001eea      0x15c tinyISR/tinyISR.o
 .debug_line    0x00002046      0x16f tinyPotential/tinyPotential.o

.debug_frame    0x00000000      0x718
 *(.debug_frame)
 .debug_frame   0x00000000       0x24 atmel_start.o
 .debug_frame   0x00000024       0x94 src/adc_basic.o
 .debug_frame   0x000000b8       0x24 src/bod.o
 .debug_frame   0x000000dc       0x24 src/ccl.o
 .debug_frame   0x00000100       0x24 src/clkctrl.o
 .debug_frame   0x00000124       0x24 src/cpuint.o
 .debug_frame   0x00000148       0x64 src/dac_basic.o
 .debug_frame   0x000001ac       0x84 src/driver_init.o
 .debug_frame   0x00000230       0xb4 src/queue.o
 .debug_frame   0x000002e4       0x24 src/rtc.o
 .debug_frame   0x00000308       0x24 src/slpctrl.o
 .debug_frame   0x0000032c       0x24 src/spi.o
 .debug_frame   0x00000350       0x24 src/tca.o
 .debug_frame   0x00000374       0x48 tinyPulse/tinyPulse.o
 .debug_frame   0x000003bc       0x34 tinyTime/tinyTime.o
 .debug_frame   0x000003f0       0x34 main.o
 .debug_frame   0x00000424       0x74 Potential_to_RGB/Potential_to_RGB.o
 .debug_frame   0x00000498       0x48 tinyButton/tinyButton.o
 .debug_frame   0x000004e0       0x58 tinyCCLRGB/tinyCCLRGB.o
 .debug_frame   0x00000538       0xa0 tinyAxon/tinyAxon.o
 .debug_frame   0x000005d8       0x8c tinyDendrite/tinyDendrite.o
 .debug_frame   0x00000664       0x90 tinyISR/tinyISR.o
 .debug_frame   0x000006f4       0x24 tinyPotential/tinyPotential.o

.debug_str      0x00000000     0x2c05
 *(.debug_str)
 .debug_str     0x00000000      0x9a7 D:/Various_programs/Atmel/Studio/7.0/Packs/Atmel/ATtiny_DFP/1.3.229/gcc/dev/attiny817/avrxmega3/short-calls/crtattiny817.o
 .debug_str     0x000009a7      0x1a0 atmel_start.o
                                0x1d4 (size before relaxing)
 .debug_str     0x00000b47      0x331 src/adc_basic.o
                                0x507 (size before relaxing)
 .debug_str     0x00000e78       0x16 src/bod.o
                                0x1c1 (size before relaxing)
 .debug_str     0x00000e8e      0x41c src/ccl.o
                                0x5fd (size before relaxing)
 .debug_str     0x000012aa      0x317 src/clkctrl.o
                                0x536 (size before relaxing)
 .debug_str     0x000015c1       0x1c src/cpuint.o
                                0x1c7 (size before relaxing)
 .debug_str     0x000015dd       0x7c src/dac_basic.o
                                0x26c (size before relaxing)
 .debug_str     0x00001659      0x4ee src/driver_init.o
                                0x83a (size before relaxing)
 .debug_str     0x00001b47       0x7e src/queue.o
                                0x223 (size before relaxing)
 .debug_str     0x00001bc5      0x351 src/rtc.o
                                0x61e (size before relaxing)
 .debug_str     0x00001f16       0x11 src/slpctrl.o
                                0x1c9 (size before relaxing)
 .debug_str     0x00001f27       0xbf src/spi.o
                                0x2d5 (size before relaxing)
 .debug_str     0x00001fe6      0x36b src/tca.o
                                0x6c5 (size before relaxing)
 .debug_str     0x00002351       0xa7 tinyPulse/tinyPulse.o
                                0x26f (size before relaxing)
 .debug_str     0x000023f8       0x32 tinyTime/tinyTime.o
                                0x1f9 (size before relaxing)
 .debug_str     0x0000242a      0x17b main.o
                                0x36f (size before relaxing)
 .debug_str     0x000025a5       0xea Potential_to_RGB/Potential_to_RGB.o
                                0x2bd (size before relaxing)
 .debug_str     0x0000268f       0xac tinyButton/tinyButton.o
                                0x2e3 (size before relaxing)
 .debug_str     0x0000273b      0x14b tinyCCLRGB/tinyCCLRGB.o
                                0x783 (size before relaxing)
 .debug_str     0x00002886      0x15c tinyAxon/tinyAxon.o
                                0x3d6 (size before relaxing)
 .debug_str     0x000029e2      0x17b tinyDendrite/tinyDendrite.o
                                0x362 (size before relaxing)
 .debug_str     0x00002b5d       0x44 tinyISR/tinyISR.o
                                0x3ad (size before relaxing)
 .debug_str     0x00002ba1       0x64 tinyPotential/tinyPotential.o
                                0x2b6 (size before relaxing)

.debug_loc      0x00000000     0x1366
 *(.debug_loc)
 .debug_loc     0x00000000       0x87 src/adc_basic.o
 .debug_loc     0x00000087       0x52 src/clkctrl.o
 .debug_loc     0x000000d9      0x4fe src/driver_init.o
 .debug_loc     0x000005d7      0x395 src/queue.o
 .debug_loc     0x0000096c       0x93 tinyPulse/tinyPulse.o
 .debug_loc     0x000009ff       0xc0 main.o
 .debug_loc     0x00000abf      0x15a Potential_to_RGB/Potential_to_RGB.o
 .debug_loc     0x00000c19       0xc3 tinyButton/tinyButton.o
 .debug_loc     0x00000cdc       0xac tinyCCLRGB/tinyCCLRGB.o
 .debug_loc     0x00000d88      0x223 tinyAxon/tinyAxon.o
 .debug_loc     0x00000fab      0x273 tinyDendrite/tinyDendrite.o
 .debug_loc     0x0000121e       0xec tinyISR/tinyISR.o
 .debug_loc     0x0000130a       0x5c tinyPotential/tinyPotential.o

.debug_macinfo
 *(.debug_macinfo)

.debug_weaknames
 *(.debug_weaknames)

.debug_funcnames
 *(.debug_funcnames)

.debug_typenames
 *(.debug_typenames)

.debug_varnames
 *(.debug_varnames)

.debug_pubtypes
 *(.debug_pubtypes)

.debug_ranges   0x00000000      0x260
 *(.debug_ranges)
 .debug_ranges  0x00000000       0x10 atmel_start.o
 .debug_ranges  0x00000010       0x48 src/adc_basic.o
 .debug_ranges  0x00000058       0x10 src/bod.o
 .debug_ranges  0x00000068       0x10 src/ccl.o
 .debug_ranges  0x00000078       0x10 src/clkctrl.o
 .debug_ranges  0x00000088       0x10 src/cpuint.o
 .debug_ranges  0x00000098       0x30 src/dac_basic.o
 .debug_ranges  0x000000c8       0x40 src/driver_init.o
 .debug_ranges  0x00000108       0x20 src/queue.o
 .debug_ranges  0x00000128       0x10 src/rtc.o
 .debug_ranges  0x00000138       0x10 src/slpctrl.o
 .debug_ranges  0x00000148       0x10 src/spi.o
 .debug_ranges  0x00000158       0x10 src/tca.o
 .debug_ranges  0x00000168       0x18 tinyPulse/tinyPulse.o
 .debug_ranges  0x00000180       0x18 tinyTime/tinyTime.o
 .debug_ranges  0x00000198       0x10 main.o
 .debug_ranges  0x000001a8       0x18 Potential_to_RGB/Potential_to_RGB.o
 .debug_ranges  0x000001c0       0x18 tinyButton/tinyButton.o
 .debug_ranges  0x000001d8       0x20 tinyCCLRGB/tinyCCLRGB.o
 .debug_ranges  0x000001f8       0x20 tinyAxon/tinyAxon.o
 .debug_ranges  0x00000218       0x18 tinyDendrite/tinyDendrite.o
 .debug_ranges  0x00000230       0x20 tinyISR/tinyISR.o
 .debug_ranges  0x00000250       0x10 tinyPotential/tinyPotential.o

.debug_macro
 *(.debug_macro)
OUTPUT(Building_Brains_V4.elf elf32-avr)
LOAD linker stubs
