Archive member included to satisfy reference by file (symbol)

d:/various_programs/atmel/studio/7.0/toolchain/avr8/avr8-gnu-toolchain/bin/../lib/gcc/avr/5.4.0/../../../../avr/lib/avrxmega3\libm.a(addsf3.o)
                              tinyAxon/tinyAxon.o (__subsf3)
d:/various_programs/atmel/studio/7.0/toolchain/avr8/avr8-gnu-toolchain/bin/../lib/gcc/avr/5.4.0/../../../../avr/lib/avrxmega3\libm.a(addsf3x.o)
                              d:/various_programs/atmel/studio/7.0/toolchain/avr8/avr8-gnu-toolchain/bin/../lib/gcc/avr/5.4.0/../../../../avr/lib/avrxmega3\libm.a(addsf3.o) (__addsf3x)
d:/various_programs/atmel/studio/7.0/toolchain/avr8/avr8-gnu-toolchain/bin/../lib/gcc/avr/5.4.0/../../../../avr/lib/avrxmega3\libm.a(cmpsf2.o)
                              tinyLED/tinyLED.o (__ltsf2)
d:/various_programs/atmel/studio/7.0/toolchain/avr8/avr8-gnu-toolchain/bin/../lib/gcc/avr/5.4.0/../../../../avr/lib/avrxmega3\libm.a(divsf3.o)
                              tinyLED/tinyLED.o (__divsf3)
d:/various_programs/atmel/studio/7.0/toolchain/avr8/avr8-gnu-toolchain/bin/../lib/gcc/avr/5.4.0/../../../../avr/lib/avrxmega3\libm.a(divsf3x.o)
                              d:/various_programs/atmel/studio/7.0/toolchain/avr8/avr8-gnu-toolchain/bin/../lib/gcc/avr/5.4.0/../../../../avr/lib/avrxmega3\libm.a(divsf3.o) (__divsf3x)
d:/various_programs/atmel/studio/7.0/toolchain/avr8/avr8-gnu-toolchain/bin/../lib/gcc/avr/5.4.0/../../../../avr/lib/avrxmega3\libm.a(exp.o)
                              tinyPotential/tinyPotential.o (exp)
d:/various_programs/atmel/studio/7.0/toolchain/avr8/avr8-gnu-toolchain/bin/../lib/gcc/avr/5.4.0/../../../../avr/lib/avrxmega3\libm.a(fixunssfsi.o)
                              tinyLED/tinyLED.o (__fixunssfsi)
d:/various_programs/atmel/studio/7.0/toolchain/avr8/avr8-gnu-toolchain/bin/../lib/gcc/avr/5.4.0/../../../../avr/lib/avrxmega3\libm.a(floatsisf.o)
                              tinyButton/tinyButton.o (__floatunsisf)
d:/various_programs/atmel/studio/7.0/toolchain/avr8/avr8-gnu-toolchain/bin/../lib/gcc/avr/5.4.0/../../../../avr/lib/avrxmega3\libm.a(fmin.o)
                              tinyLED/tinyLED.o (fmin)
d:/various_programs/atmel/studio/7.0/toolchain/avr8/avr8-gnu-toolchain/bin/../lib/gcc/avr/5.4.0/../../../../avr/lib/avrxmega3\libm.a(fp_cmp.o)
                              d:/various_programs/atmel/studio/7.0/toolchain/avr8/avr8-gnu-toolchain/bin/../lib/gcc/avr/5.4.0/../../../../avr/lib/avrxmega3\libm.a(cmpsf2.o) (__fp_cmp)
d:/various_programs/atmel/studio/7.0/toolchain/avr8/avr8-gnu-toolchain/bin/../lib/gcc/avr/5.4.0/../../../../avr/lib/avrxmega3\libm.a(fp_inf.o)
                              d:/various_programs/atmel/studio/7.0/toolchain/avr8/avr8-gnu-toolchain/bin/../lib/gcc/avr/5.4.0/../../../../avr/lib/avrxmega3\libm.a(addsf3x.o) (__fp_inf)
d:/various_programs/atmel/studio/7.0/toolchain/avr8/avr8-gnu-toolchain/bin/../lib/gcc/avr/5.4.0/../../../../avr/lib/avrxmega3\libm.a(fp_nan.o)
                              d:/various_programs/atmel/studio/7.0/toolchain/avr8/avr8-gnu-toolchain/bin/../lib/gcc/avr/5.4.0/../../../../avr/lib/avrxmega3\libm.a(addsf3x.o) (__fp_nan)
d:/various_programs/atmel/studio/7.0/toolchain/avr8/avr8-gnu-toolchain/bin/../lib/gcc/avr/5.4.0/../../../../avr/lib/avrxmega3\libm.a(fp_powser.o)
                              d:/various_programs/atmel/studio/7.0/toolchain/avr8/avr8-gnu-toolchain/bin/../lib/gcc/avr/5.4.0/../../../../avr/lib/avrxmega3\libm.a(exp.o) (__fp_powser)
d:/various_programs/atmel/studio/7.0/toolchain/avr8/avr8-gnu-toolchain/bin/../lib/gcc/avr/5.4.0/../../../../avr/lib/avrxmega3\libm.a(fp_pscA.o)
                              d:/various_programs/atmel/studio/7.0/toolchain/avr8/avr8-gnu-toolchain/bin/../lib/gcc/avr/5.4.0/../../../../avr/lib/avrxmega3\libm.a(addsf3x.o) (__fp_pscA)
d:/various_programs/atmel/studio/7.0/toolchain/avr8/avr8-gnu-toolchain/bin/../lib/gcc/avr/5.4.0/../../../../avr/lib/avrxmega3\libm.a(fp_pscB.o)
                              d:/various_programs/atmel/studio/7.0/toolchain/avr8/avr8-gnu-toolchain/bin/../lib/gcc/avr/5.4.0/../../../../avr/lib/avrxmega3\libm.a(addsf3x.o) (__fp_pscB)
d:/various_programs/atmel/studio/7.0/toolchain/avr8/avr8-gnu-toolchain/bin/../lib/gcc/avr/5.4.0/../../../../avr/lib/avrxmega3\libm.a(fp_round.o)
                              d:/various_programs/atmel/studio/7.0/toolchain/avr8/avr8-gnu-toolchain/bin/../lib/gcc/avr/5.4.0/../../../../avr/lib/avrxmega3\libm.a(addsf3.o) (__fp_round)
d:/various_programs/atmel/studio/7.0/toolchain/avr8/avr8-gnu-toolchain/bin/../lib/gcc/avr/5.4.0/../../../../avr/lib/avrxmega3\libm.a(fp_split3.o)
                              d:/various_programs/atmel/studio/7.0/toolchain/avr8/avr8-gnu-toolchain/bin/../lib/gcc/avr/5.4.0/../../../../avr/lib/avrxmega3\libm.a(addsf3x.o) (__fp_split3)
d:/various_programs/atmel/studio/7.0/toolchain/avr8/avr8-gnu-toolchain/bin/../lib/gcc/avr/5.4.0/../../../../avr/lib/avrxmega3\libm.a(fp_zero.o)
[...]
Memory Configuration

Name             Origin             Length             Attributes
text             0x00000000         0x00100000         xr
data             0x00802000         0x0000ffa0         rw !x
eeprom           0x00810000         0x00010000         rw !x
fuse             0x00820000         0x00000009         rw !x
lock             0x00830000         0x00000400         rw !x
signature        0x00840000         0x00000400         rw !x
user_signatures  0x00850000         0x00000400         rw !x
*default*        0x00000000         0xffffffff

Linker script and memory map

Address of section .data set to 0x803800
                0x00008000                __RODATA_PM_OFFSET__ = 0x8000
LOAD D:/Various_programs/Atmel/Studio/7.0/Packs/Atmel/ATtiny_DFP/1.3.229/gcc/dev/attiny3217/avrxmega3/crtattiny3217.o
LOAD atmel_start.o
LOAD driver_isr.o
LOAD examples/src/adc_basic_example.o
LOAD examples/src/dac_basic_example.o
LOAD examples/src/usart_basic_example.o
LOAD src/adc_basic.o
LOAD src/bod.o
LOAD src/ccl.o
LOAD src/clkctrl.o
LOAD src/cpuint.o
LOAD src/dac_basic.o
LOAD src/driver_init.o
LOAD src/protected_io.o
LOAD src/rtc.o
LOAD src/slpctrl.o
LOAD src/spi.o
LOAD src/tca.o
LOAD src/usart_basic.o
LOAD tinyCharge/tinyCharge.o
LOAD tinyDebugger/tinyDebugger.o
LOAD tinyPulse/tinyPulse.o
LOAD tinyTime/tinyTime.o
LOAD main.o
LOAD tinyButton/tinyButton.o
LOAD tinyLED/tinyLED.o
LOAD tinyAxon/tinyAxon.o
LOAD tinyDendrite/tinyDendrite.o
LOAD tinyISR/tinyISR.o
LOAD tinyPotential/tinyPotential.o
START GROUP
LOAD d:/various_programs/atmel/studio/7.0/toolchain/avr8/avr8-gnu-toolchain/bin/../lib/gcc/avr/5.4.0/../../../../avr/lib/avrxmega3\libm.a
END GROUP
START GROUP
LOAD d:/various_programs/atmel/studio/7.0/toolchain/avr8/avr8-gnu-toolchain/bin/../lib/gcc/avr/5.4.0/avrxmega3\libgcc.a
LOAD d:/various_programs/atmel/studio/7.0/toolchain/avr8/avr8-gnu-toolchain/bin/../lib/gcc/avr/5.4.0/../../../../avr/lib/avrxmega3\libm.a
LOAD d:/various_programs/atmel/studio/7.0/toolchain/avr8/avr8-gnu-toolchain/bin/../lib/gcc/avr/5.4.0/../../../../avr/lib/avrxmega3\libc.a
LOAD D:/Various_programs/Atmel/Studio/7.0/Packs/Atmel/ATtiny_DFP/1.3.229/gcc/dev/attiny3217/avrxmega3\libattiny3217.a
END GROUP
                0x00100000                __TEXT_REGION_LENGTH__ = DEFINED (__TEXT_REGION_LENGTH__)?__TEXT_REGION_LENGTH__:0x100000
                0x0000ffa0                __DATA_REGION_LENGTH__ = DEFINED (__DATA_REGION_LENGTH__)?__DATA_REGION_LENGTH__:0xffa0
                0x00010000                __EEPROM_REGION_LENGTH__ = DEFINED (__EEPROM_REGION_LENGTH__)?__EEPROM_REGION_LENGTH__:0x10000
                [0x00000009]                __FUSE_REGION_LENGTH__ = DEFINED (__FUSE_REGION_LENGTH__)?__FUSE_REGION_LENGTH__:0x400
                0x00000400                __LOCK_REGION_LENGTH__ = DEFINED (__LOCK_REGION_LENGTH__)?__LOCK_REGION_LENGTH__:0x400
                0x00000400                __SIGNATURE_REGION_LENGTH__ = DEFINED (__SIGNATURE_REGION_LENGTH__)?__SIGNATURE_REGION_LENGTH__:0x400
                0x00000400                __USER_SIGNATURE_REGION_LENGTH__ = DEFINED (__USER_SIGNATURE_REGION_LENGTH__)?__USER_SIGNATURE_REGION_LENGTH__:0x400
                0x00008000                __RODATA_PM_OFFSET__ = DEFINED (__RODATA_PM_OFFSET__)?__RODATA_PM_OFFSET__:0x8000

.hash
 *(.hash)

.dynsym
 *(.dynsym)

.dynstr
 *(.dynstr)

.gnu.version
 *(.gnu.version)

.gnu.version_d
 *(.gnu.version_d)

.gnu.version_r
 *(.gnu.version_r)

.rel.init
 *(.rel.init)

.rela.init
 *(.rela.init)

.rel.text
 *(.rel.text)
 *(.rel.text.*)
 *(.rel.gnu.linkonce.t*)

.rela.text
 *(.rela.text)
 *(.rela.text.*)
 *(.rela.gnu.linkonce.t*)

.rel.fini
 *(.rel.fini)

.rela.fini
 *(.rela.fini)

.rel.rodata
 *(.rel.rodata)
 *(.rel.rodata.*)
 *(.rel.gnu.linkonce.r*)

.rela.rodata
 *(.rela.rodata)
 *(.rela.rodata.*)
 *(.rela.gnu.linkonce.r*)

.rel.data
 *(.rel.data)
 *(.rel.data.*)
 *(.rel.gnu.linkonce.d*)

.rela.data
 *(.rela.data)
 *(.rela.data.*)
 *(.rela.gnu.linkonce.d*)

.rel.ctors
 *(.rel.ctors)

.rela.ctors
 *(.rela.ctors)

.rel.dtors
 *(.rel.dtors)

.rela.dtors
 *(.rela.dtors)

.rel.got
 *(.rel.got)

.rela.got
 *(.rela.got)

.rel.bss
 *(.rel.bss)

.rela.bss
 *(.rela.bss)

.rel.plt
 *(.rel.plt)

.rela.plt
 *(.rela.plt)

.text           0x00000000     0x2402
 *(.vectors)
 .vectors       0x00000000       0x7c D:/Various_programs/Atmel/Studio/7.0/Packs/Atmel/ATtiny_DFP/1.3.229/gcc/dev/attiny3217/avrxmega3/crtattiny3217.o
                0x00000000                __vector_default
                0x00000000                __vectors
 *(.vectors)
 *(.progmem.gcc*)
 .progmem.gcc_fplib
                0x0000007c       0x28 d:/various_programs/atmel/studio/7.0/toolchain/avr8/avr8-gnu-toolchain/bin/../lib/gcc/avr/5.4.0/../../../../avr/lib/avrxmega3\libm.a(exp.o)
 .progmem.gcc_fplib
                0x000000a4       0x1e d:/various_programs/atmel/studio/7.0/toolchain/avr8/avr8-gnu-toolchain/bin/../lib/gcc/avr/5.4.0/../../../../avr/lib/avrxmega3\libm.a(fp_sinus.o)
                0x000000c2                . = ALIGN (0x2)
                0x000000c2                __trampolines_start = .
 *(.trampolines)
 .trampolines   0x000000c2        0x0 linker stubs
 *(.trampolines*)
                0x000000c2                __trampolines_end = .
 *libprintf_flt.a:*(.progmem.data)
 *libc.a:*(.progmem.data)
 .progmem.data  0x000000c2       0xfa d:/various_programs/atmel/studio/7.0/toolchain/avr8/avr8-gnu-toolchain/bin/../lib/gcc/avr/5.4.0/../../../../avr/lib/avrxmega3\libc.a(ftoa_engine.o)
 *(.progmem*)
                0x000001bc                . = ALIGN (0x2)
 *(.jumptables)
 *(.jumptables*)
 *(.lowtext)
 *(.lowtext*)
                0x000001bc                __ctors_start = .
 *(.ctors)
                0x000001bc                __ctors_end = .
                0x000001bc                __dtors_start = .
 *(.dtors)
                0x000001bc                __dtors_end = .
 SORT(*)(.ctors)
 SORT(*)(.dtors)
 *(.init0)
 .init0         0x000001bc        0x0 D:/Various_programs/Atmel/Studio/7.0/Packs/Atmel/ATtiny_DFP/1.3.229/gcc/dev/attiny3217/avrxmega3/crtattiny3217.o
                0x000001bc                __init
 *(.init0)
 *(.init1)
 *(.init1)
 *(.init2)
 .init2         0x000001bc        0xc D:/Various_programs/Atmel/Studio/7.0/Packs/Atmel/ATtiny_DFP/1.3.229/gcc/dev/attiny3217/avrxmega3/crtattiny3217.o
 *(.init2)
 *(.init3)
 *(.init3)
 *(.init4)
 .init4         0x000001c8       0x16 d:/various_programs/atmel/studio/7.0/toolchain/avr8/avr8-gnu-toolchain/bin/../lib/gcc/avr/5.4.0/avrxmega3\libgcc.a(_copy_data.o)
                0x000001c8                __do_copy_data
 .init4         0x000001de       0x10 d:/various_programs/atmel/studio/7.0/toolchain/avr8/avr8-gnu-toolchain/bin/../lib/gcc/avr/5.4.0/avrxmega3\libgcc.a(_clear_bss.o)
                0x000001de                __do_clear_bss
 *(.init4)
 *(.init5)
 *(.init5)
 *(.init6)
 *(.init6)
 *(.init7)
 *(.init7)
 *(.init8)
 *(.init8)
 *(.init9)
 .init9         0x000001ee        0x8 D:/Various_programs/Atmel/Studio/7.0/Packs/Atmel/ATtiny_DFP/1.3.229/gcc/dev/attiny3217/avrxmega3/crtattiny3217.o
 *(.init9)
 *(.text)
 .text          0x000001f6        0x4 D:/Various_programs/Atmel/Studio/7.0/Packs/Atmel/ATtiny_DFP/1.3.229/gcc/dev/attiny3217/avrxmega3/crtattiny3217.o
                0x000001f6                __vector_22
                0x000001f6                __vector_28
                0x000001f6                __vector_1
                0x000001f6                __vector_24
                0x000001f6                __vector_12
                0x000001f6                __bad_interrupt
                0x000001f6                __vector_3
                0x000001f6                __vector_23
                0x000001f6                __vector_30
                0x000001f6                __vector_25
                0x000001f6                __vector_11
                0x000001f6                __vector_13
                0x000001f6                __vector_17
                0x000001f6                __vector_19
                0x000001f6                __vector_7
                0x000001f6                __vector_27
                0x000001f6                __vector_5
                0x000001f6                __vector_4
                0x000001f6                __vector_9
                0x000001f6                __vector_2
                0x000001f6                __vector_21
                0x000001f6                __vector_15
                0x000001f6                __vector_29
                0x000001f6                __vector_8
                0x000001f6                __vector_26
                0x000001f6                __vector_14
                0x000001f6                __vector_10
                0x000001f6                __vector_16
                0x000001f6                __vector_18
                0x000001f6                __vector_20
                0x000001fa                . = ALIGN (0x2)
 *(.text.*)
 .text.atmel_start_init
                0x000001fa        0x6 atmel_start.o
                0x000001fa                atmel_start_init
 .text.ADC_init
                0x00000200        0xa src/adc_basic.o
                0x00000200                ADC_init
 .text.ADC_is_conversion_done
                0x0000020a        0x8 src/adc_basic.o
                0x0000020a                ADC_is_conversion_done
 .text.ADC_get_conversion
                0x00000212       0x24 src/adc_basic.o
                0x00000212                ADC_get_conversion
 .text.BOD_init
                0x00000236        0xa src/bod.o
                0x00000236                BOD_init
 .text.DIGGSIGG_init
                0x00000240       0x1c src/ccl.o
                0x00000240                DIGGSIGG_init
 .text.CLKCTRL_init
                0x0000025c       0x1c src/clkctrl.o
                0x0000025c                CLKCTRL_init
 .text.CPUINT_init
                0x00000278        0x6 src/cpuint.o
                0x00000278                CPUINT_init
 .text.DAC_init
                0x0000027e        0xa src/dac_basic.o
                0x0000027e                DAC_init
 .text.DAC_set_output
                0x00000288        0x6 src/dac_basic.o
                0x00000288                DAC_set_output
 .text.mcu_init
                0x0000028e       0x38 src/driver_init.o
                0x0000028e                mcu_init
 .text.ADC_initialization
                0x000002c6       0x60 src/driver_init.o
                0x000002c6                ADC_initialization
 .text.USART_0_initialization
                0x00000326       0x16 src/driver_init.o
                0x00000326                USART_0_initialization
 .text.TIMER_0_initialization
                0x0000033c       0x14 src/driver_init.o
                0x0000033c                TIMER_0_initialization
 .text.DIGGSIGG_initialization
                0x00000350       0x14 src/driver_init.o
                0x00000350                DIGGSIGG_initialization
 .text.SPI_0_initialization
                0x00000364       0x1e src/driver_init.o
                0x00000364                SPI_0_initialization
 .text.DAC_initialization
                0x00000382       0x18 src/driver_init.o
                0x00000382                DAC_initialization
 .text.system_init
                0x0000039a       0x5a src/driver_init.o
                0x0000039a                system_init
 .text.protected_write_io
                0x000003f4        0x8 src/protected_io.o
                0x000003f4                protected_write_io
 .text.RTC_init
                0x000003fc       0x38 src/rtc.o
                0x000003fc                RTC_init
 .text.SLPCTRL_init
                0x00000434        0x4 src/slpctrl.o
                0x00000434                SLPCTRL_init
 .text.SPI_0_init
                0x00000438       0x10 src/spi.o
                0x00000438                SPI_0_init
 .text.TIMER_0_init
                0x00000448       0x20 src/tca.o
                0x00000448                TIMER_0_init
 .text.USART_0_init
                0x00000468       0x20 src/usart_basic.o
                0x00000468                USART_0_init
 .text.USART_0_write
                0x00000488       0x10 src/usart_basic.o
                0x00000488                USART_0_write
 .text.USART_0_printCHAR
                0x00000498        0xa src/usart_basic.o
                0x00000498                USART_0_printCHAR
 .text.tinyCharge_is_connected_to_charger
                0x000004a2        0x6 tinyCharge/tinyCharge.o
                0x000004a2                tinyCharge_is_connected_to_charger
 .text.tinyCharge_is_fully_charged
                0x000004a8        0xa tinyCharge/tinyCharge.o
                0x000004a8                tinyCharge_is_fully_charged
 .text.tinyCharge_switch_mode
                0x000004b2       0x2e tinyCharge/tinyCharge.o
                0x000004b2                tinyCharge_switch_mode
 .text.tinyCharge_set_charging_mode
                0x000004e0       0x12 tinyCharge/tinyCharge.o
                0x000004e0                tinyCharge_set_charging_mode
 .text.tinyCharge_set_transistors
                0x000004f2       0x10 tinyCharge/tinyCharge.o
                0x000004f2                tinyCharge_set_transistors
 .text.tinyDebugger_send_uint32
                0x00000502       0x2c tinyDebugger/tinyDebugger.o
                0x00000502                tinyDebugger_send_uint32
 .text.tinyDebugger_send_uint8
                0x0000052e       0x2a tinyDebugger/tinyDebugger.o
                0x0000052e                tinyDebugger_send_uint8
 .text.tinyDebugger_send_double
                0x00000558       0x78 tinyDebugger/tinyDebugger.o
                0x00000558                tinyDebugger_send_double
 .text.tinyDebugger_end_line
                0x000005d0       0x22 tinyDebugger/tinyDebugger.o
                0x000005d0                tinyDebugger_end_line
 .text.tinyPulse_toggle_pulse_mode
                0x000005f2        0xe tinyPulse/tinyPulse.o
                0x000005f2                tinyPulse_toggle_pulse_mode
 .text.tinyPulse_update_potential
                0x00000600       0x70 tinyPulse/tinyPulse.o
                0x00000600                tinyPulse_update_potential
 .text.tinyTime_counter_increment
                0x00000670       0x28 tinyTime/tinyTime.o
                0x00000670                tinyTime_counter_increment
 .text.tinyTime_now
                0x00000698       0x12 tinyTime/tinyTime.o
                0x00000698                tinyTime_now
 .text.main     0x000006aa       0x6e main.o
                0x000006aa                main
 .text.tinyButton_update
                0x00000718       0xa8 tinyButton/tinyButton.o
                0x00000718                tinyButton_update
 .text.tinyButton_update_potential
                0x000007c0       0x16 tinyButton/tinyButton.o
                0x000007c0                tinyButton_update_potential
 .text.tinyLED_SPIWriteByte
                0x000007d6       0x28 tinyLED/tinyLED.o
 .text.tinyLED_set_color
                0x000007fe       0x12 tinyLED/tinyLED.o
                0x000007fe                tinyLED_set_color
 .text.tinyLED_get_color
                0x00000810       0x10 tinyLED/tinyLED.o
                0x00000810                tinyLED_get_color
 .text.tinyLED_set_color_mode
                0x00000820       0x20 tinyLED/tinyLED.o
                0x00000820                tinyLED_set_color_mode
 .text.tinyLED_RGB_Color_Compare
                0x00000840       0x60 tinyLED/tinyLED.o
                0x00000840                tinyLED_RGB_Color_Compare
 .text.tinyLED_update
                0x000008a0      0x3f4 tinyLED/tinyLED.o
                0x000008a0                tinyLED_update
 .text.tinyAxon_add_pulse
                0x00000c94       0x4a tinyAxon/tinyAxon.o
 .text.find_newest_pulse
                0x00000cde       0x26 tinyAxon/tinyAxon.o
                0x00000cde                find_newest_pulse
 .text.tinyAxon_remove_pulse
                0x00000d04       0x46 tinyAxon/tinyAxon.o
                0x00000d04                tinyAxon_remove_pulse
 .text.tinyAxon_update_potential
                0x00000d4a      0x172 tinyAxon/tinyAxon.o
                0x00000d4a                tinyAxon_update_potential
 .text.tinyDendrite_update_signals
                0x00000ebc      0x116 tinyDendrite/tinyDendrite.o
                0x00000ebc                tinyDendrite_update_signals
 .text.tinyDendrite_get_potential
                0x00000fd2       0x58 tinyDendrite/tinyDendrite.o
                0x00000fd2                tinyDendrite_get_potential
 .text.tinyDendrite_update_potential
                0x0000102a       0x2e tinyDendrite/tinyDendrite.o
                0x0000102a                tinyDendrite_update_potential
 .text.__vector_6
                0x00001058       0x56 tinyISR/tinyISR.o
                0x00001058                __vector_6
 .text.tinyISR_setflag
                0x000010ae        0x6 tinyISR/tinyISR.o
                0x000010ae                tinyISR_setflag
 .text.tinyISR_getflag
                0x000010b4        0x6 tinyISR/tinyISR.o
                0x000010b4                tinyISR_getflag
 .text.tinyPotential_update
                0x000010ba      0x120 tinyPotential/tinyPotential.o
                0x000010ba                tinyPotential_update
 .text.avr-libc.fplib
                0x000011da        0xe d:/various_programs/atmel/studio/7.0/toolchain/avr8/avr8-gnu-toolchain/bin/../lib/gcc/avr/5.4.0/../../../../avr/lib/avrxmega3\libm.a(addsf3.o)
                0x000011da                __subsf3
                0x000011dc                __addsf3
 .text.avr-libc.fplib
                0x000011e8       0xcc d:/various_programs/atmel/studio/7.0/toolchain/avr8/avr8-gnu-toolchain/bin/../lib/gcc/avr/5.4.0/../../../../avr/lib/avrxmega3\libm.a(addsf3x.o)
                0x0000120a                __addsf3x
 .text.avr-libc.fplib
                0x000012b4        0xa d:/various_programs/atmel/studio/7.0/toolchain/avr8/avr8-gnu-toolchain/bin/../lib/gcc/avr/5.4.0/../../../../avr/lib/avrxmega3\libm.a(cmpsf2.o)
                0x000012b4                __nesf2
                0x000012b4                __eqsf2
                0x000012b4                __cmpsf2
                0x000012b4                __ltsf2
                0x000012b4                __lesf2
 .text.avr-libc.fplib
                0x000012be        0x8 d:/various_programs/atmel/studio/7.0/toolchain/avr8/avr8-gnu-toolchain/bin/../lib/gcc/avr/5.4.0/../../../../avr/lib/avrxmega3\libm.a(divsf3.o)
                0x000012be                __divsf3
 .text.avr-libc.fplib
                0x000012c6       0xdc d:/various_programs/atmel/studio/7.0/toolchain/avr8/avr8-gnu-toolchain/bin/../lib/gcc/avr/5.4.0/../../../../avr/lib/avrxmega3\libm.a(divsf3x.o)
                0x000012e6                __divsf3x
                0x000012ec                __divsf3_pse
 .text.avr-libc.fplib
                0x000013a2       0x74 d:/various_programs/atmel/studio/7.0/toolchain/avr8/avr8-gnu-toolchain/bin/../lib/gcc/avr/5.4.0/../../../../avr/lib/avrxmega3\libm.a(exp.o)
                0x000013b2                exp
 .text.avr-libc.fplib
                0x00001416       0x5e d:/various_programs/atmel/studio/7.0/toolchain/avr8/avr8-gnu-toolchain/bin/../lib/gcc/avr/5.4.0/../../../../avr/lib/avrxmega3\libm.a(fixunssfsi.o)
                0x00001416                __fixunssfsi
 .text.avr-libc.fplib
                0x00001474       0x7a d:/various_programs/atmel/studio/7.0/toolchain/avr8/avr8-gnu-toolchain/bin/../lib/gcc/avr/5.4.0/../../../../avr/lib/avrxmega3\libm.a(floatsisf.o)
                0x00001474                __floatunsisf
                0x00001478                __floatsisf
 .text.avr-libc.fplib
                0x000014ee       0x3e d:/various_programs/atmel/studio/7.0/toolchain/avr8/avr8-gnu-toolchain/bin/../lib/gcc/avr/5.4.0/../../../../avr/lib/avrxmega3\libm.a(fmin.o)
                0x000014ee                fmin
 .text.avr-libc.fplib
                0x0000152c       0x48 d:/various_programs/atmel/studio/7.0/toolchain/avr8/avr8-gnu-toolchain/bin/../lib/gcc/avr/5.4.0/../../../../avr/lib/avrxmega3\libm.a(fp_cmp.o)
                0x0000152c                __fp_cmp
 .text.avr-libc.fplib
                0x00001574        0xc d:/various_programs/atmel/studio/7.0/toolchain/avr8/avr8-gnu-toolchain/bin/../lib/gcc/avr/5.4.0/../../../../avr/lib/avrxmega3\libm.a(fp_inf.o)
                0x00001574                __fp_inf
 .text.avr-libc.fplib
                0x00001580        0x6 d:/various_programs/atmel/studio/7.0/toolchain/avr8/avr8-gnu-toolchain/bin/../lib/gcc/avr/5.4.0/../../../../avr/lib/avrxmega3\libm.a(fp_nan.o)
                0x00001580                __fp_nan
 .text.avr-libc.fplib
                0x00001586       0x4e d:/various_programs/atmel/studio/7.0/toolchain/avr8/avr8-gnu-toolchain/bin/../lib/gcc/avr/5.4.0/../../../../avr/lib/avrxmega3\libm.a(fp_powser.o)
                0x00001586                __fp_powser
 .text.avr-libc.fplib
                0x000015d4        0xe d:/various_programs/atmel/studio/7.0/toolchain/avr8/avr8-gnu-toolchain/bin/../lib/gcc/avr/5.4.0/../../../../avr/lib/avrxmega3\libm.a(fp_pscA.o)
                0x000015d4                __fp_pscA
 .text.avr-libc.fplib
                0x000015e2        0xe d:/various_programs/atmel/studio/7.0/toolchain/avr8/avr8-gnu-toolchain/bin/../lib/gcc/avr/5.4.0/../../../../avr/lib/avrxmega3\libm.a(fp_pscB.o)
                0x000015e2                __fp_pscB
 .text.avr-libc.fplib
                0x000015f0       0x22 d:/various_programs/atmel/studio/7.0/toolchain/avr8/avr8-gnu-toolchain/bin/../lib/gcc/avr/5.4.0/../../../../avr/lib/avrxmega3\libm.a(fp_round.o)
                0x000015f0                __fp_round
 .text.avr-libc.fplib
                0x00001612       0x44 d:/various_programs/atmel/studio/7.0/toolchain/avr8/avr8-gnu-toolchain/bin/../lib/gcc/avr/5.4.0/../../../../avr/lib/avrxmega3\libm.a(fp_split3.o)
                0x00001612                __fp_split3
                0x00001622                __fp_splitA
 .text.avr-libc.fplib
                0x00001656        0xe d:/various_programs/atmel/studio/7.0/toolchain/avr8/avr8-gnu-toolchain/bin/../lib/gcc/avr/5.4.0/../../../../avr/lib/avrxmega3\libm.a(fp_zero.o)
                0x00001656                __fp_zero
                0x00001658                __fp_szero
 .text.avr-libc.fplib
                0x00001664        0xa d:/various_programs/atmel/studio/7.0/toolchain/avr8/avr8-gnu-toolchain/bin/../lib/gcc/avr/5.4.0/../../../../avr/lib/avrxmega3\libm.a(gesf2.o)
                0x00001664                __gesf2
                0x00001664                __gtsf2
 .text.avr-libc.fplib
                0x0000166e       0x10 d:/various_programs/atmel/studio/7.0/toolchain/avr8/avr8-gnu-toolchain/bin/../lib/gcc/avr/5.4.0/../../../../avr/lib/avrxmega3\libm.a(inverse.o)
                0x0000166e                inverse
 .text.avr-libc.fplib
                0x0000167e       0x74 d:/various_programs/atmel/studio/7.0/toolchain/avr8/avr8-gnu-toolchain/bin/../lib/gcc/avr/5.4.0/../../../../avr/lib/avrxmega3\libm.a(ldexp.o)
                0x00001686                ldexp
 .text.avr-libc.fplib
                0x000016f2       0x68 d:/various_programs/atmel/studio/7.0/toolchain/avr8/avr8-gnu-toolchain/bin/../lib/gcc/avr/5.4.0/../../../../avr/lib/avrxmega3\libm.a(modf.o)
                0x000016f2                modf
                0x000016f2                modff
 .text.avr-libc.fplib
                0x0000175a        0x8 d:/various_programs/atmel/studio/7.0/toolchain/avr8/avr8-gnu-toolchain/bin/../lib/gcc/avr/5.4.0/../../../../avr/lib/avrxmega3\libm.a(mulsf3.o)
                0x0000175a                __mulsf3
 .text.avr-libc.fplib
                0x00001762       0xd2 d:/various_programs/atmel/studio/7.0/toolchain/avr8/avr8-gnu-toolchain/bin/../lib/gcc/avr/5.4.0/../../../../avr/lib/avrxmega3\libm.a(mulsf3x.o)
                0x00001780                __mulsf3x
                0x00001786                __mulsf3_pse
 .text.avr-libc.fplib
                0x00001834       0x10 d:/various_programs/atmel/studio/7.0/toolchain/avr8/avr8-gnu-toolchain/bin/../lib/gcc/avr/5.4.0/../../../../avr/lib/avrxmega3\libm.a(sin.o)
                0x00001834                sin
 .text.avr-libc.fplib
                0x00001844       0x1c d:/various_programs/atmel/studio/7.0/toolchain/avr8/avr8-gnu-toolchain/bin/../lib/gcc/avr/5.4.0/../../../../avr/lib/avrxmega3\libm.a(fp_mpack.o)
                0x00001844                __fp_mpack
                0x00001848                __fp_mpack_finite
 .text.avr-libc.fplib
                0x00001860       0x56 d:/various_programs/atmel/studio/7.0/toolchain/avr8/avr8-gnu-toolchain/bin/../lib/gcc/avr/5.4.0/../../../../avr/lib/avrxmega3\libm.a(fp_rempio2.o)
                0x00001864                __fp_rempio2
 .text.avr-libc.fplib
                0x000018b6       0x28 d:/various_programs/atmel/studio/7.0/toolchain/avr8/avr8-gnu-toolchain/bin/../lib/gcc/avr/5.4.0/../../../../avr/lib/avrxmega3\libm.a(fp_sinus.o)
                0x000018b6                __fp_sinus
 .text.avr-libc.fplib
                0x000018de       0x28 d:/various_programs/atmel/studio/7.0/toolchain/avr8/avr8-gnu-toolchain/bin/../lib/gcc/avr/5.4.0/../../../../avr/lib/avrxmega3\libm.a(fp_powsodd.o)
                0x000018de                __fp_powsodd
 .text.libgcc.div
                0x00001906       0x44 d:/various_programs/atmel/studio/7.0/toolchain/avr8/avr8-gnu-toolchain/bin/../lib/gcc/avr/5.4.0/avrxmega3\libgcc.a(_udivmodsi4.o)
                0x00001906                __udivmodsi4
 .text.avr-libc
                0x0000194a       0x40 d:/various_programs/atmel/studio/7.0/toolchain/avr8/avr8-gnu-toolchain/bin/../lib/gcc/avr/5.4.0/../../../../avr/lib/avrxmega3\libc.a(dtostrf.o)
                0x0000194a                dtostrf
 .text.avr-libc
                0x0000198a       0x2c d:/various_programs/atmel/studio/7.0/toolchain/avr8/avr8-gnu-toolchain/bin/../lib/gcc/avr/5.4.0/../../../../avr/lib/avrxmega3\libc.a(printf.o)
                0x0000198a                printf
 .text.avr-libc
                0x000019b6       0x60 d:/various_programs/atmel/studio/7.0/toolchain/avr8/avr8-gnu-toolchain/bin/../lib/gcc/avr/5.4.0/../../../../avr/lib/avrxmega3\libc.a(puts.o)
                0x000019b6                puts
 .text.avr-libc
                0x00001a16      0x3c2 d:/various_programs/atmel/studio/7.0/toolchain/avr8/avr8-gnu-toolchain/bin/../lib/gcc/avr/5.4.0/../../../../avr/lib/avrxmega3\libc.a(vfprintf_std.o)
                0x00001a16                vfprintf
 .text.avr-libc
                0x00001dd8      0x2b4 d:/various_programs/atmel/studio/7.0/toolchain/avr8/avr8-gnu-toolchain/bin/../lib/gcc/avr/5.4.0/../../../../avr/lib/avrxmega3\libc.a(dtoa_prf.o)
                0x00001dd8                dtoa_prf
 .text.avr-libc
                0x0000208c      0x1b0 d:/various_programs/atmel/studio/7.0/toolchain/avr8/avr8-gnu-toolchain/bin/../lib/gcc/avr/5.4.0/../../../../avr/lib/avrxmega3\libc.a(ftoa_engine.o)
                0x0000208c                __ftoa_engine
 .text.avr-libc
                0x0000223c       0x16 d:/various_programs/atmel/studio/7.0/toolchain/avr8/avr8-gnu-toolchain/bin/../lib/gcc/avr/5.4.0/../../../../avr/lib/avrxmega3\libc.a(strnlen_P.o)
                0x0000223c                strnlen_P
 .text.avr-libc
                0x00002252       0x16 d:/various_programs/atmel/studio/7.0/toolchain/avr8/avr8-gnu-toolchain/bin/../lib/gcc/avr/5.4.0/../../../../avr/lib/avrxmega3\libc.a(strnlen.o)
                0x00002252                strnlen
 .text.avr-libc
                0x00002268       0x78 d:/various_programs/atmel/studio/7.0/toolchain/avr8/avr8-gnu-toolchain/bin/../lib/gcc/avr/5.4.0/../../../../avr/lib/avrxmega3\libc.a(fputc.o)
                0x00002268                fputc
 .text.avr-libc
                0x000022e0       0xbc d:/various_programs/atmel/studio/7.0/toolchain/avr8/avr8-gnu-toolchain/bin/../lib/gcc/avr/5.4.0/../../../../avr/lib/avrxmega3\libc.a(ultoa_invert.o)
                0x000022e0                __ultoa_invert
 .text.libgcc.prologue
                0x0000239c       0x32 d:/various_programs/atmel/studio/7.0/toolchain/avr8/avr8-gnu-toolchain/bin/../lib/gcc/avr/5.4.0/avrxmega3\libgcc.a(_prologue.o)
                0x0000239c                __prologue_saves__
 .text.libgcc.prologue
                0x000023ce       0x30 d:/various_programs/atmel/studio/7.0/toolchain/avr8/avr8-gnu-toolchain/bin/../lib/gcc/avr/5.4.0/avrxmega3\libgcc.a(_epilogue.o)
                0x000023ce                __epilogue_restores__
                0x000023fe                . = ALIGN (0x2)
 *(.fini9)
 .fini9         0x000023fe        0x0 d:/various_programs/atmel/studio/7.0/toolchain/avr8/avr8-gnu-toolchain/bin/../lib/gcc/avr/5.4.0/avrxmega3\libgcc.a(_exit.o)
                0x000023fe                _exit
                0x000023fe                exit
 *(.fini9)
 *(.fini8)
 *(.fini8)
 *(.fini7)
 *(.fini7)
 *(.fini6)
 *(.fini6)
 *(.fini5)
 *(.fini5)
 *(.fini4)
 *(.fini4)
 *(.fini3)
 *(.fini3)
 *(.fini2)
 *(.fini2)
 *(.fini1)
 *(.fini1)
 *(.fini0)
 .fini0         0x000023fe        0x4 d:/various_programs/atmel/studio/7.0/toolchain/avr8/avr8-gnu-toolchain/bin/../lib/gcc/avr/5.4.0/avrxmega3\libgcc.a(_exit.o)
 *(.fini0)
                0x00002402                _etext = .

.rodata         0x0000a402       0x56 load address 0x00002402
 *(.rodata)
 *(.rodata*)
 .rodata.str1.1
                0x0000a402       0x2a tinyDebugger/tinyDebugger.o
 .rodata.str1.1
                0x0000a42c        0x5 main.o
 .rodata.str1.1
                0x0000a431        0xc tinyAxon/tinyAxon.o
 .rodata.str1.1
                0x0000a43d        0xf tinyDendrite/tinyDendrite.o
 .rodata.str1.1
                0x0000a44c        0xc tinyPotential/tinyPotential.o
 *(.gnu.linkonce.r*)

.data           0x00803800       0x16 load address 0x00002458
                0x00803800                PROVIDE (__data_start, .)
 *(.data)
 *(.data*)
 .data.USART_0_stream
                0x00803800        0xe src/usart_basic.o
                0x00803800                USART_0_stream
 .data.tinyDebugger_send_message
                0x0080380e        0x1 tinyDebugger/tinyDebugger.o
                0x0080380e                tinyDebugger_send_message
 .data.ideal_time_between_pulses
                0x0080380f        0x2 tinyPulse/tinyPulse.o
                0x0080380f                ideal_time_between_pulses
 .data.Dendrite_ports
                0x00803811        0x5 tinyDendrite/tinyDendrite.o
                0x00803811                Dendrite_ports
 *(.gnu.linkonce.d*)
                0x00803816                . = ALIGN (0x2)
                0x00803816                _edata = .
                0x00803816                PROVIDE (__data_end, .)

.bss            0x00803816       0x55
                0x00803816                PROVIDE (__bss_start, .)
 *(.bss)
 *(.bss*)
 .bss.tinyDebugger_print_attempts
                0x00803816        0x1 tinyDebugger/tinyDebugger.o
                0x00803816                tinyDebugger_print_attempts
 .bss.time_since_last_pulse
                0x00803817        0x2 tinyPulse/tinyPulse.o
                0x00803817                time_since_last_pulse
 .bss.time_of_last_pulse
                0x00803819        0x4 tinyPulse/tinyPulse.o
                0x00803819                time_of_last_pulse
 .bss.pulse_mode
                0x0080381d        0x1 tinyPulse/tinyPulse.o
                0x0080381d                pulse_mode
 .bss.time_counter
                0x0080381e        0x4 tinyTime/tinyTime.o
                0x0080381e                time_counter
 .bss.tinyButton_start_time
                0x00803822        0x4 tinyButton/tinyButton.o
 .bss.button_press
                0x00803826        0x1 tinyButton/tinyButton.o
                0x00803826                button_press
 .bss.button_was_pushed_down
                0x00803827        0x1 tinyButton/tinyButton.o
 .bss.axonOutputValue
                0x00803828        0x1 tinyAxon/tinyAxon.o
                0x00803828                axonOutputValue
 .bss.pulse_queue
                0x00803829       0x14 tinyAxon/tinyAxon.o
                0x00803829                pulse_queue
 .bss.pulses_in_queue
                0x0080383d        0x1 tinyAxon/tinyAxon.o
                0x0080383d                pulses_in_queue
 .bss.tinyAxon_should_fire
                0x0080383e        0x1 tinyAxon/tinyAxon.o
                0x0080383e                tinyAxon_should_fire
 .bss.tinyAxon_has_fired
                0x0080383f        0x1 tinyAxon/tinyAxon.o
                0x0080383f                tinyAxon_has_fired
 .bss.tinyDendrite_previous_signals
                0x00803840        0x5 tinyDendrite/tinyDendrite.o
                0x00803840                tinyDendrite_previous_signals
 .bss.tinyDendrite_current_signals
                0x00803845        0x5 tinyDendrite/tinyDendrite.o
                0x00803845                tinyDendrite_current_signals
 .bss.tinyDendrite_values
                0x0080384a        0x5 tinyDendrite/tinyDendrite.o
                0x0080384a                tinyDendrite_values
 .bss.tinyISR_interrupt_flag
                0x0080384f        0x1 tinyISR/tinyISR.o
 .bss.previous_update_time
                0x00803850        0x4 tinyPotential/tinyPotential.o
 .bss.tinyPotential_potential
                0x00803854        0x4 tinyPotential/tinyPotential.o
 *(COMMON)
 COMMON         0x00803858        0x1 tinyCharge/tinyCharge.o
                0x00803858                connected_to_charger
 COMMON         0x00803859        0xc tinyLED/tinyLED.o
                0x00803859                tinyLED_flash_once_time
                0x0080385b                tinyLED_old_colors
                0x00803861                tinyLED_colors
 COMMON         0x00803865        0x6 d:/various_programs/atmel/studio/7.0/toolchain/avr8/avr8-gnu-toolchain/bin/../lib/gcc/avr/5.4.0/../../../../avr/lib/avrxmega3\libc.a(iob.o)
                0x00803865                __iob
                0x0080386b                PROVIDE (__bss_end, .)
                0x00002458                __data_load_start = LOADADDR (.data)
                0x0000246e                __data_load_end = (__data_load_start + SIZEOF (.data))

.noinit         0x0080386b        0x0
                [!provide]                PROVIDE (__noinit_start, .)
 *(.noinit*)
                [!provide]                PROVIDE (__noinit_end, .)
                0x0080386b                _end = .
                [!provide]                PROVIDE (__heap_start, .)

.eeprom         0x00810000        0x0
 *(.eeprom*)
                0x00810000                __eeprom_end = .

.fuse
 *(.fuse)
 *(.lfuse)
 *(.hfuse)
 *(.efuse)

.lock
 *(.lock*)

.signature
 *(.signature*)

.user_signatures
 *(.user_signatures*)

.stab
 *(.stab)

.stabstr
 *(.stabstr)

.stab.excl
 *(.stab.excl)

.stab.exclstr
 *(.stab.exclstr)

.stab.index
 *(.stab.index)

.stab.indexstr
 *(.stab.indexstr)

.comment        0x00000000       0x5c
 *(.comment)
 .comment       0x00000000       0x30 atmel_start.o
                                 0x31 (size before relaxing)
 .comment       0x00000030       0x31 src/adc_basic.o
 .comment       0x00000030       0x31 src/bod.o
 .comment       0x00000030       0x31 src/ccl.o
 .comment       0x00000030       0x31 src/clkctrl.o
 .comment       0x00000030       0x31 src/cpuint.o
 .comment       0x00000030       0x31 src/dac_basic.o
 .comment       0x00000030       0x31 src/driver_init.o
 .comment       0x00000030       0x31 src/rtc.o
 .comment       0x00000030       0x31 src/slpctrl.o
 .comment       0x00000030       0x31 src/spi.o
 .comment       0x00000030       0x31 src/tca.o
 .comment       0x00000030       0x31 src/usart_basic.o
 .comment       0x00000030       0x31 tinyCharge/tinyCharge.o
 .comment       0x00000030       0x31 tinyDebugger/tinyDebugger.o
 .comment       0x00000030       0x31 tinyPulse/tinyPulse.o
 .comment       0x00000030       0x31 tinyTime/tinyTime.o
 .comment       0x00000030       0x31 main.o
 .comment       0x00000030       0x31 tinyButton/tinyButton.o
 .comment       0x00000030       0x31 tinyLED/tinyLED.o
 .comment       0x00000030       0x31 tinyAxon/tinyAxon.o
 .comment       0x00000030       0x31 tinyDendrite/tinyDendrite.o
 .comment       0x00000030       0x31 tinyISR/tinyISR.o
 .comment       0x00000030       0x31 tinyPotential/tinyPotential.o
 .comment       0x00000030       0x31 d:/various_programs/atmel/studio/7.0/toolchain/avr8/avr8-gnu-toolchain/bin/../lib/gcc/avr/5.4.0/../../../../avr/lib/avrxmega3\libc.a(dtostrf.o)
 .comment       0x00000030       0x31 d:/various_programs/atmel/studio/7.0/toolchain/avr8/avr8-gnu-toolchain/bin/../lib/gcc/avr/5.4.0/../../../../avr/lib/avrxmega3\libc.a(iob.o)
 .comment       0x00000030       0x31 d:/various_programs/atmel/studio/7.0/toolchain/avr8/avr8-gnu-toolchain/bin/../lib/gcc/avr/5.4.0/../../../../avr/lib/avrxmega3\libc.a(printf.o)
 .comment       0x00000030       0x31 d:/various_programs/atmel/studio/7.0/toolchain/avr8/avr8-gnu-toolchain/bin/../lib/gcc/avr/5.4.0/../../../../avr/lib/avrxmega3\libc.a(puts.o)
 .comment       0x00000030       0x2c d:/various_programs/atmel/studio/7.0/toolchain/avr8/avr8-gnu-toolchain/bin/../lib/gcc/avr/5.4.0/../../../../avr/lib/avrxmega3\libc.a(vfprintf_std.o)
                                 0x2d (size before relaxing)
 .comment       0x0000005c       0x31 d:/various_programs/atmel/studio/7.0/toolchain/avr8/avr8-gnu-toolchain/bin/../lib/gcc/avr/5.4.0/../../../../avr/lib/avrxmega3\libc.a(dtoa_prf.o)
 .comment       0x0000005c       0x31 d:/various_programs/atmel/studio/7.0/toolchain/avr8/avr8-gnu-toolchain/bin/../lib/gcc/avr/5.4.0/../../../../avr/lib/avrxmega3\libc.a(fputc.o)

.note.gnu.avr.deviceinfo
                0x00000000       0x40
 .note.gnu.avr.deviceinfo
                0x00000000       0x40 D:/Various_programs/Atmel/Studio/7.0/Packs/Atmel/ATtiny_DFP/1.3.229/gcc/dev/attiny3217/avrxmega3/crtattiny3217.o

.note.gnu.build-id
 *(.note.gnu.build-id)

.debug
 *(.debug)

.line
 *(.line)

.debug_srcinfo
 *(.debug_srcinfo)

.debug_sfnames
 *(.debug_sfnames)

.debug_aranges  0x00000000      0x4c8
 *(.debug_aranges)
 .debug_aranges
                0x00000000       0x20 atmel_start.o
 .debug_aranges
                0x00000020       0x58 src/adc_basic.o
 .debug_aranges
                0x00000078       0x20 src/bod.o
 .debug_aranges
                0x00000098       0x20 src/ccl.o
 .debug_aranges
                0x000000b8       0x20 src/clkctrl.o
 .debug_aranges
                0x000000d8       0x20 src/cpuint.o
 .debug_aranges
                0x000000f8       0x40 src/dac_basic.o
 .debug_aranges
                0x00000138       0x58 src/driver_init.o
 .debug_aranges
                0x00000190       0x20 src/protected_io.o
 .debug_aranges
                0x000001b0       0x20 src/rtc.o
 .debug_aranges
                0x000001d0       0x20 src/slpctrl.o
 .debug_aranges
                0x000001f0       0x20 src/spi.o
 .debug_aranges
                0x00000210       0x20 src/tca.o
 .debug_aranges
                0x00000230       0x78 src/usart_basic.o
 .debug_aranges
                0x000002a8       0x40 tinyCharge/tinyCharge.o
 .debug_aranges
                0x000002e8       0x48 tinyDebugger/tinyDebugger.o
 .debug_aranges
                0x00000330       0x28 tinyPulse/tinyPulse.o
 .debug_aranges
                0x00000358       0x28 tinyTime/tinyTime.o
 .debug_aranges
                0x00000380       0x20 main.o
 .debug_aranges
                0x000003a0       0x28 tinyButton/tinyButton.o
 .debug_aranges
                0x000003c8       0x48 tinyLED/tinyLED.o
 .debug_aranges
                0x00000410       0x38 tinyAxon/tinyAxon.o
 .debug_aranges
                0x00000448       0x30 tinyDendrite/tinyDendrite.o
 .debug_aranges
                0x00000478       0x30 tinyISR/tinyISR.o
 .debug_aranges
                0x000004a8       0x20 tinyPotential/tinyPotential.o

.debug_pubnames
 *(.debug_pubnames)

.debug_info     0x00000000     0x85e3
 *(.debug_info .gnu.linkonce.wi.*)
 .debug_info    0x00000000     0x1c4d D:/Various_programs/Atmel/Studio/7.0/Packs/Atmel/ATtiny_DFP/1.3.229/gcc/dev/attiny3217/avrxmega3/crtattiny3217.o
 .debug_info    0x00001c4d       0x9a atmel_start.o
 .debug_info    0x00001ce7      0x48a src/adc_basic.o
 .debug_info    0x00002171      0x1d6 src/bod.o
 .debug_info    0x00002347      0x5cd src/ccl.o
 .debug_info    0x00002914      0x3fe src/clkctrl.o
 .debug_info    0x00002d12       0x8d src/cpuint.o
 .debug_info    0x00002d9f      0x184 src/dac_basic.o
 .debug_info    0x00002f23     0x16b6 src/driver_init.o
 .debug_info    0x000045d9       0xb6 src/protected_io.o
 .debug_info    0x0000468f      0x422 src/rtc.o
 .debug_info    0x00004ab1       0x8d src/slpctrl.o
 .debug_info    0x00004b3e      0x18f src/spi.o
 .debug_info    0x00004ccd      0xa74 src/tca.o
 .debug_info    0x00005741      0x47d src/usart_basic.o
 .debug_info    0x00005bbe      0x3a1 tinyCharge/tinyCharge.o
 .debug_info    0x00005f5f      0x2fd tinyDebugger/tinyDebugger.o
 .debug_info    0x0000625c      0x130 tinyPulse/tinyPulse.o
 .debug_info    0x0000638c       0xb6 tinyTime/tinyTime.o
 .debug_info    0x00006442      0x2fd main.o
 .debug_info    0x0000673f      0x222 tinyButton/tinyButton.o
 .debug_info    0x00006961      0xf99 tinyLED/tinyLED.o
 .debug_info    0x000078fa      0x41d tinyAxon/tinyAxon.o
 .debug_info    0x00007d17      0x325 tinyDendrite/tinyDendrite.o
 .debug_info    0x0000803c      0x3d8 tinyISR/tinyISR.o
 .debug_info    0x00008414      0x1cf tinyPotential/tinyPotential.o

.debug_abbrev   0x00000000     0x3688
 *(.debug_abbrev)
 .debug_abbrev  0x00000000     0x1ac8 D:/Various_programs/Atmel/Studio/7.0/Packs/Atmel/ATtiny_DFP/1.3.229/gcc/dev/attiny3217/avrxmega3/crtattiny3217.o
 .debug_abbrev  0x00001ac8       0x63 atmel_start.o
 .debug_abbrev  0x00001b2b      0x1bc src/adc_basic.o
 .debug_abbrev  0x00001ce7       0x9d src/bod.o
 .debug_abbrev  0x00001d84       0x9f src/ccl.o
 .debug_abbrev  0x00001e23      0x116 src/clkctrl.o
 .debug_abbrev  0x00001f39       0x51 src/cpuint.o
 .debug_abbrev  0x00001f8a       0xc2 src/dac_basic.o
 .debug_abbrev  0x0000204c      0x1cf src/driver_init.o
 .debug_abbrev  0x0000221b       0x14 src/protected_io.o
 .debug_abbrev  0x0000222f       0xd4 src/rtc.o
 .debug_abbrev  0x00002303       0x51 src/slpctrl.o
 .debug_abbrev  0x00002354       0x9f src/spi.o
 .debug_abbrev  0x000023f3       0xf0 src/tca.o
 .debug_abbrev  0x000024e3      0x204 src/usart_basic.o
 .debug_abbrev  0x000026e7      0x218 tinyCharge/tinyCharge.o
 .debug_abbrev  0x000028ff      0x144 tinyDebugger/tinyDebugger.o
 .debug_abbrev  0x00002a43       0xa8 tinyPulse/tinyPulse.o
 .debug_abbrev  0x00002aeb       0x7c tinyTime/tinyTime.o
 .debug_abbrev  0x00002b67       0xe3 main.o
 .debug_abbrev  0x00002c4a      0x16a tinyButton/tinyButton.o
 .debug_abbrev  0x00002db4      0x336 tinyLED/tinyLED.o
 .debug_abbrev  0x000030ea      0x1d9 tinyAxon/tinyAxon.o
 .debug_abbrev  0x000032c3      0x17c tinyDendrite/tinyDendrite.o
 .debug_abbrev  0x0000343f      0x157 tinyISR/tinyISR.o
 .debug_abbrev  0x00003596       0xf2 tinyPotential/tinyPotential.o

.debug_line     0x00000000     0x286e
 *(.debug_line .debug_line.* .debug_line_end)
 .debug_line    0x00000000      0x151 D:/Various_programs/Atmel/Studio/7.0/Packs/Atmel/ATtiny_DFP/1.3.229/gcc/dev/attiny3217/avrxmega3/crtattiny3217.o
 .debug_line    0x00000151       0x60 atmel_start.o
 .debug_line    0x000001b1      0x1fe src/adc_basic.o
 .debug_line    0x000003af      0x103 src/bod.o
 .debug_line    0x000004b2      0x11b src/ccl.o
 .debug_line    0x000005cd      0x131 src/clkctrl.o
 .debug_line    0x000006fe       0xa8 src/cpuint.o
 .debug_line    0x000007a6      0x17f src/dac_basic.o
 .debug_line    0x00000925      0x407 src/driver_init.o
 .debug_line    0x00000d2c       0x55 src/protected_io.o
 .debug_line    0x00000d81      0x13d src/rtc.o
 .debug_line    0x00000ebe       0xa3 src/slpctrl.o
 .debug_line    0x00000f61      0x109 src/spi.o
 .debug_line    0x0000106a      0x115 src/tca.o
 .debug_line    0x0000117f      0x267 src/usart_basic.o
 .debug_line    0x000013e6      0x1e5 tinyCharge/tinyCharge.o
 .debug_line    0x000015cb      0x180 tinyDebugger/tinyDebugger.o
 .debug_line    0x0000174b       0xf9 tinyPulse/tinyPulse.o
 .debug_line    0x00001844       0xc5 tinyTime/tinyTime.o
 .debug_line    0x00001909      0x268 main.o
 .debug_line    0x00001b71      0x1f4 tinyButton/tinyButton.o
 .debug_line    0x00001d65      0x2d2 tinyLED/tinyLED.o
 .debug_line    0x00002037      0x29e tinyAxon/tinyAxon.o
 .debug_line    0x000022d5      0x285 tinyDendrite/tinyDendrite.o
 .debug_line    0x0000255a      0x15d tinyISR/tinyISR.o
 .debug_line    0x000026b7      0x1b7 tinyPotential/tinyPotential.o

.debug_frame    0x00000000      0x890
 *(.debug_frame)
 .debug_frame   0x00000000       0x24 atmel_start.o
 .debug_frame   0x00000024       0x94 src/adc_basic.o
 .debug_frame   0x000000b8       0x24 src/bod.o
 .debug_frame   0x000000dc       0x24 src/ccl.o
 .debug_frame   0x00000100       0x24 src/clkctrl.o
 .debug_frame   0x00000124       0x24 src/cpuint.o
 .debug_frame   0x00000148       0x64 src/dac_basic.o
 .debug_frame   0x000001ac       0x94 src/driver_init.o
 .debug_frame   0x00000240       0x24 src/rtc.o
 .debug_frame   0x00000264       0x24 src/slpctrl.o
 .debug_frame   0x00000288       0x24 src/spi.o
 .debug_frame   0x000002ac       0x24 src/tca.o
 .debug_frame   0x000002d0       0xd4 src/usart_basic.o
 .debug_frame   0x000003a4       0x64 tinyCharge/tinyCharge.o
 .debug_frame   0x00000408      0x108 tinyDebugger/tinyDebugger.o
 .debug_frame   0x00000510       0x48 tinyPulse/tinyPulse.o
 .debug_frame   0x00000558       0x34 tinyTime/tinyTime.o
 .debug_frame   0x0000058c       0x24 main.o
 .debug_frame   0x000005b0       0x48 tinyButton/tinyButton.o
 .debug_frame   0x000005f8       0xd4 tinyLED/tinyLED.o
 .debug_frame   0x000006cc       0x70 tinyAxon/tinyAxon.o
 .debug_frame   0x0000073c       0x8c tinyDendrite/tinyDendrite.o
 .debug_frame   0x000007c8       0x90 tinyISR/tinyISR.o
 .debug_frame   0x00000858       0x38 tinyPotential/tinyPotential.o

.debug_str      0x00000000     0x339f
 *(.debug_str)
 .debug_str     0x00000000      0xc0f D:/Various_programs/Atmel/Studio/7.0/Packs/Atmel/ATtiny_DFP/1.3.229/gcc/dev/attiny3217/avrxmega3/crtattiny3217.o
 .debug_str     0x00000c0f      0x196 atmel_start.o
                                0x1ca (size before relaxing)
 .debug_str     0x00000da5      0x343 src/adc_basic.o
                                0x50f (size before relaxing)
 .debug_str     0x000010e8       0xde src/bod.o
                                0x2e1 (size before relaxing)
 .debug_str     0x000011c6      0x676 src/ccl.o
                                0x893 (size before relaxing)
 .debug_str     0x0000183c      0x261 src/clkctrl.o
                                0x52c (size before relaxing)
 .debug_str     0x00001a9d       0x1c src/cpuint.o
                                0x1bd (size before relaxing)
 .debug_str     0x00001ab9       0x7c src/dac_basic.o
                                0x262 (size before relaxing)
 .debug_str     0x00001b35      0x616 src/driver_init.o
                                0x974 (size before relaxing)
 .debug_str     0x0000214b      0x351 src/rtc.o
                                0x614 (size before relaxing)
 .debug_str     0x0000249c       0x11 src/slpctrl.o
                                0x1bf (size before relaxing)
 .debug_str     0x000024ad       0xbf src/spi.o
                                0x2cb (size before relaxing)
 .debug_str     0x0000256c      0x20d src/tca.o
                                0x6bb (size before relaxing)
 .debug_str     0x00002779      0x1da src/usart_basic.o
                                0x40d (size before relaxing)
 .debug_str     0x00002953      0x15a tinyCharge/tinyCharge.o
                                0x37b (size before relaxing)
 .debug_str     0x00002aad      0x12a tinyDebugger/tinyDebugger.o
                                0x2e9 (size before relaxing)
 .debug_str     0x00002bd7       0xa0 tinyPulse/tinyPulse.o
                                0x265 (size before relaxing)
 .debug_str     0x00002c77       0x3f tinyTime/tinyTime.o
                                0x1ef (size before relaxing)
 .debug_str     0x00002cb6       0xa8 main.o
                                0x384 (size before relaxing)
 .debug_str     0x00002d5e       0xb0 tinyButton/tinyButton.o
                                0x2dd (size before relaxing)
 .debug_str     0x00002e0e      0x1dd tinyLED/tinyLED.o
                                0x8ac (size before relaxing)
 .debug_str     0x00002feb      0x18f tinyAxon/tinyAxon.o
                                0x3e2 (size before relaxing)
 .debug_str     0x0000317a      0x168 tinyDendrite/tinyDendrite.o
                                0x398 (size before relaxing)
 .debug_str     0x000032e2       0x44 tinyISR/tinyISR.o
                                0x3a3 (size before relaxing)
 .debug_str     0x00003326       0x79 tinyPotential/tinyPotential.o
                                0x2d5 (size before relaxing)

.debug_loc      0x00000000     0x16f8
 *(.debug_loc)
 .debug_loc     0x00000000       0x87 src/adc_basic.o
 .debug_loc     0x00000087       0x52 src/clkctrl.o
 .debug_loc     0x000000d9      0x6fc src/driver_init.o
 .debug_loc     0x000007d5       0x47 src/usart_basic.o
 .debug_loc     0x0000081c       0x99 tinyCharge/tinyCharge.o
 .debug_loc     0x000008b5      0x3b8 tinyDebugger/tinyDebugger.o
 .debug_loc     0x00000c6d       0x93 tinyPulse/tinyPulse.o
 .debug_loc     0x00000d00       0xc3 tinyButton/tinyButton.o
 .debug_loc     0x00000dc3      0x34a tinyLED/tinyLED.o
 .debug_loc     0x0000110d      0x208 tinyAxon/tinyAxon.o
 .debug_loc     0x00001315      0x286 tinyDendrite/tinyDendrite.o
 .debug_loc     0x0000159b       0xec tinyISR/tinyISR.o
 .debug_loc     0x00001687       0x71 tinyPotential/tinyPotential.o

.debug_macinfo
 *(.debug_macinfo)

.debug_weaknames
 *(.debug_weaknames)

.debug_funcnames
 *(.debug_funcnames)

.debug_typenames
 *(.debug_typenames)

.debug_varnames
 *(.debug_varnames)

.debug_pubtypes
 *(.debug_pubtypes)

.debug_ranges   0x00000000      0x340
 *(.debug_ranges)
 .debug_ranges  0x00000000       0x10 atmel_start.o
 .debug_ranges  0x00000010       0x48 src/adc_basic.o
 .debug_ranges  0x00000058       0x10 src/bod.o
 .debug_ranges  0x00000068       0x10 src/ccl.o
 .debug_ranges  0x00000078       0x10 src/clkctrl.o
 .debug_ranges  0x00000088       0x10 src/cpuint.o
 .debug_ranges  0x00000098       0x30 src/dac_basic.o
 .debug_ranges  0x000000c8       0x48 src/driver_init.o
 .debug_ranges  0x00000110       0x10 src/rtc.o
 .debug_ranges  0x00000120       0x10 src/slpctrl.o
 .debug_ranges  0x00000130       0x10 src/spi.o
 .debug_ranges  0x00000140       0x10 src/tca.o
 .debug_ranges  0x00000150       0x68 src/usart_basic.o
 .debug_ranges  0x000001b8       0x30 tinyCharge/tinyCharge.o
 .debug_ranges  0x000001e8       0x38 tinyDebugger/tinyDebugger.o
 .debug_ranges  0x00000220       0x18 tinyPulse/tinyPulse.o
 .debug_ranges  0x00000238       0x18 tinyTime/tinyTime.o
 .debug_ranges  0x00000250       0x10 main.o
 .debug_ranges  0x00000260       0x18 tinyButton/tinyButton.o
 .debug_ranges  0x00000278       0x38 tinyLED/tinyLED.o
 .debug_ranges  0x000002b0       0x40 tinyAxon/tinyAxon.o
 .debug_ranges  0x000002f0       0x20 tinyDendrite/tinyDendrite.o
 .debug_ranges  0x00000310       0x20 tinyISR/tinyISR.o
 .debug_ranges  0x00000330       0x10 tinyPotential/tinyPotential.o

.debug_macro
 *(.debug_macro)
OUTPUT(Building_Brains_V4.elf elf32-avr)
LOAD linker stubs
