Archive member included to satisfy reference by file (symbol)

d:/various_programs/atmel/studio/7.0/toolchain/avr8/avr8-gnu-toolchain/bin/../lib/gcc/avr/5.4.0/../../../../avr/lib/avrxmega3/short-calls\libm.a(addsf3.o)
                              tinyAxon/tinyAxon.o (__subsf3)
d:/various_programs/atmel/studio/7.0/toolchain/avr8/avr8-gnu-toolchain/bin/../lib/gcc/avr/5.4.0/../../../../avr/lib/avrxmega3/short-calls\libm.a(addsf3x.o)
                              d:/various_programs/atmel/studio/7.0/toolchain/avr8/avr8-gnu-toolchain/bin/../lib/gcc/avr/5.4.0/../../../../avr/lib/avrxmega3/short-calls\libm.a(addsf3.o) (__addsf3x)
d:/various_programs/atmel/studio/7.0/toolchain/avr8/avr8-gnu-toolchain/bin/../lib/gcc/avr/5.4.0/../../../../avr/lib/avrxmega3/short-calls\libm.a(cmpsf2.o)
                              tinyLED/tinyLED.o (__ltsf2)
d:/various_programs/atmel/studio/7.0/toolchain/avr8/avr8-gnu-toolchain/bin/../lib/gcc/avr/5.4.0/../../../../avr/lib/avrxmega3/short-calls\libm.a(divsf3.o)
                              tinyLED/tinyLED.o (__divsf3)
d:/various_programs/atmel/studio/7.0/toolchain/avr8/avr8-gnu-toolchain/bin/../lib/gcc/avr/5.4.0/../../../../avr/lib/avrxmega3/short-calls\libm.a(divsf3x.o)
                              d:/various_programs/atmel/studio/7.0/toolchain/avr8/avr8-gnu-toolchain/bin/../lib/gcc/avr/5.4.0/../../../../avr/lib/avrxmega3/short-calls\libm.a(divsf3.o) (__divsf3x)
d:/various_programs/atmel/studio/7.0/toolchain/avr8/avr8-gnu-toolchain/bin/../lib/gcc/avr/5.4.0/../../../../avr/lib/avrxmega3/short-calls\libm.a(exp.o)
                              tinyPotential/tinyPotential.o (exp)
d:/various_programs/atmel/studio/7.0/toolchain/avr8/avr8-gnu-toolchain/bin/../lib/gcc/avr/5.4.0/../../../../avr/lib/avrxmega3/short-calls\libm.a(fixunssfsi.o)
                              tinyLED/tinyLED.o (__fixunssfsi)
d:/various_programs/atmel/studio/7.0/toolchain/avr8/avr8-gnu-toolchain/bin/../lib/gcc/avr/5.4.0/../../../../avr/lib/avrxmega3/short-calls\libm.a(floatsisf.o)
                              tinyButton/tinyButton.o (__floatunsisf)
d:/various_programs/atmel/studio/7.0/toolchain/avr8/avr8-gnu-toolchain/bin/../lib/gcc/avr/5.4.0/../../../../avr/lib/avrxmega3/short-calls\libm.a(fmin.o)
                              tinyLED/tinyLED.o (fmin)
d:/various_programs/atmel/studio/7.0/toolchain/avr8/avr8-gnu-toolchain/bin/../lib/gcc/avr/5.4.0/../../../../avr/lib/avrxmega3/short-calls\libm.a(fp_cmp.o)
                              d:/various_programs/atmel/studio/7.0/toolchain/avr8/avr8-gnu-toolchain/bin/../lib/gcc/avr/5.4.0/../../../../avr/lib/avrxmega3/short-calls\libm.a(cmpsf2.o) (__fp_cmp)
d:/various_programs/atmel/studio/7.0/toolchain/avr8/avr8-gnu-toolchain/bin/../lib/gcc/avr/5.4.0/../../../../avr/lib/avrxmega3/short-calls\libm.a(fp_inf.o)
                              d:/various_programs/atmel/studio/7.0/toolchain/avr8/avr8-gnu-toolchain/bin/../lib/gcc/avr/5.4.0/../../../../avr/lib/avrxmega3/short-calls\libm.a(addsf3x.o) (__fp_inf)
d:/various_programs/atmel/studio/7.0/toolchain/avr8/avr8-gnu-toolchain/bin/../lib/gcc/avr/5.4.0/../../../../avr/lib/avrxmega3/short-calls\libm.a(fp_nan.o)
                              d:/various_programs/atmel/studio/7.0/toolchain/avr8/avr8-gnu-toolchain/bin/../lib/gcc/avr/5.4.0/../../../../avr/lib/avrxmega3/short-calls\libm.a(addsf3x.o) (__fp_nan)
d:/various_programs/atmel/studio/7.0/toolchain/avr8/avr8-gnu-toolchain/bin/../lib/gcc/avr/5.4.0/../../../../avr/lib/avrxmega3/short-calls\libm.a(fp_powser.o)
                              d:/various_programs/atmel/studio/7.0/toolchain/avr8/avr8-gnu-toolchain/bin/../lib/gcc/avr/5.4.0/../../../../avr/lib/avrxmega3/short-calls\libm.a(exp.o) (__fp_powser)
d:/various_programs/atmel/studio/7.0/toolchain/avr8/avr8-gnu-toolchain/bin/../lib/gcc/avr/5.4.0/../../../../avr/lib/avrxmega3/short-calls\libm.a(fp_pscA.o)
                              d:/various_programs/atmel/studio/7.0/toolchain/avr8/avr8-gnu-toolchain/bin/../lib/gcc/avr/5.4.0/../../../../avr/lib/avrxmega3/short-calls\libm.a(addsf3x.o) (__fp_pscA)
d:/various_programs/atmel/studio/7.0/toolchain/avr8/avr8-gnu-toolchain/bin/../lib/gcc/avr/5.4.0/../../../../avr/lib/avrxmega3/short-calls\libm.a(fp_pscB.o)
                              d:/various_programs/atmel/studio/7.0/toolchain/avr8/avr8-gnu-toolchain/bin/../lib/gcc/avr/5.4.0/../../../../avr/lib/avrxmega3/short-calls\libm.a(addsf3x.o) (__fp_pscB)
d:/various_programs/atmel/studio/7.0/toolchain/avr8/avr8-gnu-toolchain/bin/../lib/gcc/avr/5.4.0/../../../../avr/lib/avrxmega3/short-calls\libm.a(fp_round.o)
                              d:/various_programs/atmel/studio/7.0/toolchain/avr8/avr8-gnu-toolchain/bin/../lib/gcc/avr/5.4.0/../../../../avr/lib/avrxmega3/short-calls\libm.a(addsf3.o) (__fp_round)
d:/various_programs/atmel/studio/7.0/toolchain/avr8/avr8-gnu-toolchain/bin/../lib/gcc/avr/5.4.0/../../../../avr/lib/avrxmega3/short-calls\libm.a(fp_split3.o)
[...]
Memory Configuration

Name             Origin             Length             Attributes
text             0x00000000         0x00100000         xr
data             0x00802000         0x0000ffa0         rw !x
eeprom           0x00810000         0x00010000         rw !x
fuse             0x00820000         0x00000009         rw !x
lock             0x00830000         0x00000400         rw !x
signature        0x00840000         0x00000400         rw !x
user_signatures  0x00850000         0x00000400         rw !x
*default*        0x00000000         0xffffffff

Linker script and memory map

Address of section .data set to 0x803e00
                0x00008000                __RODATA_PM_OFFSET__ = 0x8000
LOAD D:/Various_programs/Atmel/Studio/7.0/Packs/Atmel/ATtiny_DFP/1.3.229/gcc/dev/attiny817/avrxmega3/short-calls/crtattiny817.o
LOAD atmel_start.o
LOAD driver_isr.o
LOAD examples/src/adc_basic_example.o
LOAD examples/src/dac_basic_example.o
LOAD examples/src/usart_basic_example.o
LOAD src/adc_basic.o
LOAD src/bod.o
LOAD src/ccl.o
LOAD src/clkctrl.o
LOAD src/cpuint.o
LOAD src/dac_basic.o
LOAD src/driver_init.o
LOAD src/protected_io.o
LOAD src/rtc.o
LOAD src/slpctrl.o
LOAD src/spi.o
LOAD src/tca.o
LOAD src/usart_basic.o
LOAD tinyCharge/tinyCharge.o
LOAD tinyDebugger/tinyDebugger.o
LOAD tinyPulse/tinyPulse.o
LOAD tinyTime/tinyTime.o
LOAD main.o
LOAD tinyButton/tinyButton.o
LOAD tinyLED/tinyLED.o
LOAD tinyAxon/tinyAxon.o
LOAD tinyDendrite/tinyDendrite.o
LOAD tinyISR/tinyISR.o
LOAD tinyPotential/tinyPotential.o
START GROUP
LOAD d:/various_programs/atmel/studio/7.0/toolchain/avr8/avr8-gnu-toolchain/bin/../lib/gcc/avr/5.4.0/../../../../avr/lib/avrxmega3/short-calls\libm.a
END GROUP
START GROUP
LOAD d:/various_programs/atmel/studio/7.0/toolchain/avr8/avr8-gnu-toolchain/bin/../lib/gcc/avr/5.4.0/avrxmega3/short-calls\libgcc.a
LOAD d:/various_programs/atmel/studio/7.0/toolchain/avr8/avr8-gnu-toolchain/bin/../lib/gcc/avr/5.4.0/../../../../avr/lib/avrxmega3/short-calls\libm.a
LOAD d:/various_programs/atmel/studio/7.0/toolchain/avr8/avr8-gnu-toolchain/bin/../lib/gcc/avr/5.4.0/../../../../avr/lib/avrxmega3/short-calls\libc.a
LOAD D:/Various_programs/Atmel/Studio/7.0/Packs/Atmel/ATtiny_DFP/1.3.229/gcc/dev/attiny817/avrxmega3/short-calls\libattiny817.a
END GROUP
                0x00100000                __TEXT_REGION_LENGTH__ = DEFINED (__TEXT_REGION_LENGTH__)?__TEXT_REGION_LENGTH__:0x100000
                0x0000ffa0                __DATA_REGION_LENGTH__ = DEFINED (__DATA_REGION_LENGTH__)?__DATA_REGION_LENGTH__:0xffa0
                0x00010000                __EEPROM_REGION_LENGTH__ = DEFINED (__EEPROM_REGION_LENGTH__)?__EEPROM_REGION_LENGTH__:0x10000
                [0x00000009]                __FUSE_REGION_LENGTH__ = DEFINED (__FUSE_REGION_LENGTH__)?__FUSE_REGION_LENGTH__:0x400
                0x00000400                __LOCK_REGION_LENGTH__ = DEFINED (__LOCK_REGION_LENGTH__)?__LOCK_REGION_LENGTH__:0x400
                0x00000400                __SIGNATURE_REGION_LENGTH__ = DEFINED (__SIGNATURE_REGION_LENGTH__)?__SIGNATURE_REGION_LENGTH__:0x400
                0x00000400                __USER_SIGNATURE_REGION_LENGTH__ = DEFINED (__USER_SIGNATURE_REGION_LENGTH__)?__USER_SIGNATURE_REGION_LENGTH__:0x400
                0x00008000                __RODATA_PM_OFFSET__ = DEFINED (__RODATA_PM_OFFSET__)?__RODATA_PM_OFFSET__:0x8000

.hash
 *(.hash)

.dynsym
 *(.dynsym)

.dynstr
 *(.dynstr)

.gnu.version
 *(.gnu.version)

.gnu.version_d
 *(.gnu.version_d)

.gnu.version_r
 *(.gnu.version_r)

.rel.init
 *(.rel.init)

.rela.init
 *(.rela.init)

.rel.text
 *(.rel.text)
 *(.rel.text.*)
 *(.rel.gnu.linkonce.t*)

.rela.text
 *(.rela.text)
 *(.rela.text.*)
 *(.rela.gnu.linkonce.t*)

.rel.fini
 *(.rel.fini)

.rela.fini
 *(.rela.fini)

.rel.rodata
 *(.rel.rodata)
 *(.rel.rodata.*)
 *(.rel.gnu.linkonce.r*)

.rela.rodata
 *(.rela.rodata)
 *(.rela.rodata.*)
 *(.rela.gnu.linkonce.r*)

.rel.data
 *(.rel.data)
 *(.rel.data.*)
 *(.rel.gnu.linkonce.d*)

.rela.data
 *(.rela.data)
 *(.rela.data.*)
 *(.rela.gnu.linkonce.d*)

.rel.ctors
 *(.rel.ctors)

.rela.ctors
 *(.rela.ctors)

.rel.dtors
 *(.rel.dtors)

.rela.dtors
 *(.rela.dtors)

.rel.got
 *(.rel.got)

.rela.got
 *(.rela.got)

.rel.bss
 *(.rel.bss)

.rela.bss
 *(.rela.bss)

.rel.plt
 *(.rel.plt)

.rela.plt
 *(.rela.plt)

.text           0x00000000     0x1c26
 *(.vectors)
 .vectors       0x00000000       0x34 D:/Various_programs/Atmel/Studio/7.0/Packs/Atmel/ATtiny_DFP/1.3.229/gcc/dev/attiny817/avrxmega3/short-calls/crtattiny817.o
                0x00000000                __vector_default
                0x00000000                __vectors
 *(.vectors)
 *(.progmem.gcc*)
 .progmem.gcc_fplib
                0x00000034       0x28 d:/various_programs/atmel/studio/7.0/toolchain/avr8/avr8-gnu-toolchain/bin/../lib/gcc/avr/5.4.0/../../../../avr/lib/avrxmega3/short-calls\libm.a(exp.o)
                0x0000005c                . = ALIGN (0x2)
                0x0000005c                __trampolines_start = .
 *(.trampolines)
 .trampolines   0x0000005c        0x0 linker stubs
 *(.trampolines*)
                0x0000005c                __trampolines_end = .
 *libprintf_flt.a:*(.progmem.data)
 *libc.a:*(.progmem.data)
 .progmem.data  0x0000005c       0xfa d:/various_programs/atmel/studio/7.0/toolchain/avr8/avr8-gnu-toolchain/bin/../lib/gcc/avr/5.4.0/../../../../avr/lib/avrxmega3/short-calls\libc.a(ftoa_engine.o)
 *(.progmem*)
                0x00000156                . = ALIGN (0x2)
 *(.jumptables)
 *(.jumptables*)
 *(.lowtext)
 *(.lowtext*)
                0x00000156                __ctors_start = .
 *(.ctors)
                0x00000156                __ctors_end = .
                0x00000156                __dtors_start = .
 *(.dtors)
                0x00000156                __dtors_end = .
 SORT(*)(.ctors)
 SORT(*)(.dtors)
 *(.init0)
 .init0         0x00000156        0x0 D:/Various_programs/Atmel/Studio/7.0/Packs/Atmel/ATtiny_DFP/1.3.229/gcc/dev/attiny817/avrxmega3/short-calls/crtattiny817.o
                0x00000156                __init
 *(.init0)
 *(.init1)
 *(.init1)
 *(.init2)
 .init2         0x00000156        0xc D:/Various_programs/Atmel/Studio/7.0/Packs/Atmel/ATtiny_DFP/1.3.229/gcc/dev/attiny817/avrxmega3/short-calls/crtattiny817.o
 *(.init2)
 *(.init3)
 *(.init3)
 *(.init4)
 .init4         0x00000162       0x16 d:/various_programs/atmel/studio/7.0/toolchain/avr8/avr8-gnu-toolchain/bin/../lib/gcc/avr/5.4.0/avrxmega3/short-calls\libgcc.a(_copy_data.o)
                0x00000162                __do_copy_data
 .init4         0x00000178       0x10 d:/various_programs/atmel/studio/7.0/toolchain/avr8/avr8-gnu-toolchain/bin/../lib/gcc/avr/5.4.0/avrxmega3/short-calls\libgcc.a(_clear_bss.o)
                0x00000178                __do_clear_bss
 *(.init4)
 *(.init5)
 *(.init5)
 *(.init6)
 *(.init6)
 *(.init7)
 *(.init7)
 *(.init8)
 *(.init8)
 *(.init9)
 .init9         0x00000188        0x4 D:/Various_programs/Atmel/Studio/7.0/Packs/Atmel/ATtiny_DFP/1.3.229/gcc/dev/attiny817/avrxmega3/short-calls/crtattiny817.o
 *(.init9)
 *(.text)
 .text          0x0000018c        0x2 D:/Various_programs/Atmel/Studio/7.0/Packs/Atmel/ATtiny_DFP/1.3.229/gcc/dev/attiny817/avrxmega3/short-calls/crtattiny817.o
                0x0000018c                __vector_22
                0x0000018c                __vector_1
                0x0000018c                __vector_24
                0x0000018c                __vector_12
                0x0000018c                __bad_interrupt
                0x0000018c                __vector_3
                0x0000018c                __vector_23
                0x0000018c                __vector_25
                0x0000018c                __vector_11
                0x0000018c                __vector_13
                0x0000018c                __vector_17
                0x0000018c                __vector_19
                0x0000018c                __vector_7
                0x0000018c                __vector_5
                0x0000018c                __vector_4
                0x0000018c                __vector_9
                0x0000018c                __vector_2
                0x0000018c                __vector_21
                0x0000018c                __vector_15
                0x0000018c                __vector_8
                0x0000018c                __vector_14
                0x0000018c                __vector_10
                0x0000018c                __vector_16
                0x0000018c                __vector_18
                0x0000018c                __vector_20
                0x0000018e                . = ALIGN (0x2)
 *(.text.*)
 .text.atmel_start_init
                0x0000018e        0x4 atmel_start.o
                0x0000018e                atmel_start_init
 .text.ADC_init
                0x00000192        0xa src/adc_basic.o
                0x00000192                ADC_init
 .text.ADC_is_conversion_done
                0x0000019c        0x8 src/adc_basic.o
                0x0000019c                ADC_is_conversion_done
 .text.ADC_get_conversion
                0x000001a4       0x22 src/adc_basic.o
                0x000001a4                ADC_get_conversion
 .text.BOD_init
                0x000001c6        0xa src/bod.o
                0x000001c6                BOD_init
 .text.DIGGSIGG_init
                0x000001d0       0x1c src/ccl.o
                0x000001d0                DIGGSIGG_init
 .text.CLKCTRL_init
                0x000001ec       0x18 src/clkctrl.o
                0x000001ec                CLKCTRL_init
 .text.CPUINT_init
                0x00000204        0x6 src/cpuint.o
                0x00000204                CPUINT_init
 .text.DAC_init
                0x0000020a        0xa src/dac_basic.o
                0x0000020a                DAC_init
 .text.DAC_set_output
                0x00000214        0x6 src/dac_basic.o
                0x00000214                DAC_set_output
 .text.mcu_init
                0x0000021a       0x38 src/driver_init.o
                0x0000021a                mcu_init
 .text.ADC_initialization
                0x00000252       0x5e src/driver_init.o
                0x00000252                ADC_initialization
 .text.USART_0_initialization
                0x000002b0       0x14 src/driver_init.o
                0x000002b0                USART_0_initialization
 .text.TIMER_0_initialization
                0x000002c4       0x12 src/driver_init.o
                0x000002c4                TIMER_0_initialization
 .text.DIGGSIGG_initialization
                0x000002d6       0x12 src/driver_init.o
                0x000002d6                DIGGSIGG_initialization
 .text.SPI_0_initialization
                0x000002e8       0x1c src/driver_init.o
                0x000002e8                SPI_0_initialization
 .text.DAC_initialization
                0x00000304       0x16 src/driver_init.o
                0x00000304                DAC_initialization
 .text.system_init
                0x0000031a       0x42 src/driver_init.o
                0x0000031a                system_init
 .text.protected_write_io
                0x0000035c        0x8 src/protected_io.o
                0x0000035c                protected_write_io
 .text.RTC_init
                0x00000364       0x38 src/rtc.o
                0x00000364                RTC_init
 .text.SLPCTRL_init
                0x0000039c        0x4 src/slpctrl.o
                0x0000039c                SLPCTRL_init
 .text.SPI_0_init
                0x000003a0       0x10 src/spi.o
                0x000003a0                SPI_0_init
 .text.TIMER_0_init
                0x000003b0       0x20 src/tca.o
                0x000003b0                TIMER_0_init
 .text.USART_0_init
                0x000003d0       0x20 src/usart_basic.o
                0x000003d0                USART_0_init
 .text.USART_0_write
                0x000003f0       0x10 src/usart_basic.o
                0x000003f0                USART_0_write
 .text.USART_0_printCHAR
                0x00000400        0x8 src/usart_basic.o
                0x00000400                USART_0_printCHAR
 .text.tinyCharge_is_connected_to_charger
                0x00000408        0x6 tinyCharge/tinyCharge.o
                0x00000408                tinyCharge_is_connected_to_charger
 .text.tinyCharge_is_fully_charged
                0x0000040e        0xa tinyCharge/tinyCharge.o
                0x0000040e                tinyCharge_is_fully_charged
 .text.tinyCharge_set_charging_mode
                0x00000418        0xc tinyCharge/tinyCharge.o
                0x00000418                tinyCharge_set_charging_mode
 .text.tinyCharge_set_transistors
                0x00000424       0x10 tinyCharge/tinyCharge.o
                0x00000424                tinyCharge_set_transistors
 .text.tinyDebugger_send_uint32
                0x00000434       0x2a tinyDebugger/tinyDebugger.o
                0x00000434                tinyDebugger_send_uint32
 .text.tinyDebugger_send_uint8
                0x0000045e       0x28 tinyDebugger/tinyDebugger.o
                0x0000045e                tinyDebugger_send_uint8
 .text.tinyDebugger_send_double
                0x00000486       0x74 tinyDebugger/tinyDebugger.o
                0x00000486                tinyDebugger_send_double
 .text.tinyDebugger_end_line
                0x000004fa       0x20 tinyDebugger/tinyDebugger.o
                0x000004fa                tinyDebugger_end_line
 .text.tinyPulse_toggle_pulse_mode
                0x0000051a        0xe tinyPulse/tinyPulse.o
                0x0000051a                tinyPulse_toggle_pulse_mode
 .text.tinyPulse_update_potential
                0x00000528       0x6a tinyPulse/tinyPulse.o
                0x00000528                tinyPulse_update_potential
 .text.tinyTime_counter_increment
                0x00000592       0x28 tinyTime/tinyTime.o
                0x00000592                tinyTime_counter_increment
 .text.tinyTime_now
                0x000005ba       0x12 tinyTime/tinyTime.o
                0x000005ba                tinyTime_now
 .text.main     0x000005cc       0x34 main.o
                0x000005cc                main
 .text.tinyButton_update
                0x00000600       0x9c tinyButton/tinyButton.o
                0x00000600                tinyButton_update
 .text.tinyButton_update_potential
                0x0000069c       0x14 tinyButton/tinyButton.o
                0x0000069c                tinyButton_update_potential
 .text.tinyLED_set_color_mode
                0x000006b0       0x20 tinyLED/tinyLED.o
                0x000006b0                tinyLED_set_color_mode
 .text.tinyAxon_add_pulse
                0x000006d0       0x4a tinyAxon/tinyAxon.o
 .text.find_newest_pulse
                0x0000071a       0x26 tinyAxon/tinyAxon.o
                0x0000071a                find_newest_pulse
 .text.tinyAxon_remove_pulse
                0x00000740       0x44 tinyAxon/tinyAxon.o
                0x00000740                tinyAxon_remove_pulse
 .text.tinyAxon_update_potential
                0x00000784      0x150 tinyAxon/tinyAxon.o
                0x00000784                tinyAxon_update_potential
 .text.tinyDendrite_update_signals
                0x000008d4      0x108 tinyDendrite/tinyDendrite.o
                0x000008d4                tinyDendrite_update_signals
 .text.tinyDendrite_get_potential
                0x000009dc       0x56 tinyDendrite/tinyDendrite.o
                0x000009dc                tinyDendrite_get_potential
 .text.tinyDendrite_update_potential
                0x00000a32       0x28 tinyDendrite/tinyDendrite.o
                0x00000a32                tinyDendrite_update_potential
 .text.__vector_6
                0x00000a5a       0x54 tinyISR/tinyISR.o
                0x00000a5a                __vector_6
 .text.tinyISR_setflag
                0x00000aae        0x6 tinyISR/tinyISR.o
                0x00000aae                tinyISR_setflag
 .text.tinyISR_getflag
                0x00000ab4        0x6 tinyISR/tinyISR.o
                0x00000ab4                tinyISR_getflag
 .text.tinyPotential_update
                0x00000aba      0x106 tinyPotential/tinyPotential.o
                0x00000aba                tinyPotential_update
 .text.avr-libc.fplib
                0x00000bc0        0xe d:/various_programs/atmel/studio/7.0/toolchain/avr8/avr8-gnu-toolchain/bin/../lib/gcc/avr/5.4.0/../../../../avr/lib/avrxmega3/short-calls\libm.a(addsf3.o)
                0x00000bc0                __subsf3
                0x00000bc2                __addsf3
 .text.avr-libc.fplib
                0x00000bce       0xcc d:/various_programs/atmel/studio/7.0/toolchain/avr8/avr8-gnu-toolchain/bin/../lib/gcc/avr/5.4.0/../../../../avr/lib/avrxmega3/short-calls\libm.a(addsf3x.o)
                0x00000bf0                __addsf3x
 .text.avr-libc.fplib
                0x00000c9a        0xa d:/various_programs/atmel/studio/7.0/toolchain/avr8/avr8-gnu-toolchain/bin/../lib/gcc/avr/5.4.0/../../../../avr/lib/avrxmega3/short-calls\libm.a(cmpsf2.o)
                0x00000c9a                __nesf2
                0x00000c9a                __eqsf2
                0x00000c9a                __cmpsf2
                0x00000c9a                __ltsf2
                0x00000c9a                __lesf2
 .text.avr-libc.fplib
                0x00000ca4        0x8 d:/various_programs/atmel/studio/7.0/toolchain/avr8/avr8-gnu-toolchain/bin/../lib/gcc/avr/5.4.0/../../../../avr/lib/avrxmega3/short-calls\libm.a(divsf3.o)
                0x00000ca4                __divsf3
 .text.avr-libc.fplib
                0x00000cac       0xdc d:/various_programs/atmel/studio/7.0/toolchain/avr8/avr8-gnu-toolchain/bin/../lib/gcc/avr/5.4.0/../../../../avr/lib/avrxmega3/short-calls\libm.a(divsf3x.o)
                0x00000ccc                __divsf3x
                0x00000cd2                __divsf3_pse
 .text.avr-libc.fplib
                0x00000d88       0x74 d:/various_programs/atmel/studio/7.0/toolchain/avr8/avr8-gnu-toolchain/bin/../lib/gcc/avr/5.4.0/../../../../avr/lib/avrxmega3/short-calls\libm.a(exp.o)
                0x00000d98                exp
 .text.avr-libc.fplib
                0x00000dfc       0x7a d:/various_programs/atmel/studio/7.0/toolchain/avr8/avr8-gnu-toolchain/bin/../lib/gcc/avr/5.4.0/../../../../avr/lib/avrxmega3/short-calls\libm.a(floatsisf.o)
                0x00000dfc                __floatunsisf
                0x00000e00                __floatsisf
 .text.avr-libc.fplib
                0x00000e76       0x48 d:/various_programs/atmel/studio/7.0/toolchain/avr8/avr8-gnu-toolchain/bin/../lib/gcc/avr/5.4.0/../../../../avr/lib/avrxmega3/short-calls\libm.a(fp_cmp.o)
                0x00000e76                __fp_cmp
 .text.avr-libc.fplib
                0x00000ebe        0xc d:/various_programs/atmel/studio/7.0/toolchain/avr8/avr8-gnu-toolchain/bin/../lib/gcc/avr/5.4.0/../../../../avr/lib/avrxmega3/short-calls\libm.a(fp_inf.o)
                0x00000ebe                __fp_inf
 .text.avr-libc.fplib
                0x00000eca        0x6 d:/various_programs/atmel/studio/7.0/toolchain/avr8/avr8-gnu-toolchain/bin/../lib/gcc/avr/5.4.0/../../../../avr/lib/avrxmega3/short-calls\libm.a(fp_nan.o)
                0x00000eca                __fp_nan
 .text.avr-libc.fplib
                0x00000ed0       0x4e d:/various_programs/atmel/studio/7.0/toolchain/avr8/avr8-gnu-toolchain/bin/../lib/gcc/avr/5.4.0/../../../../avr/lib/avrxmega3/short-calls\libm.a(fp_powser.o)
                0x00000ed0                __fp_powser
 .text.avr-libc.fplib
                0x00000f1e        0xe d:/various_programs/atmel/studio/7.0/toolchain/avr8/avr8-gnu-toolchain/bin/../lib/gcc/avr/5.4.0/../../../../avr/lib/avrxmega3/short-calls\libm.a(fp_pscA.o)
                0x00000f1e                __fp_pscA
 .text.avr-libc.fplib
                0x00000f2c        0xe d:/various_programs/atmel/studio/7.0/toolchain/avr8/avr8-gnu-toolchain/bin/../lib/gcc/avr/5.4.0/../../../../avr/lib/avrxmega3/short-calls\libm.a(fp_pscB.o)
                0x00000f2c                __fp_pscB
 .text.avr-libc.fplib
                0x00000f3a       0x22 d:/various_programs/atmel/studio/7.0/toolchain/avr8/avr8-gnu-toolchain/bin/../lib/gcc/avr/5.4.0/../../../../avr/lib/avrxmega3/short-calls\libm.a(fp_round.o)
                0x00000f3a                __fp_round
 .text.avr-libc.fplib
                0x00000f5c       0x44 d:/various_programs/atmel/studio/7.0/toolchain/avr8/avr8-gnu-toolchain/bin/../lib/gcc/avr/5.4.0/../../../../avr/lib/avrxmega3/short-calls\libm.a(fp_split3.o)
                0x00000f5c                __fp_split3
                0x00000f6c                __fp_splitA
 .text.avr-libc.fplib
                0x00000fa0        0xe d:/various_programs/atmel/studio/7.0/toolchain/avr8/avr8-gnu-toolchain/bin/../lib/gcc/avr/5.4.0/../../../../avr/lib/avrxmega3/short-calls\libm.a(fp_zero.o)
                0x00000fa0                __fp_zero
                0x00000fa2                __fp_szero
 .text.avr-libc.fplib
                0x00000fae        0xa d:/various_programs/atmel/studio/7.0/toolchain/avr8/avr8-gnu-toolchain/bin/../lib/gcc/avr/5.4.0/../../../../avr/lib/avrxmega3/short-calls\libm.a(gesf2.o)
                0x00000fae                __gesf2
                0x00000fae                __gtsf2
 .text.avr-libc.fplib
                0x00000fb8       0x10 d:/various_programs/atmel/studio/7.0/toolchain/avr8/avr8-gnu-toolchain/bin/../lib/gcc/avr/5.4.0/../../../../avr/lib/avrxmega3/short-calls\libm.a(inverse.o)
                0x00000fb8                inverse
 .text.avr-libc.fplib
                0x00000fc8       0x74 d:/various_programs/atmel/studio/7.0/toolchain/avr8/avr8-gnu-toolchain/bin/../lib/gcc/avr/5.4.0/../../../../avr/lib/avrxmega3/short-calls\libm.a(ldexp.o)
                0x00000fd0                ldexp
 .text.avr-libc.fplib
                0x0000103c       0x68 d:/various_programs/atmel/studio/7.0/toolchain/avr8/avr8-gnu-toolchain/bin/../lib/gcc/avr/5.4.0/../../../../avr/lib/avrxmega3/short-calls\libm.a(modf.o)
                0x0000103c                modf
                0x0000103c                modff
 .text.avr-libc.fplib
                0x000010a4        0x8 d:/various_programs/atmel/studio/7.0/toolchain/avr8/avr8-gnu-toolchain/bin/../lib/gcc/avr/5.4.0/../../../../avr/lib/avrxmega3/short-calls\libm.a(mulsf3.o)
                0x000010a4                __mulsf3
 .text.avr-libc.fplib
                0x000010ac       0xd2 d:/various_programs/atmel/studio/7.0/toolchain/avr8/avr8-gnu-toolchain/bin/../lib/gcc/avr/5.4.0/../../../../avr/lib/avrxmega3/short-calls\libm.a(mulsf3x.o)
                0x000010ca                __mulsf3x
                0x000010d0                __mulsf3_pse
 .text.avr-libc.fplib
                0x0000117e       0x1c d:/various_programs/atmel/studio/7.0/toolchain/avr8/avr8-gnu-toolchain/bin/../lib/gcc/avr/5.4.0/../../../../avr/lib/avrxmega3/short-calls\libm.a(fp_mpack.o)
                0x0000117e                __fp_mpack
                0x00001182                __fp_mpack_finite
 .text.avr-libc
                0x0000119a       0x3e d:/various_programs/atmel/studio/7.0/toolchain/avr8/avr8-gnu-toolchain/bin/../lib/gcc/avr/5.4.0/../../../../avr/lib/avrxmega3/short-calls\libc.a(dtostrf.o)
                0x0000119a                dtostrf
 .text.avr-libc
                0x000011d8       0x26 d:/various_programs/atmel/studio/7.0/toolchain/avr8/avr8-gnu-toolchain/bin/../lib/gcc/avr/5.4.0/../../../../avr/lib/avrxmega3/short-calls\libc.a(printf.o)
                0x000011d8                printf
 .text.avr-libc
                0x000011fe       0x60 d:/various_programs/atmel/studio/7.0/toolchain/avr8/avr8-gnu-toolchain/bin/../lib/gcc/avr/5.4.0/../../../../avr/lib/avrxmega3/short-calls\libc.a(puts.o)
                0x000011fe                puts
 .text.avr-libc
                0x0000125e      0x3a4 d:/various_programs/atmel/studio/7.0/toolchain/avr8/avr8-gnu-toolchain/bin/../lib/gcc/avr/5.4.0/../../../../avr/lib/avrxmega3/short-calls\libc.a(vfprintf_std.o)
                0x0000125e                vfprintf
 .text.avr-libc
                0x00001602      0x2ae d:/various_programs/atmel/studio/7.0/toolchain/avr8/avr8-gnu-toolchain/bin/../lib/gcc/avr/5.4.0/../../../../avr/lib/avrxmega3/short-calls\libc.a(dtoa_prf.o)
                0x00001602                dtoa_prf
 .text.avr-libc
                0x000018b0      0x1b0 d:/various_programs/atmel/studio/7.0/toolchain/avr8/avr8-gnu-toolchain/bin/../lib/gcc/avr/5.4.0/../../../../avr/lib/avrxmega3/short-calls\libc.a(ftoa_engine.o)
                0x000018b0                __ftoa_engine
 .text.avr-libc
                0x00001a60       0x16 d:/various_programs/atmel/studio/7.0/toolchain/avr8/avr8-gnu-toolchain/bin/../lib/gcc/avr/5.4.0/../../../../avr/lib/avrxmega3/short-calls\libc.a(strnlen_P.o)
                0x00001a60                strnlen_P
 .text.avr-libc
                0x00001a76       0x16 d:/various_programs/atmel/studio/7.0/toolchain/avr8/avr8-gnu-toolchain/bin/../lib/gcc/avr/5.4.0/../../../../avr/lib/avrxmega3/short-calls\libc.a(strnlen.o)
                0x00001a76                strnlen
 .text.avr-libc
                0x00001a8c       0x78 d:/various_programs/atmel/studio/7.0/toolchain/avr8/avr8-gnu-toolchain/bin/../lib/gcc/avr/5.4.0/../../../../avr/lib/avrxmega3/short-calls\libc.a(fputc.o)
                0x00001a8c                fputc
 .text.avr-libc
                0x00001b04       0xbc d:/various_programs/atmel/studio/7.0/toolchain/avr8/avr8-gnu-toolchain/bin/../lib/gcc/avr/5.4.0/../../../../avr/lib/avrxmega3/short-calls\libc.a(ultoa_invert.o)
                0x00001b04                __ultoa_invert
 .text.libgcc.prologue
                0x00001bc0       0x32 d:/various_programs/atmel/studio/7.0/toolchain/avr8/avr8-gnu-toolchain/bin/../lib/gcc/avr/5.4.0/avrxmega3/short-calls\libgcc.a(_prologue.o)
                0x00001bc0                __prologue_saves__
 .text.libgcc.prologue
                0x00001bf2       0x30 d:/various_programs/atmel/studio/7.0/toolchain/avr8/avr8-gnu-toolchain/bin/../lib/gcc/avr/5.4.0/avrxmega3/short-calls\libgcc.a(_epilogue.o)
                0x00001bf2                __epilogue_restores__
                0x00001c22                . = ALIGN (0x2)
 *(.fini9)
 .fini9         0x00001c22        0x0 d:/various_programs/atmel/studio/7.0/toolchain/avr8/avr8-gnu-toolchain/bin/../lib/gcc/avr/5.4.0/avrxmega3/short-calls\libgcc.a(_exit.o)
                0x00001c22                _exit
                0x00001c22                exit
 *(.fini9)
 *(.fini8)
 *(.fini8)
 *(.fini7)
 *(.fini7)
 *(.fini6)
 *(.fini6)
 *(.fini5)
 *(.fini5)
 *(.fini4)
 *(.fini4)
 *(.fini3)
 *(.fini3)
 *(.fini2)
 *(.fini2)
 *(.fini1)
 *(.fini1)
 *(.fini0)
 .fini0         0x00001c22        0x4 d:/various_programs/atmel/studio/7.0/toolchain/avr8/avr8-gnu-toolchain/bin/../lib/gcc/avr/5.4.0/avrxmega3/short-calls\libgcc.a(_exit.o)
 *(.fini0)
                0x00001c26                _etext = .

.rodata         0x00009c26       0x49 load address 0x00001c26
 *(.rodata)
 *(.rodata*)
 .rodata.str1.1
                0x00009c26       0x1f tinyDebugger/tinyDebugger.o
 .rodata.str1.1
                0x00009c45        0x5 main.o
 .rodata.str1.1
                0x00009c4a        0xa tinyAxon/tinyAxon.o
 .rodata.str1.1
                0x00009c54        0xf tinyDendrite/tinyDendrite.o
 .rodata.str1.1
                0x00009c63        0xc tinyPotential/tinyPotential.o
 *(.gnu.linkonce.r*)

.data           0x00803e00       0x16 load address 0x00001c6f
                0x00803e00                PROVIDE (__data_start, .)
 *(.data)
 *(.data*)
 .data.USART_0_stream
                0x00803e00        0xe src/usart_basic.o
                0x00803e00                USART_0_stream
 .data.tinyDebugger_send_message
                0x00803e0e        0x1 tinyDebugger/tinyDebugger.o
                0x00803e0e                tinyDebugger_send_message
 .data.ideal_time_between_pulses
                0x00803e0f        0x2 tinyPulse/tinyPulse.o
                0x00803e0f                ideal_time_between_pulses
 .data.Dendrite_ports
                0x00803e11        0x5 tinyDendrite/tinyDendrite.o
                0x00803e11                Dendrite_ports
 *(.gnu.linkonce.d*)
                0x00803e16                . = ALIGN (0x2)
                0x00803e16                _edata = .
                0x00803e16                PROVIDE (__data_end, .)

.bss            0x00803e16       0x55
                0x00803e16                PROVIDE (__bss_start, .)
 *(.bss)
 *(.bss*)
 .bss.tinyDebugger_print_attempts
                0x00803e16        0x1 tinyDebugger/tinyDebugger.o
                0x00803e16                tinyDebugger_print_attempts
 .bss.time_since_last_pulse
                0x00803e17        0x2 tinyPulse/tinyPulse.o
                0x00803e17                time_since_last_pulse
 .bss.time_of_last_pulse
                0x00803e19        0x4 tinyPulse/tinyPulse.o
                0x00803e19                time_of_last_pulse
 .bss.pulse_mode
                0x00803e1d        0x1 tinyPulse/tinyPulse.o
                0x00803e1d                pulse_mode
 .bss.time_counter
                0x00803e1e        0x4 tinyTime/tinyTime.o
                0x00803e1e                time_counter
 .bss.tinyButton_start_time
                0x00803e22        0x4 tinyButton/tinyButton.o
 .bss.button_press
                0x00803e26        0x1 tinyButton/tinyButton.o
                0x00803e26                button_press
 .bss.button_was_pushed_down
                0x00803e27        0x1 tinyButton/tinyButton.o
 .bss.axonOutputValue
                0x00803e28        0x1 tinyAxon/tinyAxon.o
                0x00803e28                axonOutputValue
 .bss.pulse_queue
                0x00803e29       0x14 tinyAxon/tinyAxon.o
                0x00803e29                pulse_queue
 .bss.pulses_in_queue
                0x00803e3d        0x1 tinyAxon/tinyAxon.o
                0x00803e3d                pulses_in_queue
 .bss.tinyAxon_should_fire
                0x00803e3e        0x1 tinyAxon/tinyAxon.o
                0x00803e3e                tinyAxon_should_fire
 .bss.tinyAxon_has_fired
                0x00803e3f        0x1 tinyAxon/tinyAxon.o
                0x00803e3f                tinyAxon_has_fired
 .bss.tinyDendrite_previous_signals
                0x00803e40        0x5 tinyDendrite/tinyDendrite.o
                0x00803e40                tinyDendrite_previous_signals
 .bss.tinyDendrite_current_signals
                0x00803e45        0x5 tinyDendrite/tinyDendrite.o
                0x00803e45                tinyDendrite_current_signals
 .bss.tinyDendrite_values
                0x00803e4a        0x5 tinyDendrite/tinyDendrite.o
                0x00803e4a                tinyDendrite_values
 .bss.tinyISR_interrupt_flag
                0x00803e4f        0x1 tinyISR/tinyISR.o
 .bss.previous_update_time
                0x00803e50        0x4 tinyPotential/tinyPotential.o
 .bss.tinyPotential_potential
                0x00803e54        0x4 tinyPotential/tinyPotential.o
 *(COMMON)
 COMMON         0x00803e58        0x1 tinyCharge/tinyCharge.o
                0x00803e58                connected_to_charger
 COMMON         0x00803e59        0xc tinyLED/tinyLED.o
                0x00803e59                tinyLED_flash_once_time
                0x00803e5b                tinyLED_old_colors
                0x00803e61                tinyLED_colors
 COMMON         0x00803e65        0x6 d:/various_programs/atmel/studio/7.0/toolchain/avr8/avr8-gnu-toolchain/bin/../lib/gcc/avr/5.4.0/../../../../avr/lib/avrxmega3/short-calls\libc.a(iob.o)
                0x00803e65                __iob
                0x00803e6b                PROVIDE (__bss_end, .)
                0x00001c6f                __data_load_start = LOADADDR (.data)
                0x00001c85                __data_load_end = (__data_load_start + SIZEOF (.data))

.noinit         0x00803e6b        0x0
                [!provide]                PROVIDE (__noinit_start, .)
 *(.noinit*)
                [!provide]                PROVIDE (__noinit_end, .)
                0x00803e6b                _end = .
                [!provide]                PROVIDE (__heap_start, .)

.eeprom         0x00810000        0x0
 *(.eeprom*)
                0x00810000                __eeprom_end = .

.fuse
 *(.fuse)
 *(.lfuse)
 *(.hfuse)
 *(.efuse)

.lock
 *(.lock*)

.signature
 *(.signature*)

.user_signatures
 *(.user_signatures*)

.stab
 *(.stab)

.stabstr
 *(.stabstr)

.stab.excl
 *(.stab.excl)

.stab.exclstr
 *(.stab.exclstr)

.stab.index
 *(.stab.index)

.stab.indexstr
 *(.stab.indexstr)

.comment        0x00000000       0x5c
 *(.comment)
 .comment       0x00000000       0x30 atmel_start.o
                                 0x31 (size before relaxing)
 .comment       0x00000030       0x31 src/adc_basic.o
 .comment       0x00000030       0x31 src/bod.o
 .comment       0x00000030       0x31 src/ccl.o
 .comment       0x00000030       0x31 src/clkctrl.o
 .comment       0x00000030       0x31 src/cpuint.o
 .comment       0x00000030       0x31 src/dac_basic.o
 .comment       0x00000030       0x31 src/driver_init.o
 .comment       0x00000030       0x31 src/rtc.o
 .comment       0x00000030       0x31 src/slpctrl.o
 .comment       0x00000030       0x31 src/spi.o
 .comment       0x00000030       0x31 src/tca.o
 .comment       0x00000030       0x31 src/usart_basic.o
 .comment       0x00000030       0x31 tinyCharge/tinyCharge.o
 .comment       0x00000030       0x31 tinyDebugger/tinyDebugger.o
 .comment       0x00000030       0x31 tinyPulse/tinyPulse.o
 .comment       0x00000030       0x31 tinyTime/tinyTime.o
 .comment       0x00000030       0x31 main.o
 .comment       0x00000030       0x31 tinyButton/tinyButton.o
 .comment       0x00000030       0x31 tinyLED/tinyLED.o
 .comment       0x00000030       0x31 tinyAxon/tinyAxon.o
 .comment       0x00000030       0x31 tinyDendrite/tinyDendrite.o
 .comment       0x00000030       0x31 tinyISR/tinyISR.o
 .comment       0x00000030       0x31 tinyPotential/tinyPotential.o
 .comment       0x00000030       0x31 d:/various_programs/atmel/studio/7.0/toolchain/avr8/avr8-gnu-toolchain/bin/../lib/gcc/avr/5.4.0/../../../../avr/lib/avrxmega3/short-calls\libc.a(dtostrf.o)
 .comment       0x00000030       0x31 d:/various_programs/atmel/studio/7.0/toolchain/avr8/avr8-gnu-toolchain/bin/../lib/gcc/avr/5.4.0/../../../../avr/lib/avrxmega3/short-calls\libc.a(iob.o)
 .comment       0x00000030       0x31 d:/various_programs/atmel/studio/7.0/toolchain/avr8/avr8-gnu-toolchain/bin/../lib/gcc/avr/5.4.0/../../../../avr/lib/avrxmega3/short-calls\libc.a(printf.o)
 .comment       0x00000030       0x31 d:/various_programs/atmel/studio/7.0/toolchain/avr8/avr8-gnu-toolchain/bin/../lib/gcc/avr/5.4.0/../../../../avr/lib/avrxmega3/short-calls\libc.a(puts.o)
 .comment       0x00000030       0x2c d:/various_programs/atmel/studio/7.0/toolchain/avr8/avr8-gnu-toolchain/bin/../lib/gcc/avr/5.4.0/../../../../avr/lib/avrxmega3/short-calls\libc.a(vfprintf_std.o)
                                 0x2d (size before relaxing)
 .comment       0x0000005c       0x31 d:/various_programs/atmel/studio/7.0/toolchain/avr8/avr8-gnu-toolchain/bin/../lib/gcc/avr/5.4.0/../../../../avr/lib/avrxmega3/short-calls\libc.a(dtoa_prf.o)
 .comment       0x0000005c       0x31 d:/various_programs/atmel/studio/7.0/toolchain/avr8/avr8-gnu-toolchain/bin/../lib/gcc/avr/5.4.0/../../../../avr/lib/avrxmega3/short-calls\libc.a(fputc.o)

.note.gnu.avr.deviceinfo
                0x00000000       0x3c
 .note.gnu.avr.deviceinfo
                0x00000000       0x3c D:/Various_programs/Atmel/Studio/7.0/Packs/Atmel/ATtiny_DFP/1.3.229/gcc/dev/attiny817/avrxmega3/short-calls/crtattiny817.o

.note.gnu.build-id
 *(.note.gnu.build-id)

.debug
 *(.debug)

.line
 *(.line)

.debug_srcinfo
 *(.debug_srcinfo)

.debug_sfnames
 *(.debug_sfnames)

.debug_aranges  0x00000000      0x4c8
 *(.debug_aranges)
 .debug_aranges
                0x00000000       0x20 atmel_start.o
 .debug_aranges
                0x00000020       0x58 src/adc_basic.o
 .debug_aranges
                0x00000078       0x20 src/bod.o
 .debug_aranges
                0x00000098       0x20 src/ccl.o
 .debug_aranges
                0x000000b8       0x20 src/clkctrl.o
 .debug_aranges
                0x000000d8       0x20 src/cpuint.o
 .debug_aranges
                0x000000f8       0x40 src/dac_basic.o
 .debug_aranges
                0x00000138       0x58 src/driver_init.o
 .debug_aranges
                0x00000190       0x20 src/protected_io.o
 .debug_aranges
                0x000001b0       0x20 src/rtc.o
 .debug_aranges
                0x000001d0       0x20 src/slpctrl.o
 .debug_aranges
                0x000001f0       0x20 src/spi.o
 .debug_aranges
                0x00000210       0x20 src/tca.o
 .debug_aranges
                0x00000230       0x78 src/usart_basic.o
 .debug_aranges
                0x000002a8       0x40 tinyCharge/tinyCharge.o
 .debug_aranges
                0x000002e8       0x48 tinyDebugger/tinyDebugger.o
 .debug_aranges
                0x00000330       0x28 tinyPulse/tinyPulse.o
 .debug_aranges
                0x00000358       0x28 tinyTime/tinyTime.o
 .debug_aranges
                0x00000380       0x20 main.o
 .debug_aranges
                0x000003a0       0x28 tinyButton/tinyButton.o
 .debug_aranges
                0x000003c8       0x48 tinyLED/tinyLED.o
 .debug_aranges
                0x00000410       0x38 tinyAxon/tinyAxon.o
 .debug_aranges
                0x00000448       0x30 tinyDendrite/tinyDendrite.o
 .debug_aranges
                0x00000478       0x30 tinyISR/tinyISR.o
 .debug_aranges
                0x000004a8       0x20 tinyPotential/tinyPotential.o

.debug_pubnames
 *(.debug_pubnames)

.debug_info     0x00000000     0x7b8f
 *(.debug_info .gnu.linkonce.wi.*)
 .debug_info    0x00000000     0x16bc D:/Various_programs/Atmel/Studio/7.0/Packs/Atmel/ATtiny_DFP/1.3.229/gcc/dev/attiny817/avrxmega3/short-calls/crtattiny817.o
 .debug_info    0x000016bc       0x9a atmel_start.o
 .debug_info    0x00001756      0x484 src/adc_basic.o
 .debug_info    0x00001bda      0x1d6 src/bod.o
 .debug_info    0x00001db0      0x2fd src/ccl.o
 .debug_info    0x000020ad      0x3fe src/clkctrl.o
 .debug_info    0x000024ab       0x8d src/cpuint.o
 .debug_info    0x00002538      0x184 src/dac_basic.o
 .debug_info    0x000026bc     0x16b6 src/driver_init.o
 .debug_info    0x00003d72       0xb2 src/protected_io.o
 .debug_info    0x00003e24      0x422 src/rtc.o
 .debug_info    0x00004246       0x8d src/slpctrl.o
 .debug_info    0x000042d3      0x18f src/spi.o
 .debug_info    0x00004462      0xa74 src/tca.o
 .debug_info    0x00004ed6      0x47d src/usart_basic.o
 .debug_info    0x00005353      0x2b4 tinyCharge/tinyCharge.o
 .debug_info    0x00005607      0x2fd tinyDebugger/tinyDebugger.o
 .debug_info    0x00005904      0x130 tinyPulse/tinyPulse.o
 .debug_info    0x00005a34       0xb6 tinyTime/tinyTime.o
 .debug_info    0x00005aea      0x201 main.o
 .debug_info    0x00005ceb      0x222 tinyButton/tinyButton.o
 .debug_info    0x00005f0d      0xf99 tinyLED/tinyLED.o
 .debug_info    0x00006ea6      0x41d tinyAxon/tinyAxon.o
 .debug_info    0x000072c3      0x325 tinyDendrite/tinyDendrite.o
 .debug_info    0x000075e8      0x3d8 tinyISR/tinyISR.o
 .debug_info    0x000079c0      0x1cf tinyPotential/tinyPotential.o

.debug_abbrev   0x00000000     0x30cf
 *(.debug_abbrev)
 .debug_abbrev  0x00000000     0x1582 D:/Various_programs/Atmel/Studio/7.0/Packs/Atmel/ATtiny_DFP/1.3.229/gcc/dev/attiny817/avrxmega3/short-calls/crtattiny817.o
 .debug_abbrev  0x00001582       0x63 atmel_start.o
 .debug_abbrev  0x000015e5      0x1bc src/adc_basic.o
 .debug_abbrev  0x000017a1       0x9d src/bod.o
 .debug_abbrev  0x0000183e       0x9f src/ccl.o
 .debug_abbrev  0x000018dd      0x116 src/clkctrl.o
 .debug_abbrev  0x000019f3       0x51 src/cpuint.o
 .debug_abbrev  0x00001a44       0xc2 src/dac_basic.o
 .debug_abbrev  0x00001b06      0x1cf src/driver_init.o
 .debug_abbrev  0x00001cd5       0x14 src/protected_io.o
 .debug_abbrev  0x00001ce9       0xd4 src/rtc.o
 .debug_abbrev  0x00001dbd       0x51 src/slpctrl.o
 .debug_abbrev  0x00001e0e       0x9f src/spi.o
 .debug_abbrev  0x00001ead       0xf0 src/tca.o
 .debug_abbrev  0x00001f9d      0x204 src/usart_basic.o
 .debug_abbrev  0x000021a1      0x1c8 tinyCharge/tinyCharge.o
 .debug_abbrev  0x00002369      0x144 tinyDebugger/tinyDebugger.o
 .debug_abbrev  0x000024ad       0xa8 tinyPulse/tinyPulse.o
 .debug_abbrev  0x00002555       0x7c tinyTime/tinyTime.o
 .debug_abbrev  0x000025d1       0xc0 main.o
 .debug_abbrev  0x00002691      0x16a tinyButton/tinyButton.o
 .debug_abbrev  0x000027fb      0x336 tinyLED/tinyLED.o
 .debug_abbrev  0x00002b31      0x1d9 tinyAxon/tinyAxon.o
 .debug_abbrev  0x00002d0a      0x17c tinyDendrite/tinyDendrite.o
 .debug_abbrev  0x00002e86      0x157 tinyISR/tinyISR.o
 .debug_abbrev  0x00002fdd       0xf2 tinyPotential/tinyPotential.o

.debug_line     0x00000000     0x27d6
 *(.debug_line .debug_line.* .debug_line_end)
 .debug_line    0x00000000      0x136 D:/Various_programs/Atmel/Studio/7.0/Packs/Atmel/ATtiny_DFP/1.3.229/gcc/dev/attiny817/avrxmega3/short-calls/crtattiny817.o
 .debug_line    0x00000136       0x60 atmel_start.o
 .debug_line    0x00000196      0x1fd src/adc_basic.o
 .debug_line    0x00000393      0x102 src/bod.o
 .debug_line    0x00000495      0x11a src/ccl.o
 .debug_line    0x000005af      0x130 src/clkctrl.o
 .debug_line    0x000006df       0xa8 src/cpuint.o
 .debug_line    0x00000787      0x17e src/dac_basic.o
 .debug_line    0x00000905      0x406 src/driver_init.o
 .debug_line    0x00000d0b       0x55 src/protected_io.o
 .debug_line    0x00000d60      0x13c src/rtc.o
 .debug_line    0x00000e9c       0xa3 src/slpctrl.o
 .debug_line    0x00000f3f      0x108 src/spi.o
 .debug_line    0x00001047      0x114 src/tca.o
 .debug_line    0x0000115b      0x266 src/usart_basic.o
 .debug_line    0x000013c1      0x1a8 tinyCharge/tinyCharge.o
 .debug_line    0x00001569      0x180 tinyDebugger/tinyDebugger.o
 .debug_line    0x000016e9       0xf9 tinyPulse/tinyPulse.o
 .debug_line    0x000017e2       0xc5 tinyTime/tinyTime.o
 .debug_line    0x000018a7      0x235 main.o
 .debug_line    0x00001adc      0x1f3 tinyButton/tinyButton.o
 .debug_line    0x00001ccf      0x2d1 tinyLED/tinyLED.o
 .debug_line    0x00001fa0      0x29e tinyAxon/tinyAxon.o
 .debug_line    0x0000223e      0x285 tinyDendrite/tinyDendrite.o
 .debug_line    0x000024c3      0x15c tinyISR/tinyISR.o
 .debug_line    0x0000261f      0x1b7 tinyPotential/tinyPotential.o

.debug_frame    0x00000000      0x890
 *(.debug_frame)
 .debug_frame   0x00000000       0x24 atmel_start.o
 .debug_frame   0x00000024       0x94 src/adc_basic.o
 .debug_frame   0x000000b8       0x24 src/bod.o
 .debug_frame   0x000000dc       0x24 src/ccl.o
 .debug_frame   0x00000100       0x24 src/clkctrl.o
 .debug_frame   0x00000124       0x24 src/cpuint.o
 .debug_frame   0x00000148       0x64 src/dac_basic.o
 .debug_frame   0x000001ac       0x94 src/driver_init.o
 .debug_frame   0x00000240       0x24 src/rtc.o
 .debug_frame   0x00000264       0x24 src/slpctrl.o
 .debug_frame   0x00000288       0x24 src/spi.o
 .debug_frame   0x000002ac       0x24 src/tca.o
 .debug_frame   0x000002d0       0xd4 src/usart_basic.o
 .debug_frame   0x000003a4       0x64 tinyCharge/tinyCharge.o
 .debug_frame   0x00000408      0x108 tinyDebugger/tinyDebugger.o
 .debug_frame   0x00000510       0x48 tinyPulse/tinyPulse.o
 .debug_frame   0x00000558       0x34 tinyTime/tinyTime.o
 .debug_frame   0x0000058c       0x24 main.o
 .debug_frame   0x000005b0       0x48 tinyButton/tinyButton.o
 .debug_frame   0x000005f8       0xd4 tinyLED/tinyLED.o
 .debug_frame   0x000006cc       0x70 tinyAxon/tinyAxon.o
 .debug_frame   0x0000073c       0x8c tinyDendrite/tinyDendrite.o
 .debug_frame   0x000007c8       0x90 tinyISR/tinyISR.o
 .debug_frame   0x00000858       0x38 tinyPotential/tinyPotential.o

.debug_str      0x00000000     0x30a3
 *(.debug_str)
 .debug_str     0x00000000      0x9a7 D:/Various_programs/Atmel/Studio/7.0/Packs/Atmel/ATtiny_DFP/1.3.229/gcc/dev/attiny817/avrxmega3/short-calls/crtattiny817.o
 .debug_str     0x000009a7      0x1a0 atmel_start.o
                                0x1d4 (size before relaxing)
 .debug_str     0x00000b47      0x331 src/adc_basic.o
                                0x507 (size before relaxing)
 .debug_str     0x00000e78       0xde src/bod.o
                                0x2eb (size before relaxing)
 .debug_str     0x00000f56      0x3e4 src/ccl.o
                                0x5fd (size before relaxing)
 .debug_str     0x0000133a      0x2ed src/clkctrl.o
                                0x536 (size before relaxing)
 .debug_str     0x00001627       0x1c src/cpuint.o
                                0x1c7 (size before relaxing)
 .debug_str     0x00001643       0x7c src/dac_basic.o
                                0x26c (size before relaxing)
 .debug_str     0x000016bf      0x632 src/driver_init.o
                                0x97e (size before relaxing)
 .debug_str     0x00001cf1      0x351 src/rtc.o
                                0x61e (size before relaxing)
 .debug_str     0x00002042       0x11 src/slpctrl.o
                                0x1c9 (size before relaxing)
 .debug_str     0x00002053       0xbf src/spi.o
                                0x2d5 (size before relaxing)
 .debug_str     0x00002112      0x36b src/tca.o
                                0x6c5 (size before relaxing)
 .debug_str     0x0000247d      0x1da src/usart_basic.o
                                0x417 (size before relaxing)
 .debug_str     0x00002657       0xeb tinyCharge/tinyCharge.o
                                0x316 (size before relaxing)
 .debug_str     0x00002742      0x12a tinyDebugger/tinyDebugger.o
                                0x2f3 (size before relaxing)
 .debug_str     0x0000286c       0xa0 tinyPulse/tinyPulse.o
                                0x26f (size before relaxing)
 .debug_str     0x0000290c       0x3f tinyTime/tinyTime.o
                                0x1f9 (size before relaxing)
 .debug_str     0x0000294b       0x87 main.o
                                0x2f2 (size before relaxing)
 .debug_str     0x000029d2       0xb0 tinyButton/tinyButton.o
                                0x2e7 (size before relaxing)
 .debug_str     0x00002a82      0x26d tinyLED/tinyLED.o
                                0x8b6 (size before relaxing)
 .debug_str     0x00002cef      0x18f tinyAxon/tinyAxon.o
                                0x3ec (size before relaxing)
 .debug_str     0x00002e7e      0x168 tinyDendrite/tinyDendrite.o
                                0x3a2 (size before relaxing)
 .debug_str     0x00002fe6       0x44 tinyISR/tinyISR.o
                                0x3ad (size before relaxing)
 .debug_str     0x0000302a       0x79 tinyPotential/tinyPotential.o
                                0x2df (size before relaxing)

.debug_loc      0x00000000     0x16d7
 *(.debug_loc)
 .debug_loc     0x00000000       0x87 src/adc_basic.o
 .debug_loc     0x00000087       0x52 src/clkctrl.o
 .debug_loc     0x000000d9      0x6fc src/driver_init.o
 .debug_loc     0x000007d5       0x47 src/usart_basic.o
 .debug_loc     0x0000081c       0x78 tinyCharge/tinyCharge.o
 .debug_loc     0x00000894      0x3b8 tinyDebugger/tinyDebugger.o
 .debug_loc     0x00000c4c       0x93 tinyPulse/tinyPulse.o
 .debug_loc     0x00000cdf       0xc3 tinyButton/tinyButton.o
 .debug_loc     0x00000da2      0x34a tinyLED/tinyLED.o
 .debug_loc     0x000010ec      0x208 tinyAxon/tinyAxon.o
 .debug_loc     0x000012f4      0x286 tinyDendrite/tinyDendrite.o
 .debug_loc     0x0000157a       0xec tinyISR/tinyISR.o
 .debug_loc     0x00001666       0x71 tinyPotential/tinyPotential.o

.debug_macinfo
 *(.debug_macinfo)

.debug_weaknames
 *(.debug_weaknames)

.debug_funcnames
 *(.debug_funcnames)

.debug_typenames
 *(.debug_typenames)

.debug_varnames
 *(.debug_varnames)

.debug_pubtypes
 *(.debug_pubtypes)

.debug_ranges   0x00000000      0x340
 *(.debug_ranges)
 .debug_ranges  0x00000000       0x10 atmel_start.o
 .debug_ranges  0x00000010       0x48 src/adc_basic.o
 .debug_ranges  0x00000058       0x10 src/bod.o
 .debug_ranges  0x00000068       0x10 src/ccl.o
 .debug_ranges  0x00000078       0x10 src/clkctrl.o
 .debug_ranges  0x00000088       0x10 src/cpuint.o
 .debug_ranges  0x00000098       0x30 src/dac_basic.o
 .debug_ranges  0x000000c8       0x48 src/driver_init.o
 .debug_ranges  0x00000110       0x10 src/rtc.o
 .debug_ranges  0x00000120       0x10 src/slpctrl.o
 .debug_ranges  0x00000130       0x10 src/spi.o
 .debug_ranges  0x00000140       0x10 src/tca.o
 .debug_ranges  0x00000150       0x68 src/usart_basic.o
 .debug_ranges  0x000001b8       0x30 tinyCharge/tinyCharge.o
 .debug_ranges  0x000001e8       0x38 tinyDebugger/tinyDebugger.o
 .debug_ranges  0x00000220       0x18 tinyPulse/tinyPulse.o
 .debug_ranges  0x00000238       0x18 tinyTime/tinyTime.o
 .debug_ranges  0x00000250       0x10 main.o
 .debug_ranges  0x00000260       0x18 tinyButton/tinyButton.o
 .debug_ranges  0x00000278       0x38 tinyLED/tinyLED.o
 .debug_ranges  0x000002b0       0x40 tinyAxon/tinyAxon.o
 .debug_ranges  0x000002f0       0x20 tinyDendrite/tinyDendrite.o
 .debug_ranges  0x00000310       0x20 tinyISR/tinyISR.o
 .debug_ranges  0x00000330       0x10 tinyPotential/tinyPotential.o

.debug_macro
 *(.debug_macro)
OUTPUT(Building_Brains_V4.elf elf32-avr)
LOAD linker stubs
