Archive member included to satisfy reference by file (symbol)

d:/software/atmel studio 7/7.0/toolchain/avr8/avr8-gnu-toolchain/bin/../lib/gcc/avr/5.4.0/../../../../avr/lib/avrxmega3\libm.a(addsf3.o)
                              tinyAxon/tinyAxon.o (__subsf3)
d:/software/atmel studio 7/7.0/toolchain/avr8/avr8-gnu-toolchain/bin/../lib/gcc/avr/5.4.0/../../../../avr/lib/avrxmega3\libm.a(addsf3x.o)
                              d:/software/atmel studio 7/7.0/toolchain/avr8/avr8-gnu-toolchain/bin/../lib/gcc/avr/5.4.0/../../../../avr/lib/avrxmega3\libm.a(addsf3.o) (__addsf3x)
d:/software/atmel studio 7/7.0/toolchain/avr8/avr8-gnu-toolchain/bin/../lib/gcc/avr/5.4.0/../../../../avr/lib/avrxmega3\libm.a(cmpsf2.o)
                              tinyAxon/tinyAxon.o (__ltsf2)
d:/software/atmel studio 7/7.0/toolchain/avr8/avr8-gnu-toolchain/bin/../lib/gcc/avr/5.4.0/../../../../avr/lib/avrxmega3\libm.a(divsf3.o)
                              tinyLED/tinyLED.o (__divsf3)
d:/software/atmel studio 7/7.0/toolchain/avr8/avr8-gnu-toolchain/bin/../lib/gcc/avr/5.4.0/../../../../avr/lib/avrxmega3\libm.a(divsf3x.o)
                              d:/software/atmel studio 7/7.0/toolchain/avr8/avr8-gnu-toolchain/bin/../lib/gcc/avr/5.4.0/../../../../avr/lib/avrxmega3\libm.a(divsf3.o) (__divsf3x)
d:/software/atmel studio 7/7.0/toolchain/avr8/avr8-gnu-toolchain/bin/../lib/gcc/avr/5.4.0/../../../../avr/lib/avrxmega3\libm.a(exp.o)
                              tinyPotential/tinyPotential.o (exp)
d:/software/atmel studio 7/7.0/toolchain/avr8/avr8-gnu-toolchain/bin/../lib/gcc/avr/5.4.0/../../../../avr/lib/avrxmega3\libm.a(fixunssfsi.o)
                              tinyLED/tinyLED.o (__fixunssfsi)
d:/software/atmel studio 7/7.0/toolchain/avr8/avr8-gnu-toolchain/bin/../lib/gcc/avr/5.4.0/../../../../avr/lib/avrxmega3\libm.a(floatsisf.o)
                              tinyButton/tinyButton.o (__floatunsisf)
d:/software/atmel studio 7/7.0/toolchain/avr8/avr8-gnu-toolchain/bin/../lib/gcc/avr/5.4.0/../../../../avr/lib/avrxmega3\libm.a(fmin.o)
                              tinyLED/tinyLED.o (fmin)
d:/software/atmel studio 7/7.0/toolchain/avr8/avr8-gnu-toolchain/bin/../lib/gcc/avr/5.4.0/../../../../avr/lib/avrxmega3\libm.a(fp_cmp.o)
                              d:/software/atmel studio 7/7.0/toolchain/avr8/avr8-gnu-toolchain/bin/../lib/gcc/avr/5.4.0/../../../../avr/lib/avrxmega3\libm.a(cmpsf2.o) (__fp_cmp)
d:/software/atmel studio 7/7.0/toolchain/avr8/avr8-gnu-toolchain/bin/../lib/gcc/avr/5.4.0/../../../../avr/lib/avrxmega3\libm.a(fp_inf.o)
                              d:/software/atmel studio 7/7.0/toolchain/avr8/avr8-gnu-toolchain/bin/../lib/gcc/avr/5.4.0/../../../../avr/lib/avrxmega3\libm.a(addsf3x.o) (__fp_inf)
d:/software/atmel studio 7/7.0/toolchain/avr8/avr8-gnu-toolchain/bin/../lib/gcc/avr/5.4.0/../../../../avr/lib/avrxmega3\libm.a(fp_nan.o)
                              d:/software/atmel studio 7/7.0/toolchain/avr8/avr8-gnu-toolchain/bin/../lib/gcc/avr/5.4.0/../../../../avr/lib/avrxmega3\libm.a(addsf3x.o) (__fp_nan)
d:/software/atmel studio 7/7.0/toolchain/avr8/avr8-gnu-toolchain/bin/../lib/gcc/avr/5.4.0/../../../../avr/lib/avrxmega3\libm.a(fp_powser.o)
                              d:/software/atmel studio 7/7.0/toolchain/avr8/avr8-gnu-toolchain/bin/../lib/gcc/avr/5.4.0/../../../../avr/lib/avrxmega3\libm.a(exp.o) (__fp_powser)
d:/software/atmel studio 7/7.0/toolchain/avr8/avr8-gnu-toolchain/bin/../lib/gcc/avr/5.4.0/../../../../avr/lib/avrxmega3\libm.a(fp_pscA.o)
                              d:/software/atmel studio 7/7.0/toolchain/avr8/avr8-gnu-toolchain/bin/../lib/gcc/avr/5.4.0/../../../../avr/lib/avrxmega3\libm.a(addsf3x.o) (__fp_pscA)
d:/software/atmel studio 7/7.0/toolchain/avr8/avr8-gnu-toolchain/bin/../lib/gcc/avr/5.4.0/../../../../avr/lib/avrxmega3\libm.a(fp_pscB.o)
                              d:/software/atmel studio 7/7.0/toolchain/avr8/avr8-gnu-toolchain/bin/../lib/gcc/avr/5.4.0/../../../../avr/lib/avrxmega3\libm.a(addsf3x.o) (__fp_pscB)
d:/software/atmel studio 7/7.0/toolchain/avr8/avr8-gnu-toolchain/bin/../lib/gcc/avr/5.4.0/../../../../avr/lib/avrxmega3\libm.a(fp_round.o)
                              d:/software/atmel studio 7/7.0/toolchain/avr8/avr8-gnu-toolchain/bin/../lib/gcc/avr/5.4.0/../../../../avr/lib/avrxmega3\libm.a(addsf3.o) (__fp_round)
d:/software/atmel studio 7/7.0/toolchain/avr8/avr8-gnu-toolchain/bin/../lib/gcc/avr/5.4.0/../../../../avr/lib/avrxmega3\libm.a(fp_split3.o)
                              d:/software/atmel studio 7/7.0/toolchain/avr8/avr8-gnu-toolchain/bin/../lib/gcc/avr/5.4.0/../../../../avr/lib/avrxmega3\libm.a(addsf3x.o) (__fp_split3)
d:/software/atmel studio 7/7.0/toolchain/avr8/avr8-gnu-toolchain/bin/../lib/gcc/avr/5.4.0/../../../../avr/lib/avrxmega3\libm.a(fp_zero.o)
                              d:/software/atmel studio 7/7.0/toolchain/avr8/avr8-gnu-toolchain/bin/../lib/gcc/avr/5.4.0/../../../../avr/lib/avrxmega3\libm.a(addsf3x.o) (__fp_zero)
[...]
Memory Configuration

Name             Origin             Length             Attributes
text             0x00000000         0x00008000         xr
data             0x00803800         0x00000800         rw !x
eeprom           0x00810000         0x00000100         rw !x
fuse             0x00820000         0x0000000a         rw !x
lock             0x00830000         0x00000400         rw !x
signature        0x00840000         0x00000400         rw !x
user_signatures  0x00850000         0x00000400         rw !x
*default*        0x00000000         0xffffffff

Linker script and memory map

Address of section .data set to 0x803800
                0x00008000                __RODATA_PM_OFFSET__ = 0x8000
LOAD D:/Software/Atmel Studio 7/7.0/Packs/Atmel/ATtiny_DFP/1.4.310/gcc/dev/attiny3217/avrxmega3/crtattiny3217.o
LOAD atmel_start.o
LOAD driver_isr.o
LOAD examples/src/adc_basic_example.o
LOAD examples/src/dac_basic_example.o
LOAD examples/src/usart_basic_example.o
LOAD main.o
LOAD src/adc_basic.o
LOAD src/bod.o
LOAD src/ccl.o
LOAD src/clkctrl.o
LOAD src/cpuint.o
LOAD src/dac_basic.o
LOAD src/driver_init.o
LOAD src/protected_io.o
LOAD src/rtc.o
LOAD src/slpctrl.o
LOAD src/spi.o
LOAD src/tca.o
LOAD src/usart_basic.o
LOAD tinyAxon/tinyAxon.o
LOAD tinyButton/tinyButton.o
LOAD tinyCharge/tinyCharge.o
LOAD tinyDebugger/tinyDebugger.o
LOAD tinyDendrite/tinyDendrite.o
LOAD tinyISR/tinyISR.o
LOAD tinyLED/tinyLED.o
LOAD tinyPotential/tinyPotential.o
LOAD tinyPulse/tinyPulse.o
LOAD tinySleep/tinySleep.o
LOAD tinyTester/tinyTester.o
LOAD tinyTime/tinyTime.o
START GROUP
LOAD d:/software/atmel studio 7/7.0/toolchain/avr8/avr8-gnu-toolchain/bin/../lib/gcc/avr/5.4.0/../../../../avr/lib/avrxmega3\libm.a
END GROUP
START GROUP
LOAD d:/software/atmel studio 7/7.0/toolchain/avr8/avr8-gnu-toolchain/bin/../lib/gcc/avr/5.4.0/avrxmega3\libgcc.a
LOAD d:/software/atmel studio 7/7.0/toolchain/avr8/avr8-gnu-toolchain/bin/../lib/gcc/avr/5.4.0/../../../../avr/lib/avrxmega3\libm.a
LOAD d:/software/atmel studio 7/7.0/toolchain/avr8/avr8-gnu-toolchain/bin/../lib/gcc/avr/5.4.0/../../../../avr/lib/avrxmega3\libc.a
LOAD D:/Software/Atmel Studio 7/7.0/Packs/Atmel/ATtiny_DFP/1.4.310/gcc/dev/attiny3217/avrxmega3\libattiny3217.a
END GROUP
                [0x00000000]                __TEXT_REGION_ORIGIN__ = DEFINED (__TEXT_REGION_ORIGIN__)?__TEXT_REGION_ORIGIN__:0x0
                [0x00803800]                __DATA_REGION_ORIGIN__ = DEFINED (__DATA_REGION_ORIGIN__)?__DATA_REGION_ORIGIN__:0x802000
                [0x00008000]                __TEXT_REGION_LENGTH__ = DEFINED (__TEXT_REGION_LENGTH__)?__TEXT_REGION_LENGTH__:0x100000
                [0x00000800]                __DATA_REGION_LENGTH__ = DEFINED (__DATA_REGION_LENGTH__)?__DATA_REGION_LENGTH__:0xffa0
                [0x00000100]                __EEPROM_REGION_LENGTH__ = DEFINED (__EEPROM_REGION_LENGTH__)?__EEPROM_REGION_LENGTH__:0x10000
                [0x0000000a]                __FUSE_REGION_LENGTH__ = DEFINED (__FUSE_REGION_LENGTH__)?__FUSE_REGION_LENGTH__:0x400
                0x00000400                __LOCK_REGION_LENGTH__ = DEFINED (__LOCK_REGION_LENGTH__)?__LOCK_REGION_LENGTH__:0x400
                0x00000400                __SIGNATURE_REGION_LENGTH__ = DEFINED (__SIGNATURE_REGION_LENGTH__)?__SIGNATURE_REGION_LENGTH__:0x400
                0x00000400                __USER_SIGNATURE_REGION_LENGTH__ = DEFINED (__USER_SIGNATURE_REGION_LENGTH__)?__USER_SIGNATURE_REGION_LENGTH__:0x400
                0x00008000                __RODATA_PM_OFFSET__ = DEFINED (__RODATA_PM_OFFSET__)?__RODATA_PM_OFFSET__:0x8000

.hash
 *(.hash)

.dynsym
 *(.dynsym)

.dynstr
 *(.dynstr)

.gnu.version
 *(.gnu.version)

.gnu.version_d
 *(.gnu.version_d)

.gnu.version_r
 *(.gnu.version_r)

.rel.init
 *(.rel.init)

.rela.init
 *(.rela.init)

.rel.text
 *(.rel.text)
 *(.rel.text.*)
 *(.rel.gnu.linkonce.t*)

.rela.text
 *(.rela.text)
 *(.rela.text.*)
 *(.rela.gnu.linkonce.t*)

.rel.fini
 *(.rel.fini)

.rela.fini
 *(.rela.fini)

.rel.rodata
 *(.rel.rodata)
 *(.rel.rodata.*)
 *(.rel.gnu.linkonce.r*)

.rela.rodata
 *(.rela.rodata)
 *(.rela.rodata.*)
 *(.rela.gnu.linkonce.r*)

.rel.data
 *(.rel.data)
 *(.rel.data.*)
 *(.rel.gnu.linkonce.d*)

.rela.data
 *(.rela.data)
 *(.rela.data.*)
 *(.rela.gnu.linkonce.d*)

.rel.ctors
 *(.rel.ctors)

.rela.ctors
 *(.rela.ctors)

.rel.dtors
 *(.rel.dtors)

.rela.dtors
 *(.rela.dtors)

.rel.got
 *(.rel.got)

.rela.got
 *(.rela.got)

.rel.bss
 *(.rel.bss)

.rela.bss
 *(.rela.bss)

.rel.plt
 *(.rel.plt)

.rela.plt
 *(.rela.plt)

.text           0x00000000     0x25f4
 *(.vectors)
 .vectors       0x00000000       0x7c D:/Software/Atmel Studio 7/7.0/Packs/Atmel/ATtiny_DFP/1.4.310/gcc/dev/attiny3217/avrxmega3/crtattiny3217.o
                0x00000000                __vector_default
                0x00000000                __vectors
 *(.vectors)
 *(.progmem.gcc*)
 .progmem.gcc_fplib
                0x0000007c       0x28 d:/software/atmel studio 7/7.0/toolchain/avr8/avr8-gnu-toolchain/bin/../lib/gcc/avr/5.4.0/../../../../avr/lib/avrxmega3\libm.a(exp.o)
 .progmem.gcc_fplib
                0x000000a4       0x1e d:/software/atmel studio 7/7.0/toolchain/avr8/avr8-gnu-toolchain/bin/../lib/gcc/avr/5.4.0/../../../../avr/lib/avrxmega3\libm.a(fp_sinus.o)
                0x000000c2                . = ALIGN (0x2)
                0x000000c2                __trampolines_start = .
 *(.trampolines)
 .trampolines   0x000000c2        0x0 linker stubs
 *(.trampolines*)
                0x000000c2                __trampolines_end = .
 *libprintf_flt.a:*(.progmem.data)
 *libc.a:*(.progmem.data)
 .progmem.data  0x000000c2       0xfa d:/software/atmel studio 7/7.0/toolchain/avr8/avr8-gnu-toolchain/bin/../lib/gcc/avr/5.4.0/../../../../avr/lib/avrxmega3\libc.a(ftoa_engine.o)
 *(.progmem*)
                0x000001bc                . = ALIGN (0x2)
 *(.jumptables)
 *(.jumptables*)
 *(.lowtext)
 *(.lowtext*)
                0x000001bc                __ctors_start = .
 *(.ctors)
                0x000001bc                __ctors_end = .
                0x000001bc                __dtors_start = .
 *(.dtors)
                0x000001bc                __dtors_end = .
 SORT(*)(.ctors)
 SORT(*)(.dtors)
 *(.init0)
 .init0         0x000001bc        0x0 D:/Software/Atmel Studio 7/7.0/Packs/Atmel/ATtiny_DFP/1.4.310/gcc/dev/attiny3217/avrxmega3/crtattiny3217.o
                0x000001bc                __init
 *(.init0)
 *(.init1)
 *(.init1)
 *(.init2)
 .init2         0x000001bc        0xc D:/Software/Atmel Studio 7/7.0/Packs/Atmel/ATtiny_DFP/1.4.310/gcc/dev/attiny3217/avrxmega3/crtattiny3217.o
 *(.init2)
 *(.init3)
 *(.init3)
 *(.init4)
 .init4         0x000001c8       0x16 d:/software/atmel studio 7/7.0/toolchain/avr8/avr8-gnu-toolchain/bin/../lib/gcc/avr/5.4.0/avrxmega3\libgcc.a(_copy_data.o)
                0x000001c8                __do_copy_data
 .init4         0x000001de       0x10 d:/software/atmel studio 7/7.0/toolchain/avr8/avr8-gnu-toolchain/bin/../lib/gcc/avr/5.4.0/avrxmega3\libgcc.a(_clear_bss.o)
                0x000001de                __do_clear_bss
 *(.init4)
 *(.init5)
 *(.init5)
 *(.init6)
 *(.init6)
 *(.init7)
 *(.init7)
 *(.init8)
 *(.init8)
 *(.init9)
 .init9         0x000001ee        0x8 D:/Software/Atmel Studio 7/7.0/Packs/Atmel/ATtiny_DFP/1.4.310/gcc/dev/attiny3217/avrxmega3/crtattiny3217.o
 *(.init9)
 *(.text)
 .text          0x000001f6        0x4 D:/Software/Atmel Studio 7/7.0/Packs/Atmel/ATtiny_DFP/1.4.310/gcc/dev/attiny3217/avrxmega3/crtattiny3217.o
                0x000001f6                __vector_22
                0x000001f6                __vector_28
                0x000001f6                __vector_1
                0x000001f6                __vector_24
                0x000001f6                __vector_12
                0x000001f6                __bad_interrupt
                0x000001f6                __vector_3
                0x000001f6                __vector_23
                0x000001f6                __vector_30
                0x000001f6                __vector_25
                0x000001f6                __vector_11
                0x000001f6                __vector_13
                0x000001f6                __vector_17
                0x000001f6                __vector_19
                0x000001f6                __vector_7
                0x000001f6                __vector_27
                0x000001f6                __vector_5
                0x000001f6                __vector_4
                0x000001f6                __vector_9
                0x000001f6                __vector_2
                0x000001f6                __vector_21
                0x000001f6                __vector_15
                0x000001f6                __vector_29
                0x000001f6                __vector_8
                0x000001f6                __vector_26
                0x000001f6                __vector_14
                0x000001f6                __vector_10
                0x000001f6                __vector_16
                0x000001f6                __vector_18
                0x000001f6                __vector_20
                0x000001fa                . = ALIGN (0x2)
 *(.text.*)
 .text.atmel_start_init
                0x000001fa        0x6 atmel_start.o
                0x000001fa                atmel_start_init
 .text.main     0x00000200       0x82 main.o
                0x00000200                main
 .text.ADC_0_init
                0x00000282       0x10 src/adc_basic.o
                0x00000282                ADC_0_init
 .text.ADC_0_is_conversion_done
                0x00000292        0x8 src/adc_basic.o
                0x00000292                ADC_0_is_conversion_done
 .text.ADC_0_get_conversion
                0x0000029a       0x24 src/adc_basic.o
                0x0000029a                ADC_0_get_conversion
 .text.BOD_init
                0x000002be        0x4 src/bod.o
                0x000002be                BOD_init
 .text.DIGITAL_GLUE_LOGIC_0_init
                0x000002c2       0x22 src/ccl.o
                0x000002c2                DIGITAL_GLUE_LOGIC_0_init
 .text.CLKCTRL_init
                0x000002e4       0x1c src/clkctrl.o
                0x000002e4                CLKCTRL_init
 .text.CPUINT_init
                0x00000300        0x6 src/cpuint.o
                0x00000300                CPUINT_init
 .text.DAC_0_init
                0x00000306        0xa src/dac_basic.o
                0x00000306                DAC_0_init
 .text.DAC_0_uninit
                0x00000310        0xa src/dac_basic.o
                0x00000310                DAC_0_uninit
 .text.DAC_0_enable
                0x0000031a        0xc src/dac_basic.o
                0x0000031a                DAC_0_enable
 .text.DAC_0_disable
                0x00000326        0xc src/dac_basic.o
                0x00000326                DAC_0_disable
 .text.DAC_0_set_output
                0x00000332        0x6 src/dac_basic.o
                0x00000332                DAC_0_set_output
 .text.mcu_init
                0x00000338       0x38 src/driver_init.o
                0x00000338                mcu_init
 .text.ADC_0_initialization
                0x00000370       0x60 src/driver_init.o
                0x00000370                ADC_0_initialization
 .text.USART_0_initialization
                0x000003d0       0x16 src/driver_init.o
                0x000003d0                USART_0_initialization
 .text.TIMER_0_initialization
                0x000003e6       0x14 src/driver_init.o
                0x000003e6                TIMER_0_initialization
 .text.DIGITAL_GLUE_LOGIC_0_initialization
                0x000003fa       0x14 src/driver_init.o
                0x000003fa                DIGITAL_GLUE_LOGIC_0_initialization
 .text.SPI_0_initialization
                0x0000040e       0x1e src/driver_init.o
                0x0000040e                SPI_0_initialization
 .text.DAC_0_initialization
                0x0000042c       0x18 src/driver_init.o
                0x0000042c                DAC_0_initialization
 .text.system_init
                0x00000444       0x5e src/driver_init.o
                0x00000444                system_init
 .text.protected_write_io
                0x000004a2        0x8 src/protected_io.o
                0x000004a2                protected_write_io
 .text.RTC_0_init
                0x000004aa       0x34 src/rtc.o
                0x000004aa                RTC_0_init
 .text.SLPCTRL_init
                0x000004de        0xa src/slpctrl.o
                0x000004de                SLPCTRL_init
 .text.SPI_0_init
                0x000004e8       0x10 src/spi.o
                0x000004e8                SPI_0_init
 .text.TIMER_0_init
                0x000004f8       0x20 src/tca.o
                0x000004f8                TIMER_0_init
 .text.USART_0_init
                0x00000518       0x20 src/usart_basic.o
                0x00000518                USART_0_init
 .text.USART_0_write
                0x00000538       0x10 src/usart_basic.o
                0x00000538                USART_0_write
 .text.USART_0_printCHAR
                0x00000548        0xa src/usart_basic.o
                0x00000548                USART_0_printCHAR
 .text.tinyAxon_add_pulse
                0x00000552       0x4a tinyAxon/tinyAxon.o
 .text.tinyAxon_is_firing
                0x0000059c        0xe tinyAxon/tinyAxon.o
                0x0000059c                tinyAxon_is_firing
 .text.find_newest_pulse
                0x000005aa       0x26 tinyAxon/tinyAxon.o
                0x000005aa                find_newest_pulse
 .text.tinyAxon_stop_sending_pulse
                0x000005d0        0xe tinyAxon/tinyAxon.o
                0x000005d0                tinyAxon_stop_sending_pulse
 .text.tinyAxon_remove_pulse
                0x000005de       0x46 tinyAxon/tinyAxon.o
                0x000005de                tinyAxon_remove_pulse
 .text.tinyAxon_update_potential
                0x00000624      0x168 tinyAxon/tinyAxon.o
                0x00000624                tinyAxon_update_potential
 .text.tinyAxon_check_charge_level
                0x0000078c       0x26 tinyAxon/tinyAxon.o
                0x0000078c                tinyAxon_check_charge_level
 .text.tinyButton_update
                0x000007b2       0xbc tinyButton/tinyButton.o
                0x000007b2                tinyButton_update
 .text.tinyButton_update_potential
                0x0000086e       0x16 tinyButton/tinyButton.o
                0x0000086e                tinyButton_update_potential
 .text.tinyCharge_is_connected_to_charger
                0x00000884        0x6 tinyCharge/tinyCharge.o
                0x00000884                tinyCharge_is_connected_to_charger
 .text.tinyCharge_is_fully_charged
                0x0000088a        0xa tinyCharge/tinyCharge.o
                0x0000088a                tinyCharge_is_fully_charged
 .text.tinyCharge_DAC_dissable
                0x00000894        0xa tinyCharge/tinyCharge.o
                0x00000894                tinyCharge_DAC_dissable
 .text.tinyCharge_DAC_enable
                0x0000089e        0xa tinyCharge/tinyCharge.o
                0x0000089e                tinyCharge_DAC_enable
 .text.tinyCharge_switch_mode
                0x000008a8       0x40 tinyCharge/tinyCharge.o
                0x000008a8                tinyCharge_switch_mode
 .text.tinyCharge_set_charging_mode
                0x000008e8       0x12 tinyCharge/tinyCharge.o
                0x000008e8                tinyCharge_set_charging_mode
 .text.tinyCharge_update_charging_mode
                0x000008fa       0x50 tinyCharge/tinyCharge.o
                0x000008fa                tinyCharge_update_charging_mode
 .text.tinyCharge_set_transistors
                0x0000094a       0x14 tinyCharge/tinyCharge.o
                0x0000094a                tinyCharge_set_transistors
 .text.tinyDebugger_send_uint32
                0x0000095e       0x24 tinyDebugger/tinyDebugger.o
                0x0000095e                tinyDebugger_send_uint32
 .text.tinyDebugger_send_uint8
                0x00000982       0x22 tinyDebugger/tinyDebugger.o
                0x00000982                tinyDebugger_send_uint8
 .text.tinyDebugger_send_double
                0x000009a4       0x6c tinyDebugger/tinyDebugger.o
                0x000009a4                tinyDebugger_send_double
 .text.tinyDebugger_end_line
                0x00000a10        0xa tinyDebugger/tinyDebugger.o
                0x00000a10                tinyDebugger_end_line
 .text.tinyDendrite_read_signals
                0x00000a1a       0x40 tinyDendrite/tinyDendrite.o
                0x00000a1a                tinyDendrite_read_signals
 .text.tinyDendrite_check_charge_level
                0x00000a5a       0x38 tinyDendrite/tinyDendrite.o
                0x00000a5a                tinyDendrite_check_charge_level
 .text.tinyDendrite_update_signals
                0x00000a92       0xda tinyDendrite/tinyDendrite.o
                0x00000a92                tinyDendrite_update_signals
 .text.tinyDendrite_get_potential
                0x00000b6c       0xba tinyDendrite/tinyDendrite.o
                0x00000b6c                tinyDendrite_get_potential
 .text.tinyDendrite_update_potential
                0x00000c26       0x2e tinyDendrite/tinyDendrite.o
                0x00000c26                tinyDendrite_update_potential
 .text.__vector_6
                0x00000c54       0x56 tinyISR/tinyISR.o
                0x00000c54                __vector_6
 .text.tinyISR_setflag
                0x00000caa        0x6 tinyISR/tinyISR.o
                0x00000caa                tinyISR_setflag
 .text.tinyISR_getflag
                0x00000cb0        0x6 tinyISR/tinyISR.o
                0x00000cb0                tinyISR_getflag
 .text.tinyLED_SPIWriteByte
                0x00000cb6       0x28 tinyLED/tinyLED.o
 .text.tinyLED_get_color
                0x00000cde       0x10 tinyLED/tinyLED.o
                0x00000cde                tinyLED_get_color
 .text.tinyLED_set_color_mode
                0x00000cee       0x48 tinyLED/tinyLED.o
                0x00000cee                tinyLED_set_color_mode
 .text.tinyLED_set_color
                0x00000d36        0x8 tinyLED/tinyLED.o
                0x00000d36                tinyLED_set_color
 .text.tinyLED_RGB_Color_Compare
                0x00000d3e       0x60 tinyLED/tinyLED.o
                0x00000d3e                tinyLED_RGB_Color_Compare
 .text.tinyLED_update
                0x00000d9e      0x42c tinyLED/tinyLED.o
                0x00000d9e                tinyLED_update
 .text.tinyPotential_update
                0x000011ca      0x114 tinyPotential/tinyPotential.o
                0x000011ca                tinyPotential_update
 .text.tinyPulse_toggle_pulse_mode
                0x000012de       0x38 tinyPulse/tinyPulse.o
                0x000012de                tinyPulse_toggle_pulse_mode
 .text.tinyPulse_set_pulse_mode
                0x00001316        0xc tinyPulse/tinyPulse.o
                0x00001316                tinyPulse_set_pulse_mode
 .text.tinyPulse_update_potential
                0x00001322       0x70 tinyPulse/tinyPulse.o
                0x00001322                tinyPulse_update_potential
 .text.tinyTime_counter_increment
                0x00001392       0x28 tinyTime/tinyTime.o
                0x00001392                tinyTime_counter_increment
 .text.tinyTime_now
                0x000013ba       0x12 tinyTime/tinyTime.o
                0x000013ba                tinyTime_now
 .text.avr-libc.fplib
                0x000013cc        0xe d:/software/atmel studio 7/7.0/toolchain/avr8/avr8-gnu-toolchain/bin/../lib/gcc/avr/5.4.0/../../../../avr/lib/avrxmega3\libm.a(addsf3.o)
                0x000013cc                __subsf3
                0x000013ce                __addsf3
 .text.avr-libc.fplib
                0x000013da       0xcc d:/software/atmel studio 7/7.0/toolchain/avr8/avr8-gnu-toolchain/bin/../lib/gcc/avr/5.4.0/../../../../avr/lib/avrxmega3\libm.a(addsf3x.o)
                0x000013fc                __addsf3x
 .text.avr-libc.fplib
                0x000014a6        0xa d:/software/atmel studio 7/7.0/toolchain/avr8/avr8-gnu-toolchain/bin/../lib/gcc/avr/5.4.0/../../../../avr/lib/avrxmega3\libm.a(cmpsf2.o)
                0x000014a6                __nesf2
                0x000014a6                __eqsf2
                0x000014a6                __cmpsf2
                0x000014a6                __ltsf2
                0x000014a6                __lesf2
 .text.avr-libc.fplib
                0x000014b0        0x8 d:/software/atmel studio 7/7.0/toolchain/avr8/avr8-gnu-toolchain/bin/../lib/gcc/avr/5.4.0/../../../../avr/lib/avrxmega3\libm.a(divsf3.o)
                0x000014b0                __divsf3
 .text.avr-libc.fplib
                0x000014b8       0xdc d:/software/atmel studio 7/7.0/toolchain/avr8/avr8-gnu-toolchain/bin/../lib/gcc/avr/5.4.0/../../../../avr/lib/avrxmega3\libm.a(divsf3x.o)
                0x000014d8                __divsf3x
                0x000014de                __divsf3_pse
 .text.avr-libc.fplib
                0x00001594       0x74 d:/software/atmel studio 7/7.0/toolchain/avr8/avr8-gnu-toolchain/bin/../lib/gcc/avr/5.4.0/../../../../avr/lib/avrxmega3\libm.a(exp.o)
                0x000015a4                exp
 .text.avr-libc.fplib
                0x00001608       0x5e d:/software/atmel studio 7/7.0/toolchain/avr8/avr8-gnu-toolchain/bin/../lib/gcc/avr/5.4.0/../../../../avr/lib/avrxmega3\libm.a(fixunssfsi.o)
                0x00001608                __fixunssfsi
 .text.avr-libc.fplib
                0x00001666       0x7a d:/software/atmel studio 7/7.0/toolchain/avr8/avr8-gnu-toolchain/bin/../lib/gcc/avr/5.4.0/../../../../avr/lib/avrxmega3\libm.a(floatsisf.o)
                0x00001666                __floatunsisf
                0x0000166a                __floatsisf
 .text.avr-libc.fplib
                0x000016e0       0x3e d:/software/atmel studio 7/7.0/toolchain/avr8/avr8-gnu-toolchain/bin/../lib/gcc/avr/5.4.0/../../../../avr/lib/avrxmega3\libm.a(fmin.o)
                0x000016e0                fmin
 .text.avr-libc.fplib
                0x0000171e       0x48 d:/software/atmel studio 7/7.0/toolchain/avr8/avr8-gnu-toolchain/bin/../lib/gcc/avr/5.4.0/../../../../avr/lib/avrxmega3\libm.a(fp_cmp.o)
                0x0000171e                __fp_cmp
 .text.avr-libc.fplib
                0x00001766        0xc d:/software/atmel studio 7/7.0/toolchain/avr8/avr8-gnu-toolchain/bin/../lib/gcc/avr/5.4.0/../../../../avr/lib/avrxmega3\libm.a(fp_inf.o)
                0x00001766                __fp_inf
 .text.avr-libc.fplib
                0x00001772        0x6 d:/software/atmel studio 7/7.0/toolchain/avr8/avr8-gnu-toolchain/bin/../lib/gcc/avr/5.4.0/../../../../avr/lib/avrxmega3\libm.a(fp_nan.o)
                0x00001772                __fp_nan
 .text.avr-libc.fplib
                0x00001778       0x4e d:/software/atmel studio 7/7.0/toolchain/avr8/avr8-gnu-toolchain/bin/../lib/gcc/avr/5.4.0/../../../../avr/lib/avrxmega3\libm.a(fp_powser.o)
                0x00001778                __fp_powser
 .text.avr-libc.fplib
                0x000017c6        0xe d:/software/atmel studio 7/7.0/toolchain/avr8/avr8-gnu-toolchain/bin/../lib/gcc/avr/5.4.0/../../../../avr/lib/avrxmega3\libm.a(fp_pscA.o)
                0x000017c6                __fp_pscA
 .text.avr-libc.fplib
                0x000017d4        0xe d:/software/atmel studio 7/7.0/toolchain/avr8/avr8-gnu-toolchain/bin/../lib/gcc/avr/5.4.0/../../../../avr/lib/avrxmega3\libm.a(fp_pscB.o)
                0x000017d4                __fp_pscB
 .text.avr-libc.fplib
                0x000017e2       0x22 d:/software/atmel studio 7/7.0/toolchain/avr8/avr8-gnu-toolchain/bin/../lib/gcc/avr/5.4.0/../../../../avr/lib/avrxmega3\libm.a(fp_round.o)
                0x000017e2                __fp_round
 .text.avr-libc.fplib
                0x00001804       0x44 d:/software/atmel studio 7/7.0/toolchain/avr8/avr8-gnu-toolchain/bin/../lib/gcc/avr/5.4.0/../../../../avr/lib/avrxmega3\libm.a(fp_split3.o)
                0x00001804                __fp_split3
                0x00001814                __fp_splitA
 .text.avr-libc.fplib
                0x00001848        0xe d:/software/atmel studio 7/7.0/toolchain/avr8/avr8-gnu-toolchain/bin/../lib/gcc/avr/5.4.0/../../../../avr/lib/avrxmega3\libm.a(fp_zero.o)
                0x00001848                __fp_zero
                0x0000184a                __fp_szero
 .text.avr-libc.fplib
                0x00001856        0xa d:/software/atmel studio 7/7.0/toolchain/avr8/avr8-gnu-toolchain/bin/../lib/gcc/avr/5.4.0/../../../../avr/lib/avrxmega3\libm.a(gesf2.o)
                0x00001856                __gesf2
                0x00001856                __gtsf2
 .text.avr-libc.fplib
                0x00001860       0x10 d:/software/atmel studio 7/7.0/toolchain/avr8/avr8-gnu-toolchain/bin/../lib/gcc/avr/5.4.0/../../../../avr/lib/avrxmega3\libm.a(inverse.o)
                0x00001860                inverse
 .text.avr-libc.fplib
                0x00001870       0x74 d:/software/atmel studio 7/7.0/toolchain/avr8/avr8-gnu-toolchain/bin/../lib/gcc/avr/5.4.0/../../../../avr/lib/avrxmega3\libm.a(ldexp.o)
                0x00001878                ldexp
 .text.avr-libc.fplib
                0x000018e4       0x68 d:/software/atmel studio 7/7.0/toolchain/avr8/avr8-gnu-toolchain/bin/../lib/gcc/avr/5.4.0/../../../../avr/lib/avrxmega3\libm.a(modf.o)
                0x000018e4                modf
                0x000018e4                modff
 .text.avr-libc.fplib
                0x0000194c        0x8 d:/software/atmel studio 7/7.0/toolchain/avr8/avr8-gnu-toolchain/bin/../lib/gcc/avr/5.4.0/../../../../avr/lib/avrxmega3\libm.a(mulsf3.o)
                0x0000194c                __mulsf3
 .text.avr-libc.fplib
                0x00001954       0xd2 d:/software/atmel studio 7/7.0/toolchain/avr8/avr8-gnu-toolchain/bin/../lib/gcc/avr/5.4.0/../../../../avr/lib/avrxmega3\libm.a(mulsf3x.o)
                0x00001972                __mulsf3x
                0x00001978                __mulsf3_pse
 .text.avr-libc.fplib
                0x00001a26       0x10 d:/software/atmel studio 7/7.0/toolchain/avr8/avr8-gnu-toolchain/bin/../lib/gcc/avr/5.4.0/../../../../avr/lib/avrxmega3\libm.a(sin.o)
                0x00001a26                sin
 .text.avr-libc.fplib
                0x00001a36       0x1c d:/software/atmel studio 7/7.0/toolchain/avr8/avr8-gnu-toolchain/bin/../lib/gcc/avr/5.4.0/../../../../avr/lib/avrxmega3\libm.a(fp_mpack.o)
                0x00001a36                __fp_mpack
                0x00001a3a                __fp_mpack_finite
 .text.avr-libc.fplib
                0x00001a52       0x56 d:/software/atmel studio 7/7.0/toolchain/avr8/avr8-gnu-toolchain/bin/../lib/gcc/avr/5.4.0/../../../../avr/lib/avrxmega3\libm.a(fp_rempio2.o)
                0x00001a56                __fp_rempio2
 .text.avr-libc.fplib
                0x00001aa8       0x28 d:/software/atmel studio 7/7.0/toolchain/avr8/avr8-gnu-toolchain/bin/../lib/gcc/avr/5.4.0/../../../../avr/lib/avrxmega3\libm.a(fp_sinus.o)
                0x00001aa8                __fp_sinus
 .text.avr-libc.fplib
                0x00001ad0       0x28 d:/software/atmel studio 7/7.0/toolchain/avr8/avr8-gnu-toolchain/bin/../lib/gcc/avr/5.4.0/../../../../avr/lib/avrxmega3\libm.a(fp_powsodd.o)
                0x00001ad0                __fp_powsodd
 .text.libgcc.div
                0x00001af8       0x44 d:/software/atmel studio 7/7.0/toolchain/avr8/avr8-gnu-toolchain/bin/../lib/gcc/avr/5.4.0/avrxmega3\libgcc.a(_udivmodsi4.o)
                0x00001af8                __udivmodsi4
 .text.avr-libc
                0x00001b3c       0x40 d:/software/atmel studio 7/7.0/toolchain/avr8/avr8-gnu-toolchain/bin/../lib/gcc/avr/5.4.0/../../../../avr/lib/avrxmega3\libc.a(dtostrf.o)
                0x00001b3c                dtostrf
 .text.avr-libc
                0x00001b7c       0x2c d:/software/atmel studio 7/7.0/toolchain/avr8/avr8-gnu-toolchain/bin/../lib/gcc/avr/5.4.0/../../../../avr/lib/avrxmega3\libc.a(printf.o)
                0x00001b7c                printf
 .text.avr-libc
                0x00001ba8       0x60 d:/software/atmel studio 7/7.0/toolchain/avr8/avr8-gnu-toolchain/bin/../lib/gcc/avr/5.4.0/../../../../avr/lib/avrxmega3\libc.a(puts.o)
                0x00001ba8                puts
 .text.avr-libc
                0x00001c08      0x3c2 d:/software/atmel studio 7/7.0/toolchain/avr8/avr8-gnu-toolchain/bin/../lib/gcc/avr/5.4.0/../../../../avr/lib/avrxmega3\libc.a(vfprintf_std.o)
                0x00001c08                vfprintf
 .text.avr-libc
                0x00001fca      0x2b4 d:/software/atmel studio 7/7.0/toolchain/avr8/avr8-gnu-toolchain/bin/../lib/gcc/avr/5.4.0/../../../../avr/lib/avrxmega3\libc.a(dtoa_prf.o)
                0x00001fca                dtoa_prf
 .text.avr-libc
                0x0000227e      0x1b0 d:/software/atmel studio 7/7.0/toolchain/avr8/avr8-gnu-toolchain/bin/../lib/gcc/avr/5.4.0/../../../../avr/lib/avrxmega3\libc.a(ftoa_engine.o)
                0x0000227e                __ftoa_engine
 .text.avr-libc
                0x0000242e       0x16 d:/software/atmel studio 7/7.0/toolchain/avr8/avr8-gnu-toolchain/bin/../lib/gcc/avr/5.4.0/../../../../avr/lib/avrxmega3\libc.a(strnlen_P.o)
                0x0000242e                strnlen_P
 .text.avr-libc
                0x00002444       0x16 d:/software/atmel studio 7/7.0/toolchain/avr8/avr8-gnu-toolchain/bin/../lib/gcc/avr/5.4.0/../../../../avr/lib/avrxmega3\libc.a(strnlen.o)
                0x00002444                strnlen
 .text.avr-libc
                0x0000245a       0x78 d:/software/atmel studio 7/7.0/toolchain/avr8/avr8-gnu-toolchain/bin/../lib/gcc/avr/5.4.0/../../../../avr/lib/avrxmega3\libc.a(fputc.o)
                0x0000245a                fputc
 .text.avr-libc
                0x000024d2       0xbc d:/software/atmel studio 7/7.0/toolchain/avr8/avr8-gnu-toolchain/bin/../lib/gcc/avr/5.4.0/../../../../avr/lib/avrxmega3\libc.a(ultoa_invert.o)
                0x000024d2                __ultoa_invert
 .text.libgcc.prologue
                0x0000258e       0x32 d:/software/atmel studio 7/7.0/toolchain/avr8/avr8-gnu-toolchain/bin/../lib/gcc/avr/5.4.0/avrxmega3\libgcc.a(_prologue.o)
                0x0000258e                __prologue_saves__
 .text.libgcc.prologue
                0x000025c0       0x30 d:/software/atmel studio 7/7.0/toolchain/avr8/avr8-gnu-toolchain/bin/../lib/gcc/avr/5.4.0/avrxmega3\libgcc.a(_epilogue.o)
                0x000025c0                __epilogue_restores__
                0x000025f0                . = ALIGN (0x2)
 *(.fini9)
 .fini9         0x000025f0        0x0 d:/software/atmel studio 7/7.0/toolchain/avr8/avr8-gnu-toolchain/bin/../lib/gcc/avr/5.4.0/avrxmega3\libgcc.a(_exit.o)
                0x000025f0                _exit
                0x000025f0                exit
 *(.fini9)
 *(.fini8)
 *(.fini8)
 *(.fini7)
 *(.fini7)
 *(.fini6)
 *(.fini6)
 *(.fini5)
 *(.fini5)
 *(.fini4)
 *(.fini4)
 *(.fini3)
 *(.fini3)
 *(.fini2)
 *(.fini2)
 *(.fini1)
 *(.fini1)
 *(.fini0)
 .fini0         0x000025f0        0x4 d:/software/atmel studio 7/7.0/toolchain/avr8/avr8-gnu-toolchain/bin/../lib/gcc/avr/5.4.0/avrxmega3\libgcc.a(_exit.o)
 *(.fini0)
                0x000025f4                _etext = .

.rodata         0x0000a5f4       0x54 load address 0x000025f4
 *(.rodata)
 *(.rodata*)
 .rodata.str1.1
                0x0000a5f4        0x5 main.o
 .rodata.str1.1
                0x0000a5f9        0xc tinyAxon/tinyAxon.o
 .rodata.str1.1
                0x0000a605       0x2a tinyDebugger/tinyDebugger.o
 .rodata.str1.1
                0x0000a62f        0xf tinyDendrite/tinyDendrite.o
 .rodata.str1.1
                0x0000a63e        0xa tinyPotential/tinyPotential.o
 *(.gnu.linkonce.r*)

.data           0x00803800       0x16 load address 0x00002648
                0x00803800                PROVIDE (__data_start, .)
 *(.data)
 *(.data*)
 .data.USART_0_stream
                0x00803800        0xe src/usart_basic.o
                0x00803800                USART_0_stream
 .data.Dendrite_ports
                0x0080380e        0x5 tinyDendrite/tinyDendrite.o
                0x0080380e                Dendrite_ports
 .data.ideal_time_between_pulses
                0x00803813        0x2 tinyPulse/tinyPulse.o
                0x00803813                ideal_time_between_pulses
 *(.gnu.linkonce.d*)
                0x00803816                . = ALIGN (0x2)
 *fill*         0x00803815        0x1 
                0x00803816                _edata = .
                0x00803816                PROVIDE (__data_end, .)

.bss            0x00803816       0x5a
                0x00803816                PROVIDE (__bss_start, .)
 *(.bss)
 *(.bss*)
 .bss.pulse_queue
                0x00803816       0x14 tinyAxon/tinyAxon.o
                0x00803816                pulse_queue
 .bss.pulses_in_queue
                0x0080382a        0x1 tinyAxon/tinyAxon.o
                0x0080382a                pulses_in_queue
 .bss.axonOutputValue
                0x0080382b        0x1 tinyAxon/tinyAxon.o
                0x0080382b                axonOutputValue
 .bss.tinyAxon_should_fire
                0x0080382c        0x1 tinyAxon/tinyAxon.o
                0x0080382c                tinyAxon_should_fire
 .bss.tinyAxon_has_just_fired
                0x0080382d        0x1 tinyAxon/tinyAxon.o
                0x0080382d                tinyAxon_has_just_fired
 .bss.tinyButton_start_time
                0x0080382e        0x4 tinyButton/tinyButton.o
 .bss.ignore_next_button_press
                0x00803832        0x1 tinyButton/tinyButton.o
                0x00803832                ignore_next_button_press
 .bss.button_press
                0x00803833        0x1 tinyButton/tinyButton.o
                0x00803833                button_press
 .bss.button_was_pushed_down
                0x00803834        0x1 tinyButton/tinyButton.o
 .bss.charge_counter
                0x00803835        0x1 tinyCharge/tinyCharge.o
                0x00803835                charge_counter
 .bss.tinyDendrite_previous_signals
                0x00803836        0x5 tinyDendrite/tinyDendrite.o
                0x00803836                tinyDendrite_previous_signals
 .bss.tinyDendrite_current_signals
                0x0080383b        0x5 tinyDendrite/tinyDendrite.o
                0x0080383b                tinyDendrite_current_signals
 .bss.tinyDendrite_values
                0x00803840        0x5 tinyDendrite/tinyDendrite.o
                0x00803840                tinyDendrite_values
 .bss.tinyISR_interrupt_flag
                0x00803845        0x1 tinyISR/tinyISR.o
 .bss.previous_update_time
                0x00803846        0x4 tinyPotential/tinyPotential.o
 .bss.tinyPotential_potential
                0x0080384a        0x4 tinyPotential/tinyPotential.o
 .bss.time_since_last_pulse
                0x0080384e        0x2 tinyPulse/tinyPulse.o
                0x0080384e                time_since_last_pulse
 .bss.time_of_last_pulse
                0x00803850        0x4 tinyPulse/tinyPulse.o
                0x00803850                time_of_last_pulse
 .bss.pulse_mode
                0x00803854        0x1 tinyPulse/tinyPulse.o
                0x00803854                pulse_mode
 .bss.time_counter
                0x00803855        0x4 tinyTime/tinyTime.o
                0x00803855                time_counter
 *(COMMON)
 COMMON         0x00803859        0x1 tinyCharge/tinyCharge.o
                0x00803859                connected_to_charger
 COMMON         0x0080385a       0x10 tinyLED/tinyLED.o
                0x0080385a                tinyLED_flash_once_time
                0x0080385c                tinyLED_old_colors
                0x00803862                tinyLED_settings
                0x00803866                tinyLED_old_settings
 COMMON         0x0080386a        0x6 d:/software/atmel studio 7/7.0/toolchain/avr8/avr8-gnu-toolchain/bin/../lib/gcc/avr/5.4.0/../../../../avr/lib/avrxmega3\libc.a(iob.o)
                0x0080386a                __iob
                0x00803870                PROVIDE (__bss_end, .)
                0x00002648                __data_load_start = LOADADDR (.data)
                0x0000265e                __data_load_end = (__data_load_start + SIZEOF (.data))

.noinit         0x00803870        0x0
                [!provide]                PROVIDE (__noinit_start, .)
 *(.noinit*)
                [!provide]                PROVIDE (__noinit_end, .)
                0x00803870                _end = .
                [!provide]                PROVIDE (__heap_start, .)

.eeprom         0x00810000        0x0
 *(.eeprom*)
                0x00810000                __eeprom_end = .

.fuse
 *(.fuse)
 *(.lfuse)
 *(.hfuse)
 *(.efuse)

.lock
 *(.lock*)

.signature
 *(.signature*)

.user_signatures
 *(.user_signatures*)

.stab
 *(.stab)

.stabstr
 *(.stabstr)

.stab.excl
 *(.stab.excl)

.stab.exclstr
 *(.stab.exclstr)

.stab.index
 *(.stab.index)

.stab.indexstr
 *(.stab.indexstr)

.comment        0x00000000       0x5c
 *(.comment)
 .comment       0x00000000       0x30 atmel_start.o
                                 0x31 (size before relaxing)
 .comment       0x00000030       0x31 main.o
 .comment       0x00000030       0x31 src/adc_basic.o
 .comment       0x00000030       0x31 src/bod.o
 .comment       0x00000030       0x31 src/ccl.o
 .comment       0x00000030       0x31 src/clkctrl.o
 .comment       0x00000030       0x31 src/cpuint.o
 .comment       0x00000030       0x31 src/dac_basic.o
 .comment       0x00000030       0x31 src/driver_init.o
 .comment       0x00000030       0x31 src/rtc.o
 .comment       0x00000030       0x31 src/slpctrl.o
 .comment       0x00000030       0x31 src/spi.o
 .comment       0x00000030       0x31 src/tca.o
 .comment       0x00000030       0x31 src/usart_basic.o
 .comment       0x00000030       0x31 tinyAxon/tinyAxon.o
 .comment       0x00000030       0x31 tinyButton/tinyButton.o
 .comment       0x00000030       0x31 tinyCharge/tinyCharge.o
 .comment       0x00000030       0x31 tinyDebugger/tinyDebugger.o
 .comment       0x00000030       0x31 tinyDendrite/tinyDendrite.o
 .comment       0x00000030       0x31 tinyISR/tinyISR.o
 .comment       0x00000030       0x31 tinyLED/tinyLED.o
 .comment       0x00000030       0x31 tinyPotential/tinyPotential.o
 .comment       0x00000030       0x31 tinyPulse/tinyPulse.o
 .comment       0x00000030       0x31 tinyTime/tinyTime.o
 .comment       0x00000030       0x31 d:/software/atmel studio 7/7.0/toolchain/avr8/avr8-gnu-toolchain/bin/../lib/gcc/avr/5.4.0/../../../../avr/lib/avrxmega3\libc.a(dtostrf.o)
 .comment       0x00000030       0x31 d:/software/atmel studio 7/7.0/toolchain/avr8/avr8-gnu-toolchain/bin/../lib/gcc/avr/5.4.0/../../../../avr/lib/avrxmega3\libc.a(iob.o)
 .comment       0x00000030       0x31 d:/software/atmel studio 7/7.0/toolchain/avr8/avr8-gnu-toolchain/bin/../lib/gcc/avr/5.4.0/../../../../avr/lib/avrxmega3\libc.a(printf.o)
 .comment       0x00000030       0x31 d:/software/atmel studio 7/7.0/toolchain/avr8/avr8-gnu-toolchain/bin/../lib/gcc/avr/5.4.0/../../../../avr/lib/avrxmega3\libc.a(puts.o)
 .comment       0x00000030       0x2c d:/software/atmel studio 7/7.0/toolchain/avr8/avr8-gnu-toolchain/bin/../lib/gcc/avr/5.4.0/../../../../avr/lib/avrxmega3\libc.a(vfprintf_std.o)
                                 0x2d (size before relaxing)
 .comment       0x0000005c       0x31 d:/software/atmel studio 7/7.0/toolchain/avr8/avr8-gnu-toolchain/bin/../lib/gcc/avr/5.4.0/../../../../avr/lib/avrxmega3\libc.a(dtoa_prf.o)
 .comment       0x0000005c       0x31 d:/software/atmel studio 7/7.0/toolchain/avr8/avr8-gnu-toolchain/bin/../lib/gcc/avr/5.4.0/../../../../avr/lib/avrxmega3\libc.a(fputc.o)

.note.gnu.avr.deviceinfo
                0x00000000       0x40
 .note.gnu.avr.deviceinfo
                0x00000000       0x40 D:/Software/Atmel Studio 7/7.0/Packs/Atmel/ATtiny_DFP/1.4.310/gcc/dev/attiny3217/avrxmega3/crtattiny3217.o

.note.gnu.build-id
 *(.note.gnu.build-id)

.debug
 *(.debug)

.line
 *(.line)

.debug_srcinfo
 *(.debug_srcinfo)

.debug_sfnames
 *(.debug_sfnames)

.debug_aranges  0x00000000      0x530
 *(.debug_aranges)
 .debug_aranges
                0x00000000       0x20 atmel_start.o
 .debug_aranges
                0x00000020       0x20 main.o
 .debug_aranges
                0x00000040       0x58 src/adc_basic.o
 .debug_aranges
                0x00000098       0x20 src/bod.o
 .debug_aranges
                0x000000b8       0x20 src/ccl.o
 .debug_aranges
                0x000000d8       0x20 src/clkctrl.o
 .debug_aranges
                0x000000f8       0x20 src/cpuint.o
 .debug_aranges
                0x00000118       0x48 src/dac_basic.o
 .debug_aranges
                0x00000160       0x58 src/driver_init.o
 .debug_aranges
                0x000001b8       0x20 src/protected_io.o
 .debug_aranges
                0x000001d8       0x20 src/rtc.o
 .debug_aranges
                0x000001f8       0x28 src/slpctrl.o
 .debug_aranges
                0x00000220       0x20 src/spi.o
 .debug_aranges
                0x00000240       0x20 src/tca.o
 .debug_aranges
                0x00000260       0x78 src/usart_basic.o
 .debug_aranges
                0x000002d8       0x50 tinyAxon/tinyAxon.o
 .debug_aranges
                0x00000328       0x28 tinyButton/tinyButton.o
 .debug_aranges
                0x00000350       0x58 tinyCharge/tinyCharge.o
 .debug_aranges
                0x000003a8       0x48 tinyDebugger/tinyDebugger.o
 .debug_aranges
                0x000003f0       0x48 tinyDendrite/tinyDendrite.o
 .debug_aranges
                0x00000438       0x30 tinyISR/tinyISR.o
 .debug_aranges
                0x00000468       0x48 tinyLED/tinyLED.o
 .debug_aranges
                0x000004b0       0x20 tinyPotential/tinyPotential.o
 .debug_aranges
                0x000004d0       0x38 tinyPulse/tinyPulse.o
 .debug_aranges
                0x00000508       0x28 tinyTime/tinyTime.o

.debug_pubnames
 *(.debug_pubnames)

.debug_info     0x00000000     0x80f4
 *(.debug_info .gnu.linkonce.wi.*)
 .debug_info    0x00000000     0x1c4d D:/Software/Atmel Studio 7/7.0/Packs/Atmel/ATtiny_DFP/1.4.310/gcc/dev/attiny3217/avrxmega3/crtattiny3217.o
 .debug_info    0x00001c4d       0x9a atmel_start.o
 .debug_info    0x00001ce7      0x36e main.o
 .debug_info    0x00002055      0x50f src/adc_basic.o
 .debug_info    0x00002564       0x8d src/bod.o
 .debug_info    0x000025f1      0x2eb src/ccl.o
 .debug_info    0x000028dc      0x325 src/clkctrl.o
 .debug_info    0x00002c01       0x8d src/cpuint.o
 .debug_info    0x00002c8e      0x1a3 src/dac_basic.o
 .debug_info    0x00002e31     0x1653 src/driver_init.o
 .debug_info    0x00004484       0xc4 src/protected_io.o
 .debug_info    0x00004548      0x3d0 src/rtc.o
 .debug_info    0x00004918      0x14b src/slpctrl.o
 .debug_info    0x00004a63      0x186 src/spi.o
 .debug_info    0x00004be9      0x72e src/tca.o
 .debug_info    0x00005317      0x497 src/usart_basic.o
 .debug_info    0x000057ae      0x549 tinyAxon/tinyAxon.o
 .debug_info    0x00005cf7      0x234 tinyButton/tinyButton.o
 .debug_info    0x00005f2b      0x5c3 tinyCharge/tinyCharge.o
 .debug_info    0x000064ee      0x2cf tinyDebugger/tinyDebugger.o
 .debug_info    0x000067bd      0x4a5 tinyDendrite/tinyDendrite.o
 .debug_info    0x00006c62      0x386 tinyISR/tinyISR.o
 .debug_info    0x00006fe8      0xc2e tinyLED/tinyLED.o
 .debug_info    0x00007c16      0x1b7 tinyPotential/tinyPotential.o
 .debug_info    0x00007dcd      0x271 tinyPulse/tinyPulse.o
 .debug_info    0x0000803e       0xb6 tinyTime/tinyTime.o

.debug_abbrev   0x00000000     0x387f
 *(.debug_abbrev)
 .debug_abbrev  0x00000000     0x1ac8 D:/Software/Atmel Studio 7/7.0/Packs/Atmel/ATtiny_DFP/1.4.310/gcc/dev/attiny3217/avrxmega3/crtattiny3217.o
 .debug_abbrev  0x00001ac8       0x63 atmel_start.o
 .debug_abbrev  0x00001b2b       0xf4 main.o
 .debug_abbrev  0x00001c1f      0x1ce src/adc_basic.o
 .debug_abbrev  0x00001ded       0x51 src/bod.o
 .debug_abbrev  0x00001e3e       0xb1 src/ccl.o
 .debug_abbrev  0x00001eef      0x128 src/clkctrl.o
 .debug_abbrev  0x00002017       0x51 src/cpuint.o
 .debug_abbrev  0x00002068       0xd4 src/dac_basic.o
 .debug_abbrev  0x0000213c      0x1f2 src/driver_init.o
 .debug_abbrev  0x0000232e       0x14 src/protected_io.o
 .debug_abbrev  0x00002342       0xe6 src/rtc.o
 .debug_abbrev  0x00002428       0xd6 src/slpctrl.o
 .debug_abbrev  0x000024fe       0xb1 src/spi.o
 .debug_abbrev  0x000025af      0x102 src/tca.o
 .debug_abbrev  0x000026b1      0x20d src/usart_basic.o
 .debug_abbrev  0x000028be      0x2b6 tinyAxon/tinyAxon.o
 .debug_abbrev  0x00002b74      0x16a tinyButton/tinyButton.o
 .debug_abbrev  0x00002cde      0x213 tinyCharge/tinyCharge.o
 .debug_abbrev  0x00002ef1      0x11b tinyDebugger/tinyDebugger.o
 .debug_abbrev  0x0000300c      0x189 tinyDendrite/tinyDendrite.o
 .debug_abbrev  0x00003195      0x169 tinyISR/tinyISR.o
 .debug_abbrev  0x000032fe      0x2f2 tinyLED/tinyLED.o
 .debug_abbrev  0x000035f0       0xe7 tinyPotential/tinyPotential.o
 .debug_abbrev  0x000036d7      0x12c tinyPulse/tinyPulse.o
 .debug_abbrev  0x00003803       0x7c tinyTime/tinyTime.o

.debug_line     0x00000000     0x2b1c
 *(.debug_line .debug_line.* .debug_line_end)
 .debug_line    0x00000000      0x151 D:/Software/Atmel Studio 7/7.0/Packs/Atmel/ATtiny_DFP/1.4.310/gcc/dev/attiny3217/avrxmega3/crtattiny3217.o
 .debug_line    0x00000151       0x60 atmel_start.o
 .debug_line    0x000001b1      0x244 main.o
 .debug_line    0x000003f5      0x1f8 src/adc_basic.o
 .debug_line    0x000005ed       0x99 src/bod.o
 .debug_line    0x00000686      0x121 src/ccl.o
 .debug_line    0x000007a7      0x125 src/clkctrl.o
 .debug_line    0x000008cc       0xa2 src/cpuint.o
 .debug_line    0x0000096e      0x190 src/dac_basic.o
 .debug_line    0x00000afe      0x407 src/driver_init.o
 .debug_line    0x00000f05       0x55 src/protected_io.o
 .debug_line    0x00000f5a      0x131 src/rtc.o
 .debug_line    0x0000108b      0x111 src/slpctrl.o
 .debug_line    0x0000119c       0xfd src/spi.o
 .debug_line    0x00001299      0x109 src/tca.o
 .debug_line    0x000013a2      0x25b src/usart_basic.o
 .debug_line    0x000015fd      0x382 tinyAxon/tinyAxon.o
 .debug_line    0x0000197f      0x1fa tinyButton/tinyButton.o
 .debug_line    0x00001b79      0x316 tinyCharge/tinyCharge.o
 .debug_line    0x00001e8f      0x162 tinyDebugger/tinyDebugger.o
 .debug_line    0x00001ff1      0x32a tinyDendrite/tinyDendrite.o
 .debug_line    0x0000231b      0x151 tinyISR/tinyISR.o
 .debug_line    0x0000246c      0x2eb tinyLED/tinyLED.o
 .debug_line    0x00002757      0x1ab tinyPotential/tinyPotential.o
 .debug_line    0x00002902      0x15b tinyPulse/tinyPulse.o
 .debug_line    0x00002a5d       0xbf tinyTime/tinyTime.o

.debug_frame    0x00000000      0x9a8
 *(.debug_frame)
 .debug_frame   0x00000000       0x24 atmel_start.o
 .debug_frame   0x00000024       0x24 main.o
 .debug_frame   0x00000048       0x94 src/adc_basic.o
 .debug_frame   0x000000dc       0x24 src/bod.o
 .debug_frame   0x00000100       0x24 src/ccl.o
 .debug_frame   0x00000124       0x24 src/clkctrl.o
 .debug_frame   0x00000148       0x24 src/cpuint.o
 .debug_frame   0x0000016c       0x74 src/dac_basic.o
 .debug_frame   0x000001e0       0x94 src/driver_init.o
 .debug_frame   0x00000274       0x24 src/rtc.o
 .debug_frame   0x00000298       0x34 src/slpctrl.o
 .debug_frame   0x000002cc       0x24 src/spi.o
 .debug_frame   0x000002f0       0x24 src/tca.o
 .debug_frame   0x00000314       0xd4 src/usart_basic.o
 .debug_frame   0x000003e8       0xa0 tinyAxon/tinyAxon.o
 .debug_frame   0x00000488       0x48 tinyButton/tinyButton.o
 .debug_frame   0x000004d0       0x94 tinyCharge/tinyCharge.o
 .debug_frame   0x00000564      0x108 tinyDebugger/tinyDebugger.o
 .debug_frame   0x0000066c      0x104 tinyDendrite/tinyDendrite.o
 .debug_frame   0x00000770       0x90 tinyISR/tinyISR.o
 .debug_frame   0x00000800       0xd4 tinyLED/tinyLED.o
 .debug_frame   0x000008d4       0x38 tinyPotential/tinyPotential.o
 .debug_frame   0x0000090c       0x68 tinyPulse/tinyPulse.o
 .debug_frame   0x00000974       0x34 tinyTime/tinyTime.o

.debug_str      0x00000000     0x33cc
 *(.debug_str)
 .debug_str     0x00000000      0xc0f D:/Software/Atmel Studio 7/7.0/Packs/Atmel/ATtiny_DFP/1.4.310/gcc/dev/attiny3217/avrxmega3/crtattiny3217.o
 .debug_str     0x00000c0f      0x1a4 atmel_start.o
                                0x1d8 (size before relaxing)
 .debug_str     0x00000db3      0x269 main.o
                                0x434 (size before relaxing)
 .debug_str     0x0000101c      0x416 src/adc_basic.o
                                0x60a (size before relaxing)
 .debug_str     0x00001432       0x16 src/bod.o
                                0x1c5 (size before relaxing)
 .debug_str     0x00001448      0x3f0 src/ccl.o
                                0x5cf (size before relaxing)
 .debug_str     0x00001838      0x22e src/clkctrl.o
                                0x424 (size before relaxing)
 .debug_str     0x00001a66       0x1c src/cpuint.o
                                0x1cb (size before relaxing)
 .debug_str     0x00001a82       0x93 src/dac_basic.o
                                0x276 (size before relaxing)
 .debug_str     0x00001b15      0x654 src/driver_init.o
                                0x8ce (size before relaxing)
 .debug_str     0x00002169      0x351 src/rtc.o
                                0x58c (size before relaxing)
 .debug_str     0x000024ba       0xb0 src/slpctrl.o
                                0x291 (size before relaxing)
 .debug_str     0x0000256a       0xbf src/spi.o
                                0x2ba (size before relaxing)
 .debug_str     0x00002629      0x223 src/tca.o
                                0x495 (size before relaxing)
 .debug_str     0x0000284c      0x1da src/usart_basic.o
                                0x415 (size before relaxing)
 .debug_str     0x00002a26      0x208 tinyAxon/tinyAxon.o
                                0x491 (size before relaxing)
 .debug_str     0x00002c2e       0xe7 tinyButton/tinyButton.o
                                0x304 (size before relaxing)
 .debug_str     0x00002d15       0xfc tinyCharge/tinyCharge.o
                                0x4db (size before relaxing)
 .debug_str     0x00002e11       0x97 tinyDebugger/tinyDebugger.o
                                0x2bb (size before relaxing)
 .debug_str     0x00002ea8      0x1a2 tinyDendrite/tinyDendrite.o
                                0x456 (size before relaxing)
 .debug_str     0x0000304a       0x5f tinyISR/tinyISR.o
                                0x319 (size before relaxing)
 .debug_str     0x000030a9      0x1f4 tinyLED/tinyLED.o
                                0x6a3 (size before relaxing)
 .debug_str     0x0000329d       0x94 tinyPotential/tinyPotential.o
                                0x2e3 (size before relaxing)
 .debug_str     0x00003331       0x77 tinyPulse/tinyPulse.o
                                0x32f (size before relaxing)
 .debug_str     0x000033a8       0x24 tinyTime/tinyTime.o
                                0x1fd (size before relaxing)

.debug_loc      0x00000000     0x19a9
 *(.debug_loc)
 .debug_loc     0x00000000       0x87 src/adc_basic.o
 .debug_loc     0x00000087       0x52 src/clkctrl.o
 .debug_loc     0x000000d9      0x74c src/driver_init.o
 .debug_loc     0x00000825       0x21 src/slpctrl.o
 .debug_loc     0x00000846       0x47 src/usart_basic.o
 .debug_loc     0x0000088d      0x21c tinyAxon/tinyAxon.o
 .debug_loc     0x00000aa9       0xc3 tinyButton/tinyButton.o
 .debug_loc     0x00000b6c       0xc2 tinyCharge/tinyCharge.o
 .debug_loc     0x00000c2e      0x40a tinyDebugger/tinyDebugger.o
 .debug_loc     0x00001038      0x403 tinyDendrite/tinyDendrite.o
 .debug_loc     0x0000143b       0xec tinyISR/tinyISR.o
 .debug_loc     0x00001527      0x35d tinyLED/tinyLED.o
 .debug_loc     0x00001884       0x71 tinyPotential/tinyPotential.o
 .debug_loc     0x000018f5       0xb4 tinyPulse/tinyPulse.o

.debug_macinfo
 *(.debug_macinfo)

.debug_weaknames
 *(.debug_weaknames)

.debug_funcnames
 *(.debug_funcnames)

.debug_typenames
 *(.debug_typenames)

.debug_varnames
 *(.debug_varnames)

.debug_pubtypes
 *(.debug_pubtypes)

.debug_ranges   0x00000000      0x3a8
 *(.debug_ranges)
 .debug_ranges  0x00000000       0x10 atmel_start.o
 .debug_ranges  0x00000010       0x10 main.o
 .debug_ranges  0x00000020       0x48 src/adc_basic.o
 .debug_ranges  0x00000068       0x10 src/bod.o
 .debug_ranges  0x00000078       0x10 src/ccl.o
 .debug_ranges  0x00000088       0x10 src/clkctrl.o
 .debug_ranges  0x00000098       0x10 src/cpuint.o
 .debug_ranges  0x000000a8       0x38 src/dac_basic.o
 .debug_ranges  0x000000e0       0x48 src/driver_init.o
 .debug_ranges  0x00000128       0x10 src/rtc.o
 .debug_ranges  0x00000138       0x18 src/slpctrl.o
 .debug_ranges  0x00000150       0x10 src/spi.o
 .debug_ranges  0x00000160       0x10 src/tca.o
 .debug_ranges  0x00000170       0x68 src/usart_basic.o
 .debug_ranges  0x000001d8       0x58 tinyAxon/tinyAxon.o
 .debug_ranges  0x00000230       0x18 tinyButton/tinyButton.o
 .debug_ranges  0x00000248       0x48 tinyCharge/tinyCharge.o
 .debug_ranges  0x00000290       0x38 tinyDebugger/tinyDebugger.o
 .debug_ranges  0x000002c8       0x38 tinyDendrite/tinyDendrite.o
 .debug_ranges  0x00000300       0x20 tinyISR/tinyISR.o
 .debug_ranges  0x00000320       0x38 tinyLED/tinyLED.o
 .debug_ranges  0x00000358       0x10 tinyPotential/tinyPotential.o
 .debug_ranges  0x00000368       0x28 tinyPulse/tinyPulse.o
 .debug_ranges  0x00000390       0x18 tinyTime/tinyTime.o

.debug_macro
 *(.debug_macro)
OUTPUT(Hjernebyggesett_V4.elf elf32-avr)
LOAD linker stubs
