Archive member included to satisfy reference by file (symbol)

d:/various programs/atmelstudio/7.0/toolchain/avr8/avr8-gnu-toolchain/bin/../lib/gcc/avr/5.4.0/../../../../avr/lib/avrxmega3\libm.a(addsf3.o)
                              tinyAxon/tinyAxon.o (__subsf3)
d:/various programs/atmelstudio/7.0/toolchain/avr8/avr8-gnu-toolchain/bin/../lib/gcc/avr/5.4.0/../../../../avr/lib/avrxmega3\libm.a(addsf3x.o)
                              d:/various programs/atmelstudio/7.0/toolchain/avr8/avr8-gnu-toolchain/bin/../lib/gcc/avr/5.4.0/../../../../avr/lib/avrxmega3\libm.a(addsf3.o) (__addsf3x)
d:/various programs/atmelstudio/7.0/toolchain/avr8/avr8-gnu-toolchain/bin/../lib/gcc/avr/5.4.0/../../../../avr/lib/avrxmega3\libm.a(cmpsf2.o)
                              tinyAxon/tinyAxon.o (__ltsf2)
d:/various programs/atmelstudio/7.0/toolchain/avr8/avr8-gnu-toolchain/bin/../lib/gcc/avr/5.4.0/../../../../avr/lib/avrxmega3\libm.a(divsf3.o)
                              tinyLED/tinyLED.o (__divsf3)
d:/various programs/atmelstudio/7.0/toolchain/avr8/avr8-gnu-toolchain/bin/../lib/gcc/avr/5.4.0/../../../../avr/lib/avrxmega3\libm.a(divsf3x.o)
                              d:/various programs/atmelstudio/7.0/toolchain/avr8/avr8-gnu-toolchain/bin/../lib/gcc/avr/5.4.0/../../../../avr/lib/avrxmega3\libm.a(divsf3.o) (__divsf3x)
d:/various programs/atmelstudio/7.0/toolchain/avr8/avr8-gnu-toolchain/bin/../lib/gcc/avr/5.4.0/../../../../avr/lib/avrxmega3\libm.a(exp.o)
                              tinyPotential/tinyPotential.o (exp)
d:/various programs/atmelstudio/7.0/toolchain/avr8/avr8-gnu-toolchain/bin/../lib/gcc/avr/5.4.0/../../../../avr/lib/avrxmega3\libm.a(fixsfsi.o)
                              tinyLED/tinyLED.o (__fixsfsi)
d:/various programs/atmelstudio/7.0/toolchain/avr8/avr8-gnu-toolchain/bin/../lib/gcc/avr/5.4.0/../../../../avr/lib/avrxmega3\libm.a(fixunssfsi.o)
                              tinyLED/tinyLED.o (__fixunssfsi)
d:/various programs/atmelstudio/7.0/toolchain/avr8/avr8-gnu-toolchain/bin/../lib/gcc/avr/5.4.0/../../../../avr/lib/avrxmega3\libm.a(floatsisf.o)
                              tinyLED/tinyLED.o (__floatunsisf)
d:/various programs/atmelstudio/7.0/toolchain/avr8/avr8-gnu-toolchain/bin/../lib/gcc/avr/5.4.0/../../../../avr/lib/avrxmega3\libm.a(fmin.o)
                              tinyLED/tinyLED.o (fmin)
d:/various programs/atmelstudio/7.0/toolchain/avr8/avr8-gnu-toolchain/bin/../lib/gcc/avr/5.4.0/../../../../avr/lib/avrxmega3\libm.a(fp_cmp.o)
                              d:/various programs/atmelstudio/7.0/toolchain/avr8/avr8-gnu-toolchain/bin/../lib/gcc/avr/5.4.0/../../../../avr/lib/avrxmega3\libm.a(cmpsf2.o) (__fp_cmp)
d:/various programs/atmelstudio/7.0/toolchain/avr8/avr8-gnu-toolchain/bin/../lib/gcc/avr/5.4.0/../../../../avr/lib/avrxmega3\libm.a(fp_inf.o)
                              d:/various programs/atmelstudio/7.0/toolchain/avr8/avr8-gnu-toolchain/bin/../lib/gcc/avr/5.4.0/../../../../avr/lib/avrxmega3\libm.a(addsf3x.o) (__fp_inf)
d:/various programs/atmelstudio/7.0/toolchain/avr8/avr8-gnu-toolchain/bin/../lib/gcc/avr/5.4.0/../../../../avr/lib/avrxmega3\libm.a(fp_nan.o)
                              d:/various programs/atmelstudio/7.0/toolchain/avr8/avr8-gnu-toolchain/bin/../lib/gcc/avr/5.4.0/../../../../avr/lib/avrxmega3\libm.a(addsf3x.o) (__fp_nan)
d:/various programs/atmelstudio/7.0/toolchain/avr8/avr8-gnu-toolchain/bin/../lib/gcc/avr/5.4.0/../../../../avr/lib/avrxmega3\libm.a(fp_powser.o)
                              d:/various programs/atmelstudio/7.0/toolchain/avr8/avr8-gnu-toolchain/bin/../lib/gcc/avr/5.4.0/../../../../avr/lib/avrxmega3\libm.a(exp.o) (__fp_powser)
d:/various programs/atmelstudio/7.0/toolchain/avr8/avr8-gnu-toolchain/bin/../lib/gcc/avr/5.4.0/../../../../avr/lib/avrxmega3\libm.a(fp_pscA.o)
                              d:/various programs/atmelstudio/7.0/toolchain/avr8/avr8-gnu-toolchain/bin/../lib/gcc/avr/5.4.0/../../../../avr/lib/avrxmega3\libm.a(addsf3x.o) (__fp_pscA)
d:/various programs/atmelstudio/7.0/toolchain/avr8/avr8-gnu-toolchain/bin/../lib/gcc/avr/5.4.0/../../../../avr/lib/avrxmega3\libm.a(fp_pscB.o)
                              d:/various programs/atmelstudio/7.0/toolchain/avr8/avr8-gnu-toolchain/bin/../lib/gcc/avr/5.4.0/../../../../avr/lib/avrxmega3\libm.a(addsf3x.o) (__fp_pscB)
d:/various programs/atmelstudio/7.0/toolchain/avr8/avr8-gnu-toolchain/bin/../lib/gcc/avr/5.4.0/../../../../avr/lib/avrxmega3\libm.a(fp_round.o)
                              d:/various programs/atmelstudio/7.0/toolchain/avr8/avr8-gnu-toolchain/bin/../lib/gcc/avr/5.4.0/../../../../avr/lib/avrxmega3\libm.a(addsf3.o) (__fp_round)
d:/various programs/atmelstudio/7.0/toolchain/avr8/avr8-gnu-toolchain/bin/../lib/gcc/avr/5.4.0/../../../../avr/lib/avrxmega3\libm.a(fp_split3.o)
                              d:/various programs/atmelstudio/7.0/toolchain/avr8/avr8-gnu-toolchain/bin/../lib/gcc/avr/5.4.0/../../../../avr/lib/avrxmega3\libm.a(addsf3x.o) (__fp_split3)
[...]
Memory Configuration

Name             Origin             Length             Attributes
text             0x00000000         0x00100000         xr
data             0x00802000         0x0000ffa0         rw !x
eeprom           0x00810000         0x00010000         rw !x
fuse             0x00820000         0x00000009         rw !x
lock             0x00830000         0x00000400         rw !x
signature        0x00840000         0x00000400         rw !x
user_signatures  0x00850000         0x00000400         rw !x
*default*        0x00000000         0xffffffff

Linker script and memory map

Address of section .data set to 0x803800
                0x00008000                __RODATA_PM_OFFSET__ = 0x8000
LOAD D:/Various programs/AtmelStudio/7.0/Packs/Atmel/ATtiny_DFP/1.3.229/gcc/dev/attiny3217/avrxmega3/crtattiny3217.o
LOAD atmel_start.o
LOAD driver_isr.o
LOAD examples/src/adc_basic_example.o
LOAD examples/src/dac_basic_example.o
LOAD examples/src/usart_basic_example.o
LOAD main.o
LOAD src/adc_basic.o
LOAD src/bod.o
LOAD src/ccl.o
LOAD src/clkctrl.o
LOAD src/cpuint.o
LOAD src/dac_basic.o
LOAD src/driver_init.o
LOAD src/protected_io.o
LOAD src/rtc.o
LOAD src/slpctrl.o
LOAD src/spi.o
LOAD src/tca.o
LOAD src/usart_basic.o
LOAD tinyAxon/tinyAxon.o
LOAD tinyButton/tinyButton.o
LOAD tinyCharge/tinyCharge.o
LOAD tinyDebugger/tinyDebugger.o
LOAD tinyDendrite/tinyDendrite.o
LOAD tinyISR/tinyISR.o
LOAD tinyLED/tinyLED.o
LOAD tinyPotential/tinyPotential.o
LOAD tinyPulse/tinyPulse.o
LOAD tinySleep/tinySleep.o
LOAD tinyTester/tinyTester.o
LOAD tinyTime/tinyTime.o
START GROUP
LOAD d:/various programs/atmelstudio/7.0/toolchain/avr8/avr8-gnu-toolchain/bin/../lib/gcc/avr/5.4.0/../../../../avr/lib/avrxmega3\libm.a
END GROUP
START GROUP
LOAD d:/various programs/atmelstudio/7.0/toolchain/avr8/avr8-gnu-toolchain/bin/../lib/gcc/avr/5.4.0/avrxmega3\libgcc.a
LOAD d:/various programs/atmelstudio/7.0/toolchain/avr8/avr8-gnu-toolchain/bin/../lib/gcc/avr/5.4.0/../../../../avr/lib/avrxmega3\libm.a
LOAD d:/various programs/atmelstudio/7.0/toolchain/avr8/avr8-gnu-toolchain/bin/../lib/gcc/avr/5.4.0/../../../../avr/lib/avrxmega3\libc.a
LOAD D:/Various programs/AtmelStudio/7.0/Packs/Atmel/ATtiny_DFP/1.3.229/gcc/dev/attiny3217/avrxmega3\libattiny3217.a
END GROUP
                0x00000000                __TEXT_REGION_ORIGIN__ = DEFINED (__TEXT_REGION_ORIGIN__)?__TEXT_REGION_ORIGIN__:0x0
                0x00802000                __DATA_REGION_ORIGIN__ = DEFINED (__DATA_REGION_ORIGIN__)?__DATA_REGION_ORIGIN__:0x802000
                0x00100000                __TEXT_REGION_LENGTH__ = DEFINED (__TEXT_REGION_LENGTH__)?__TEXT_REGION_LENGTH__:0x100000
                0x0000ffa0                __DATA_REGION_LENGTH__ = DEFINED (__DATA_REGION_LENGTH__)?__DATA_REGION_LENGTH__:0xffa0
                0x00010000                __EEPROM_REGION_LENGTH__ = DEFINED (__EEPROM_REGION_LENGTH__)?__EEPROM_REGION_LENGTH__:0x10000
                [0x00000009]                __FUSE_REGION_LENGTH__ = DEFINED (__FUSE_REGION_LENGTH__)?__FUSE_REGION_LENGTH__:0x400
                0x00000400                __LOCK_REGION_LENGTH__ = DEFINED (__LOCK_REGION_LENGTH__)?__LOCK_REGION_LENGTH__:0x400
                0x00000400                __SIGNATURE_REGION_LENGTH__ = DEFINED (__SIGNATURE_REGION_LENGTH__)?__SIGNATURE_REGION_LENGTH__:0x400
                0x00000400                __USER_SIGNATURE_REGION_LENGTH__ = DEFINED (__USER_SIGNATURE_REGION_LENGTH__)?__USER_SIGNATURE_REGION_LENGTH__:0x400
                0x00008000                __RODATA_PM_OFFSET__ = DEFINED (__RODATA_PM_OFFSET__)?__RODATA_PM_OFFSET__:0x8000

.hash
 *(.hash)

.dynsym
 *(.dynsym)

.dynstr
 *(.dynstr)

.gnu.version
 *(.gnu.version)

.gnu.version_d
 *(.gnu.version_d)

.gnu.version_r
 *(.gnu.version_r)

.rel.init
 *(.rel.init)

.rela.init
 *(.rela.init)

.rel.text
 *(.rel.text)
 *(.rel.text.*)
 *(.rel.gnu.linkonce.t*)

.rela.text
 *(.rela.text)
 *(.rela.text.*)
 *(.rela.gnu.linkonce.t*)

.rel.fini
 *(.rel.fini)

.rela.fini
 *(.rela.fini)

.rel.rodata
 *(.rel.rodata)
 *(.rel.rodata.*)
 *(.rel.gnu.linkonce.r*)

.rela.rodata
 *(.rela.rodata)
 *(.rela.rodata.*)
 *(.rela.gnu.linkonce.r*)

.rel.data
 *(.rel.data)
 *(.rel.data.*)
 *(.rel.gnu.linkonce.d*)

.rela.data
 *(.rela.data)
 *(.rela.data.*)
 *(.rela.gnu.linkonce.d*)

.rel.ctors
 *(.rel.ctors)

.rela.ctors
 *(.rela.ctors)

.rel.dtors
 *(.rel.dtors)

.rela.dtors
 *(.rela.dtors)

.rel.got
 *(.rel.got)

.rela.got
 *(.rela.got)

.rel.bss
 *(.rel.bss)

.rela.bss
 *(.rela.bss)

.rel.plt
 *(.rel.plt)

.rela.plt
 *(.rela.plt)

.text           0x00000000     0x1aec
 *(.vectors)
 .vectors       0x00000000       0x7c D:/Various programs/AtmelStudio/7.0/Packs/Atmel/ATtiny_DFP/1.3.229/gcc/dev/attiny3217/avrxmega3/crtattiny3217.o
                0x00000000                __vector_default
                0x00000000                __vectors
 *(.vectors)
 *(.progmem.gcc*)
 .progmem.gcc_fplib
                0x0000007c       0x28 d:/various programs/atmelstudio/7.0/toolchain/avr8/avr8-gnu-toolchain/bin/../lib/gcc/avr/5.4.0/../../../../avr/lib/avrxmega3\libm.a(exp.o)
 .progmem.gcc_fplib
                0x000000a4       0x1e d:/various programs/atmelstudio/7.0/toolchain/avr8/avr8-gnu-toolchain/bin/../lib/gcc/avr/5.4.0/../../../../avr/lib/avrxmega3\libm.a(fp_sinus.o)
                0x000000c2                . = ALIGN (0x2)
                0x000000c2                __trampolines_start = .
 *(.trampolines)
 .trampolines   0x000000c2        0x0 linker stubs
 *(.trampolines*)
                0x000000c2                __trampolines_end = .
 *libprintf_flt.a:*(.progmem.data)
 *libc.a:*(.progmem.data)
 *(.progmem*)
                0x000000c2                . = ALIGN (0x2)
 *(.jumptables)
 *(.jumptables*)
 *(.lowtext)
 *(.lowtext*)
                0x000000c2                __ctors_start = .
 *(.ctors)
                0x000000c2                __ctors_end = .
                0x000000c2                __dtors_start = .
 *(.dtors)
                0x000000c2                __dtors_end = .
 SORT(*)(.ctors)
 SORT(*)(.dtors)
 *(.init0)
 .init0         0x000000c2        0x0 D:/Various programs/AtmelStudio/7.0/Packs/Atmel/ATtiny_DFP/1.3.229/gcc/dev/attiny3217/avrxmega3/crtattiny3217.o
                0x000000c2                __init
 *(.init0)
 *(.init1)
 *(.init1)
 *(.init2)
 .init2         0x000000c2        0xc D:/Various programs/AtmelStudio/7.0/Packs/Atmel/ATtiny_DFP/1.3.229/gcc/dev/attiny3217/avrxmega3/crtattiny3217.o
 *(.init2)
 *(.init3)
 *(.init3)
 *(.init4)
 .init4         0x000000ce       0x16 d:/various programs/atmelstudio/7.0/toolchain/avr8/avr8-gnu-toolchain/bin/../lib/gcc/avr/5.4.0/avrxmega3\libgcc.a(_copy_data.o)
                0x000000ce                __do_copy_data
 .init4         0x000000e4       0x10 d:/various programs/atmelstudio/7.0/toolchain/avr8/avr8-gnu-toolchain/bin/../lib/gcc/avr/5.4.0/avrxmega3\libgcc.a(_clear_bss.o)
                0x000000e4                __do_clear_bss
 *(.init4)
 *(.init5)
 *(.init5)
 *(.init6)
 *(.init6)
 *(.init7)
 *(.init7)
 *(.init8)
 *(.init8)
 *(.init9)
 .init9         0x000000f4        0x8 D:/Various programs/AtmelStudio/7.0/Packs/Atmel/ATtiny_DFP/1.3.229/gcc/dev/attiny3217/avrxmega3/crtattiny3217.o
 *(.init9)
 *(.text)
 .text          0x000000fc        0x4 D:/Various programs/AtmelStudio/7.0/Packs/Atmel/ATtiny_DFP/1.3.229/gcc/dev/attiny3217/avrxmega3/crtattiny3217.o
                0x000000fc                __vector_22
                0x000000fc                __vector_28
                0x000000fc                __vector_1
                0x000000fc                __vector_24
                0x000000fc                __vector_12
                0x000000fc                __bad_interrupt
                0x000000fc                __vector_3
                0x000000fc                __vector_23
                0x000000fc                __vector_30
                0x000000fc                __vector_25
                0x000000fc                __vector_11
                0x000000fc                __vector_13
                0x000000fc                __vector_17
                0x000000fc                __vector_19
                0x000000fc                __vector_7
                0x000000fc                __vector_27
                0x000000fc                __vector_5
                0x000000fc                __vector_4
                0x000000fc                __vector_9
                0x000000fc                __vector_2
                0x000000fc                __vector_21
                0x000000fc                __vector_15
                0x000000fc                __vector_29
                0x000000fc                __vector_8
                0x000000fc                __vector_26
                0x000000fc                __vector_14
                0x000000fc                __vector_10
                0x000000fc                __vector_16
                0x000000fc                __vector_18
                0x000000fc                __vector_20
                0x00000100                . = ALIGN (0x2)
 *(.text.*)
 .text.atmel_start_init
                0x00000100        0x6 atmel_start.o
                0x00000100                atmel_start_init
 .text.main     0x00000106       0x9c main.o
                0x00000106                main
 .text.ADC_0_init
                0x000001a2       0x10 src/adc_basic.o
                0x000001a2                ADC_0_init
 .text.ADC_0_is_conversion_done
                0x000001b2        0x8 src/adc_basic.o
                0x000001b2                ADC_0_is_conversion_done
 .text.ADC_0_get_conversion
                0x000001ba       0x24 src/adc_basic.o
                0x000001ba                ADC_0_get_conversion
 .text.BOD_init
                0x000001de        0x4 src/bod.o
                0x000001de                BOD_init
 .text.DIGITAL_GLUE_LOGIC_0_init
                0x000001e2       0x22 src/ccl.o
                0x000001e2                DIGITAL_GLUE_LOGIC_0_init
 .text.CLKCTRL_init
                0x00000204       0x1c src/clkctrl.o
                0x00000204                CLKCTRL_init
 .text.CPUINT_init
                0x00000220        0x6 src/cpuint.o
                0x00000220                CPUINT_init
 .text.DAC_0_init
                0x00000226        0xa src/dac_basic.o
                0x00000226                DAC_0_init
 .text.DAC_0_uninit
                0x00000230        0xa src/dac_basic.o
                0x00000230                DAC_0_uninit
 .text.DAC_0_enable
                0x0000023a        0xc src/dac_basic.o
                0x0000023a                DAC_0_enable
 .text.DAC_0_disable
                0x00000246        0xc src/dac_basic.o
                0x00000246                DAC_0_disable
 .text.DAC_0_set_output
                0x00000252        0x6 src/dac_basic.o
                0x00000252                DAC_0_set_output
 .text.mcu_init
                0x00000258       0x38 src/driver_init.o
                0x00000258                mcu_init
 .text.ADC_0_initialization
                0x00000290       0x60 src/driver_init.o
                0x00000290                ADC_0_initialization
 .text.USART_0_initialization
                0x000002f0       0x16 src/driver_init.o
                0x000002f0                USART_0_initialization
 .text.TIMER_0_initialization
                0x00000306       0x14 src/driver_init.o
                0x00000306                TIMER_0_initialization
 .text.DIGITAL_GLUE_LOGIC_0_initialization
                0x0000031a       0x14 src/driver_init.o
                0x0000031a                DIGITAL_GLUE_LOGIC_0_initialization
 .text.SPI_0_initialization
                0x0000032e       0x1e src/driver_init.o
                0x0000032e                SPI_0_initialization
 .text.DAC_0_initialization
                0x0000034c       0x18 src/driver_init.o
                0x0000034c                DAC_0_initialization
 .text.system_init
                0x00000364       0x5e src/driver_init.o
                0x00000364                system_init
 .text.protected_write_io
                0x000003c2        0x8 src/protected_io.o
                0x000003c2                protected_write_io
 .text.RTC_0_init
                0x000003ca       0x34 src/rtc.o
                0x000003ca                RTC_0_init
 .text.SLPCTRL_init
                0x000003fe        0x4 src/slpctrl.o
                0x000003fe                SLPCTRL_init
 .text.SPI_0_init
                0x00000402       0x10 src/spi.o
                0x00000402                SPI_0_init
 .text.TIMER_0_init
                0x00000412       0x20 src/tca.o
                0x00000412                TIMER_0_init
 .text.USART_0_init
                0x00000432       0x20 src/usart_basic.o
                0x00000432                USART_0_init
 .text.USART_0_write
                0x00000452       0x10 src/usart_basic.o
                0x00000452                USART_0_write
 .text.USART_0_printCHAR
                0x00000462        0xa src/usart_basic.o
                0x00000462                USART_0_printCHAR
 .text.tinyAxon_add_pulse
                0x0000046c       0x4a tinyAxon/tinyAxon.o
 .text.tinyAxon_is_firing
                0x000004b6        0xe tinyAxon/tinyAxon.o
                0x000004b6                tinyAxon_is_firing
 .text.tinyAxon_get_pulses_in_queue
                0x000004c4        0x6 tinyAxon/tinyAxon.o
                0x000004c4                tinyAxon_get_pulses_in_queue
 .text.find_newest_pulse
                0x000004ca       0x26 tinyAxon/tinyAxon.o
                0x000004ca                find_newest_pulse
 .text.tinyAxon_time_until_next_pulse
                0x000004f0       0x3c tinyAxon/tinyAxon.o
                0x000004f0                tinyAxon_time_until_next_pulse
 .text.tinyAxon_stop_sending_pulse
                0x0000052c        0xe tinyAxon/tinyAxon.o
                0x0000052c                tinyAxon_stop_sending_pulse
 .text.tinyAxon_remove_pulse
                0x0000053a       0x44 tinyAxon/tinyAxon.o
                0x0000053a                tinyAxon_remove_pulse
 .text.tinyAxon_update_potential
                0x0000057e      0x15a tinyAxon/tinyAxon.o
                0x0000057e                tinyAxon_update_potential
 .text.tinyAxon_check_charge_level
                0x000006d8       0x16 tinyAxon/tinyAxon.o
                0x000006d8                tinyAxon_check_charge_level
 .text.tinyButton_update
                0x000006ee       0xb6 tinyButton/tinyButton.o
                0x000006ee                tinyButton_update
 .text.tinyButton_update_potential
                0x000007a4       0x16 tinyButton/tinyButton.o
                0x000007a4                tinyButton_update_potential
 .text.tinyCharge_is_connected_to_charger
                0x000007ba        0x6 tinyCharge/tinyCharge.o
                0x000007ba                tinyCharge_is_connected_to_charger
 .text.tinyCharge_is_fully_charged
                0x000007c0        0xa tinyCharge/tinyCharge.o
                0x000007c0                tinyCharge_is_fully_charged
 .text.tinyCharge_DAC_dissable
                0x000007ca        0xa tinyCharge/tinyCharge.o
                0x000007ca                tinyCharge_DAC_dissable
 .text.tinyCharge_DAC_enable
                0x000007d4        0xa tinyCharge/tinyCharge.o
                0x000007d4                tinyCharge_DAC_enable
 .text.tinyCharge_switch_mode
                0x000007de       0x40 tinyCharge/tinyCharge.o
                0x000007de                tinyCharge_switch_mode
 .text.tinyCharge_set_charging_mode
                0x0000081e       0x12 tinyCharge/tinyCharge.o
                0x0000081e                tinyCharge_set_charging_mode
 .text.tinyCharge_update_charging_mode
                0x00000830       0x74 tinyCharge/tinyCharge.o
                0x00000830                tinyCharge_update_charging_mode
 .text.tinyCharge_set_transistors
                0x000008a4       0x14 tinyCharge/tinyCharge.o
                0x000008a4                tinyCharge_set_transistors
 .text.tinyDebugger_send_int
                0x000008b8        0x2 tinyDebugger/tinyDebugger.o
                0x000008b8                tinyDebugger_send_int
 .text.tinyDebugger_send_uint32
                0x000008ba        0x2 tinyDebugger/tinyDebugger.o
                0x000008ba                tinyDebugger_send_uint32
 .text.tinyDebugger_send_uint8
                0x000008bc        0x2 tinyDebugger/tinyDebugger.o
                0x000008bc                tinyDebugger_send_uint8
 .text.tinyDebugger_send_double
                0x000008be        0x2 tinyDebugger/tinyDebugger.o
                0x000008be                tinyDebugger_send_double
 .text.tinyDebugger_end_line
                0x000008c0        0x2 tinyDebugger/tinyDebugger.o
                0x000008c0                tinyDebugger_end_line
 .text.tinyDendrite_read_signals
                0x000008c2       0x40 tinyDendrite/tinyDendrite.o
                0x000008c2                tinyDendrite_read_signals
 .text.tinyDendrite_check_charge_level
                0x00000902       0x38 tinyDendrite/tinyDendrite.o
                0x00000902                tinyDendrite_check_charge_level
 .text.tinyDendrite_update_signals
                0x0000093a       0xde tinyDendrite/tinyDendrite.o
                0x0000093a                tinyDendrite_update_signals
 .text.tinyDendrite_get_potential
                0x00000a18       0x62 tinyDendrite/tinyDendrite.o
                0x00000a18                tinyDendrite_get_potential
 .text.tinyDendrite_update_potential
                0x00000a7a       0x2e tinyDendrite/tinyDendrite.o
                0x00000a7a                tinyDendrite_update_potential
 .text.__vector_6
                0x00000aa8       0x56 tinyISR/tinyISR.o
                0x00000aa8                __vector_6
 .text.tinyISR_setflag
                0x00000afe        0x6 tinyISR/tinyISR.o
                0x00000afe                tinyISR_setflag
 .text.tinyISR_getflag
                0x00000b04        0x6 tinyISR/tinyISR.o
                0x00000b04                tinyISR_getflag
 .text.tinyLED_SPIWriteByte
                0x00000b0a       0x28 tinyLED/tinyLED.o
 .text.tinyLED_get_color
                0x00000b32       0x10 tinyLED/tinyLED.o
                0x00000b32                tinyLED_get_color
 .text.tinyLED_set_color_mode
                0x00000b42       0x50 tinyLED/tinyLED.o
                0x00000b42                tinyLED_set_color_mode
 .text.tinyLED_set_color
                0x00000b92        0x8 tinyLED/tinyLED.o
                0x00000b92                tinyLED_set_color
 .text.tinyLED_RGB_Color_Compare
                0x00000b9a       0x60 tinyLED/tinyLED.o
                0x00000b9a                tinyLED_RGB_Color_Compare
 .text.tinyLED_update
                0x00000bfa      0x54a tinyLED/tinyLED.o
                0x00000bfa                tinyLED_update
 .text.tinyPotential_get_potential
                0x00001144       0x12 tinyPotential/tinyPotential.o
                0x00001144                tinyPotential_get_potential
 .text.tinyPotential_update
                0x00001156      0x114 tinyPotential/tinyPotential.o
                0x00001156                tinyPotential_update
 .text.tinyPulse_toggle_pulse_mode
                0x0000126a       0x26 tinyPulse/tinyPulse.o
                0x0000126a                tinyPulse_toggle_pulse_mode
 .text.tinyPulse_set_pulse_mode
                0x00001290        0xc tinyPulse/tinyPulse.o
                0x00001290                tinyPulse_set_pulse_mode
 .text.tinyPulse_update_potential
                0x0000129c       0x70 tinyPulse/tinyPulse.o
                0x0000129c                tinyPulse_update_potential
 .text.tinySleep_prepare_sleep
                0x0000130c       0x12 tinySleep/tinySleep.o
                0x0000130c                tinySleep_prepare_sleep
 .text.tinySleep_enter_sleep
                0x0000131e       0x12 tinySleep/tinySleep.o
                0x0000131e                tinySleep_enter_sleep
 .text.tinyTime_counter_increment
                0x00001330       0x28 tinyTime/tinyTime.o
                0x00001330                tinyTime_counter_increment
 .text.tinyTime_now
                0x00001358       0x12 tinyTime/tinyTime.o
                0x00001358                tinyTime_now
 .text.avr-libc.fplib
                0x0000136a        0xe d:/various programs/atmelstudio/7.0/toolchain/avr8/avr8-gnu-toolchain/bin/../lib/gcc/avr/5.4.0/../../../../avr/lib/avrxmega3\libm.a(addsf3.o)
                0x0000136a                __subsf3
                0x0000136c                __addsf3
 .text.avr-libc.fplib
                0x00001378       0xcc d:/various programs/atmelstudio/7.0/toolchain/avr8/avr8-gnu-toolchain/bin/../lib/gcc/avr/5.4.0/../../../../avr/lib/avrxmega3\libm.a(addsf3x.o)
                0x0000139a                __addsf3x
 .text.avr-libc.fplib
                0x00001444        0xa d:/various programs/atmelstudio/7.0/toolchain/avr8/avr8-gnu-toolchain/bin/../lib/gcc/avr/5.4.0/../../../../avr/lib/avrxmega3\libm.a(cmpsf2.o)
                0x00001444                __nesf2
                0x00001444                __eqsf2
                0x00001444                __cmpsf2
                0x00001444                __ltsf2
                0x00001444                __lesf2
 .text.avr-libc.fplib
                0x0000144e        0x8 d:/various programs/atmelstudio/7.0/toolchain/avr8/avr8-gnu-toolchain/bin/../lib/gcc/avr/5.4.0/../../../../avr/lib/avrxmega3\libm.a(divsf3.o)
                0x0000144e                __divsf3
 .text.avr-libc.fplib
                0x00001456       0xdc d:/various programs/atmelstudio/7.0/toolchain/avr8/avr8-gnu-toolchain/bin/../lib/gcc/avr/5.4.0/../../../../avr/lib/avrxmega3\libm.a(divsf3x.o)
                0x00001476                __divsf3x
                0x0000147c                __divsf3_pse
 .text.avr-libc.fplib
                0x00001532       0x74 d:/various programs/atmelstudio/7.0/toolchain/avr8/avr8-gnu-toolchain/bin/../lib/gcc/avr/5.4.0/../../../../avr/lib/avrxmega3\libm.a(exp.o)
                0x00001542                exp
 .text.avr-libc.fplib
                0x000015a6        0xe d:/various programs/atmelstudio/7.0/toolchain/avr8/avr8-gnu-toolchain/bin/../lib/gcc/avr/5.4.0/../../../../avr/lib/avrxmega3\libm.a(fixsfsi.o)
                0x000015a6                __fixsfsi
 .text.avr-libc.fplib
                0x000015b4       0x5e d:/various programs/atmelstudio/7.0/toolchain/avr8/avr8-gnu-toolchain/bin/../lib/gcc/avr/5.4.0/../../../../avr/lib/avrxmega3\libm.a(fixunssfsi.o)
                0x000015b4                __fixunssfsi
 .text.avr-libc.fplib
                0x00001612       0x7a d:/various programs/atmelstudio/7.0/toolchain/avr8/avr8-gnu-toolchain/bin/../lib/gcc/avr/5.4.0/../../../../avr/lib/avrxmega3\libm.a(floatsisf.o)
                0x00001612                __floatunsisf
                0x00001616                __floatsisf
 .text.avr-libc.fplib
                0x0000168c       0x3e d:/various programs/atmelstudio/7.0/toolchain/avr8/avr8-gnu-toolchain/bin/../lib/gcc/avr/5.4.0/../../../../avr/lib/avrxmega3\libm.a(fmin.o)
                0x0000168c                fmin
 .text.avr-libc.fplib
                0x000016ca       0x48 d:/various programs/atmelstudio/7.0/toolchain/avr8/avr8-gnu-toolchain/bin/../lib/gcc/avr/5.4.0/../../../../avr/lib/avrxmega3\libm.a(fp_cmp.o)
                0x000016ca                __fp_cmp
 .text.avr-libc.fplib
                0x00001712        0xc d:/various programs/atmelstudio/7.0/toolchain/avr8/avr8-gnu-toolchain/bin/../lib/gcc/avr/5.4.0/../../../../avr/lib/avrxmega3\libm.a(fp_inf.o)
                0x00001712                __fp_inf
 .text.avr-libc.fplib
                0x0000171e        0x6 d:/various programs/atmelstudio/7.0/toolchain/avr8/avr8-gnu-toolchain/bin/../lib/gcc/avr/5.4.0/../../../../avr/lib/avrxmega3\libm.a(fp_nan.o)
                0x0000171e                __fp_nan
 .text.avr-libc.fplib
                0x00001724       0x4e d:/various programs/atmelstudio/7.0/toolchain/avr8/avr8-gnu-toolchain/bin/../lib/gcc/avr/5.4.0/../../../../avr/lib/avrxmega3\libm.a(fp_powser.o)
                0x00001724                __fp_powser
 .text.avr-libc.fplib
                0x00001772        0xe d:/various programs/atmelstudio/7.0/toolchain/avr8/avr8-gnu-toolchain/bin/../lib/gcc/avr/5.4.0/../../../../avr/lib/avrxmega3\libm.a(fp_pscA.o)
                0x00001772                __fp_pscA
 .text.avr-libc.fplib
                0x00001780        0xe d:/various programs/atmelstudio/7.0/toolchain/avr8/avr8-gnu-toolchain/bin/../lib/gcc/avr/5.4.0/../../../../avr/lib/avrxmega3\libm.a(fp_pscB.o)
                0x00001780                __fp_pscB
 .text.avr-libc.fplib
                0x0000178e       0x22 d:/various programs/atmelstudio/7.0/toolchain/avr8/avr8-gnu-toolchain/bin/../lib/gcc/avr/5.4.0/../../../../avr/lib/avrxmega3\libm.a(fp_round.o)
                0x0000178e                __fp_round
 .text.avr-libc.fplib
                0x000017b0       0x44 d:/various programs/atmelstudio/7.0/toolchain/avr8/avr8-gnu-toolchain/bin/../lib/gcc/avr/5.4.0/../../../../avr/lib/avrxmega3\libm.a(fp_split3.o)
                0x000017b0                __fp_split3
                0x000017c0                __fp_splitA
 .text.avr-libc.fplib
                0x000017f4        0xe d:/various programs/atmelstudio/7.0/toolchain/avr8/avr8-gnu-toolchain/bin/../lib/gcc/avr/5.4.0/../../../../avr/lib/avrxmega3\libm.a(fp_zero.o)
                0x000017f4                __fp_zero
                0x000017f6                __fp_szero
 .text.avr-libc.fplib
                0x00001802        0xa d:/various programs/atmelstudio/7.0/toolchain/avr8/avr8-gnu-toolchain/bin/../lib/gcc/avr/5.4.0/../../../../avr/lib/avrxmega3\libm.a(gesf2.o)
                0x00001802                __gesf2
                0x00001802                __gtsf2
 .text.avr-libc.fplib
                0x0000180c       0x10 d:/various programs/atmelstudio/7.0/toolchain/avr8/avr8-gnu-toolchain/bin/../lib/gcc/avr/5.4.0/../../../../avr/lib/avrxmega3\libm.a(inverse.o)
                0x0000180c                inverse
 .text.avr-libc.fplib
                0x0000181c       0x74 d:/various programs/atmelstudio/7.0/toolchain/avr8/avr8-gnu-toolchain/bin/../lib/gcc/avr/5.4.0/../../../../avr/lib/avrxmega3\libm.a(ldexp.o)
                0x00001824                ldexp
 .text.avr-libc.fplib
                0x00001890       0x68 d:/various programs/atmelstudio/7.0/toolchain/avr8/avr8-gnu-toolchain/bin/../lib/gcc/avr/5.4.0/../../../../avr/lib/avrxmega3\libm.a(modf.o)
                0x00001890                modf
                0x00001890                modff
 .text.avr-libc.fplib
                0x000018f8        0x8 d:/various programs/atmelstudio/7.0/toolchain/avr8/avr8-gnu-toolchain/bin/../lib/gcc/avr/5.4.0/../../../../avr/lib/avrxmega3\libm.a(mulsf3.o)
                0x000018f8                __mulsf3
 .text.avr-libc.fplib
                0x00001900       0xd2 d:/various programs/atmelstudio/7.0/toolchain/avr8/avr8-gnu-toolchain/bin/../lib/gcc/avr/5.4.0/../../../../avr/lib/avrxmega3\libm.a(mulsf3x.o)
                0x0000191e                __mulsf3x
                0x00001924                __mulsf3_pse
 .text.avr-libc.fplib
                0x000019d2       0x10 d:/various programs/atmelstudio/7.0/toolchain/avr8/avr8-gnu-toolchain/bin/../lib/gcc/avr/5.4.0/../../../../avr/lib/avrxmega3\libm.a(sin.o)
                0x000019d2                sin
 .text.avr-libc.fplib
                0x000019e2       0x1c d:/various programs/atmelstudio/7.0/toolchain/avr8/avr8-gnu-toolchain/bin/../lib/gcc/avr/5.4.0/../../../../avr/lib/avrxmega3\libm.a(fp_mpack.o)
                0x000019e2                __fp_mpack
                0x000019e6                __fp_mpack_finite
 .text.avr-libc.fplib
                0x000019fe       0x56 d:/various programs/atmelstudio/7.0/toolchain/avr8/avr8-gnu-toolchain/bin/../lib/gcc/avr/5.4.0/../../../../avr/lib/avrxmega3\libm.a(fp_rempio2.o)
                0x00001a02                __fp_rempio2
 .text.avr-libc.fplib
                0x00001a54       0x28 d:/various programs/atmelstudio/7.0/toolchain/avr8/avr8-gnu-toolchain/bin/../lib/gcc/avr/5.4.0/../../../../avr/lib/avrxmega3\libm.a(fp_sinus.o)
                0x00001a54                __fp_sinus
 .text.avr-libc.fplib
                0x00001a7c       0x28 d:/various programs/atmelstudio/7.0/toolchain/avr8/avr8-gnu-toolchain/bin/../lib/gcc/avr/5.4.0/../../../../avr/lib/avrxmega3\libm.a(fp_powsodd.o)
                0x00001a7c                __fp_powsodd
 .text.libgcc.div
                0x00001aa4       0x44 d:/various programs/atmelstudio/7.0/toolchain/avr8/avr8-gnu-toolchain/bin/../lib/gcc/avr/5.4.0/avrxmega3\libgcc.a(_udivmodsi4.o)
                0x00001aa4                __udivmodsi4
                0x00001ae8                . = ALIGN (0x2)
 *(.fini9)
 .fini9         0x00001ae8        0x0 d:/various programs/atmelstudio/7.0/toolchain/avr8/avr8-gnu-toolchain/bin/../lib/gcc/avr/5.4.0/avrxmega3\libgcc.a(_exit.o)
                0x00001ae8                _exit
                0x00001ae8                exit
 *(.fini9)
 *(.fini8)
 *(.fini8)
 *(.fini7)
 *(.fini7)
 *(.fini6)
 *(.fini6)
 *(.fini5)
 *(.fini5)
 *(.fini4)
 *(.fini4)
 *(.fini3)
 *(.fini3)
 *(.fini2)
 *(.fini2)
 *(.fini1)
 *(.fini1)
 *(.fini0)
 .fini0         0x00001ae8        0x4 d:/various programs/atmelstudio/7.0/toolchain/avr8/avr8-gnu-toolchain/bin/../lib/gcc/avr/5.4.0/avrxmega3\libgcc.a(_exit.o)
 *(.fini0)
                0x00001aec                _etext = .

.rodata         0x00009aec       0x3d load address 0x00001aec
 *(.rodata)
 *(.rodata*)
 .rodata.str1.1
                0x00009aec        0x5 main.o
 .rodata.str1.1
                0x00009af1       0x17 tinyAxon/tinyAxon.o
 .rodata.str1.1
                0x00009b08       0x17 tinyDendrite/tinyDendrite.o
 .rodata.str1.1
                0x00009b1f        0xa tinyPotential/tinyPotential.o
 *(.gnu.linkonce.r*)

.data           0x00803800       0x16 load address 0x00001b29
                0x00803800                PROVIDE (__data_start, .)
 *(.data)
 *(.data*)
 .data.USART_0_stream
                0x00803800        0xe src/usart_basic.o
                0x00803800                USART_0_stream
 .data.Dendrite_ports
                0x0080380e        0x5 tinyDendrite/tinyDendrite.o
                0x0080380e                Dendrite_ports
 .data.ideal_time_between_pulses
                0x00803813        0x2 tinyPulse/tinyPulse.o
                0x00803813                ideal_time_between_pulses
 *(.gnu.linkonce.d*)
                0x00803816                . = ALIGN (0x2)
 *fill*         0x00803815        0x1 
                0x00803816                _edata = .
                0x00803816                PROVIDE (__data_end, .)

.bss            0x00803816       0x5c
                0x00803816                PROVIDE (__bss_start, .)
 *(.bss)
 *(.bss*)
 .bss.pulse_queue
                0x00803816       0x14 tinyAxon/tinyAxon.o
                0x00803816                pulse_queue
 .bss.pulses_in_queue
                0x0080382a        0x1 tinyAxon/tinyAxon.o
                0x0080382a                pulses_in_queue
 .bss.axonOutputValue
                0x0080382b        0x1 tinyAxon/tinyAxon.o
                0x0080382b                axonOutputValue
 .bss.tinyAxon_should_fire
                0x0080382c        0x1 tinyAxon/tinyAxon.o
                0x0080382c                tinyAxon_should_fire
 .bss.tinyAxon_has_just_fired
                0x0080382d        0x1 tinyAxon/tinyAxon.o
                0x0080382d                tinyAxon_has_just_fired
 .bss.tinyButton_start_time
                0x0080382e        0x4 tinyButton/tinyButton.o
 .bss.ignore_next_button_press
                0x00803832        0x1 tinyButton/tinyButton.o
                0x00803832                ignore_next_button_press
 .bss.button_press
                0x00803833        0x1 tinyButton/tinyButton.o
                0x00803833                button_press
 .bss.button_was_pushed_down
                0x00803834        0x1 tinyButton/tinyButton.o
 .bss.charge_counter
                0x00803835        0x1 tinyCharge/tinyCharge.o
                0x00803835                charge_counter
 .bss.tinyDendrite_previous_signals
                0x00803836        0x5 tinyDendrite/tinyDendrite.o
                0x00803836                tinyDendrite_previous_signals
 .bss.tinyDendrite_current_signals
                0x0080383b        0x5 tinyDendrite/tinyDendrite.o
                0x0080383b                tinyDendrite_current_signals
 .bss.tinyDendrite_values
                0x00803840        0x5 tinyDendrite/tinyDendrite.o
                0x00803840                tinyDendrite_values
 .bss.tinyISR_interrupt_flag
                0x00803845        0x1 tinyISR/tinyISR.o
 .bss.tinyLED_old_colors
                0x00803846        0x6 tinyLED/tinyLED.o
                0x00803846                tinyLED_old_colors
 .bss.tinyLED_old_settings
                0x0080384c        0x4 tinyLED/tinyLED.o
                0x0080384c                tinyLED_old_settings
 .bss.tinyLED_settings
                0x00803850        0x4 tinyLED/tinyLED.o
                0x00803850                tinyLED_settings
 .bss.previous_update_time
                0x00803854        0x4 tinyPotential/tinyPotential.o
 .bss.tinyPotential_potential
                0x00803858        0x4 tinyPotential/tinyPotential.o
 .bss.time_since_last_pulse
                0x0080385c        0x2 tinyPulse/tinyPulse.o
                0x0080385c                time_since_last_pulse
 .bss.time_of_last_pulse
                0x0080385e        0x4 tinyPulse/tinyPulse.o
                0x0080385e                time_of_last_pulse
 .bss.pulse_mode
                0x00803862        0x1 tinyPulse/tinyPulse.o
                0x00803862                pulse_mode
 .bss.time_counter
                0x00803863        0x4 tinyTime/tinyTime.o
                0x00803863                time_counter
 *(COMMON)
 COMMON         0x00803867        0x1 tinyCharge/tinyCharge.o
                0x00803867                connected_to_charger
 COMMON         0x00803868        0x4 tinyLED/tinyLED.o
                0x00803868                tinyLED_flash_once_time
 COMMON         0x0080386c        0x6 d:/various programs/atmelstudio/7.0/toolchain/avr8/avr8-gnu-toolchain/bin/../lib/gcc/avr/5.4.0/../../../../avr/lib/avrxmega3\libc.a(iob.o)
                0x0080386c                __iob
                0x00803872                PROVIDE (__bss_end, .)
                0x00001b29                __data_load_start = LOADADDR (.data)
                0x00001b3f                __data_load_end = (__data_load_start + SIZEOF (.data))

.noinit         0x00803872        0x0
                [!provide]                PROVIDE (__noinit_start, .)
 *(.noinit*)
                [!provide]                PROVIDE (__noinit_end, .)
                0x00803872                _end = .
                [!provide]                PROVIDE (__heap_start, .)

.eeprom         0x00810000        0x0
 *(.eeprom*)
                0x00810000                __eeprom_end = .

.fuse
 *(.fuse)
 *(.lfuse)
 *(.hfuse)
 *(.efuse)

.lock
 *(.lock*)

.signature
 *(.signature*)

.user_signatures
 *(.user_signatures*)

.stab
 *(.stab)

.stabstr
 *(.stabstr)

.stab.excl
 *(.stab.excl)

.stab.exclstr
 *(.stab.exclstr)

.stab.index
 *(.stab.index)

.stab.indexstr
 *(.stab.indexstr)

.comment        0x00000000       0x30
 *(.comment)
 .comment       0x00000000       0x30 atmel_start.o
                                 0x31 (size before relaxing)
 .comment       0x00000030       0x31 main.o
 .comment       0x00000030       0x31 src/adc_basic.o
 .comment       0x00000030       0x31 src/bod.o
 .comment       0x00000030       0x31 src/ccl.o
 .comment       0x00000030       0x31 src/clkctrl.o
 .comment       0x00000030       0x31 src/cpuint.o
 .comment       0x00000030       0x31 src/dac_basic.o
 .comment       0x00000030       0x31 src/driver_init.o
 .comment       0x00000030       0x31 src/rtc.o
 .comment       0x00000030       0x31 src/slpctrl.o
 .comment       0x00000030       0x31 src/spi.o
 .comment       0x00000030       0x31 src/tca.o
 .comment       0x00000030       0x31 src/usart_basic.o
 .comment       0x00000030       0x31 tinyAxon/tinyAxon.o
 .comment       0x00000030       0x31 tinyButton/tinyButton.o
 .comment       0x00000030       0x31 tinyCharge/tinyCharge.o
 .comment       0x00000030       0x31 tinyDebugger/tinyDebugger.o
 .comment       0x00000030       0x31 tinyDendrite/tinyDendrite.o
 .comment       0x00000030       0x31 tinyISR/tinyISR.o
 .comment       0x00000030       0x31 tinyLED/tinyLED.o
 .comment       0x00000030       0x31 tinyPotential/tinyPotential.o
 .comment       0x00000030       0x31 tinyPulse/tinyPulse.o
 .comment       0x00000030       0x31 tinySleep/tinySleep.o
 .comment       0x00000030       0x31 tinyTime/tinyTime.o
 .comment       0x00000030       0x31 d:/various programs/atmelstudio/7.0/toolchain/avr8/avr8-gnu-toolchain/bin/../lib/gcc/avr/5.4.0/../../../../avr/lib/avrxmega3\libc.a(iob.o)

.note.gnu.avr.deviceinfo
                0x00000000       0x40
 .note.gnu.avr.deviceinfo
                0x00000000       0x40 D:/Various programs/AtmelStudio/7.0/Packs/Atmel/ATtiny_DFP/1.3.229/gcc/dev/attiny3217/avrxmega3/crtattiny3217.o

.note.gnu.build-id
 *(.note.gnu.build-id)

.debug
 *(.debug)

.line
 *(.line)

.debug_srcinfo
 *(.debug_srcinfo)

.debug_sfnames
 *(.debug_sfnames)

.debug_aranges  0x00000000      0x570
 *(.debug_aranges)
 .debug_aranges
                0x00000000       0x20 atmel_start.o
 .debug_aranges
                0x00000020       0x20 main.o
 .debug_aranges
                0x00000040       0x58 src/adc_basic.o
 .debug_aranges
                0x00000098       0x20 src/bod.o
 .debug_aranges
                0x000000b8       0x20 src/ccl.o
 .debug_aranges
                0x000000d8       0x20 src/clkctrl.o
 .debug_aranges
                0x000000f8       0x20 src/cpuint.o
 .debug_aranges
                0x00000118       0x48 src/dac_basic.o
 .debug_aranges
                0x00000160       0x58 src/driver_init.o
 .debug_aranges
                0x000001b8       0x20 src/protected_io.o
 .debug_aranges
                0x000001d8       0x20 src/rtc.o
 .debug_aranges
                0x000001f8       0x20 src/slpctrl.o
 .debug_aranges
                0x00000218       0x20 src/spi.o
 .debug_aranges
                0x00000238       0x20 src/tca.o
 .debug_aranges
                0x00000258       0x78 src/usart_basic.o
 .debug_aranges
                0x000002d0       0x60 tinyAxon/tinyAxon.o
 .debug_aranges
                0x00000330       0x28 tinyButton/tinyButton.o
 .debug_aranges
                0x00000358       0x58 tinyCharge/tinyCharge.o
 .debug_aranges
                0x000003b0       0x48 tinyDebugger/tinyDebugger.o
 .debug_aranges
                0x000003f8       0x48 tinyDendrite/tinyDendrite.o
 .debug_aranges
                0x00000440       0x30 tinyISR/tinyISR.o
 .debug_aranges
                0x00000470       0x48 tinyLED/tinyLED.o
 .debug_aranges
                0x000004b8       0x28 tinyPotential/tinyPotential.o
 .debug_aranges
                0x000004e0       0x38 tinyPulse/tinyPulse.o
 .debug_aranges
                0x00000518       0x30 tinySleep/tinySleep.o
 .debug_aranges
                0x00000548       0x28 tinyTime/tinyTime.o

.debug_pubnames
 *(.debug_pubnames)

.debug_info     0x00000000     0x8c89
 *(.debug_info .gnu.linkonce.wi.*)
 .debug_info    0x00000000     0x1c4d D:/Various programs/AtmelStudio/7.0/Packs/Atmel/ATtiny_DFP/1.3.229/gcc/dev/attiny3217/avrxmega3/crtattiny3217.o
 .debug_info    0x00001c4d       0x9a atmel_start.o
 .debug_info    0x00001ce7      0x3d1 main.o
 .debug_info    0x000020b8      0x4ee src/adc_basic.o
 .debug_info    0x000025a6       0x8d src/bod.o
 .debug_info    0x00002633      0x5cd src/ccl.o
 .debug_info    0x00002c00      0x3fe src/clkctrl.o
 .debug_info    0x00002ffe       0x8d src/cpuint.o
 .debug_info    0x0000308b      0x19d src/dac_basic.o
 .debug_info    0x00003228     0x176d src/driver_init.o
 .debug_info    0x00004995       0xc4 src/protected_io.o
 .debug_info    0x00004a59      0x422 src/rtc.o
 .debug_info    0x00004e7b       0x8d src/slpctrl.o
 .debug_info    0x00004f08      0x18f src/spi.o
 .debug_info    0x00005097      0xa74 src/tca.o
 .debug_info    0x00005b0b      0x47d src/usart_basic.o
 .debug_info    0x00005f88      0x577 tinyAxon/tinyAxon.o
 .debug_info    0x000064ff      0x234 tinyButton/tinyButton.o
 .debug_info    0x00006733      0x5d7 tinyCharge/tinyCharge.o
 .debug_info    0x00006d0a      0x217 tinyDebugger/tinyDebugger.o
 .debug_info    0x00006f21      0x3b4 tinyDendrite/tinyDendrite.o
 .debug_info    0x000072d5      0x3d8 tinyISR/tinyISR.o
 .debug_info    0x000076ad     0x105b tinyLED/tinyLED.o
 .debug_info    0x00008708      0x1d0 tinyPotential/tinyPotential.o
 .debug_info    0x000088d8      0x248 tinyPulse/tinyPulse.o
 .debug_info    0x00008b20       0xb3 tinySleep/tinySleep.o
 .debug_info    0x00008bd3       0xb6 tinyTime/tinyTime.o

.debug_abbrev   0x00000000     0x3751
 *(.debug_abbrev)
 .debug_abbrev  0x00000000     0x1ac8 D:/Various programs/AtmelStudio/7.0/Packs/Atmel/ATtiny_DFP/1.3.229/gcc/dev/attiny3217/avrxmega3/crtattiny3217.o
 .debug_abbrev  0x00001ac8       0x63 atmel_start.o
 .debug_abbrev  0x00001b2b       0xf4 main.o
 .debug_abbrev  0x00001c1f      0x1bc src/adc_basic.o
 .debug_abbrev  0x00001ddb       0x51 src/bod.o
 .debug_abbrev  0x00001e2c       0x9f src/ccl.o
 .debug_abbrev  0x00001ecb      0x116 src/clkctrl.o
 .debug_abbrev  0x00001fe1       0x51 src/cpuint.o
 .debug_abbrev  0x00002032       0xc2 src/dac_basic.o
 .debug_abbrev  0x000020f4      0x1e0 src/driver_init.o
 .debug_abbrev  0x000022d4       0x14 src/protected_io.o
 .debug_abbrev  0x000022e8       0xd4 src/rtc.o
 .debug_abbrev  0x000023bc       0x51 src/slpctrl.o
 .debug_abbrev  0x0000240d       0x9f src/spi.o
 .debug_abbrev  0x000024ac       0xf0 src/tca.o
 .debug_abbrev  0x0000259c      0x204 src/usart_basic.o
 .debug_abbrev  0x000027a0      0x2b6 tinyAxon/tinyAxon.o
 .debug_abbrev  0x00002a56      0x16a tinyButton/tinyButton.o
 .debug_abbrev  0x00002bc0      0x21e tinyCharge/tinyCharge.o
 .debug_abbrev  0x00002dde       0xab tinyDebugger/tinyDebugger.o
 .debug_abbrev  0x00002e89      0x180 tinyDendrite/tinyDendrite.o
 .debug_abbrev  0x00003009      0x157 tinyISR/tinyISR.o
 .debug_abbrev  0x00003160      0x2fb tinyLED/tinyLED.o
 .debug_abbrev  0x0000345b       0xff tinyPotential/tinyPotential.o
 .debug_abbrev  0x0000355a      0x12c tinyPulse/tinyPulse.o
 .debug_abbrev  0x00003686       0x4f tinySleep/tinySleep.o
 .debug_abbrev  0x000036d5       0x7c tinyTime/tinyTime.o

.debug_line     0x00000000     0x2cfe
 *(.debug_line .debug_line.* .debug_line_end)
 .debug_line    0x00000000      0x151 D:/Various programs/AtmelStudio/7.0/Packs/Atmel/ATtiny_DFP/1.3.229/gcc/dev/attiny3217/avrxmega3/crtattiny3217.o
 .debug_line    0x00000151       0x60 atmel_start.o
 .debug_line    0x000001b1      0x284 main.o
 .debug_line    0x00000435      0x202 src/adc_basic.o
 .debug_line    0x00000637       0x9e src/bod.o
 .debug_line    0x000006d5      0x12b src/ccl.o
 .debug_line    0x00000800      0x12f src/clkctrl.o
 .debug_line    0x0000092f       0xa7 src/cpuint.o
 .debug_line    0x000009d6      0x19a src/dac_basic.o
 .debug_line    0x00000b70      0x411 src/driver_init.o
 .debug_line    0x00000f81       0x55 src/protected_io.o
 .debug_line    0x00000fd6      0x13b src/rtc.o
 .debug_line    0x00001111       0xa2 src/slpctrl.o
 .debug_line    0x000011b3      0x107 src/spi.o
 .debug_line    0x000012ba      0x113 src/tca.o
 .debug_line    0x000013cd      0x265 src/usart_basic.o
 .debug_line    0x00001632      0x3cf tinyAxon/tinyAxon.o
 .debug_line    0x00001a01      0x204 tinyButton/tinyButton.o
 .debug_line    0x00001c05      0x34a tinyCharge/tinyCharge.o
 .debug_line    0x00001f4f       0xfa tinyDebugger/tinyDebugger.o
 .debug_line    0x00002049      0x2f9 tinyDendrite/tinyDendrite.o
 .debug_line    0x00002342      0x15b tinyISR/tinyISR.o
 .debug_line    0x0000249d      0x395 tinyLED/tinyLED.o
 .debug_line    0x00002832      0x1cc tinyPotential/tinyPotential.o
 .debug_line    0x000029fe      0x154 tinyPulse/tinyPulse.o
 .debug_line    0x00002b52       0xe8 tinySleep/tinySleep.o
 .debug_line    0x00002c3a       0xc4 tinyTime/tinyTime.o

.debug_frame    0x00000000      0x978
 *(.debug_frame)
 .debug_frame   0x00000000       0x24 atmel_start.o
 .debug_frame   0x00000024       0x24 main.o
 .debug_frame   0x00000048       0x94 src/adc_basic.o
 .debug_frame   0x000000dc       0x24 src/bod.o
 .debug_frame   0x00000100       0x24 src/ccl.o
 .debug_frame   0x00000124       0x24 src/clkctrl.o
 .debug_frame   0x00000148       0x24 src/cpuint.o
 .debug_frame   0x0000016c       0x74 src/dac_basic.o
 .debug_frame   0x000001e0       0x94 src/driver_init.o
 .debug_frame   0x00000274       0x24 src/rtc.o
 .debug_frame   0x00000298       0x24 src/slpctrl.o
 .debug_frame   0x000002bc       0x24 src/spi.o
 .debug_frame   0x000002e0       0x24 src/tca.o
 .debug_frame   0x00000304       0xd4 src/usart_basic.o
 .debug_frame   0x000003d8       0xcc tinyAxon/tinyAxon.o
 .debug_frame   0x000004a4       0x48 tinyButton/tinyButton.o
 .debug_frame   0x000004ec       0x9c tinyCharge/tinyCharge.o
 .debug_frame   0x00000588       0x74 tinyDebugger/tinyDebugger.o
 .debug_frame   0x000005fc       0xf0 tinyDendrite/tinyDendrite.o
 .debug_frame   0x000006ec       0x90 tinyISR/tinyISR.o
 .debug_frame   0x0000077c       0xd4 tinyLED/tinyLED.o
 .debug_frame   0x00000850       0x48 tinyPotential/tinyPotential.o
 .debug_frame   0x00000898       0x68 tinyPulse/tinyPulse.o
 .debug_frame   0x00000900       0x44 tinySleep/tinySleep.o
 .debug_frame   0x00000944       0x34 tinyTime/tinyTime.o

.debug_str      0x00000000     0x3736
 *(.debug_str)
 .debug_str     0x00000000      0xc0f D:/Various programs/AtmelStudio/7.0/Packs/Atmel/ATtiny_DFP/1.3.229/gcc/dev/attiny3217/avrxmega3/crtattiny3217.o
 .debug_str     0x00000c0f      0x1a4 atmel_start.o
                                0x1d8 (size before relaxing)
 .debug_str     0x00000db3      0x2b0 main.o
                                0x47b (size before relaxing)
 .debug_str     0x00001063      0x42d src/adc_basic.o
                                0x621 (size before relaxing)
 .debug_str     0x00001490       0x16 src/bod.o
                                0x1c5 (size before relaxing)
 .debug_str     0x000014a6      0x6ba src/ccl.o
                                0x8ad (size before relaxing)
 .debug_str     0x00001b60      0x285 src/clkctrl.o
                                0x53a (size before relaxing)
 .debug_str     0x00001de5       0x1c src/cpuint.o
                                0x1cb (size before relaxing)
 .debug_str     0x00001e01       0x93 src/dac_basic.o
                                0x287 (size before relaxing)
 .debug_str     0x00001e94      0x654 src/driver_init.o
                                0x9d0 (size before relaxing)
 .debug_str     0x000024e8      0x351 src/rtc.o
                                0x624 (size before relaxing)
 .debug_str     0x00002839       0x11 src/slpctrl.o
                                0x1cd (size before relaxing)
 .debug_str     0x0000284a       0xbf src/spi.o
                                0x2d9 (size before relaxing)
 .debug_str     0x00002909      0x20d src/tca.o
                                0x6c9 (size before relaxing)
 .debug_str     0x00002b16      0x1da src/usart_basic.o
                                0x41b (size before relaxing)
 .debug_str     0x00002cf0      0x23e tinyAxon/tinyAxon.o
                                0x509 (size before relaxing)
 .debug_str     0x00002f2e       0xe7 tinyButton/tinyButton.o
                                0x304 (size before relaxing)
 .debug_str     0x00003015       0xfc tinyCharge/tinyCharge.o
                                0x4f4 (size before relaxing)
 .debug_str     0x00003111       0x79 tinyDebugger/tinyDebugger.o
                                0x28b (size before relaxing)
 .debug_str     0x0000318a      0x1a2 tinyDendrite/tinyDendrite.o
                                0x3fb (size before relaxing)
 .debug_str     0x0000332c       0x5f tinyISR/tinyISR.o
                                0x3b1 (size before relaxing)
 .debug_str     0x0000338b      0x244 tinyLED/tinyLED.o
                                0x9a0 (size before relaxing)
 .debug_str     0x000035cf       0x94 tinyPotential/tinyPotential.o
                                0x2ff (size before relaxing)
 .debug_str     0x00003663       0x77 tinyPulse/tinyPulse.o
                                0x348 (size before relaxing)
 .debug_str     0x000036da       0x38 tinySleep/tinySleep.o
                                0x216 (size before relaxing)
 .debug_str     0x00003712       0x24 tinyTime/tinyTime.o
                                0x1fd (size before relaxing)

.debug_loc      0x00000000     0x1654
 *(.debug_loc)
 .debug_loc     0x00000000       0x87 src/adc_basic.o
 .debug_loc     0x00000087       0x52 src/clkctrl.o
 .debug_loc     0x000000d9      0x760 src/driver_init.o
 .debug_loc     0x00000839       0x47 src/usart_basic.o
 .debug_loc     0x00000880      0x280 tinyAxon/tinyAxon.o
 .debug_loc     0x00000b00       0xc3 tinyButton/tinyButton.o
 .debug_loc     0x00000bc3       0xd9 tinyCharge/tinyCharge.o
 .debug_loc     0x00000c9c      0x3ba tinyDendrite/tinyDendrite.o
 .debug_loc     0x00001056       0xec tinyISR/tinyISR.o
 .debug_loc     0x00001142      0x3ed tinyLED/tinyLED.o
 .debug_loc     0x0000152f       0x71 tinyPotential/tinyPotential.o
 .debug_loc     0x000015a0       0xb4 tinyPulse/tinyPulse.o

.debug_macinfo
 *(.debug_macinfo)

.debug_weaknames
 *(.debug_weaknames)

.debug_funcnames
 *(.debug_funcnames)

.debug_typenames
 *(.debug_typenames)

.debug_varnames
 *(.debug_varnames)

.debug_pubtypes
 *(.debug_pubtypes)

.debug_ranges   0x00000000      0x3f0
 *(.debug_ranges)
 .debug_ranges  0x00000000       0x10 atmel_start.o
 .debug_ranges  0x00000010       0x10 main.o
 .debug_ranges  0x00000020       0x48 src/adc_basic.o
 .debug_ranges  0x00000068       0x10 src/bod.o
 .debug_ranges  0x00000078       0x10 src/ccl.o
 .debug_ranges  0x00000088       0x10 src/clkctrl.o
 .debug_ranges  0x00000098       0x10 src/cpuint.o
 .debug_ranges  0x000000a8       0x38 src/dac_basic.o
 .debug_ranges  0x000000e0       0x48 src/driver_init.o
 .debug_ranges  0x00000128       0x10 src/rtc.o
 .debug_ranges  0x00000138       0x10 src/slpctrl.o
 .debug_ranges  0x00000148       0x10 src/spi.o
 .debug_ranges  0x00000158       0x10 src/tca.o
 .debug_ranges  0x00000168       0x68 src/usart_basic.o
 .debug_ranges  0x000001d0       0x68 tinyAxon/tinyAxon.o
 .debug_ranges  0x00000238       0x18 tinyButton/tinyButton.o
 .debug_ranges  0x00000250       0x48 tinyCharge/tinyCharge.o
 .debug_ranges  0x00000298       0x38 tinyDebugger/tinyDebugger.o
 .debug_ranges  0x000002d0       0x38 tinyDendrite/tinyDendrite.o
 .debug_ranges  0x00000308       0x20 tinyISR/tinyISR.o
 .debug_ranges  0x00000328       0x50 tinyLED/tinyLED.o
 .debug_ranges  0x00000378       0x18 tinyPotential/tinyPotential.o
 .debug_ranges  0x00000390       0x28 tinyPulse/tinyPulse.o
 .debug_ranges  0x000003b8       0x20 tinySleep/tinySleep.o
 .debug_ranges  0x000003d8       0x18 tinyTime/tinyTime.o

.debug_macro
 *(.debug_macro)
OUTPUT(Hjernebyggesett_V4.elf elf32-avr)
LOAD linker stubs
