Archive member included to satisfy reference by file (symbol)

d:/various programs/atmelstudio/7.0/toolchain/avr8/avr8-gnu-toolchain/bin/../lib/gcc/avr/5.4.0/../../../../avr/lib/avrxmega3\libm.a(addsf3.o)
                              tinyAxon/tinyAxon.o (__subsf3)
d:/various programs/atmelstudio/7.0/toolchain/avr8/avr8-gnu-toolchain/bin/../lib/gcc/avr/5.4.0/../../../../avr/lib/avrxmega3\libm.a(addsf3x.o)
                              d:/various programs/atmelstudio/7.0/toolchain/avr8/avr8-gnu-toolchain/bin/../lib/gcc/avr/5.4.0/../../../../avr/lib/avrxmega3\libm.a(addsf3.o) (__addsf3x)
d:/various programs/atmelstudio/7.0/toolchain/avr8/avr8-gnu-toolchain/bin/../lib/gcc/avr/5.4.0/../../../../avr/lib/avrxmega3\libm.a(cmpsf2.o)
                              tinyAxon/tinyAxon.o (__ltsf2)
d:/various programs/atmelstudio/7.0/toolchain/avr8/avr8-gnu-toolchain/bin/../lib/gcc/avr/5.4.0/../../../../avr/lib/avrxmega3\libm.a(divsf3.o)
                              tinyLED/tinyLED.o (__divsf3)
d:/various programs/atmelstudio/7.0/toolchain/avr8/avr8-gnu-toolchain/bin/../lib/gcc/avr/5.4.0/../../../../avr/lib/avrxmega3\libm.a(divsf3x.o)
                              d:/various programs/atmelstudio/7.0/toolchain/avr8/avr8-gnu-toolchain/bin/../lib/gcc/avr/5.4.0/../../../../avr/lib/avrxmega3\libm.a(divsf3.o) (__divsf3x)
d:/various programs/atmelstudio/7.0/toolchain/avr8/avr8-gnu-toolchain/bin/../lib/gcc/avr/5.4.0/../../../../avr/lib/avrxmega3\libm.a(exp.o)
                              tinyPotential/tinyPotential.o (exp)
d:/various programs/atmelstudio/7.0/toolchain/avr8/avr8-gnu-toolchain/bin/../lib/gcc/avr/5.4.0/../../../../avr/lib/avrxmega3\libm.a(fixunssfsi.o)
                              tinyLED/tinyLED.o (__fixunssfsi)
d:/various programs/atmelstudio/7.0/toolchain/avr8/avr8-gnu-toolchain/bin/../lib/gcc/avr/5.4.0/../../../../avr/lib/avrxmega3\libm.a(floatsisf.o)
                              tinyLED/tinyLED.o (__floatunsisf)
d:/various programs/atmelstudio/7.0/toolchain/avr8/avr8-gnu-toolchain/bin/../lib/gcc/avr/5.4.0/../../../../avr/lib/avrxmega3\libm.a(fmin.o)
                              tinyLED/tinyLED.o (fmin)
d:/various programs/atmelstudio/7.0/toolchain/avr8/avr8-gnu-toolchain/bin/../lib/gcc/avr/5.4.0/../../../../avr/lib/avrxmega3\libm.a(fp_cmp.o)
                              d:/various programs/atmelstudio/7.0/toolchain/avr8/avr8-gnu-toolchain/bin/../lib/gcc/avr/5.4.0/../../../../avr/lib/avrxmega3\libm.a(cmpsf2.o) (__fp_cmp)
d:/various programs/atmelstudio/7.0/toolchain/avr8/avr8-gnu-toolchain/bin/../lib/gcc/avr/5.4.0/../../../../avr/lib/avrxmega3\libm.a(fp_inf.o)
                              d:/various programs/atmelstudio/7.0/toolchain/avr8/avr8-gnu-toolchain/bin/../lib/gcc/avr/5.4.0/../../../../avr/lib/avrxmega3\libm.a(addsf3x.o) (__fp_inf)
d:/various programs/atmelstudio/7.0/toolchain/avr8/avr8-gnu-toolchain/bin/../lib/gcc/avr/5.4.0/../../../../avr/lib/avrxmega3\libm.a(fp_nan.o)
                              d:/various programs/atmelstudio/7.0/toolchain/avr8/avr8-gnu-toolchain/bin/../lib/gcc/avr/5.4.0/../../../../avr/lib/avrxmega3\libm.a(addsf3x.o) (__fp_nan)
d:/various programs/atmelstudio/7.0/toolchain/avr8/avr8-gnu-toolchain/bin/../lib/gcc/avr/5.4.0/../../../../avr/lib/avrxmega3\libm.a(fp_powser.o)
                              d:/various programs/atmelstudio/7.0/toolchain/avr8/avr8-gnu-toolchain/bin/../lib/gcc/avr/5.4.0/../../../../avr/lib/avrxmega3\libm.a(exp.o) (__fp_powser)
d:/various programs/atmelstudio/7.0/toolchain/avr8/avr8-gnu-toolchain/bin/../lib/gcc/avr/5.4.0/../../../../avr/lib/avrxmega3\libm.a(fp_pscA.o)
                              d:/various programs/atmelstudio/7.0/toolchain/avr8/avr8-gnu-toolchain/bin/../lib/gcc/avr/5.4.0/../../../../avr/lib/avrxmega3\libm.a(addsf3x.o) (__fp_pscA)
d:/various programs/atmelstudio/7.0/toolchain/avr8/avr8-gnu-toolchain/bin/../lib/gcc/avr/5.4.0/../../../../avr/lib/avrxmega3\libm.a(fp_pscB.o)
                              d:/various programs/atmelstudio/7.0/toolchain/avr8/avr8-gnu-toolchain/bin/../lib/gcc/avr/5.4.0/../../../../avr/lib/avrxmega3\libm.a(addsf3x.o) (__fp_pscB)
d:/various programs/atmelstudio/7.0/toolchain/avr8/avr8-gnu-toolchain/bin/../lib/gcc/avr/5.4.0/../../../../avr/lib/avrxmega3\libm.a(fp_round.o)
                              d:/various programs/atmelstudio/7.0/toolchain/avr8/avr8-gnu-toolchain/bin/../lib/gcc/avr/5.4.0/../../../../avr/lib/avrxmega3\libm.a(addsf3.o) (__fp_round)
d:/various programs/atmelstudio/7.0/toolchain/avr8/avr8-gnu-toolchain/bin/../lib/gcc/avr/5.4.0/../../../../avr/lib/avrxmega3\libm.a(fp_split3.o)
                              d:/various programs/atmelstudio/7.0/toolchain/avr8/avr8-gnu-toolchain/bin/../lib/gcc/avr/5.4.0/../../../../avr/lib/avrxmega3\libm.a(addsf3x.o) (__fp_split3)
d:/various programs/atmelstudio/7.0/toolchain/avr8/avr8-gnu-toolchain/bin/../lib/gcc/avr/5.4.0/../../../../avr/lib/avrxmega3\libm.a(fp_zero.o)
[...]
Memory Configuration

Name             Origin             Length             Attributes
text             0x00000000         0x00100000         xr
data             0x00802000         0x0000ffa0         rw !x
eeprom           0x00810000         0x00010000         rw !x
fuse             0x00820000         0x00000009         rw !x
lock             0x00830000         0x00000400         rw !x
signature        0x00840000         0x00000400         rw !x
user_signatures  0x00850000         0x00000400         rw !x
*default*        0x00000000         0xffffffff

Linker script and memory map

Address of section .data set to 0x803800
                0x00008000                __RODATA_PM_OFFSET__ = 0x8000
LOAD D:/Various programs/AtmelStudio/7.0/Packs/Atmel/ATtiny_DFP/1.3.229/gcc/dev/attiny3217/avrxmega3/crtattiny3217.o
LOAD atmel_start.o
LOAD driver_isr.o
LOAD examples/src/adc_basic_example.o
LOAD examples/src/dac_basic_example.o
LOAD examples/src/usart_basic_example.o
LOAD main.o
LOAD src/adc_basic.o
LOAD src/bod.o
LOAD src/ccl.o
LOAD src/clkctrl.o
LOAD src/cpuint.o
LOAD src/dac_basic.o
LOAD src/driver_init.o
LOAD src/protected_io.o
LOAD src/rtc.o
LOAD src/slpctrl.o
LOAD src/spi.o
LOAD src/tca.o
LOAD src/usart_basic.o
LOAD tinyAxon/tinyAxon.o
LOAD tinyButton/tinyButton.o
LOAD tinyCharge/tinyCharge.o
LOAD tinyDebugger/tinyDebugger.o
LOAD tinyDendrite/tinyDendrite.o
LOAD tinyISR/tinyISR.o
LOAD tinyLED/tinyLED.o
LOAD tinyPotential/tinyPotential.o
LOAD tinyPulse/tinyPulse.o
LOAD tinySleep/tinySleep.o
LOAD tinyTester/tinyTester.o
LOAD tinyTime/tinyTime.o
START GROUP
LOAD d:/various programs/atmelstudio/7.0/toolchain/avr8/avr8-gnu-toolchain/bin/../lib/gcc/avr/5.4.0/../../../../avr/lib/avrxmega3\libm.a
END GROUP
START GROUP
LOAD d:/various programs/atmelstudio/7.0/toolchain/avr8/avr8-gnu-toolchain/bin/../lib/gcc/avr/5.4.0/avrxmega3\libgcc.a
LOAD d:/various programs/atmelstudio/7.0/toolchain/avr8/avr8-gnu-toolchain/bin/../lib/gcc/avr/5.4.0/../../../../avr/lib/avrxmega3\libm.a
LOAD d:/various programs/atmelstudio/7.0/toolchain/avr8/avr8-gnu-toolchain/bin/../lib/gcc/avr/5.4.0/../../../../avr/lib/avrxmega3\libc.a
LOAD D:/Various programs/AtmelStudio/7.0/Packs/Atmel/ATtiny_DFP/1.3.229/gcc/dev/attiny3217/avrxmega3\libattiny3217.a
END GROUP
                0x00000000                __TEXT_REGION_ORIGIN__ = DEFINED (__TEXT_REGION_ORIGIN__)?__TEXT_REGION_ORIGIN__:0x0
                0x00802000                __DATA_REGION_ORIGIN__ = DEFINED (__DATA_REGION_ORIGIN__)?__DATA_REGION_ORIGIN__:0x802000
                0x00100000                __TEXT_REGION_LENGTH__ = DEFINED (__TEXT_REGION_LENGTH__)?__TEXT_REGION_LENGTH__:0x100000
                0x0000ffa0                __DATA_REGION_LENGTH__ = DEFINED (__DATA_REGION_LENGTH__)?__DATA_REGION_LENGTH__:0xffa0
                0x00010000                __EEPROM_REGION_LENGTH__ = DEFINED (__EEPROM_REGION_LENGTH__)?__EEPROM_REGION_LENGTH__:0x10000
                [0x00000009]                __FUSE_REGION_LENGTH__ = DEFINED (__FUSE_REGION_LENGTH__)?__FUSE_REGION_LENGTH__:0x400
                0x00000400                __LOCK_REGION_LENGTH__ = DEFINED (__LOCK_REGION_LENGTH__)?__LOCK_REGION_LENGTH__:0x400
                0x00000400                __SIGNATURE_REGION_LENGTH__ = DEFINED (__SIGNATURE_REGION_LENGTH__)?__SIGNATURE_REGION_LENGTH__:0x400
                0x00000400                __USER_SIGNATURE_REGION_LENGTH__ = DEFINED (__USER_SIGNATURE_REGION_LENGTH__)?__USER_SIGNATURE_REGION_LENGTH__:0x400
                0x00008000                __RODATA_PM_OFFSET__ = DEFINED (__RODATA_PM_OFFSET__)?__RODATA_PM_OFFSET__:0x8000

.hash
 *(.hash)

.dynsym
 *(.dynsym)

.dynstr
 *(.dynstr)

.gnu.version
 *(.gnu.version)

.gnu.version_d
 *(.gnu.version_d)

.gnu.version_r
 *(.gnu.version_r)

.rel.init
 *(.rel.init)

.rela.init
 *(.rela.init)

.rel.text
 *(.rel.text)
 *(.rel.text.*)
 *(.rel.gnu.linkonce.t*)

.rela.text
 *(.rela.text)
 *(.rela.text.*)
 *(.rela.gnu.linkonce.t*)

.rel.fini
 *(.rel.fini)

.rela.fini
 *(.rela.fini)

.rel.rodata
 *(.rel.rodata)
 *(.rel.rodata.*)
 *(.rel.gnu.linkonce.r*)

.rela.rodata
 *(.rela.rodata)
 *(.rela.rodata.*)
 *(.rela.gnu.linkonce.r*)

.rel.data
 *(.rel.data)
 *(.rel.data.*)
 *(.rel.gnu.linkonce.d*)

.rela.data
 *(.rela.data)
 *(.rela.data.*)
 *(.rela.gnu.linkonce.d*)

.rel.ctors
 *(.rel.ctors)

.rela.ctors
 *(.rela.ctors)

.rel.dtors
 *(.rel.dtors)

.rela.dtors
 *(.rela.dtors)

.rel.got
 *(.rel.got)

.rela.got
 *(.rela.got)

.rel.bss
 *(.rel.bss)

.rela.bss
 *(.rela.bss)

.rel.plt
 *(.rel.plt)

.rela.plt
 *(.rela.plt)

.text           0x00000000     0x1a48
 *(.vectors)
 .vectors       0x00000000       0x7c D:/Various programs/AtmelStudio/7.0/Packs/Atmel/ATtiny_DFP/1.3.229/gcc/dev/attiny3217/avrxmega3/crtattiny3217.o
                0x00000000                __vector_default
                0x00000000                __vectors
 *(.vectors)
 *(.progmem.gcc*)
 .progmem.gcc_fplib
                0x0000007c       0x28 d:/various programs/atmelstudio/7.0/toolchain/avr8/avr8-gnu-toolchain/bin/../lib/gcc/avr/5.4.0/../../../../avr/lib/avrxmega3\libm.a(exp.o)
 .progmem.gcc_fplib
                0x000000a4       0x1e d:/various programs/atmelstudio/7.0/toolchain/avr8/avr8-gnu-toolchain/bin/../lib/gcc/avr/5.4.0/../../../../avr/lib/avrxmega3\libm.a(fp_sinus.o)
                0x000000c2                . = ALIGN (0x2)
                0x000000c2                __trampolines_start = .
 *(.trampolines)
 .trampolines   0x000000c2        0x0 linker stubs
 *(.trampolines*)
                0x000000c2                __trampolines_end = .
 *libprintf_flt.a:*(.progmem.data)
 *libc.a:*(.progmem.data)
 *(.progmem*)
                0x000000c2                . = ALIGN (0x2)
 *(.jumptables)
 *(.jumptables*)
 *(.lowtext)
 *(.lowtext*)
                0x000000c2                __ctors_start = .
 *(.ctors)
                0x000000c2                __ctors_end = .
                0x000000c2                __dtors_start = .
 *(.dtors)
                0x000000c2                __dtors_end = .
 SORT(*)(.ctors)
 SORT(*)(.dtors)
 *(.init0)
 .init0         0x000000c2        0x0 D:/Various programs/AtmelStudio/7.0/Packs/Atmel/ATtiny_DFP/1.3.229/gcc/dev/attiny3217/avrxmega3/crtattiny3217.o
                0x000000c2                __init
 *(.init0)
 *(.init1)
 *(.init1)
 *(.init2)
 .init2         0x000000c2        0xc D:/Various programs/AtmelStudio/7.0/Packs/Atmel/ATtiny_DFP/1.3.229/gcc/dev/attiny3217/avrxmega3/crtattiny3217.o
 *(.init2)
 *(.init3)
 *(.init3)
 *(.init4)
 .init4         0x000000ce       0x16 d:/various programs/atmelstudio/7.0/toolchain/avr8/avr8-gnu-toolchain/bin/../lib/gcc/avr/5.4.0/avrxmega3\libgcc.a(_copy_data.o)
                0x000000ce                __do_copy_data
 .init4         0x000000e4       0x10 d:/various programs/atmelstudio/7.0/toolchain/avr8/avr8-gnu-toolchain/bin/../lib/gcc/avr/5.4.0/avrxmega3\libgcc.a(_clear_bss.o)
                0x000000e4                __do_clear_bss
 *(.init4)
 *(.init5)
 *(.init5)
 *(.init6)
 *(.init6)
 *(.init7)
 *(.init7)
 *(.init8)
 *(.init8)
 *(.init9)
 .init9         0x000000f4        0x8 D:/Various programs/AtmelStudio/7.0/Packs/Atmel/ATtiny_DFP/1.3.229/gcc/dev/attiny3217/avrxmega3/crtattiny3217.o
 *(.init9)
 *(.text)
 .text          0x000000fc        0x4 D:/Various programs/AtmelStudio/7.0/Packs/Atmel/ATtiny_DFP/1.3.229/gcc/dev/attiny3217/avrxmega3/crtattiny3217.o
                0x000000fc                __vector_22
                0x000000fc                __vector_28
                0x000000fc                __vector_1
                0x000000fc                __vector_24
                0x000000fc                __vector_12
                0x000000fc                __bad_interrupt
                0x000000fc                __vector_3
                0x000000fc                __vector_23
                0x000000fc                __vector_30
                0x000000fc                __vector_25
                0x000000fc                __vector_11
                0x000000fc                __vector_13
                0x000000fc                __vector_17
                0x000000fc                __vector_19
                0x000000fc                __vector_7
                0x000000fc                __vector_27
                0x000000fc                __vector_5
                0x000000fc                __vector_4
                0x000000fc                __vector_9
                0x000000fc                __vector_2
                0x000000fc                __vector_21
                0x000000fc                __vector_15
                0x000000fc                __vector_29
                0x000000fc                __vector_8
                0x000000fc                __vector_26
                0x000000fc                __vector_14
                0x000000fc                __vector_10
                0x000000fc                __vector_16
                0x000000fc                __vector_18
                0x000000fc                __vector_20
                0x00000100                . = ALIGN (0x2)
 *(.text.*)
 .text.atmel_start_init
                0x00000100        0x6 atmel_start.o
                0x00000100                atmel_start_init
 .text.main     0x00000106       0x8a main.o
                0x00000106                main
 .text.ADC_0_init
                0x00000190       0x10 src/adc_basic.o
                0x00000190                ADC_0_init
 .text.ADC_0_is_conversion_done
                0x000001a0        0x8 src/adc_basic.o
                0x000001a0                ADC_0_is_conversion_done
 .text.ADC_0_get_conversion
                0x000001a8       0x24 src/adc_basic.o
                0x000001a8                ADC_0_get_conversion
 .text.BOD_init
                0x000001cc        0x4 src/bod.o
                0x000001cc                BOD_init
 .text.DIGITAL_GLUE_LOGIC_0_init
                0x000001d0       0x22 src/ccl.o
                0x000001d0                DIGITAL_GLUE_LOGIC_0_init
 .text.CLKCTRL_init
                0x000001f2       0x1c src/clkctrl.o
                0x000001f2                CLKCTRL_init
 .text.CPUINT_init
                0x0000020e        0x6 src/cpuint.o
                0x0000020e                CPUINT_init
 .text.DAC_0_init
                0x00000214        0xa src/dac_basic.o
                0x00000214                DAC_0_init
 .text.DAC_0_uninit
                0x0000021e        0xa src/dac_basic.o
                0x0000021e                DAC_0_uninit
 .text.DAC_0_enable
                0x00000228        0xc src/dac_basic.o
                0x00000228                DAC_0_enable
 .text.DAC_0_disable
                0x00000234        0xc src/dac_basic.o
                0x00000234                DAC_0_disable
 .text.DAC_0_set_output
                0x00000240        0x6 src/dac_basic.o
                0x00000240                DAC_0_set_output
 .text.mcu_init
                0x00000246       0x38 src/driver_init.o
                0x00000246                mcu_init
 .text.ADC_0_initialization
                0x0000027e       0x60 src/driver_init.o
                0x0000027e                ADC_0_initialization
 .text.USART_0_initialization
                0x000002de       0x16 src/driver_init.o
                0x000002de                USART_0_initialization
 .text.TIMER_0_initialization
                0x000002f4       0x14 src/driver_init.o
                0x000002f4                TIMER_0_initialization
 .text.DIGITAL_GLUE_LOGIC_0_initialization
                0x00000308       0x14 src/driver_init.o
                0x00000308                DIGITAL_GLUE_LOGIC_0_initialization
 .text.SPI_0_initialization
                0x0000031c       0x1e src/driver_init.o
                0x0000031c                SPI_0_initialization
 .text.DAC_0_initialization
                0x0000033a       0x18 src/driver_init.o
                0x0000033a                DAC_0_initialization
 .text.system_init
                0x00000352       0x5e src/driver_init.o
                0x00000352                system_init
 .text.protected_write_io
                0x000003b0        0x8 src/protected_io.o
                0x000003b0                protected_write_io
 .text.RTC_0_init
                0x000003b8       0x34 src/rtc.o
                0x000003b8                RTC_0_init
 .text.SLPCTRL_init
                0x000003ec        0x4 src/slpctrl.o
                0x000003ec                SLPCTRL_init
 .text.SPI_0_init
                0x000003f0       0x10 src/spi.o
                0x000003f0                SPI_0_init
 .text.TIMER_0_init
                0x00000400       0x20 src/tca.o
                0x00000400                TIMER_0_init
 .text.USART_0_init
                0x00000420       0x20 src/usart_basic.o
                0x00000420                USART_0_init
 .text.USART_0_write
                0x00000440       0x10 src/usart_basic.o
                0x00000440                USART_0_write
 .text.USART_0_printCHAR
                0x00000450        0xa src/usart_basic.o
                0x00000450                USART_0_printCHAR
 .text.tinyAxon_add_pulse
                0x0000045a       0x4a tinyAxon/tinyAxon.o
 .text.tinyAxon_is_firing
                0x000004a4        0xe tinyAxon/tinyAxon.o
                0x000004a4                tinyAxon_is_firing
 .text.find_newest_pulse
                0x000004b2       0x26 tinyAxon/tinyAxon.o
                0x000004b2                find_newest_pulse
 .text.tinyAxon_stop_sending_pulse
                0x000004d8        0xe tinyAxon/tinyAxon.o
                0x000004d8                tinyAxon_stop_sending_pulse
 .text.tinyAxon_remove_pulse
                0x000004e6       0x46 tinyAxon/tinyAxon.o
                0x000004e6                tinyAxon_remove_pulse
 .text.tinyAxon_update_potential
                0x0000052c      0x168 tinyAxon/tinyAxon.o
                0x0000052c                tinyAxon_update_potential
 .text.tinyAxon_check_charge_level
                0x00000694       0x26 tinyAxon/tinyAxon.o
                0x00000694                tinyAxon_check_charge_level
 .text.tinyButton_update
                0x000006ba       0xb6 tinyButton/tinyButton.o
                0x000006ba                tinyButton_update
 .text.tinyButton_update_potential
                0x00000770       0x16 tinyButton/tinyButton.o
                0x00000770                tinyButton_update_potential
 .text.tinyCharge_is_connected_to_charger
                0x00000786        0x6 tinyCharge/tinyCharge.o
                0x00000786                tinyCharge_is_connected_to_charger
 .text.tinyCharge_is_fully_charged
                0x0000078c        0xa tinyCharge/tinyCharge.o
                0x0000078c                tinyCharge_is_fully_charged
 .text.tinyCharge_DAC_dissable
                0x00000796        0xa tinyCharge/tinyCharge.o
                0x00000796                tinyCharge_DAC_dissable
 .text.tinyCharge_DAC_enable
                0x000007a0        0xa tinyCharge/tinyCharge.o
                0x000007a0                tinyCharge_DAC_enable
 .text.tinyCharge_switch_mode
                0x000007aa       0x40 tinyCharge/tinyCharge.o
                0x000007aa                tinyCharge_switch_mode
 .text.tinyCharge_set_charging_mode
                0x000007ea       0x12 tinyCharge/tinyCharge.o
                0x000007ea                tinyCharge_set_charging_mode
 .text.tinyCharge_update_charging_mode
                0x000007fc       0x74 tinyCharge/tinyCharge.o
                0x000007fc                tinyCharge_update_charging_mode
 .text.tinyCharge_set_transistors
                0x00000870       0x14 tinyCharge/tinyCharge.o
                0x00000870                tinyCharge_set_transistors
 .text.tinyDebugger_send_uint32
                0x00000884        0x2 tinyDebugger/tinyDebugger.o
                0x00000884                tinyDebugger_send_uint32
 .text.tinyDebugger_send_uint8
                0x00000886        0x2 tinyDebugger/tinyDebugger.o
                0x00000886                tinyDebugger_send_uint8
 .text.tinyDebugger_send_double
                0x00000888        0x2 tinyDebugger/tinyDebugger.o
                0x00000888                tinyDebugger_send_double
 .text.tinyDebugger_end_line
                0x0000088a        0x2 tinyDebugger/tinyDebugger.o
                0x0000088a                tinyDebugger_end_line
 .text.tinyDendrite_read_signals
                0x0000088c       0x40 tinyDendrite/tinyDendrite.o
                0x0000088c                tinyDendrite_read_signals
 .text.tinyDendrite_check_charge_level
                0x000008cc       0x38 tinyDendrite/tinyDendrite.o
                0x000008cc                tinyDendrite_check_charge_level
 .text.tinyDendrite_update_signals
                0x00000904       0xda tinyDendrite/tinyDendrite.o
                0x00000904                tinyDendrite_update_signals
 .text.tinyDendrite_get_potential
                0x000009de       0xac tinyDendrite/tinyDendrite.o
                0x000009de                tinyDendrite_get_potential
 .text.tinyDendrite_update_potential
                0x00000a8a       0x2e tinyDendrite/tinyDendrite.o
                0x00000a8a                tinyDendrite_update_potential
 .text.__vector_6
                0x00000ab8       0x56 tinyISR/tinyISR.o
                0x00000ab8                __vector_6
 .text.tinyISR_setflag
                0x00000b0e        0x6 tinyISR/tinyISR.o
                0x00000b0e                tinyISR_setflag
 .text.tinyISR_getflag
                0x00000b14        0x6 tinyISR/tinyISR.o
                0x00000b14                tinyISR_getflag
 .text.tinyLED_SPIWriteByte
                0x00000b1a       0x28 tinyLED/tinyLED.o
 .text.tinyLED_queue_flash
                0x00000b42       0x24 tinyLED/tinyLED.o
                0x00000b42                tinyLED_queue_flash
 .text.tinyLED_get_color
                0x00000b66       0x10 tinyLED/tinyLED.o
                0x00000b66                tinyLED_get_color
 .text.tinyLED_set_color_mode
                0x00000b76       0x6c tinyLED/tinyLED.o
                0x00000b76                tinyLED_set_color_mode
 .text.tinyLED_set_color
                0x00000be2        0x8 tinyLED/tinyLED.o
                0x00000be2                tinyLED_set_color
 .text.tinyLED_RGB_Color_Compare
                0x00000bea       0x60 tinyLED/tinyLED.o
                0x00000bea                tinyLED_RGB_Color_Compare
 .text.tinyLED_update
                0x00000c4a      0x464 tinyLED/tinyLED.o
                0x00000c4a                tinyLED_update
 .text.tinyPotential_update
                0x000010ae      0x114 tinyPotential/tinyPotential.o
                0x000010ae                tinyPotential_update
 .text.tinyPulse_toggle_pulse_mode
                0x000011c2       0x38 tinyPulse/tinyPulse.o
                0x000011c2                tinyPulse_toggle_pulse_mode
 .text.tinyPulse_set_pulse_mode
                0x000011fa        0xc tinyPulse/tinyPulse.o
                0x000011fa                tinyPulse_set_pulse_mode
 .text.tinyPulse_update_potential
                0x00001206       0x70 tinyPulse/tinyPulse.o
                0x00001206                tinyPulse_update_potential
 .text.tinySleep_prepare_sleep
                0x00001276       0x12 tinySleep/tinySleep.o
                0x00001276                tinySleep_prepare_sleep
 .text.tinySleep_enter_sleep
                0x00001288       0x12 tinySleep/tinySleep.o
                0x00001288                tinySleep_enter_sleep
 .text.tinyTime_counter_increment
                0x0000129a       0x28 tinyTime/tinyTime.o
                0x0000129a                tinyTime_counter_increment
 .text.tinyTime_now
                0x000012c2       0x12 tinyTime/tinyTime.o
                0x000012c2                tinyTime_now
 .text.avr-libc.fplib
                0x000012d4        0xe d:/various programs/atmelstudio/7.0/toolchain/avr8/avr8-gnu-toolchain/bin/../lib/gcc/avr/5.4.0/../../../../avr/lib/avrxmega3\libm.a(addsf3.o)
                0x000012d4                __subsf3
                0x000012d6                __addsf3
 .text.avr-libc.fplib
                0x000012e2       0xcc d:/various programs/atmelstudio/7.0/toolchain/avr8/avr8-gnu-toolchain/bin/../lib/gcc/avr/5.4.0/../../../../avr/lib/avrxmega3\libm.a(addsf3x.o)
                0x00001304                __addsf3x
 .text.avr-libc.fplib
                0x000013ae        0xa d:/various programs/atmelstudio/7.0/toolchain/avr8/avr8-gnu-toolchain/bin/../lib/gcc/avr/5.4.0/../../../../avr/lib/avrxmega3\libm.a(cmpsf2.o)
                0x000013ae                __nesf2
                0x000013ae                __eqsf2
                0x000013ae                __cmpsf2
                0x000013ae                __ltsf2
                0x000013ae                __lesf2
 .text.avr-libc.fplib
                0x000013b8        0x8 d:/various programs/atmelstudio/7.0/toolchain/avr8/avr8-gnu-toolchain/bin/../lib/gcc/avr/5.4.0/../../../../avr/lib/avrxmega3\libm.a(divsf3.o)
                0x000013b8                __divsf3
 .text.avr-libc.fplib
                0x000013c0       0xdc d:/various programs/atmelstudio/7.0/toolchain/avr8/avr8-gnu-toolchain/bin/../lib/gcc/avr/5.4.0/../../../../avr/lib/avrxmega3\libm.a(divsf3x.o)
                0x000013e0                __divsf3x
                0x000013e6                __divsf3_pse
 .text.avr-libc.fplib
                0x0000149c       0x74 d:/various programs/atmelstudio/7.0/toolchain/avr8/avr8-gnu-toolchain/bin/../lib/gcc/avr/5.4.0/../../../../avr/lib/avrxmega3\libm.a(exp.o)
                0x000014ac                exp
 .text.avr-libc.fplib
                0x00001510       0x5e d:/various programs/atmelstudio/7.0/toolchain/avr8/avr8-gnu-toolchain/bin/../lib/gcc/avr/5.4.0/../../../../avr/lib/avrxmega3\libm.a(fixunssfsi.o)
                0x00001510                __fixunssfsi
 .text.avr-libc.fplib
                0x0000156e       0x7a d:/various programs/atmelstudio/7.0/toolchain/avr8/avr8-gnu-toolchain/bin/../lib/gcc/avr/5.4.0/../../../../avr/lib/avrxmega3\libm.a(floatsisf.o)
                0x0000156e                __floatunsisf
                0x00001572                __floatsisf
 .text.avr-libc.fplib
                0x000015e8       0x3e d:/various programs/atmelstudio/7.0/toolchain/avr8/avr8-gnu-toolchain/bin/../lib/gcc/avr/5.4.0/../../../../avr/lib/avrxmega3\libm.a(fmin.o)
                0x000015e8                fmin
 .text.avr-libc.fplib
                0x00001626       0x48 d:/various programs/atmelstudio/7.0/toolchain/avr8/avr8-gnu-toolchain/bin/../lib/gcc/avr/5.4.0/../../../../avr/lib/avrxmega3\libm.a(fp_cmp.o)
                0x00001626                __fp_cmp
 .text.avr-libc.fplib
                0x0000166e        0xc d:/various programs/atmelstudio/7.0/toolchain/avr8/avr8-gnu-toolchain/bin/../lib/gcc/avr/5.4.0/../../../../avr/lib/avrxmega3\libm.a(fp_inf.o)
                0x0000166e                __fp_inf
 .text.avr-libc.fplib
                0x0000167a        0x6 d:/various programs/atmelstudio/7.0/toolchain/avr8/avr8-gnu-toolchain/bin/../lib/gcc/avr/5.4.0/../../../../avr/lib/avrxmega3\libm.a(fp_nan.o)
                0x0000167a                __fp_nan
 .text.avr-libc.fplib
                0x00001680       0x4e d:/various programs/atmelstudio/7.0/toolchain/avr8/avr8-gnu-toolchain/bin/../lib/gcc/avr/5.4.0/../../../../avr/lib/avrxmega3\libm.a(fp_powser.o)
                0x00001680                __fp_powser
 .text.avr-libc.fplib
                0x000016ce        0xe d:/various programs/atmelstudio/7.0/toolchain/avr8/avr8-gnu-toolchain/bin/../lib/gcc/avr/5.4.0/../../../../avr/lib/avrxmega3\libm.a(fp_pscA.o)
                0x000016ce                __fp_pscA
 .text.avr-libc.fplib
                0x000016dc        0xe d:/various programs/atmelstudio/7.0/toolchain/avr8/avr8-gnu-toolchain/bin/../lib/gcc/avr/5.4.0/../../../../avr/lib/avrxmega3\libm.a(fp_pscB.o)
                0x000016dc                __fp_pscB
 .text.avr-libc.fplib
                0x000016ea       0x22 d:/various programs/atmelstudio/7.0/toolchain/avr8/avr8-gnu-toolchain/bin/../lib/gcc/avr/5.4.0/../../../../avr/lib/avrxmega3\libm.a(fp_round.o)
                0x000016ea                __fp_round
 .text.avr-libc.fplib
                0x0000170c       0x44 d:/various programs/atmelstudio/7.0/toolchain/avr8/avr8-gnu-toolchain/bin/../lib/gcc/avr/5.4.0/../../../../avr/lib/avrxmega3\libm.a(fp_split3.o)
                0x0000170c                __fp_split3
                0x0000171c                __fp_splitA
 .text.avr-libc.fplib
                0x00001750        0xe d:/various programs/atmelstudio/7.0/toolchain/avr8/avr8-gnu-toolchain/bin/../lib/gcc/avr/5.4.0/../../../../avr/lib/avrxmega3\libm.a(fp_zero.o)
                0x00001750                __fp_zero
                0x00001752                __fp_szero
 .text.avr-libc.fplib
                0x0000175e        0xa d:/various programs/atmelstudio/7.0/toolchain/avr8/avr8-gnu-toolchain/bin/../lib/gcc/avr/5.4.0/../../../../avr/lib/avrxmega3\libm.a(gesf2.o)
                0x0000175e                __gesf2
                0x0000175e                __gtsf2
 .text.avr-libc.fplib
                0x00001768       0x10 d:/various programs/atmelstudio/7.0/toolchain/avr8/avr8-gnu-toolchain/bin/../lib/gcc/avr/5.4.0/../../../../avr/lib/avrxmega3\libm.a(inverse.o)
                0x00001768                inverse
 .text.avr-libc.fplib
                0x00001778       0x74 d:/various programs/atmelstudio/7.0/toolchain/avr8/avr8-gnu-toolchain/bin/../lib/gcc/avr/5.4.0/../../../../avr/lib/avrxmega3\libm.a(ldexp.o)
                0x00001780                ldexp
 .text.avr-libc.fplib
                0x000017ec       0x68 d:/various programs/atmelstudio/7.0/toolchain/avr8/avr8-gnu-toolchain/bin/../lib/gcc/avr/5.4.0/../../../../avr/lib/avrxmega3\libm.a(modf.o)
                0x000017ec                modf
                0x000017ec                modff
 .text.avr-libc.fplib
                0x00001854        0x8 d:/various programs/atmelstudio/7.0/toolchain/avr8/avr8-gnu-toolchain/bin/../lib/gcc/avr/5.4.0/../../../../avr/lib/avrxmega3\libm.a(mulsf3.o)
                0x00001854                __mulsf3
 .text.avr-libc.fplib
                0x0000185c       0xd2 d:/various programs/atmelstudio/7.0/toolchain/avr8/avr8-gnu-toolchain/bin/../lib/gcc/avr/5.4.0/../../../../avr/lib/avrxmega3\libm.a(mulsf3x.o)
                0x0000187a                __mulsf3x
                0x00001880                __mulsf3_pse
 .text.avr-libc.fplib
                0x0000192e       0x10 d:/various programs/atmelstudio/7.0/toolchain/avr8/avr8-gnu-toolchain/bin/../lib/gcc/avr/5.4.0/../../../../avr/lib/avrxmega3\libm.a(sin.o)
                0x0000192e                sin
 .text.avr-libc.fplib
                0x0000193e       0x1c d:/various programs/atmelstudio/7.0/toolchain/avr8/avr8-gnu-toolchain/bin/../lib/gcc/avr/5.4.0/../../../../avr/lib/avrxmega3\libm.a(fp_mpack.o)
                0x0000193e                __fp_mpack
                0x00001942                __fp_mpack_finite
 .text.avr-libc.fplib
                0x0000195a       0x56 d:/various programs/atmelstudio/7.0/toolchain/avr8/avr8-gnu-toolchain/bin/../lib/gcc/avr/5.4.0/../../../../avr/lib/avrxmega3\libm.a(fp_rempio2.o)
                0x0000195e                __fp_rempio2
 .text.avr-libc.fplib
                0x000019b0       0x28 d:/various programs/atmelstudio/7.0/toolchain/avr8/avr8-gnu-toolchain/bin/../lib/gcc/avr/5.4.0/../../../../avr/lib/avrxmega3\libm.a(fp_sinus.o)
                0x000019b0                __fp_sinus
 .text.avr-libc.fplib
                0x000019d8       0x28 d:/various programs/atmelstudio/7.0/toolchain/avr8/avr8-gnu-toolchain/bin/../lib/gcc/avr/5.4.0/../../../../avr/lib/avrxmega3\libm.a(fp_powsodd.o)
                0x000019d8                __fp_powsodd
 .text.libgcc.div
                0x00001a00       0x44 d:/various programs/atmelstudio/7.0/toolchain/avr8/avr8-gnu-toolchain/bin/../lib/gcc/avr/5.4.0/avrxmega3\libgcc.a(_udivmodsi4.o)
                0x00001a00                __udivmodsi4
                0x00001a44                . = ALIGN (0x2)
 *(.fini9)
 .fini9         0x00001a44        0x0 d:/various programs/atmelstudio/7.0/toolchain/avr8/avr8-gnu-toolchain/bin/../lib/gcc/avr/5.4.0/avrxmega3\libgcc.a(_exit.o)
                0x00001a44                _exit
                0x00001a44                exit
 *(.fini9)
 *(.fini8)
 *(.fini8)
 *(.fini7)
 *(.fini7)
 *(.fini6)
 *(.fini6)
 *(.fini5)
 *(.fini5)
 *(.fini4)
 *(.fini4)
 *(.fini3)
 *(.fini3)
 *(.fini2)
 *(.fini2)
 *(.fini1)
 *(.fini1)
 *(.fini0)
 .fini0         0x00001a44        0x4 d:/various programs/atmelstudio/7.0/toolchain/avr8/avr8-gnu-toolchain/bin/../lib/gcc/avr/5.4.0/avrxmega3\libgcc.a(_exit.o)
 *(.fini0)
                0x00001a48                _etext = .

.rodata         0x00009a48       0x2a load address 0x00001a48
 *(.rodata)
 *(.rodata*)
 .rodata.str1.1
                0x00009a48        0x5 main.o
 .rodata.str1.1
                0x00009a4d        0xc tinyAxon/tinyAxon.o
 .rodata.str1.1
                0x00009a59        0xf tinyDendrite/tinyDendrite.o
 .rodata.str1.1
                0x00009a68        0xa tinyPotential/tinyPotential.o
 *(.gnu.linkonce.r*)

.data           0x00803800       0x16 load address 0x00001a72
                0x00803800                PROVIDE (__data_start, .)
 *(.data)
 *(.data*)
 .data.USART_0_stream
                0x00803800        0xe src/usart_basic.o
                0x00803800                USART_0_stream
 .data.Dendrite_ports
                0x0080380e        0x5 tinyDendrite/tinyDendrite.o
                0x0080380e                Dendrite_ports
 .data.ideal_time_between_pulses
                0x00803813        0x2 tinyPulse/tinyPulse.o
                0x00803813                ideal_time_between_pulses
 *(.gnu.linkonce.d*)
                0x00803816                . = ALIGN (0x2)
 *fill*         0x00803815        0x1 
                0x00803816                _edata = .
                0x00803816                PROVIDE (__data_end, .)

.bss            0x00803816       0x7d
                0x00803816                PROVIDE (__bss_start, .)
 *(.bss)
 *(.bss*)
 .bss.pulse_queue
                0x00803816       0x14 tinyAxon/tinyAxon.o
                0x00803816                pulse_queue
 .bss.pulses_in_queue
                0x0080382a        0x1 tinyAxon/tinyAxon.o
                0x0080382a                pulses_in_queue
 .bss.axonOutputValue
                0x0080382b        0x1 tinyAxon/tinyAxon.o
                0x0080382b                axonOutputValue
 .bss.tinyAxon_should_fire
                0x0080382c        0x1 tinyAxon/tinyAxon.o
                0x0080382c                tinyAxon_should_fire
 .bss.tinyAxon_has_just_fired
                0x0080382d        0x1 tinyAxon/tinyAxon.o
                0x0080382d                tinyAxon_has_just_fired
 .bss.tinyButton_start_time
                0x0080382e        0x4 tinyButton/tinyButton.o
 .bss.ignore_next_button_press
                0x00803832        0x1 tinyButton/tinyButton.o
                0x00803832                ignore_next_button_press
 .bss.button_press
                0x00803833        0x1 tinyButton/tinyButton.o
                0x00803833                button_press
 .bss.button_was_pushed_down
                0x00803834        0x1 tinyButton/tinyButton.o
 .bss.charge_counter
                0x00803835        0x1 tinyCharge/tinyCharge.o
                0x00803835                charge_counter
 .bss.tinyDendrite_previous_signals
                0x00803836        0x5 tinyDendrite/tinyDendrite.o
                0x00803836                tinyDendrite_previous_signals
 .bss.tinyDendrite_current_signals
                0x0080383b        0x5 tinyDendrite/tinyDendrite.o
                0x0080383b                tinyDendrite_current_signals
 .bss.tinyDendrite_values
                0x00803840        0x5 tinyDendrite/tinyDendrite.o
                0x00803840                tinyDendrite_values
 .bss.tinyISR_interrupt_flag
                0x00803845        0x1 tinyISR/tinyISR.o
 .bss.flashes_in_queue
                0x00803846        0x1 tinyLED/tinyLED.o
                0x00803846                flashes_in_queue
 .bss.previous_update_time
                0x00803847        0x4 tinyPotential/tinyPotential.o
 .bss.tinyPotential_potential
                0x0080384b        0x4 tinyPotential/tinyPotential.o
 .bss.time_since_last_pulse
                0x0080384f        0x2 tinyPulse/tinyPulse.o
                0x0080384f                time_since_last_pulse
 .bss.time_of_last_pulse
                0x00803851        0x4 tinyPulse/tinyPulse.o
                0x00803851                time_of_last_pulse
 .bss.pulse_mode
                0x00803855        0x1 tinyPulse/tinyPulse.o
                0x00803855                pulse_mode
 .bss.time_counter
                0x00803856        0x4 tinyTime/tinyTime.o
                0x00803856                time_counter
 *(COMMON)
 COMMON         0x0080385a        0x1 tinyCharge/tinyCharge.o
                0x0080385a                connected_to_charger
 COMMON         0x0080385b       0x32 tinyLED/tinyLED.o
                0x0080385b                tinyLED_flash_once_time
                0x0080385f                tinyLED_old_colors
                0x00803865                flash_queue
                0x00803875                tinyLED_settings
                0x00803879                tinyLED_old_settings
                0x0080387d                flash_queue_ids
 COMMON         0x0080388d        0x6 d:/various programs/atmelstudio/7.0/toolchain/avr8/avr8-gnu-toolchain/bin/../lib/gcc/avr/5.4.0/../../../../avr/lib/avrxmega3\libc.a(iob.o)
                0x0080388d                __iob
                0x00803893                PROVIDE (__bss_end, .)
                0x00001a72                __data_load_start = LOADADDR (.data)
                0x00001a88                __data_load_end = (__data_load_start + SIZEOF (.data))

.noinit         0x00803893        0x0
                [!provide]                PROVIDE (__noinit_start, .)
 *(.noinit*)
                [!provide]                PROVIDE (__noinit_end, .)
                0x00803893                _end = .
                [!provide]                PROVIDE (__heap_start, .)

.eeprom         0x00810000        0x0
 *(.eeprom*)
                0x00810000                __eeprom_end = .

.fuse
 *(.fuse)
 *(.lfuse)
 *(.hfuse)
 *(.efuse)

.lock
 *(.lock*)

.signature
 *(.signature*)

.user_signatures
 *(.user_signatures*)

.stab
 *(.stab)

.stabstr
 *(.stabstr)

.stab.excl
 *(.stab.excl)

.stab.exclstr
 *(.stab.exclstr)

.stab.index
 *(.stab.index)

.stab.indexstr
 *(.stab.indexstr)

.comment        0x00000000       0x30
 *(.comment)
 .comment       0x00000000       0x30 atmel_start.o
                                 0x31 (size before relaxing)
 .comment       0x00000030       0x31 main.o
 .comment       0x00000030       0x31 src/adc_basic.o
 .comment       0x00000030       0x31 src/bod.o
 .comment       0x00000030       0x31 src/ccl.o
 .comment       0x00000030       0x31 src/clkctrl.o
 .comment       0x00000030       0x31 src/cpuint.o
 .comment       0x00000030       0x31 src/dac_basic.o
 .comment       0x00000030       0x31 src/driver_init.o
 .comment       0x00000030       0x31 src/rtc.o
 .comment       0x00000030       0x31 src/slpctrl.o
 .comment       0x00000030       0x31 src/spi.o
 .comment       0x00000030       0x31 src/tca.o
 .comment       0x00000030       0x31 src/usart_basic.o
 .comment       0x00000030       0x31 tinyAxon/tinyAxon.o
 .comment       0x00000030       0x31 tinyButton/tinyButton.o
 .comment       0x00000030       0x31 tinyCharge/tinyCharge.o
 .comment       0x00000030       0x31 tinyDebugger/tinyDebugger.o
 .comment       0x00000030       0x31 tinyDendrite/tinyDendrite.o
 .comment       0x00000030       0x31 tinyISR/tinyISR.o
 .comment       0x00000030       0x31 tinyLED/tinyLED.o
 .comment       0x00000030       0x31 tinyPotential/tinyPotential.o
 .comment       0x00000030       0x31 tinyPulse/tinyPulse.o
 .comment       0x00000030       0x31 tinySleep/tinySleep.o
 .comment       0x00000030       0x31 tinyTime/tinyTime.o
 .comment       0x00000030       0x31 d:/various programs/atmelstudio/7.0/toolchain/avr8/avr8-gnu-toolchain/bin/../lib/gcc/avr/5.4.0/../../../../avr/lib/avrxmega3\libc.a(iob.o)

.note.gnu.avr.deviceinfo
                0x00000000       0x40
 .note.gnu.avr.deviceinfo
                0x00000000       0x40 D:/Various programs/AtmelStudio/7.0/Packs/Atmel/ATtiny_DFP/1.3.229/gcc/dev/attiny3217/avrxmega3/crtattiny3217.o

.note.gnu.build-id
 *(.note.gnu.build-id)

.debug
 *(.debug)

.line
 *(.line)

.debug_srcinfo
 *(.debug_srcinfo)

.debug_sfnames
 *(.debug_sfnames)

.debug_aranges  0x00000000      0x560
 *(.debug_aranges)
 .debug_aranges
                0x00000000       0x20 atmel_start.o
 .debug_aranges
                0x00000020       0x20 main.o
 .debug_aranges
                0x00000040       0x58 src/adc_basic.o
 .debug_aranges
                0x00000098       0x20 src/bod.o
 .debug_aranges
                0x000000b8       0x20 src/ccl.o
 .debug_aranges
                0x000000d8       0x20 src/clkctrl.o
 .debug_aranges
                0x000000f8       0x20 src/cpuint.o
 .debug_aranges
                0x00000118       0x48 src/dac_basic.o
 .debug_aranges
                0x00000160       0x58 src/driver_init.o
 .debug_aranges
                0x000001b8       0x20 src/protected_io.o
 .debug_aranges
                0x000001d8       0x20 src/rtc.o
 .debug_aranges
                0x000001f8       0x20 src/slpctrl.o
 .debug_aranges
                0x00000218       0x20 src/spi.o
 .debug_aranges
                0x00000238       0x20 src/tca.o
 .debug_aranges
                0x00000258       0x78 src/usart_basic.o
 .debug_aranges
                0x000002d0       0x50 tinyAxon/tinyAxon.o
 .debug_aranges
                0x00000320       0x28 tinyButton/tinyButton.o
 .debug_aranges
                0x00000348       0x58 tinyCharge/tinyCharge.o
 .debug_aranges
                0x000003a0       0x48 tinyDebugger/tinyDebugger.o
 .debug_aranges
                0x000003e8       0x48 tinyDendrite/tinyDendrite.o
 .debug_aranges
                0x00000430       0x30 tinyISR/tinyISR.o
 .debug_aranges
                0x00000460       0x50 tinyLED/tinyLED.o
 .debug_aranges
                0x000004b0       0x20 tinyPotential/tinyPotential.o
 .debug_aranges
                0x000004d0       0x38 tinyPulse/tinyPulse.o
 .debug_aranges
                0x00000508       0x30 tinySleep/tinySleep.o
 .debug_aranges
                0x00000538       0x28 tinyTime/tinyTime.o

.debug_pubnames
 *(.debug_pubnames)

.debug_info     0x00000000     0x8c7e
 *(.debug_info .gnu.linkonce.wi.*)
 .debug_info    0x00000000     0x1c4d D:/Various programs/AtmelStudio/7.0/Packs/Atmel/ATtiny_DFP/1.3.229/gcc/dev/attiny3217/avrxmega3/crtattiny3217.o
 .debug_info    0x00001c4d       0x9a atmel_start.o
 .debug_info    0x00001ce7      0x39a main.o
 .debug_info    0x00002081      0x4ee src/adc_basic.o
 .debug_info    0x0000256f       0x8d src/bod.o
 .debug_info    0x000025fc      0x5cd src/ccl.o
 .debug_info    0x00002bc9      0x3fe src/clkctrl.o
 .debug_info    0x00002fc7       0x8d src/cpuint.o
 .debug_info    0x00003054      0x19d src/dac_basic.o
 .debug_info    0x000031f1     0x176d src/driver_init.o
 .debug_info    0x0000495e       0xc4 src/protected_io.o
 .debug_info    0x00004a22      0x422 src/rtc.o
 .debug_info    0x00004e44       0x8d src/slpctrl.o
 .debug_info    0x00004ed1      0x18f src/spi.o
 .debug_info    0x00005060      0xa74 src/tca.o
 .debug_info    0x00005ad4      0x47d src/usart_basic.o
 .debug_info    0x00005f51      0x549 tinyAxon/tinyAxon.o
 .debug_info    0x0000649a      0x234 tinyButton/tinyButton.o
 .debug_info    0x000066ce      0x5cb tinyCharge/tinyCharge.o
 .debug_info    0x00006c99      0x217 tinyDebugger/tinyDebugger.o
 .debug_info    0x00006eb0      0x452 tinyDendrite/tinyDendrite.o
 .debug_info    0x00007302      0x3d8 tinyISR/tinyISR.o
 .debug_info    0x000076da     0x1013 tinyLED/tinyLED.o
 .debug_info    0x000086ed      0x1b7 tinyPotential/tinyPotential.o
 .debug_info    0x000088a4      0x271 tinyPulse/tinyPulse.o
 .debug_info    0x00008b15       0xb3 tinySleep/tinySleep.o
 .debug_info    0x00008bc8       0xb6 tinyTime/tinyTime.o

.debug_abbrev   0x00000000     0x3739
 *(.debug_abbrev)
 .debug_abbrev  0x00000000     0x1ac8 D:/Various programs/AtmelStudio/7.0/Packs/Atmel/ATtiny_DFP/1.3.229/gcc/dev/attiny3217/avrxmega3/crtattiny3217.o
 .debug_abbrev  0x00001ac8       0x63 atmel_start.o
 .debug_abbrev  0x00001b2b       0xf4 main.o
 .debug_abbrev  0x00001c1f      0x1bc src/adc_basic.o
 .debug_abbrev  0x00001ddb       0x51 src/bod.o
 .debug_abbrev  0x00001e2c       0x9f src/ccl.o
 .debug_abbrev  0x00001ecb      0x116 src/clkctrl.o
 .debug_abbrev  0x00001fe1       0x51 src/cpuint.o
 .debug_abbrev  0x00002032       0xc2 src/dac_basic.o
 .debug_abbrev  0x000020f4      0x1e0 src/driver_init.o
 .debug_abbrev  0x000022d4       0x14 src/protected_io.o
 .debug_abbrev  0x000022e8       0xd4 src/rtc.o
 .debug_abbrev  0x000023bc       0x51 src/slpctrl.o
 .debug_abbrev  0x0000240d       0x9f src/spi.o
 .debug_abbrev  0x000024ac       0xf0 src/tca.o
 .debug_abbrev  0x0000259c      0x204 src/usart_basic.o
 .debug_abbrev  0x000027a0      0x2b6 tinyAxon/tinyAxon.o
 .debug_abbrev  0x00002a56      0x16a tinyButton/tinyButton.o
 .debug_abbrev  0x00002bc0      0x21e tinyCharge/tinyCharge.o
 .debug_abbrev  0x00002dde       0xab tinyDebugger/tinyDebugger.o
 .debug_abbrev  0x00002e89      0x189 tinyDendrite/tinyDendrite.o
 .debug_abbrev  0x00003012      0x157 tinyISR/tinyISR.o
 .debug_abbrev  0x00003169      0x2f2 tinyLED/tinyLED.o
 .debug_abbrev  0x0000345b       0xe7 tinyPotential/tinyPotential.o
 .debug_abbrev  0x00003542      0x12c tinyPulse/tinyPulse.o
 .debug_abbrev  0x0000366e       0x4f tinySleep/tinySleep.o
 .debug_abbrev  0x000036bd       0x7c tinyTime/tinyTime.o

.debug_line     0x00000000     0x2c9a
 *(.debug_line .debug_line.* .debug_line_end)
 .debug_line    0x00000000      0x151 D:/Various programs/AtmelStudio/7.0/Packs/Atmel/ATtiny_DFP/1.3.229/gcc/dev/attiny3217/avrxmega3/crtattiny3217.o
 .debug_line    0x00000151       0x60 atmel_start.o
 .debug_line    0x000001b1      0x278 main.o
 .debug_line    0x00000429      0x202 src/adc_basic.o
 .debug_line    0x0000062b       0x9e src/bod.o
 .debug_line    0x000006c9      0x12b src/ccl.o
 .debug_line    0x000007f4      0x12f src/clkctrl.o
 .debug_line    0x00000923       0xa7 src/cpuint.o
 .debug_line    0x000009ca      0x19a src/dac_basic.o
 .debug_line    0x00000b64      0x411 src/driver_init.o
 .debug_line    0x00000f75       0x55 src/protected_io.o
 .debug_line    0x00000fca      0x13b src/rtc.o
 .debug_line    0x00001105       0xa2 src/slpctrl.o
 .debug_line    0x000011a7      0x107 src/spi.o
 .debug_line    0x000012ae      0x113 src/tca.o
 .debug_line    0x000013c1      0x265 src/usart_basic.o
 .debug_line    0x00001626      0x38c tinyAxon/tinyAxon.o
 .debug_line    0x000019b2      0x204 tinyButton/tinyButton.o
 .debug_line    0x00001bb6      0x34a tinyCharge/tinyCharge.o
 .debug_line    0x00001f00       0xfa tinyDebugger/tinyDebugger.o
 .debug_line    0x00001ffa      0x32f tinyDendrite/tinyDendrite.o
 .debug_line    0x00002329      0x15b tinyISR/tinyISR.o
 .debug_line    0x00002484      0x35a tinyLED/tinyLED.o
 .debug_line    0x000027de      0x1b0 tinyPotential/tinyPotential.o
 .debug_line    0x0000298e      0x160 tinyPulse/tinyPulse.o
 .debug_line    0x00002aee       0xe8 tinySleep/tinySleep.o
 .debug_line    0x00002bd6       0xc4 tinyTime/tinyTime.o

.debug_frame    0x00000000      0x960
 *(.debug_frame)
 .debug_frame   0x00000000       0x24 atmel_start.o
 .debug_frame   0x00000024       0x24 main.o
 .debug_frame   0x00000048       0x94 src/adc_basic.o
 .debug_frame   0x000000dc       0x24 src/bod.o
 .debug_frame   0x00000100       0x24 src/ccl.o
 .debug_frame   0x00000124       0x24 src/clkctrl.o
 .debug_frame   0x00000148       0x24 src/cpuint.o
 .debug_frame   0x0000016c       0x74 src/dac_basic.o
 .debug_frame   0x000001e0       0x94 src/driver_init.o
 .debug_frame   0x00000274       0x24 src/rtc.o
 .debug_frame   0x00000298       0x24 src/slpctrl.o
 .debug_frame   0x000002bc       0x24 src/spi.o
 .debug_frame   0x000002e0       0x24 src/tca.o
 .debug_frame   0x00000304       0xd4 src/usart_basic.o
 .debug_frame   0x000003d8       0xa0 tinyAxon/tinyAxon.o
 .debug_frame   0x00000478       0x48 tinyButton/tinyButton.o
 .debug_frame   0x000004c0       0x9c tinyCharge/tinyCharge.o
 .debug_frame   0x0000055c       0x74 tinyDebugger/tinyDebugger.o
 .debug_frame   0x000005d0      0x104 tinyDendrite/tinyDendrite.o
 .debug_frame   0x000006d4       0x90 tinyISR/tinyISR.o
 .debug_frame   0x00000764       0xe4 tinyLED/tinyLED.o
 .debug_frame   0x00000848       0x38 tinyPotential/tinyPotential.o
 .debug_frame   0x00000880       0x68 tinyPulse/tinyPulse.o
 .debug_frame   0x000008e8       0x44 tinySleep/tinySleep.o
 .debug_frame   0x0000092c       0x34 tinyTime/tinyTime.o

.debug_str      0x00000000     0x36dc
 *(.debug_str)
 .debug_str     0x00000000      0xc0f D:/Various programs/AtmelStudio/7.0/Packs/Atmel/ATtiny_DFP/1.3.229/gcc/dev/attiny3217/avrxmega3/crtattiny3217.o
 .debug_str     0x00000c0f      0x1a4 atmel_start.o
                                0x1d8 (size before relaxing)
 .debug_str     0x00000db3      0x297 main.o
                                0x462 (size before relaxing)
 .debug_str     0x0000104a      0x42d src/adc_basic.o
                                0x621 (size before relaxing)
 .debug_str     0x00001477       0x16 src/bod.o
                                0x1c5 (size before relaxing)
 .debug_str     0x0000148d      0x6ba src/ccl.o
                                0x8ad (size before relaxing)
 .debug_str     0x00001b47      0x285 src/clkctrl.o
                                0x53a (size before relaxing)
 .debug_str     0x00001dcc       0x1c src/cpuint.o
                                0x1cb (size before relaxing)
 .debug_str     0x00001de8       0x93 src/dac_basic.o
                                0x287 (size before relaxing)
 .debug_str     0x00001e7b      0x654 src/driver_init.o
                                0x9d0 (size before relaxing)
 .debug_str     0x000024cf      0x351 src/rtc.o
                                0x624 (size before relaxing)
 .debug_str     0x00002820       0x11 src/slpctrl.o
                                0x1cd (size before relaxing)
 .debug_str     0x00002831       0xbf src/spi.o
                                0x2d9 (size before relaxing)
 .debug_str     0x000028f0      0x20d src/tca.o
                                0x6c9 (size before relaxing)
 .debug_str     0x00002afd      0x1da src/usart_basic.o
                                0x41b (size before relaxing)
 .debug_str     0x00002cd7      0x208 tinyAxon/tinyAxon.o
                                0x491 (size before relaxing)
 .debug_str     0x00002edf       0xe7 tinyButton/tinyButton.o
                                0x304 (size before relaxing)
 .debug_str     0x00002fc6       0xfc tinyCharge/tinyCharge.o
                                0x4db (size before relaxing)
 .debug_str     0x000030c2       0x79 tinyDebugger/tinyDebugger.o
                                0x28b (size before relaxing)
 .debug_str     0x0000313b      0x1b6 tinyDendrite/tinyDendrite.o
                                0x420 (size before relaxing)
 .debug_str     0x000032f1       0x5f tinyISR/tinyISR.o
                                0x3b1 (size before relaxing)
 .debug_str     0x00003350      0x225 tinyLED/tinyLED.o
                                0x92a (size before relaxing)
 .debug_str     0x00003575       0x94 tinyPotential/tinyPotential.o
                                0x2e3 (size before relaxing)
 .debug_str     0x00003609       0x77 tinyPulse/tinyPulse.o
                                0x32f (size before relaxing)
 .debug_str     0x00003680       0x38 tinySleep/tinySleep.o
                                0x216 (size before relaxing)
 .debug_str     0x000036b8       0x24 tinyTime/tinyTime.o
                                0x1fd (size before relaxing)

.debug_loc      0x00000000     0x1626
 *(.debug_loc)
 .debug_loc     0x00000000       0x87 src/adc_basic.o
 .debug_loc     0x00000087       0x52 src/clkctrl.o
 .debug_loc     0x000000d9      0x760 src/driver_init.o
 .debug_loc     0x00000839       0x47 src/usart_basic.o
 .debug_loc     0x00000880      0x21c tinyAxon/tinyAxon.o
 .debug_loc     0x00000a9c       0xc3 tinyButton/tinyButton.o
 .debug_loc     0x00000b5f       0xd9 tinyCharge/tinyCharge.o
 .debug_loc     0x00000c38      0x403 tinyDendrite/tinyDendrite.o
 .debug_loc     0x0000103b       0xec tinyISR/tinyISR.o
 .debug_loc     0x00001127      0x3da tinyLED/tinyLED.o
 .debug_loc     0x00001501       0x71 tinyPotential/tinyPotential.o
 .debug_loc     0x00001572       0xb4 tinyPulse/tinyPulse.o

.debug_macinfo
 *(.debug_macinfo)

.debug_weaknames
 *(.debug_weaknames)

.debug_funcnames
 *(.debug_funcnames)

.debug_typenames
 *(.debug_typenames)

.debug_varnames
 *(.debug_varnames)

.debug_pubtypes
 *(.debug_pubtypes)

.debug_ranges   0x00000000      0x3c8
 *(.debug_ranges)
 .debug_ranges  0x00000000       0x10 atmel_start.o
 .debug_ranges  0x00000010       0x10 main.o
 .debug_ranges  0x00000020       0x48 src/adc_basic.o
 .debug_ranges  0x00000068       0x10 src/bod.o
 .debug_ranges  0x00000078       0x10 src/ccl.o
 .debug_ranges  0x00000088       0x10 src/clkctrl.o
 .debug_ranges  0x00000098       0x10 src/cpuint.o
 .debug_ranges  0x000000a8       0x38 src/dac_basic.o
 .debug_ranges  0x000000e0       0x48 src/driver_init.o
 .debug_ranges  0x00000128       0x10 src/rtc.o
 .debug_ranges  0x00000138       0x10 src/slpctrl.o
 .debug_ranges  0x00000148       0x10 src/spi.o
 .debug_ranges  0x00000158       0x10 src/tca.o
 .debug_ranges  0x00000168       0x68 src/usart_basic.o
 .debug_ranges  0x000001d0       0x58 tinyAxon/tinyAxon.o
 .debug_ranges  0x00000228       0x18 tinyButton/tinyButton.o
 .debug_ranges  0x00000240       0x48 tinyCharge/tinyCharge.o
 .debug_ranges  0x00000288       0x38 tinyDebugger/tinyDebugger.o
 .debug_ranges  0x000002c0       0x38 tinyDendrite/tinyDendrite.o
 .debug_ranges  0x000002f8       0x20 tinyISR/tinyISR.o
 .debug_ranges  0x00000318       0x40 tinyLED/tinyLED.o
 .debug_ranges  0x00000358       0x10 tinyPotential/tinyPotential.o
 .debug_ranges  0x00000368       0x28 tinyPulse/tinyPulse.o
 .debug_ranges  0x00000390       0x20 tinySleep/tinySleep.o
 .debug_ranges  0x000003b0       0x18 tinyTime/tinyTime.o

.debug_macro
 *(.debug_macro)
OUTPUT(Hjernebyggesett_V4.elf elf32-avr)
LOAD linker stubs
