Archive member included to satisfy reference by file (symbol)

d:/software/atmel studio 7/7.0/toolchain/avr8/avr8-gnu-toolchain/bin/../lib/gcc/avr/5.4.0/../../../../avr/lib/avrxmega3\libm.a(addsf3.o)
                              tinyAxon/tinyAxon.o (__subsf3)
d:/software/atmel studio 7/7.0/toolchain/avr8/avr8-gnu-toolchain/bin/../lib/gcc/avr/5.4.0/../../../../avr/lib/avrxmega3\libm.a(addsf3x.o)
                              d:/software/atmel studio 7/7.0/toolchain/avr8/avr8-gnu-toolchain/bin/../lib/gcc/avr/5.4.0/../../../../avr/lib/avrxmega3\libm.a(addsf3.o) (__addsf3x)
d:/software/atmel studio 7/7.0/toolchain/avr8/avr8-gnu-toolchain/bin/../lib/gcc/avr/5.4.0/../../../../avr/lib/avrxmega3\libm.a(cmpsf2.o)
                              tinyAxon/tinyAxon.o (__ltsf2)
d:/software/atmel studio 7/7.0/toolchain/avr8/avr8-gnu-toolchain/bin/../lib/gcc/avr/5.4.0/../../../../avr/lib/avrxmega3\libm.a(divsf3.o)
                              tinyLED/tinyLED.o (__divsf3)
d:/software/atmel studio 7/7.0/toolchain/avr8/avr8-gnu-toolchain/bin/../lib/gcc/avr/5.4.0/../../../../avr/lib/avrxmega3\libm.a(divsf3x.o)
                              d:/software/atmel studio 7/7.0/toolchain/avr8/avr8-gnu-toolchain/bin/../lib/gcc/avr/5.4.0/../../../../avr/lib/avrxmega3\libm.a(divsf3.o) (__divsf3x)
d:/software/atmel studio 7/7.0/toolchain/avr8/avr8-gnu-toolchain/bin/../lib/gcc/avr/5.4.0/../../../../avr/lib/avrxmega3\libm.a(exp.o)
                              tinyPotential/tinyPotential.o (exp)
d:/software/atmel studio 7/7.0/toolchain/avr8/avr8-gnu-toolchain/bin/../lib/gcc/avr/5.4.0/../../../../avr/lib/avrxmega3\libm.a(fixunssfsi.o)
                              tinyLED/tinyLED.o (__fixunssfsi)
d:/software/atmel studio 7/7.0/toolchain/avr8/avr8-gnu-toolchain/bin/../lib/gcc/avr/5.4.0/../../../../avr/lib/avrxmega3\libm.a(floatsisf.o)
                              tinyButton/tinyButton.o (__floatunsisf)
d:/software/atmel studio 7/7.0/toolchain/avr8/avr8-gnu-toolchain/bin/../lib/gcc/avr/5.4.0/../../../../avr/lib/avrxmega3\libm.a(fmin.o)
                              tinyLED/tinyLED.o (fmin)
d:/software/atmel studio 7/7.0/toolchain/avr8/avr8-gnu-toolchain/bin/../lib/gcc/avr/5.4.0/../../../../avr/lib/avrxmega3\libm.a(fp_cmp.o)
                              d:/software/atmel studio 7/7.0/toolchain/avr8/avr8-gnu-toolchain/bin/../lib/gcc/avr/5.4.0/../../../../avr/lib/avrxmega3\libm.a(cmpsf2.o) (__fp_cmp)
d:/software/atmel studio 7/7.0/toolchain/avr8/avr8-gnu-toolchain/bin/../lib/gcc/avr/5.4.0/../../../../avr/lib/avrxmega3\libm.a(fp_inf.o)
                              d:/software/atmel studio 7/7.0/toolchain/avr8/avr8-gnu-toolchain/bin/../lib/gcc/avr/5.4.0/../../../../avr/lib/avrxmega3\libm.a(addsf3x.o) (__fp_inf)
d:/software/atmel studio 7/7.0/toolchain/avr8/avr8-gnu-toolchain/bin/../lib/gcc/avr/5.4.0/../../../../avr/lib/avrxmega3\libm.a(fp_nan.o)
                              d:/software/atmel studio 7/7.0/toolchain/avr8/avr8-gnu-toolchain/bin/../lib/gcc/avr/5.4.0/../../../../avr/lib/avrxmega3\libm.a(addsf3x.o) (__fp_nan)
d:/software/atmel studio 7/7.0/toolchain/avr8/avr8-gnu-toolchain/bin/../lib/gcc/avr/5.4.0/../../../../avr/lib/avrxmega3\libm.a(fp_powser.o)
                              d:/software/atmel studio 7/7.0/toolchain/avr8/avr8-gnu-toolchain/bin/../lib/gcc/avr/5.4.0/../../../../avr/lib/avrxmega3\libm.a(exp.o) (__fp_powser)
d:/software/atmel studio 7/7.0/toolchain/avr8/avr8-gnu-toolchain/bin/../lib/gcc/avr/5.4.0/../../../../avr/lib/avrxmega3\libm.a(fp_pscA.o)
                              d:/software/atmel studio 7/7.0/toolchain/avr8/avr8-gnu-toolchain/bin/../lib/gcc/avr/5.4.0/../../../../avr/lib/avrxmega3\libm.a(addsf3x.o) (__fp_pscA)
d:/software/atmel studio 7/7.0/toolchain/avr8/avr8-gnu-toolchain/bin/../lib/gcc/avr/5.4.0/../../../../avr/lib/avrxmega3\libm.a(fp_pscB.o)
                              d:/software/atmel studio 7/7.0/toolchain/avr8/avr8-gnu-toolchain/bin/../lib/gcc/avr/5.4.0/../../../../avr/lib/avrxmega3\libm.a(addsf3x.o) (__fp_pscB)
d:/software/atmel studio 7/7.0/toolchain/avr8/avr8-gnu-toolchain/bin/../lib/gcc/avr/5.4.0/../../../../avr/lib/avrxmega3\libm.a(fp_round.o)
                              d:/software/atmel studio 7/7.0/toolchain/avr8/avr8-gnu-toolchain/bin/../lib/gcc/avr/5.4.0/../../../../avr/lib/avrxmega3\libm.a(addsf3.o) (__fp_round)
d:/software/atmel studio 7/7.0/toolchain/avr8/avr8-gnu-toolchain/bin/../lib/gcc/avr/5.4.0/../../../../avr/lib/avrxmega3\libm.a(fp_split3.o)
                              d:/software/atmel studio 7/7.0/toolchain/avr8/avr8-gnu-toolchain/bin/../lib/gcc/avr/5.4.0/../../../../avr/lib/avrxmega3\libm.a(addsf3x.o) (__fp_split3)
d:/software/atmel studio 7/7.0/toolchain/avr8/avr8-gnu-toolchain/bin/../lib/gcc/avr/5.4.0/../../../../avr/lib/avrxmega3\libm.a(fp_zero.o)
                              d:/software/atmel studio 7/7.0/toolchain/avr8/avr8-gnu-toolchain/bin/../lib/gcc/avr/5.4.0/../../../../avr/lib/avrxmega3\libm.a(addsf3x.o) (__fp_zero)
[...]
Memory Configuration

Name             Origin             Length             Attributes
text             0x00000000         0x00100000         xr
data             0x00802000         0x0000ffa0         rw !x
eeprom           0x00810000         0x00010000         rw !x
fuse             0x00820000         0x00000009         rw !x
lock             0x00830000         0x00000400         rw !x
signature        0x00840000         0x00000400         rw !x
user_signatures  0x00850000         0x00000400         rw !x
*default*        0x00000000         0xffffffff

Linker script and memory map

Address of section .data set to 0x803800
                0x00008000                __RODATA_PM_OFFSET__ = 0x8000
LOAD D:/Software/Atmel Studio 7/7.0/Packs/Atmel/ATtiny_DFP/1.3.229/gcc/dev/attiny3217/avrxmega3/crtattiny3217.o
LOAD atmel_start.o
LOAD driver_isr.o
LOAD examples/src/adc_basic_example.o
LOAD examples/src/dac_basic_example.o
LOAD examples/src/usart_basic_example.o
LOAD main.o
LOAD src/adc_basic.o
LOAD src/bod.o
LOAD src/ccl.o
LOAD src/clkctrl.o
LOAD src/cpuint.o
LOAD src/dac_basic.o
LOAD src/driver_init.o
LOAD src/protected_io.o
LOAD src/rtc.o
LOAD src/slpctrl.o
LOAD src/spi.o
LOAD src/tca.o
LOAD src/usart_basic.o
LOAD tinyAxon/tinyAxon.o
LOAD tinyButton/tinyButton.o
LOAD tinyCharge/tinyCharge.o
LOAD tinyDebugger/tinyDebugger.o
LOAD tinyDendrite/tinyDendrite.o
LOAD tinyISR/tinyISR.o
LOAD tinyLED/tinyLED.o
LOAD tinyPotential/tinyPotential.o
LOAD tinyPulse/tinyPulse.o
LOAD tinyTime/tinyTime.o
START GROUP
LOAD d:/software/atmel studio 7/7.0/toolchain/avr8/avr8-gnu-toolchain/bin/../lib/gcc/avr/5.4.0/../../../../avr/lib/avrxmega3\libm.a
END GROUP
START GROUP
LOAD d:/software/atmel studio 7/7.0/toolchain/avr8/avr8-gnu-toolchain/bin/../lib/gcc/avr/5.4.0/avrxmega3\libgcc.a
LOAD d:/software/atmel studio 7/7.0/toolchain/avr8/avr8-gnu-toolchain/bin/../lib/gcc/avr/5.4.0/../../../../avr/lib/avrxmega3\libm.a
LOAD d:/software/atmel studio 7/7.0/toolchain/avr8/avr8-gnu-toolchain/bin/../lib/gcc/avr/5.4.0/../../../../avr/lib/avrxmega3\libc.a
LOAD D:/Software/Atmel Studio 7/7.0/Packs/Atmel/ATtiny_DFP/1.3.229/gcc/dev/attiny3217/avrxmega3\libattiny3217.a
END GROUP
                0x00000000                __TEXT_REGION_ORIGIN__ = DEFINED (__TEXT_REGION_ORIGIN__)?__TEXT_REGION_ORIGIN__:0x0
                0x00802000                __DATA_REGION_ORIGIN__ = DEFINED (__DATA_REGION_ORIGIN__)?__DATA_REGION_ORIGIN__:0x802000
                0x00100000                __TEXT_REGION_LENGTH__ = DEFINED (__TEXT_REGION_LENGTH__)?__TEXT_REGION_LENGTH__:0x100000
                0x0000ffa0                __DATA_REGION_LENGTH__ = DEFINED (__DATA_REGION_LENGTH__)?__DATA_REGION_LENGTH__:0xffa0
                0x00010000                __EEPROM_REGION_LENGTH__ = DEFINED (__EEPROM_REGION_LENGTH__)?__EEPROM_REGION_LENGTH__:0x10000
                [0x00000009]                __FUSE_REGION_LENGTH__ = DEFINED (__FUSE_REGION_LENGTH__)?__FUSE_REGION_LENGTH__:0x400
                0x00000400                __LOCK_REGION_LENGTH__ = DEFINED (__LOCK_REGION_LENGTH__)?__LOCK_REGION_LENGTH__:0x400
                0x00000400                __SIGNATURE_REGION_LENGTH__ = DEFINED (__SIGNATURE_REGION_LENGTH__)?__SIGNATURE_REGION_LENGTH__:0x400
                0x00000400                __USER_SIGNATURE_REGION_LENGTH__ = DEFINED (__USER_SIGNATURE_REGION_LENGTH__)?__USER_SIGNATURE_REGION_LENGTH__:0x400
                0x00008000                __RODATA_PM_OFFSET__ = DEFINED (__RODATA_PM_OFFSET__)?__RODATA_PM_OFFSET__:0x8000

.hash
 *(.hash)

.dynsym
 *(.dynsym)

.dynstr
 *(.dynstr)

.gnu.version
 *(.gnu.version)

.gnu.version_d
 *(.gnu.version_d)

.gnu.version_r
 *(.gnu.version_r)

.rel.init
 *(.rel.init)

.rela.init
 *(.rela.init)

.rel.text
 *(.rel.text)
 *(.rel.text.*)
 *(.rel.gnu.linkonce.t*)

.rela.text
 *(.rela.text)
 *(.rela.text.*)
 *(.rela.gnu.linkonce.t*)

.rel.fini
 *(.rel.fini)

.rela.fini
 *(.rela.fini)

.rel.rodata
 *(.rel.rodata)
 *(.rel.rodata.*)
 *(.rel.gnu.linkonce.r*)

.rela.rodata
 *(.rela.rodata)
 *(.rela.rodata.*)
 *(.rela.gnu.linkonce.r*)

.rel.data
 *(.rel.data)
 *(.rel.data.*)
 *(.rel.gnu.linkonce.d*)

.rela.data
 *(.rela.data)
 *(.rela.data.*)
 *(.rela.gnu.linkonce.d*)

.rel.ctors
 *(.rel.ctors)

.rela.ctors
 *(.rela.ctors)

.rel.dtors
 *(.rel.dtors)

.rela.dtors
 *(.rela.dtors)

.rel.got
 *(.rel.got)

.rela.got
 *(.rela.got)

.rel.bss
 *(.rel.bss)

.rela.bss
 *(.rela.bss)

.rel.plt
 *(.rel.plt)

.rela.plt
 *(.rela.plt)

.text           0x00000000     0x24de
 *(.vectors)
 .vectors       0x00000000       0x7c D:/Software/Atmel Studio 7/7.0/Packs/Atmel/ATtiny_DFP/1.3.229/gcc/dev/attiny3217/avrxmega3/crtattiny3217.o
                0x00000000                __vector_default
                0x00000000                __vectors
 *(.vectors)
 *(.progmem.gcc*)
 .progmem.gcc_fplib
                0x0000007c       0x28 d:/software/atmel studio 7/7.0/toolchain/avr8/avr8-gnu-toolchain/bin/../lib/gcc/avr/5.4.0/../../../../avr/lib/avrxmega3\libm.a(exp.o)
 .progmem.gcc_fplib
                0x000000a4       0x1e d:/software/atmel studio 7/7.0/toolchain/avr8/avr8-gnu-toolchain/bin/../lib/gcc/avr/5.4.0/../../../../avr/lib/avrxmega3\libm.a(fp_sinus.o)
                0x000000c2                . = ALIGN (0x2)
                0x000000c2                __trampolines_start = .
 *(.trampolines)
 .trampolines   0x000000c2        0x0 linker stubs
 *(.trampolines*)
                0x000000c2                __trampolines_end = .
 *libprintf_flt.a:*(.progmem.data)
 *libc.a:*(.progmem.data)
 .progmem.data  0x000000c2       0xfa d:/software/atmel studio 7/7.0/toolchain/avr8/avr8-gnu-toolchain/bin/../lib/gcc/avr/5.4.0/../../../../avr/lib/avrxmega3\libc.a(ftoa_engine.o)
 *(.progmem*)
                0x000001bc                . = ALIGN (0x2)
 *(.jumptables)
 *(.jumptables*)
 *(.lowtext)
 *(.lowtext*)
                0x000001bc                __ctors_start = .
 *(.ctors)
                0x000001bc                __ctors_end = .
                0x000001bc                __dtors_start = .
 *(.dtors)
                0x000001bc                __dtors_end = .
 SORT(*)(.ctors)
 SORT(*)(.dtors)
 *(.init0)
 .init0         0x000001bc        0x0 D:/Software/Atmel Studio 7/7.0/Packs/Atmel/ATtiny_DFP/1.3.229/gcc/dev/attiny3217/avrxmega3/crtattiny3217.o
                0x000001bc                __init
 *(.init0)
 *(.init1)
 *(.init1)
 *(.init2)
 .init2         0x000001bc        0xc D:/Software/Atmel Studio 7/7.0/Packs/Atmel/ATtiny_DFP/1.3.229/gcc/dev/attiny3217/avrxmega3/crtattiny3217.o
 *(.init2)
 *(.init3)
 *(.init3)
 *(.init4)
 .init4         0x000001c8       0x16 d:/software/atmel studio 7/7.0/toolchain/avr8/avr8-gnu-toolchain/bin/../lib/gcc/avr/5.4.0/avrxmega3\libgcc.a(_copy_data.o)
                0x000001c8                __do_copy_data
 .init4         0x000001de       0x10 d:/software/atmel studio 7/7.0/toolchain/avr8/avr8-gnu-toolchain/bin/../lib/gcc/avr/5.4.0/avrxmega3\libgcc.a(_clear_bss.o)
                0x000001de                __do_clear_bss
 *(.init4)
 *(.init5)
 *(.init5)
 *(.init6)
 *(.init6)
 *(.init7)
 *(.init7)
 *(.init8)
 *(.init8)
 *(.init9)
 .init9         0x000001ee        0x8 D:/Software/Atmel Studio 7/7.0/Packs/Atmel/ATtiny_DFP/1.3.229/gcc/dev/attiny3217/avrxmega3/crtattiny3217.o
 *(.init9)
 *(.text)
 .text          0x000001f6        0x4 D:/Software/Atmel Studio 7/7.0/Packs/Atmel/ATtiny_DFP/1.3.229/gcc/dev/attiny3217/avrxmega3/crtattiny3217.o
                0x000001f6                __vector_22
                0x000001f6                __vector_28
                0x000001f6                __vector_1
                0x000001f6                __vector_24
                0x000001f6                __vector_12
                0x000001f6                __bad_interrupt
                0x000001f6                __vector_3
                0x000001f6                __vector_23
                0x000001f6                __vector_30
                0x000001f6                __vector_25
                0x000001f6                __vector_11
                0x000001f6                __vector_13
                0x000001f6                __vector_17
                0x000001f6                __vector_19
                0x000001f6                __vector_7
                0x000001f6                __vector_27
                0x000001f6                __vector_5
                0x000001f6                __vector_4
                0x000001f6                __vector_9
                0x000001f6                __vector_2
                0x000001f6                __vector_21
                0x000001f6                __vector_15
                0x000001f6                __vector_29
                0x000001f6                __vector_8
                0x000001f6                __vector_26
                0x000001f6                __vector_14
                0x000001f6                __vector_10
                0x000001f6                __vector_16
                0x000001f6                __vector_18
                0x000001f6                __vector_20
                0x000001fa                . = ALIGN (0x2)
 *(.text.*)
 .text.atmel_start_init
                0x000001fa        0x6 atmel_start.o
                0x000001fa                atmel_start_init
 .text.main     0x00000200       0x82 main.o
                0x00000200                main
 .text.ADC_0_init
                0x00000282       0x10 src/adc_basic.o
                0x00000282                ADC_0_init
 .text.ADC_0_is_conversion_done
                0x00000292        0x8 src/adc_basic.o
                0x00000292                ADC_0_is_conversion_done
 .text.ADC_0_get_conversion
                0x0000029a       0x24 src/adc_basic.o
                0x0000029a                ADC_0_get_conversion
 .text.BOD_init
                0x000002be        0x4 src/bod.o
                0x000002be                BOD_init
 .text.DIGITAL_GLUE_LOGIC_0_init
                0x000002c2       0x22 src/ccl.o
                0x000002c2                DIGITAL_GLUE_LOGIC_0_init
 .text.CLKCTRL_init
                0x000002e4       0x1c src/clkctrl.o
                0x000002e4                CLKCTRL_init
 .text.CPUINT_init
                0x00000300        0x6 src/cpuint.o
                0x00000300                CPUINT_init
 .text.DAC_0_init
                0x00000306        0xa src/dac_basic.o
                0x00000306                DAC_0_init
 .text.DAC_0_uninit
                0x00000310        0xa src/dac_basic.o
                0x00000310                DAC_0_uninit
 .text.DAC_0_enable
                0x0000031a        0xc src/dac_basic.o
                0x0000031a                DAC_0_enable
 .text.DAC_0_disable
                0x00000326        0xc src/dac_basic.o
                0x00000326                DAC_0_disable
 .text.DAC_0_set_output
                0x00000332        0x6 src/dac_basic.o
                0x00000332                DAC_0_set_output
 .text.mcu_init
                0x00000338       0x38 src/driver_init.o
                0x00000338                mcu_init
 .text.ADC_0_initialization
                0x00000370       0x60 src/driver_init.o
                0x00000370                ADC_0_initialization
 .text.USART_0_initialization
                0x000003d0       0x16 src/driver_init.o
                0x000003d0                USART_0_initialization
 .text.TIMER_0_initialization
                0x000003e6       0x14 src/driver_init.o
                0x000003e6                TIMER_0_initialization
 .text.DIGITAL_GLUE_LOGIC_0_initialization
                0x000003fa       0x14 src/driver_init.o
                0x000003fa                DIGITAL_GLUE_LOGIC_0_initialization
 .text.SPI_0_initialization
                0x0000040e       0x1e src/driver_init.o
                0x0000040e                SPI_0_initialization
 .text.DAC_0_initialization
                0x0000042c       0x18 src/driver_init.o
                0x0000042c                DAC_0_initialization
 .text.system_init
                0x00000444       0x5a src/driver_init.o
                0x00000444                system_init
 .text.protected_write_io
                0x0000049e        0x8 src/protected_io.o
                0x0000049e                protected_write_io
 .text.RTC_0_init
                0x000004a6       0x38 src/rtc.o
                0x000004a6                RTC_0_init
 .text.SLPCTRL_init
                0x000004de        0x4 src/slpctrl.o
                0x000004de                SLPCTRL_init
 .text.SPI_0_init
                0x000004e2       0x10 src/spi.o
                0x000004e2                SPI_0_init
 .text.TIMER_0_init
                0x000004f2       0x20 src/tca.o
                0x000004f2                TIMER_0_init
 .text.USART_0_init
                0x00000512       0x20 src/usart_basic.o
                0x00000512                USART_0_init
 .text.USART_0_write
                0x00000532       0x10 src/usart_basic.o
                0x00000532                USART_0_write
 .text.USART_0_printCHAR
                0x00000542        0xa src/usart_basic.o
                0x00000542                USART_0_printCHAR
 .text.tinyAxon_add_pulse
                0x0000054c       0x4a tinyAxon/tinyAxon.o
 .text.tinyAxon_is_firing
                0x00000596        0xe tinyAxon/tinyAxon.o
                0x00000596                tinyAxon_is_firing
 .text.find_newest_pulse
                0x000005a4       0x26 tinyAxon/tinyAxon.o
                0x000005a4                find_newest_pulse
 .text.tinyAxon_stop_sending_pulse
                0x000005ca        0xe tinyAxon/tinyAxon.o
                0x000005ca                tinyAxon_stop_sending_pulse
 .text.tinyAxon_remove_pulse
                0x000005d8       0x46 tinyAxon/tinyAxon.o
                0x000005d8                tinyAxon_remove_pulse
 .text.tinyAxon_update_potential
                0x0000061e      0x16c tinyAxon/tinyAxon.o
                0x0000061e                tinyAxon_update_potential
 .text.tinyAxon_check_charge_level
                0x0000078a       0x16 tinyAxon/tinyAxon.o
                0x0000078a                tinyAxon_check_charge_level
 .text.tinyButton_update
                0x000007a0       0xa8 tinyButton/tinyButton.o
                0x000007a0                tinyButton_update
 .text.tinyButton_update_potential
                0x00000848       0x16 tinyButton/tinyButton.o
                0x00000848                tinyButton_update_potential
 .text.tinyCharge_is_connected_to_charger
                0x0000085e        0x6 tinyCharge/tinyCharge.o
                0x0000085e                tinyCharge_is_connected_to_charger
 .text.tinyCharge_is_fully_charged
                0x00000864        0xa tinyCharge/tinyCharge.o
                0x00000864                tinyCharge_is_fully_charged
 .text.tinyCharge_DAC_dissable
                0x0000086e        0xa tinyCharge/tinyCharge.o
                0x0000086e                tinyCharge_DAC_dissable
 .text.tinyCharge_DAC_enable
                0x00000878        0xa tinyCharge/tinyCharge.o
                0x00000878                tinyCharge_DAC_enable
 .text.tinyCharge_switch_mode
                0x00000882       0x3a tinyCharge/tinyCharge.o
                0x00000882                tinyCharge_switch_mode
 .text.tinyCharge_set_charging_mode
                0x000008bc       0x12 tinyCharge/tinyCharge.o
                0x000008bc                tinyCharge_set_charging_mode
 .text.tinyCharge_update_charging_mode
                0x000008ce       0x1e tinyCharge/tinyCharge.o
                0x000008ce                tinyCharge_update_charging_mode
 .text.tinyCharge_set_transistors
                0x000008ec       0x10 tinyCharge/tinyCharge.o
                0x000008ec                tinyCharge_set_transistors
 .text.tinyDebugger_send_uint32
                0x000008fc       0x24 tinyDebugger/tinyDebugger.o
                0x000008fc                tinyDebugger_send_uint32
 .text.tinyDebugger_send_uint8
                0x00000920       0x22 tinyDebugger/tinyDebugger.o
                0x00000920                tinyDebugger_send_uint8
 .text.tinyDebugger_send_double
                0x00000942       0x6c tinyDebugger/tinyDebugger.o
                0x00000942                tinyDebugger_send_double
 .text.tinyDebugger_end_line
                0x000009ae        0xa tinyDebugger/tinyDebugger.o
                0x000009ae                tinyDebugger_end_line
 .text.tinyDendrite_read_signals
                0x000009b8       0x76 tinyDendrite/tinyDendrite.o
 .text.tinyDendrite_check_charge_level
                0x00000a2e       0x38 tinyDendrite/tinyDendrite.o
                0x00000a2e                tinyDendrite_check_charge_level
 .text.tinyDendrite_update_signals
                0x00000a66       0xac tinyDendrite/tinyDendrite.o
                0x00000a66                tinyDendrite_update_signals
 .text.tinyDendrite_get_potential
                0x00000b12       0xba tinyDendrite/tinyDendrite.o
                0x00000b12                tinyDendrite_get_potential
 .text.tinyDendrite_update_potential
                0x00000bcc       0x2e tinyDendrite/tinyDendrite.o
                0x00000bcc                tinyDendrite_update_potential
 .text.__vector_6
                0x00000bfa       0x56 tinyISR/tinyISR.o
                0x00000bfa                __vector_6
 .text.tinyISR_setflag
                0x00000c50        0x6 tinyISR/tinyISR.o
                0x00000c50                tinyISR_setflag
 .text.tinyISR_getflag
                0x00000c56        0x6 tinyISR/tinyISR.o
                0x00000c56                tinyISR_getflag
 .text.tinyLED_SPIWriteByte
                0x00000c5c       0x28 tinyLED/tinyLED.o
 .text.tinyLED_set_color
                0x00000c84       0x12 tinyLED/tinyLED.o
                0x00000c84                tinyLED_set_color
 .text.tinyLED_get_color
                0x00000c96       0x10 tinyLED/tinyLED.o
                0x00000c96                tinyLED_get_color
 .text.tinyLED_set_color_mode
                0x00000ca6       0x20 tinyLED/tinyLED.o
                0x00000ca6                tinyLED_set_color_mode
 .text.tinyLED_RGB_Color_Compare
                0x00000cc6       0x60 tinyLED/tinyLED.o
                0x00000cc6                tinyLED_RGB_Color_Compare
 .text.tinyLED_update
                0x00000d26      0x3c4 tinyLED/tinyLED.o
                0x00000d26                tinyLED_update
 .text.tinyPotential_update
                0x000010ea      0x114 tinyPotential/tinyPotential.o
                0x000010ea                tinyPotential_update
 .text.tinyPulse_toggle_pulse_mode
                0x000011fe        0xe tinyPulse/tinyPulse.o
                0x000011fe                tinyPulse_toggle_pulse_mode
 .text.tinyPulse_update_potential
                0x0000120c       0x70 tinyPulse/tinyPulse.o
                0x0000120c                tinyPulse_update_potential
 .text.tinyTime_counter_increment
                0x0000127c       0x28 tinyTime/tinyTime.o
                0x0000127c                tinyTime_counter_increment
 .text.tinyTime_now
                0x000012a4       0x12 tinyTime/tinyTime.o
                0x000012a4                tinyTime_now
 .text.avr-libc.fplib
                0x000012b6        0xe d:/software/atmel studio 7/7.0/toolchain/avr8/avr8-gnu-toolchain/bin/../lib/gcc/avr/5.4.0/../../../../avr/lib/avrxmega3\libm.a(addsf3.o)
                0x000012b6                __subsf3
                0x000012b8                __addsf3
 .text.avr-libc.fplib
                0x000012c4       0xcc d:/software/atmel studio 7/7.0/toolchain/avr8/avr8-gnu-toolchain/bin/../lib/gcc/avr/5.4.0/../../../../avr/lib/avrxmega3\libm.a(addsf3x.o)
                0x000012e6                __addsf3x
 .text.avr-libc.fplib
                0x00001390        0xa d:/software/atmel studio 7/7.0/toolchain/avr8/avr8-gnu-toolchain/bin/../lib/gcc/avr/5.4.0/../../../../avr/lib/avrxmega3\libm.a(cmpsf2.o)
                0x00001390                __nesf2
                0x00001390                __eqsf2
                0x00001390                __cmpsf2
                0x00001390                __ltsf2
                0x00001390                __lesf2
 .text.avr-libc.fplib
                0x0000139a        0x8 d:/software/atmel studio 7/7.0/toolchain/avr8/avr8-gnu-toolchain/bin/../lib/gcc/avr/5.4.0/../../../../avr/lib/avrxmega3\libm.a(divsf3.o)
                0x0000139a                __divsf3
 .text.avr-libc.fplib
                0x000013a2       0xdc d:/software/atmel studio 7/7.0/toolchain/avr8/avr8-gnu-toolchain/bin/../lib/gcc/avr/5.4.0/../../../../avr/lib/avrxmega3\libm.a(divsf3x.o)
                0x000013c2                __divsf3x
                0x000013c8                __divsf3_pse
 .text.avr-libc.fplib
                0x0000147e       0x74 d:/software/atmel studio 7/7.0/toolchain/avr8/avr8-gnu-toolchain/bin/../lib/gcc/avr/5.4.0/../../../../avr/lib/avrxmega3\libm.a(exp.o)
                0x0000148e                exp
 .text.avr-libc.fplib
                0x000014f2       0x5e d:/software/atmel studio 7/7.0/toolchain/avr8/avr8-gnu-toolchain/bin/../lib/gcc/avr/5.4.0/../../../../avr/lib/avrxmega3\libm.a(fixunssfsi.o)
                0x000014f2                __fixunssfsi
 .text.avr-libc.fplib
                0x00001550       0x7a d:/software/atmel studio 7/7.0/toolchain/avr8/avr8-gnu-toolchain/bin/../lib/gcc/avr/5.4.0/../../../../avr/lib/avrxmega3\libm.a(floatsisf.o)
                0x00001550                __floatunsisf
                0x00001554                __floatsisf
 .text.avr-libc.fplib
                0x000015ca       0x3e d:/software/atmel studio 7/7.0/toolchain/avr8/avr8-gnu-toolchain/bin/../lib/gcc/avr/5.4.0/../../../../avr/lib/avrxmega3\libm.a(fmin.o)
                0x000015ca                fmin
 .text.avr-libc.fplib
                0x00001608       0x48 d:/software/atmel studio 7/7.0/toolchain/avr8/avr8-gnu-toolchain/bin/../lib/gcc/avr/5.4.0/../../../../avr/lib/avrxmega3\libm.a(fp_cmp.o)
                0x00001608                __fp_cmp
 .text.avr-libc.fplib
                0x00001650        0xc d:/software/atmel studio 7/7.0/toolchain/avr8/avr8-gnu-toolchain/bin/../lib/gcc/avr/5.4.0/../../../../avr/lib/avrxmega3\libm.a(fp_inf.o)
                0x00001650                __fp_inf
 .text.avr-libc.fplib
                0x0000165c        0x6 d:/software/atmel studio 7/7.0/toolchain/avr8/avr8-gnu-toolchain/bin/../lib/gcc/avr/5.4.0/../../../../avr/lib/avrxmega3\libm.a(fp_nan.o)
                0x0000165c                __fp_nan
 .text.avr-libc.fplib
                0x00001662       0x4e d:/software/atmel studio 7/7.0/toolchain/avr8/avr8-gnu-toolchain/bin/../lib/gcc/avr/5.4.0/../../../../avr/lib/avrxmega3\libm.a(fp_powser.o)
                0x00001662                __fp_powser
 .text.avr-libc.fplib
                0x000016b0        0xe d:/software/atmel studio 7/7.0/toolchain/avr8/avr8-gnu-toolchain/bin/../lib/gcc/avr/5.4.0/../../../../avr/lib/avrxmega3\libm.a(fp_pscA.o)
                0x000016b0                __fp_pscA
 .text.avr-libc.fplib
                0x000016be        0xe d:/software/atmel studio 7/7.0/toolchain/avr8/avr8-gnu-toolchain/bin/../lib/gcc/avr/5.4.0/../../../../avr/lib/avrxmega3\libm.a(fp_pscB.o)
                0x000016be                __fp_pscB
 .text.avr-libc.fplib
                0x000016cc       0x22 d:/software/atmel studio 7/7.0/toolchain/avr8/avr8-gnu-toolchain/bin/../lib/gcc/avr/5.4.0/../../../../avr/lib/avrxmega3\libm.a(fp_round.o)
                0x000016cc                __fp_round
 .text.avr-libc.fplib
                0x000016ee       0x44 d:/software/atmel studio 7/7.0/toolchain/avr8/avr8-gnu-toolchain/bin/../lib/gcc/avr/5.4.0/../../../../avr/lib/avrxmega3\libm.a(fp_split3.o)
                0x000016ee                __fp_split3
                0x000016fe                __fp_splitA
 .text.avr-libc.fplib
                0x00001732        0xe d:/software/atmel studio 7/7.0/toolchain/avr8/avr8-gnu-toolchain/bin/../lib/gcc/avr/5.4.0/../../../../avr/lib/avrxmega3\libm.a(fp_zero.o)
                0x00001732                __fp_zero
                0x00001734                __fp_szero
 .text.avr-libc.fplib
                0x00001740        0xa d:/software/atmel studio 7/7.0/toolchain/avr8/avr8-gnu-toolchain/bin/../lib/gcc/avr/5.4.0/../../../../avr/lib/avrxmega3\libm.a(gesf2.o)
                0x00001740                __gesf2
                0x00001740                __gtsf2
 .text.avr-libc.fplib
                0x0000174a       0x10 d:/software/atmel studio 7/7.0/toolchain/avr8/avr8-gnu-toolchain/bin/../lib/gcc/avr/5.4.0/../../../../avr/lib/avrxmega3\libm.a(inverse.o)
                0x0000174a                inverse
 .text.avr-libc.fplib
                0x0000175a       0x74 d:/software/atmel studio 7/7.0/toolchain/avr8/avr8-gnu-toolchain/bin/../lib/gcc/avr/5.4.0/../../../../avr/lib/avrxmega3\libm.a(ldexp.o)
                0x00001762                ldexp
 .text.avr-libc.fplib
                0x000017ce       0x68 d:/software/atmel studio 7/7.0/toolchain/avr8/avr8-gnu-toolchain/bin/../lib/gcc/avr/5.4.0/../../../../avr/lib/avrxmega3\libm.a(modf.o)
                0x000017ce                modf
                0x000017ce                modff
 .text.avr-libc.fplib
                0x00001836        0x8 d:/software/atmel studio 7/7.0/toolchain/avr8/avr8-gnu-toolchain/bin/../lib/gcc/avr/5.4.0/../../../../avr/lib/avrxmega3\libm.a(mulsf3.o)
                0x00001836                __mulsf3
 .text.avr-libc.fplib
                0x0000183e       0xd2 d:/software/atmel studio 7/7.0/toolchain/avr8/avr8-gnu-toolchain/bin/../lib/gcc/avr/5.4.0/../../../../avr/lib/avrxmega3\libm.a(mulsf3x.o)
                0x0000185c                __mulsf3x
                0x00001862                __mulsf3_pse
 .text.avr-libc.fplib
                0x00001910       0x10 d:/software/atmel studio 7/7.0/toolchain/avr8/avr8-gnu-toolchain/bin/../lib/gcc/avr/5.4.0/../../../../avr/lib/avrxmega3\libm.a(sin.o)
                0x00001910                sin
 .text.avr-libc.fplib
                0x00001920       0x1c d:/software/atmel studio 7/7.0/toolchain/avr8/avr8-gnu-toolchain/bin/../lib/gcc/avr/5.4.0/../../../../avr/lib/avrxmega3\libm.a(fp_mpack.o)
                0x00001920                __fp_mpack
                0x00001924                __fp_mpack_finite
 .text.avr-libc.fplib
                0x0000193c       0x56 d:/software/atmel studio 7/7.0/toolchain/avr8/avr8-gnu-toolchain/bin/../lib/gcc/avr/5.4.0/../../../../avr/lib/avrxmega3\libm.a(fp_rempio2.o)
                0x00001940                __fp_rempio2
 .text.avr-libc.fplib
                0x00001992       0x28 d:/software/atmel studio 7/7.0/toolchain/avr8/avr8-gnu-toolchain/bin/../lib/gcc/avr/5.4.0/../../../../avr/lib/avrxmega3\libm.a(fp_sinus.o)
                0x00001992                __fp_sinus
 .text.avr-libc.fplib
                0x000019ba       0x28 d:/software/atmel studio 7/7.0/toolchain/avr8/avr8-gnu-toolchain/bin/../lib/gcc/avr/5.4.0/../../../../avr/lib/avrxmega3\libm.a(fp_powsodd.o)
                0x000019ba                __fp_powsodd
 .text.libgcc.div
                0x000019e2       0x44 d:/software/atmel studio 7/7.0/toolchain/avr8/avr8-gnu-toolchain/bin/../lib/gcc/avr/5.4.0/avrxmega3\libgcc.a(_udivmodsi4.o)
                0x000019e2                __udivmodsi4
 .text.avr-libc
                0x00001a26       0x40 d:/software/atmel studio 7/7.0/toolchain/avr8/avr8-gnu-toolchain/bin/../lib/gcc/avr/5.4.0/../../../../avr/lib/avrxmega3\libc.a(dtostrf.o)
                0x00001a26                dtostrf
 .text.avr-libc
                0x00001a66       0x2c d:/software/atmel studio 7/7.0/toolchain/avr8/avr8-gnu-toolchain/bin/../lib/gcc/avr/5.4.0/../../../../avr/lib/avrxmega3\libc.a(printf.o)
                0x00001a66                printf
 .text.avr-libc
                0x00001a92       0x60 d:/software/atmel studio 7/7.0/toolchain/avr8/avr8-gnu-toolchain/bin/../lib/gcc/avr/5.4.0/../../../../avr/lib/avrxmega3\libc.a(puts.o)
                0x00001a92                puts
 .text.avr-libc
                0x00001af2      0x3c2 d:/software/atmel studio 7/7.0/toolchain/avr8/avr8-gnu-toolchain/bin/../lib/gcc/avr/5.4.0/../../../../avr/lib/avrxmega3\libc.a(vfprintf_std.o)
                0x00001af2                vfprintf
 .text.avr-libc
                0x00001eb4      0x2b4 d:/software/atmel studio 7/7.0/toolchain/avr8/avr8-gnu-toolchain/bin/../lib/gcc/avr/5.4.0/../../../../avr/lib/avrxmega3\libc.a(dtoa_prf.o)
                0x00001eb4                dtoa_prf
 .text.avr-libc
                0x00002168      0x1b0 d:/software/atmel studio 7/7.0/toolchain/avr8/avr8-gnu-toolchain/bin/../lib/gcc/avr/5.4.0/../../../../avr/lib/avrxmega3\libc.a(ftoa_engine.o)
                0x00002168                __ftoa_engine
 .text.avr-libc
                0x00002318       0x16 d:/software/atmel studio 7/7.0/toolchain/avr8/avr8-gnu-toolchain/bin/../lib/gcc/avr/5.4.0/../../../../avr/lib/avrxmega3\libc.a(strnlen_P.o)
                0x00002318                strnlen_P
 .text.avr-libc
                0x0000232e       0x16 d:/software/atmel studio 7/7.0/toolchain/avr8/avr8-gnu-toolchain/bin/../lib/gcc/avr/5.4.0/../../../../avr/lib/avrxmega3\libc.a(strnlen.o)
                0x0000232e                strnlen
 .text.avr-libc
                0x00002344       0x78 d:/software/atmel studio 7/7.0/toolchain/avr8/avr8-gnu-toolchain/bin/../lib/gcc/avr/5.4.0/../../../../avr/lib/avrxmega3\libc.a(fputc.o)
                0x00002344                fputc
 .text.avr-libc
                0x000023bc       0xbc d:/software/atmel studio 7/7.0/toolchain/avr8/avr8-gnu-toolchain/bin/../lib/gcc/avr/5.4.0/../../../../avr/lib/avrxmega3\libc.a(ultoa_invert.o)
                0x000023bc                __ultoa_invert
 .text.libgcc.prologue
                0x00002478       0x32 d:/software/atmel studio 7/7.0/toolchain/avr8/avr8-gnu-toolchain/bin/../lib/gcc/avr/5.4.0/avrxmega3\libgcc.a(_prologue.o)
                0x00002478                __prologue_saves__
 .text.libgcc.prologue
                0x000024aa       0x30 d:/software/atmel studio 7/7.0/toolchain/avr8/avr8-gnu-toolchain/bin/../lib/gcc/avr/5.4.0/avrxmega3\libgcc.a(_epilogue.o)
                0x000024aa                __epilogue_restores__
                0x000024da                . = ALIGN (0x2)
 *(.fini9)
 .fini9         0x000024da        0x0 d:/software/atmel studio 7/7.0/toolchain/avr8/avr8-gnu-toolchain/bin/../lib/gcc/avr/5.4.0/avrxmega3\libgcc.a(_exit.o)
                0x000024da                _exit
                0x000024da                exit
 *(.fini9)
 *(.fini8)
 *(.fini8)
 *(.fini7)
 *(.fini7)
 *(.fini6)
 *(.fini6)
 *(.fini5)
 *(.fini5)
 *(.fini4)
 *(.fini4)
 *(.fini3)
 *(.fini3)
 *(.fini2)
 *(.fini2)
 *(.fini1)
 *(.fini1)
 *(.fini0)
 .fini0         0x000024da        0x4 d:/software/atmel studio 7/7.0/toolchain/avr8/avr8-gnu-toolchain/bin/../lib/gcc/avr/5.4.0/avrxmega3\libgcc.a(_exit.o)
 *(.fini0)
                0x000024de                _etext = .

.rodata         0x0000a4de       0x6a load address 0x000024de
 *(.rodata)
 *(.rodata*)
 .rodata.str1.1
                0x0000a4de        0x5 main.o
 .rodata.str1.1
                0x0000a4e3        0xc tinyAxon/tinyAxon.o
 .rodata.str1.1
                0x0000a4ef       0x2a tinyDebugger/tinyDebugger.o
 .rodata.str1.1
                0x0000a519        0xf tinyDendrite/tinyDendrite.o
 .rodata.str1.1
                0x0000a528       0x16 tinyLED/tinyLED.o
 .rodata.str1.1
                0x0000a53e        0xa tinyPotential/tinyPotential.o
 *(.gnu.linkonce.r*)

.data           0x00803800       0x16 load address 0x00002548
                0x00803800                PROVIDE (__data_start, .)
 *(.data)
 *(.data*)
 .data.USART_0_stream
                0x00803800        0xe src/usart_basic.o
                0x00803800                USART_0_stream
 .data.Dendrite_ports
                0x0080380e        0x5 tinyDendrite/tinyDendrite.o
                0x0080380e                Dendrite_ports
 .data.ideal_time_between_pulses
                0x00803813        0x2 tinyPulse/tinyPulse.o
                0x00803813                ideal_time_between_pulses
 *(.gnu.linkonce.d*)
                0x00803816                . = ALIGN (0x2)
 *fill*         0x00803815        0x1 
                0x00803816                _edata = .
                0x00803816                PROVIDE (__data_end, .)

.bss            0x00803816       0x54
                0x00803816                PROVIDE (__bss_start, .)
 *(.bss)
 *(.bss*)
 .bss.pulse_queue
                0x00803816       0x14 tinyAxon/tinyAxon.o
                0x00803816                pulse_queue
 .bss.pulses_in_queue
                0x0080382a        0x1 tinyAxon/tinyAxon.o
                0x0080382a                pulses_in_queue
 .bss.axonOutputValue
                0x0080382b        0x1 tinyAxon/tinyAxon.o
                0x0080382b                axonOutputValue
 .bss.tinyAxon_should_fire
                0x0080382c        0x1 tinyAxon/tinyAxon.o
                0x0080382c                tinyAxon_should_fire
 .bss.tinyAxon_has_just_fired
                0x0080382d        0x1 tinyAxon/tinyAxon.o
                0x0080382d                tinyAxon_has_just_fired
 .bss.tinyButton_start_time
                0x0080382e        0x4 tinyButton/tinyButton.o
 .bss.button_press
                0x00803832        0x1 tinyButton/tinyButton.o
                0x00803832                button_press
 .bss.button_was_pushed_down
                0x00803833        0x1 tinyButton/tinyButton.o
 .bss.tinyDendrite_previous_signals
                0x00803834        0x5 tinyDendrite/tinyDendrite.o
                0x00803834                tinyDendrite_previous_signals
 .bss.tinyDendrite_current_signals
                0x00803839        0x5 tinyDendrite/tinyDendrite.o
                0x00803839                tinyDendrite_current_signals
 .bss.tinyDendrite_values
                0x0080383e        0x5 tinyDendrite/tinyDendrite.o
                0x0080383e                tinyDendrite_values
 .bss.tinyISR_interrupt_flag
                0x00803843        0x1 tinyISR/tinyISR.o
 .bss.previous_update_time
                0x00803844        0x4 tinyPotential/tinyPotential.o
 .bss.tinyPotential_potential
                0x00803848        0x4 tinyPotential/tinyPotential.o
 .bss.time_since_last_pulse
                0x0080384c        0x2 tinyPulse/tinyPulse.o
                0x0080384c                time_since_last_pulse
 .bss.time_of_last_pulse
                0x0080384e        0x4 tinyPulse/tinyPulse.o
                0x0080384e                time_of_last_pulse
 .bss.pulse_mode
                0x00803852        0x1 tinyPulse/tinyPulse.o
                0x00803852                pulse_mode
 .bss.time_counter
                0x00803853        0x4 tinyTime/tinyTime.o
                0x00803853                time_counter
 *(COMMON)
 COMMON         0x00803857        0x1 tinyCharge/tinyCharge.o
                0x00803857                connected_to_charger
 COMMON         0x00803858        0xc tinyLED/tinyLED.o
                0x00803858                tinyLED_flash_once_time
                0x0080385a                tinyLED_old_colors
                0x00803860                tinyLED_colors
 COMMON         0x00803864        0x6 d:/software/atmel studio 7/7.0/toolchain/avr8/avr8-gnu-toolchain/bin/../lib/gcc/avr/5.4.0/../../../../avr/lib/avrxmega3\libc.a(iob.o)
                0x00803864                __iob
                0x0080386a                PROVIDE (__bss_end, .)
                0x00002548                __data_load_start = LOADADDR (.data)
                0x0000255e                __data_load_end = (__data_load_start + SIZEOF (.data))

.noinit         0x0080386a        0x0
                [!provide]                PROVIDE (__noinit_start, .)
 *(.noinit*)
                [!provide]                PROVIDE (__noinit_end, .)
                0x0080386a                _end = .
                [!provide]                PROVIDE (__heap_start, .)

.eeprom         0x00810000        0x0
 *(.eeprom*)
                0x00810000                __eeprom_end = .

.fuse
 *(.fuse)
 *(.lfuse)
 *(.hfuse)
 *(.efuse)

.lock
 *(.lock*)

.signature
 *(.signature*)

.user_signatures
 *(.user_signatures*)

.stab
 *(.stab)

.stabstr
 *(.stabstr)

.stab.excl
 *(.stab.excl)

.stab.exclstr
 *(.stab.exclstr)

.stab.index
 *(.stab.index)

.stab.indexstr
 *(.stab.indexstr)

.comment        0x00000000       0x5c
 *(.comment)
 .comment       0x00000000       0x30 atmel_start.o
                                 0x31 (size before relaxing)
 .comment       0x00000030       0x31 main.o
 .comment       0x00000030       0x31 src/adc_basic.o
 .comment       0x00000030       0x31 src/bod.o
 .comment       0x00000030       0x31 src/ccl.o
 .comment       0x00000030       0x31 src/clkctrl.o
 .comment       0x00000030       0x31 src/cpuint.o
 .comment       0x00000030       0x31 src/dac_basic.o
 .comment       0x00000030       0x31 src/driver_init.o
 .comment       0x00000030       0x31 src/rtc.o
 .comment       0x00000030       0x31 src/slpctrl.o
 .comment       0x00000030       0x31 src/spi.o
 .comment       0x00000030       0x31 src/tca.o
 .comment       0x00000030       0x31 src/usart_basic.o
 .comment       0x00000030       0x31 tinyAxon/tinyAxon.o
 .comment       0x00000030       0x31 tinyButton/tinyButton.o
 .comment       0x00000030       0x31 tinyCharge/tinyCharge.o
 .comment       0x00000030       0x31 tinyDebugger/tinyDebugger.o
 .comment       0x00000030       0x31 tinyDendrite/tinyDendrite.o
 .comment       0x00000030       0x31 tinyISR/tinyISR.o
 .comment       0x00000030       0x31 tinyLED/tinyLED.o
 .comment       0x00000030       0x31 tinyPotential/tinyPotential.o
 .comment       0x00000030       0x31 tinyPulse/tinyPulse.o
 .comment       0x00000030       0x31 tinyTime/tinyTime.o
 .comment       0x00000030       0x31 d:/software/atmel studio 7/7.0/toolchain/avr8/avr8-gnu-toolchain/bin/../lib/gcc/avr/5.4.0/../../../../avr/lib/avrxmega3\libc.a(dtostrf.o)
 .comment       0x00000030       0x31 d:/software/atmel studio 7/7.0/toolchain/avr8/avr8-gnu-toolchain/bin/../lib/gcc/avr/5.4.0/../../../../avr/lib/avrxmega3\libc.a(iob.o)
 .comment       0x00000030       0x31 d:/software/atmel studio 7/7.0/toolchain/avr8/avr8-gnu-toolchain/bin/../lib/gcc/avr/5.4.0/../../../../avr/lib/avrxmega3\libc.a(printf.o)
 .comment       0x00000030       0x31 d:/software/atmel studio 7/7.0/toolchain/avr8/avr8-gnu-toolchain/bin/../lib/gcc/avr/5.4.0/../../../../avr/lib/avrxmega3\libc.a(puts.o)
 .comment       0x00000030       0x2c d:/software/atmel studio 7/7.0/toolchain/avr8/avr8-gnu-toolchain/bin/../lib/gcc/avr/5.4.0/../../../../avr/lib/avrxmega3\libc.a(vfprintf_std.o)
                                 0x2d (size before relaxing)
 .comment       0x0000005c       0x31 d:/software/atmel studio 7/7.0/toolchain/avr8/avr8-gnu-toolchain/bin/../lib/gcc/avr/5.4.0/../../../../avr/lib/avrxmega3\libc.a(dtoa_prf.o)
 .comment       0x0000005c       0x31 d:/software/atmel studio 7/7.0/toolchain/avr8/avr8-gnu-toolchain/bin/../lib/gcc/avr/5.4.0/../../../../avr/lib/avrxmega3\libc.a(fputc.o)

.note.gnu.avr.deviceinfo
                0x00000000       0x40
 .note.gnu.avr.deviceinfo
                0x00000000       0x40 D:/Software/Atmel Studio 7/7.0/Packs/Atmel/ATtiny_DFP/1.3.229/gcc/dev/attiny3217/avrxmega3/crtattiny3217.o

.note.gnu.build-id
 *(.note.gnu.build-id)

.debug
 *(.debug)

.line
 *(.line)

.debug_srcinfo
 *(.debug_srcinfo)

.debug_sfnames
 *(.debug_sfnames)

.debug_aranges  0x00000000      0x510
 *(.debug_aranges)
 .debug_aranges
                0x00000000       0x20 atmel_start.o
 .debug_aranges
                0x00000020       0x20 main.o
 .debug_aranges
                0x00000040       0x58 src/adc_basic.o
 .debug_aranges
                0x00000098       0x20 src/bod.o
 .debug_aranges
                0x000000b8       0x20 src/ccl.o
 .debug_aranges
                0x000000d8       0x20 src/clkctrl.o
 .debug_aranges
                0x000000f8       0x20 src/cpuint.o
 .debug_aranges
                0x00000118       0x48 src/dac_basic.o
 .debug_aranges
                0x00000160       0x58 src/driver_init.o
 .debug_aranges
                0x000001b8       0x20 src/protected_io.o
 .debug_aranges
                0x000001d8       0x20 src/rtc.o
 .debug_aranges
                0x000001f8       0x20 src/slpctrl.o
 .debug_aranges
                0x00000218       0x20 src/spi.o
 .debug_aranges
                0x00000238       0x20 src/tca.o
 .debug_aranges
                0x00000258       0x78 src/usart_basic.o
 .debug_aranges
                0x000002d0       0x50 tinyAxon/tinyAxon.o
 .debug_aranges
                0x00000320       0x28 tinyButton/tinyButton.o
 .debug_aranges
                0x00000348       0x58 tinyCharge/tinyCharge.o
 .debug_aranges
                0x000003a0       0x48 tinyDebugger/tinyDebugger.o
 .debug_aranges
                0x000003e8       0x40 tinyDendrite/tinyDendrite.o
 .debug_aranges
                0x00000428       0x30 tinyISR/tinyISR.o
 .debug_aranges
                0x00000458       0x48 tinyLED/tinyLED.o
 .debug_aranges
                0x000004a0       0x20 tinyPotential/tinyPotential.o
 .debug_aranges
                0x000004c0       0x28 tinyPulse/tinyPulse.o
 .debug_aranges
                0x000004e8       0x28 tinyTime/tinyTime.o

.debug_pubnames
 *(.debug_pubnames)

.debug_info     0x00000000     0x88db
 *(.debug_info .gnu.linkonce.wi.*)
 .debug_info    0x00000000     0x1c4d D:/Software/Atmel Studio 7/7.0/Packs/Atmel/ATtiny_DFP/1.3.229/gcc/dev/attiny3217/avrxmega3/crtattiny3217.o
 .debug_info    0x00001c4d       0x9a atmel_start.o
 .debug_info    0x00001ce7      0x368 main.o
 .debug_info    0x0000204f      0x4ee src/adc_basic.o
 .debug_info    0x0000253d       0x8d src/bod.o
 .debug_info    0x000025ca      0x5cd src/ccl.o
 .debug_info    0x00002b97      0x3fe src/clkctrl.o
 .debug_info    0x00002f95       0x8d src/cpuint.o
 .debug_info    0x00003022      0x19d src/dac_basic.o
 .debug_info    0x000031bf     0x16b6 src/driver_init.o
 .debug_info    0x00004875       0x98 src/protected_io.o
 .debug_info    0x0000490d      0x422 src/rtc.o
 .debug_info    0x00004d2f       0x8d src/slpctrl.o
 .debug_info    0x00004dbc      0x18f src/spi.o
 .debug_info    0x00004f4b      0xa74 src/tca.o
 .debug_info    0x000059bf      0x47d src/usart_basic.o
 .debug_info    0x00005e3c      0x525 tinyAxon/tinyAxon.o
 .debug_info    0x00006361      0x222 tinyButton/tinyButton.o
 .debug_info    0x00006583      0x4b3 tinyCharge/tinyCharge.o
 .debug_info    0x00006a36      0x2cf tinyDebugger/tinyDebugger.o
 .debug_info    0x00006d05      0x47d tinyDendrite/tinyDendrite.o
 .debug_info    0x00007182      0x3d8 tinyISR/tinyISR.o
 .debug_info    0x0000755a      0xfe4 tinyLED/tinyLED.o
 .debug_info    0x0000853e      0x1b7 tinyPotential/tinyPotential.o
 .debug_info    0x000086f5      0x130 tinyPulse/tinyPulse.o
 .debug_info    0x00008825       0xb6 tinyTime/tinyTime.o

.debug_abbrev   0x00000000     0x36de
 *(.debug_abbrev)
 .debug_abbrev  0x00000000     0x1ac8 D:/Software/Atmel Studio 7/7.0/Packs/Atmel/ATtiny_DFP/1.3.229/gcc/dev/attiny3217/avrxmega3/crtattiny3217.o
 .debug_abbrev  0x00001ac8       0x63 atmel_start.o
 .debug_abbrev  0x00001b2b       0xf4 main.o
 .debug_abbrev  0x00001c1f      0x1bc src/adc_basic.o
 .debug_abbrev  0x00001ddb       0x51 src/bod.o
 .debug_abbrev  0x00001e2c       0x9f src/ccl.o
 .debug_abbrev  0x00001ecb      0x116 src/clkctrl.o
 .debug_abbrev  0x00001fe1       0x51 src/cpuint.o
 .debug_abbrev  0x00002032       0xc2 src/dac_basic.o
 .debug_abbrev  0x000020f4      0x1cf src/driver_init.o
 .debug_abbrev  0x000022c3       0x14 src/protected_io.o
 .debug_abbrev  0x000022d7       0xd4 src/rtc.o
 .debug_abbrev  0x000023ab       0x51 src/slpctrl.o
 .debug_abbrev  0x000023fc       0x9f src/spi.o
 .debug_abbrev  0x0000249b       0xf0 src/tca.o
 .debug_abbrev  0x0000258b      0x204 src/usart_basic.o
 .debug_abbrev  0x0000278f      0x2a3 tinyAxon/tinyAxon.o
 .debug_abbrev  0x00002a32      0x16a tinyButton/tinyButton.o
 .debug_abbrev  0x00002b9c      0x213 tinyCharge/tinyCharge.o
 .debug_abbrev  0x00002daf      0x11b tinyDebugger/tinyDebugger.o
 .debug_abbrev  0x00002eca      0x17c tinyDendrite/tinyDendrite.o
 .debug_abbrev  0x00003046      0x157 tinyISR/tinyISR.o
 .debug_abbrev  0x0000319d      0x336 tinyLED/tinyLED.o
 .debug_abbrev  0x000034d3       0xe7 tinyPotential/tinyPotential.o
 .debug_abbrev  0x000035ba       0xa8 tinyPulse/tinyPulse.o
 .debug_abbrev  0x00003662       0x7c tinyTime/tinyTime.o

.debug_line     0x00000000     0x299c
 *(.debug_line .debug_line.* .debug_line_end)
 .debug_line    0x00000000      0x151 D:/Software/Atmel Studio 7/7.0/Packs/Atmel/ATtiny_DFP/1.3.229/gcc/dev/attiny3217/avrxmega3/crtattiny3217.o
 .debug_line    0x00000151       0x60 atmel_start.o
 .debug_line    0x000001b1      0x244 main.o
 .debug_line    0x000003f5      0x1f8 src/adc_basic.o
 .debug_line    0x000005ed       0x99 src/bod.o
 .debug_line    0x00000686      0x121 src/ccl.o
 .debug_line    0x000007a7      0x125 src/clkctrl.o
 .debug_line    0x000008cc       0xa2 src/cpuint.o
 .debug_line    0x0000096e      0x190 src/dac_basic.o
 .debug_line    0x00000afe      0x3fb src/driver_init.o
 .debug_line    0x00000ef9       0x55 src/protected_io.o
 .debug_line    0x00000f4e      0x131 src/rtc.o
 .debug_line    0x0000107f       0x9d src/slpctrl.o
 .debug_line    0x0000111c       0xfd src/spi.o
 .debug_line    0x00001219      0x109 src/tca.o
 .debug_line    0x00001322      0x25b src/usart_basic.o
 .debug_line    0x0000157d      0x37c tinyAxon/tinyAxon.o
 .debug_line    0x000018f9      0x1e8 tinyButton/tinyButton.o
 .debug_line    0x00001ae1      0x2a2 tinyCharge/tinyCharge.o
 .debug_line    0x00001d83      0x162 tinyDebugger/tinyDebugger.o
 .debug_line    0x00001ee5      0x314 tinyDendrite/tinyDendrite.o
 .debug_line    0x000021f9      0x151 tinyISR/tinyISR.o
 .debug_line    0x0000234a      0x2f5 tinyLED/tinyLED.o
 .debug_line    0x0000263f      0x1ab tinyPotential/tinyPotential.o
 .debug_line    0x000027ea       0xf3 tinyPulse/tinyPulse.o
 .debug_line    0x000028dd       0xbf tinyTime/tinyTime.o

.debug_frame    0x00000000      0x968
 *(.debug_frame)
 .debug_frame   0x00000000       0x24 atmel_start.o
 .debug_frame   0x00000024       0x24 main.o
 .debug_frame   0x00000048       0x94 src/adc_basic.o
 .debug_frame   0x000000dc       0x24 src/bod.o
 .debug_frame   0x00000100       0x24 src/ccl.o
 .debug_frame   0x00000124       0x24 src/clkctrl.o
 .debug_frame   0x00000148       0x24 src/cpuint.o
 .debug_frame   0x0000016c       0x74 src/dac_basic.o
 .debug_frame   0x000001e0       0x94 src/driver_init.o
 .debug_frame   0x00000274       0x24 src/rtc.o
 .debug_frame   0x00000298       0x24 src/slpctrl.o
 .debug_frame   0x000002bc       0x24 src/spi.o
 .debug_frame   0x000002e0       0x24 src/tca.o
 .debug_frame   0x00000304       0xd4 src/usart_basic.o
 .debug_frame   0x000003d8       0xa0 tinyAxon/tinyAxon.o
 .debug_frame   0x00000478       0x48 tinyButton/tinyButton.o
 .debug_frame   0x000004c0       0x94 tinyCharge/tinyCharge.o
 .debug_frame   0x00000554      0x108 tinyDebugger/tinyDebugger.o
 .debug_frame   0x0000065c       0xf4 tinyDendrite/tinyDendrite.o
 .debug_frame   0x00000750       0x90 tinyISR/tinyISR.o
 .debug_frame   0x000007e0       0xd4 tinyLED/tinyLED.o
 .debug_frame   0x000008b4       0x38 tinyPotential/tinyPotential.o
 .debug_frame   0x000008ec       0x48 tinyPulse/tinyPulse.o
 .debug_frame   0x00000934       0x34 tinyTime/tinyTime.o

.debug_str      0x00000000     0x35e7
 *(.debug_str)
 .debug_str     0x00000000      0xc0f D:/Software/Atmel Studio 7/7.0/Packs/Atmel/ATtiny_DFP/1.3.229/gcc/dev/attiny3217/avrxmega3/crtattiny3217.o
 .debug_str     0x00000c0f      0x178 atmel_start.o
                                0x1ac (size before relaxing)
 .debug_str     0x00000d87      0x2e4 main.o
                                0x427 (size before relaxing)
 .debug_str     0x0000106b      0x42d src/adc_basic.o
                                0x5f5 (size before relaxing)
 .debug_str     0x00001498       0x16 src/bod.o
                                0x199 (size before relaxing)
 .debug_str     0x000014ae      0x6ba src/ccl.o
                                0x881 (size before relaxing)
 .debug_str     0x00001b68      0x28b src/clkctrl.o
                                0x50e (size before relaxing)
 .debug_str     0x00001df3       0x1c src/cpuint.o
                                0x19f (size before relaxing)
 .debug_str     0x00001e0f       0x93 src/dac_basic.o
                                0x25b (size before relaxing)
 .debug_str     0x00001ea2      0x616 src/driver_init.o
                                0x966 (size before relaxing)
 .debug_str     0x000024b8      0x351 src/rtc.o
                                0x624 (size before relaxing)
 .debug_str     0x00002809       0x11 src/slpctrl.o
                                0x1a1 (size before relaxing)
 .debug_str     0x0000281a       0xbf src/spi.o
                                0x2ad (size before relaxing)
 .debug_str     0x000028d9      0x20d src/tca.o
                                0x69d (size before relaxing)
 .debug_str     0x00002ae6      0x1da src/usart_basic.o
                                0x3ef (size before relaxing)
 .debug_str     0x00002cc0      0x208 tinyAxon/tinyAxon.o
                                0x484 (size before relaxing)
 .debug_str     0x00002ec8       0xdb tinyButton/tinyButton.o
                                0x2eb (size before relaxing)
 .debug_str     0x00002fa3       0xd2 tinyCharge/tinyCharge.o
                                0x470 (size before relaxing)
 .debug_str     0x00003075       0x9e tinyDebugger/tinyDebugger.o
                                0x2bb (size before relaxing)
 .debug_str     0x00003113      0x184 tinyDendrite/tinyDendrite.o
                                0x422 (size before relaxing)
 .debug_str     0x00003297       0x5f tinyISR/tinyISR.o
                                0x385 (size before relaxing)
 .debug_str     0x000032f6      0x1dd tinyLED/tinyLED.o
                                0x8d9 (size before relaxing)
 .debug_str     0x000034d3       0x94 tinyPotential/tinyPotential.o
                                0x2e3 (size before relaxing)
 .debug_str     0x00003567       0x5c tinyPulse/tinyPulse.o
                                0x273 (size before relaxing)
 .debug_str     0x000035c3       0x24 tinyTime/tinyTime.o
                                0x1d1 (size before relaxing)

.debug_loc      0x00000000     0x1916
 *(.debug_loc)
 .debug_loc     0x00000000       0x87 src/adc_basic.o
 .debug_loc     0x00000087       0x52 src/clkctrl.o
 .debug_loc     0x000000d9      0x724 src/driver_init.o
 .debug_loc     0x000007fd       0x47 src/usart_basic.o
 .debug_loc     0x00000844      0x21c tinyAxon/tinyAxon.o
 .debug_loc     0x00000a60       0xc3 tinyButton/tinyButton.o
 .debug_loc     0x00000b23       0xac tinyCharge/tinyCharge.o
 .debug_loc     0x00000bcf      0x40a tinyDebugger/tinyDebugger.o
 .debug_loc     0x00000fd9      0x3e2 tinyDendrite/tinyDendrite.o
 .debug_loc     0x000013bb       0xec tinyISR/tinyISR.o
 .debug_loc     0x000014a7      0x36b tinyLED/tinyLED.o
 .debug_loc     0x00001812       0x71 tinyPotential/tinyPotential.o
 .debug_loc     0x00001883       0x93 tinyPulse/tinyPulse.o

.debug_macinfo
 *(.debug_macinfo)

.debug_weaknames
 *(.debug_weaknames)

.debug_funcnames
 *(.debug_funcnames)

.debug_typenames
 *(.debug_typenames)

.debug_varnames
 *(.debug_varnames)

.debug_pubtypes
 *(.debug_pubtypes)

.debug_ranges   0x00000000      0x388
 *(.debug_ranges)
 .debug_ranges  0x00000000       0x10 atmel_start.o
 .debug_ranges  0x00000010       0x10 main.o
 .debug_ranges  0x00000020       0x48 src/adc_basic.o
 .debug_ranges  0x00000068       0x10 src/bod.o
 .debug_ranges  0x00000078       0x10 src/ccl.o
 .debug_ranges  0x00000088       0x10 src/clkctrl.o
 .debug_ranges  0x00000098       0x10 src/cpuint.o
 .debug_ranges  0x000000a8       0x38 src/dac_basic.o
 .debug_ranges  0x000000e0       0x48 src/driver_init.o
 .debug_ranges  0x00000128       0x10 src/rtc.o
 .debug_ranges  0x00000138       0x10 src/slpctrl.o
 .debug_ranges  0x00000148       0x10 src/spi.o
 .debug_ranges  0x00000158       0x10 src/tca.o
 .debug_ranges  0x00000168       0x68 src/usart_basic.o
 .debug_ranges  0x000001d0       0x58 tinyAxon/tinyAxon.o
 .debug_ranges  0x00000228       0x18 tinyButton/tinyButton.o
 .debug_ranges  0x00000240       0x48 tinyCharge/tinyCharge.o
 .debug_ranges  0x00000288       0x38 tinyDebugger/tinyDebugger.o
 .debug_ranges  0x000002c0       0x30 tinyDendrite/tinyDendrite.o
 .debug_ranges  0x000002f0       0x20 tinyISR/tinyISR.o
 .debug_ranges  0x00000310       0x38 tinyLED/tinyLED.o
 .debug_ranges  0x00000348       0x10 tinyPotential/tinyPotential.o
 .debug_ranges  0x00000358       0x18 tinyPulse/tinyPulse.o
 .debug_ranges  0x00000370       0x18 tinyTime/tinyTime.o

.debug_macro
 *(.debug_macro)
OUTPUT(Hjernebyggesett_V4.elf elf32-avr)
LOAD linker stubs
