Archive member included to satisfy reference by file (symbol)

d:/various programs/atmelstudio/7.0/toolchain/avr8/avr8-gnu-toolchain/bin/../lib/gcc/avr/5.4.0/../../../../avr/lib/avrxmega3\libm.a(addsf3.o)
                              tinyAxon/tinyAxon.o (__subsf3)
d:/various programs/atmelstudio/7.0/toolchain/avr8/avr8-gnu-toolchain/bin/../lib/gcc/avr/5.4.0/../../../../avr/lib/avrxmega3\libm.a(addsf3x.o)
                              d:/various programs/atmelstudio/7.0/toolchain/avr8/avr8-gnu-toolchain/bin/../lib/gcc/avr/5.4.0/../../../../avr/lib/avrxmega3\libm.a(addsf3.o) (__addsf3x)
d:/various programs/atmelstudio/7.0/toolchain/avr8/avr8-gnu-toolchain/bin/../lib/gcc/avr/5.4.0/../../../../avr/lib/avrxmega3\libm.a(cmpsf2.o)
                              tinyAxon/tinyAxon.o (__ltsf2)
d:/various programs/atmelstudio/7.0/toolchain/avr8/avr8-gnu-toolchain/bin/../lib/gcc/avr/5.4.0/../../../../avr/lib/avrxmega3\libm.a(divsf3.o)
                              tinyLED/tinyLED.o (__divsf3)
d:/various programs/atmelstudio/7.0/toolchain/avr8/avr8-gnu-toolchain/bin/../lib/gcc/avr/5.4.0/../../../../avr/lib/avrxmega3\libm.a(divsf3x.o)
                              d:/various programs/atmelstudio/7.0/toolchain/avr8/avr8-gnu-toolchain/bin/../lib/gcc/avr/5.4.0/../../../../avr/lib/avrxmega3\libm.a(divsf3.o) (__divsf3x)
d:/various programs/atmelstudio/7.0/toolchain/avr8/avr8-gnu-toolchain/bin/../lib/gcc/avr/5.4.0/../../../../avr/lib/avrxmega3\libm.a(exp.o)
                              tinyPotential/tinyPotential.o (exp)
d:/various programs/atmelstudio/7.0/toolchain/avr8/avr8-gnu-toolchain/bin/../lib/gcc/avr/5.4.0/../../../../avr/lib/avrxmega3\libm.a(fixsfsi.o)
                              tinyLED/tinyLED.o (__fixsfsi)
d:/various programs/atmelstudio/7.0/toolchain/avr8/avr8-gnu-toolchain/bin/../lib/gcc/avr/5.4.0/../../../../avr/lib/avrxmega3\libm.a(fixunssfsi.o)
                              tinyLED/tinyLED.o (__fixunssfsi)
d:/various programs/atmelstudio/7.0/toolchain/avr8/avr8-gnu-toolchain/bin/../lib/gcc/avr/5.4.0/../../../../avr/lib/avrxmega3\libm.a(floatsisf.o)
                              tinyLED/tinyLED.o (__floatunsisf)
d:/various programs/atmelstudio/7.0/toolchain/avr8/avr8-gnu-toolchain/bin/../lib/gcc/avr/5.4.0/../../../../avr/lib/avrxmega3\libm.a(fmin.o)
                              tinyLED/tinyLED.o (fmin)
d:/various programs/atmelstudio/7.0/toolchain/avr8/avr8-gnu-toolchain/bin/../lib/gcc/avr/5.4.0/../../../../avr/lib/avrxmega3\libm.a(fp_cmp.o)
                              d:/various programs/atmelstudio/7.0/toolchain/avr8/avr8-gnu-toolchain/bin/../lib/gcc/avr/5.4.0/../../../../avr/lib/avrxmega3\libm.a(cmpsf2.o) (__fp_cmp)
d:/various programs/atmelstudio/7.0/toolchain/avr8/avr8-gnu-toolchain/bin/../lib/gcc/avr/5.4.0/../../../../avr/lib/avrxmega3\libm.a(fp_inf.o)
                              d:/various programs/atmelstudio/7.0/toolchain/avr8/avr8-gnu-toolchain/bin/../lib/gcc/avr/5.4.0/../../../../avr/lib/avrxmega3\libm.a(addsf3x.o) (__fp_inf)
d:/various programs/atmelstudio/7.0/toolchain/avr8/avr8-gnu-toolchain/bin/../lib/gcc/avr/5.4.0/../../../../avr/lib/avrxmega3\libm.a(fp_nan.o)
                              d:/various programs/atmelstudio/7.0/toolchain/avr8/avr8-gnu-toolchain/bin/../lib/gcc/avr/5.4.0/../../../../avr/lib/avrxmega3\libm.a(addsf3x.o) (__fp_nan)
d:/various programs/atmelstudio/7.0/toolchain/avr8/avr8-gnu-toolchain/bin/../lib/gcc/avr/5.4.0/../../../../avr/lib/avrxmega3\libm.a(fp_powser.o)
                              d:/various programs/atmelstudio/7.0/toolchain/avr8/avr8-gnu-toolchain/bin/../lib/gcc/avr/5.4.0/../../../../avr/lib/avrxmega3\libm.a(exp.o) (__fp_powser)
d:/various programs/atmelstudio/7.0/toolchain/avr8/avr8-gnu-toolchain/bin/../lib/gcc/avr/5.4.0/../../../../avr/lib/avrxmega3\libm.a(fp_pscA.o)
                              d:/various programs/atmelstudio/7.0/toolchain/avr8/avr8-gnu-toolchain/bin/../lib/gcc/avr/5.4.0/../../../../avr/lib/avrxmega3\libm.a(addsf3x.o) (__fp_pscA)
d:/various programs/atmelstudio/7.0/toolchain/avr8/avr8-gnu-toolchain/bin/../lib/gcc/avr/5.4.0/../../../../avr/lib/avrxmega3\libm.a(fp_pscB.o)
                              d:/various programs/atmelstudio/7.0/toolchain/avr8/avr8-gnu-toolchain/bin/../lib/gcc/avr/5.4.0/../../../../avr/lib/avrxmega3\libm.a(addsf3x.o) (__fp_pscB)
d:/various programs/atmelstudio/7.0/toolchain/avr8/avr8-gnu-toolchain/bin/../lib/gcc/avr/5.4.0/../../../../avr/lib/avrxmega3\libm.a(fp_round.o)
                              d:/various programs/atmelstudio/7.0/toolchain/avr8/avr8-gnu-toolchain/bin/../lib/gcc/avr/5.4.0/../../../../avr/lib/avrxmega3\libm.a(addsf3.o) (__fp_round)
d:/various programs/atmelstudio/7.0/toolchain/avr8/avr8-gnu-toolchain/bin/../lib/gcc/avr/5.4.0/../../../../avr/lib/avrxmega3\libm.a(fp_split3.o)
                              d:/various programs/atmelstudio/7.0/toolchain/avr8/avr8-gnu-toolchain/bin/../lib/gcc/avr/5.4.0/../../../../avr/lib/avrxmega3\libm.a(addsf3x.o) (__fp_split3)
[...]
Memory Configuration

Name             Origin             Length             Attributes
text             0x00000000         0x00100000         xr
data             0x00802000         0x0000ffa0         rw !x
eeprom           0x00810000         0x00010000         rw !x
fuse             0x00820000         0x00000009         rw !x
lock             0x00830000         0x00000400         rw !x
signature        0x00840000         0x00000400         rw !x
user_signatures  0x00850000         0x00000400         rw !x
*default*        0x00000000         0xffffffff

Linker script and memory map

Address of section .data set to 0x803800
                0x00008000                __RODATA_PM_OFFSET__ = 0x8000
LOAD D:/Various programs/AtmelStudio/7.0/Packs/Atmel/ATtiny_DFP/1.3.229/gcc/dev/attiny3217/avrxmega3/crtattiny3217.o
LOAD atmel_start.o
LOAD driver_isr.o
LOAD examples/src/adc_basic_example.o
LOAD examples/src/dac_basic_example.o
LOAD examples/src/usart_basic_example.o
LOAD main.o
LOAD src/adc_basic.o
LOAD src/bod.o
LOAD src/ccl.o
LOAD src/clkctrl.o
LOAD src/cpuint.o
LOAD src/dac_basic.o
LOAD src/driver_init.o
LOAD src/protected_io.o
LOAD src/rtc.o
LOAD src/slpctrl.o
LOAD src/spi.o
LOAD src/tca.o
LOAD src/usart_basic.o
LOAD tinyAxon/tinyAxon.o
LOAD tinyButton/tinyButton.o
LOAD tinyCharge/tinyCharge.o
LOAD tinyDebugger/tinyDebugger.o
LOAD tinyDendrite/tinyDendrite.o
LOAD tinyISR/tinyISR.o
LOAD tinyLED/tinyLED.o
LOAD tinyPotential/tinyPotential.o
LOAD tinyPulse/tinyPulse.o
LOAD tinySleep/tinySleep.o
LOAD tinyTester/tinyTester.o
LOAD tinyTime/tinyTime.o
START GROUP
LOAD d:/various programs/atmelstudio/7.0/toolchain/avr8/avr8-gnu-toolchain/bin/../lib/gcc/avr/5.4.0/../../../../avr/lib/avrxmega3\libm.a
END GROUP
START GROUP
LOAD d:/various programs/atmelstudio/7.0/toolchain/avr8/avr8-gnu-toolchain/bin/../lib/gcc/avr/5.4.0/avrxmega3\libgcc.a
LOAD d:/various programs/atmelstudio/7.0/toolchain/avr8/avr8-gnu-toolchain/bin/../lib/gcc/avr/5.4.0/../../../../avr/lib/avrxmega3\libm.a
LOAD d:/various programs/atmelstudio/7.0/toolchain/avr8/avr8-gnu-toolchain/bin/../lib/gcc/avr/5.4.0/../../../../avr/lib/avrxmega3\libc.a
LOAD D:/Various programs/AtmelStudio/7.0/Packs/Atmel/ATtiny_DFP/1.3.229/gcc/dev/attiny3217/avrxmega3\libattiny3217.a
END GROUP
                0x00000000                __TEXT_REGION_ORIGIN__ = DEFINED (__TEXT_REGION_ORIGIN__)?__TEXT_REGION_ORIGIN__:0x0
                0x00802000                __DATA_REGION_ORIGIN__ = DEFINED (__DATA_REGION_ORIGIN__)?__DATA_REGION_ORIGIN__:0x802000
                0x00100000                __TEXT_REGION_LENGTH__ = DEFINED (__TEXT_REGION_LENGTH__)?__TEXT_REGION_LENGTH__:0x100000
                0x0000ffa0                __DATA_REGION_LENGTH__ = DEFINED (__DATA_REGION_LENGTH__)?__DATA_REGION_LENGTH__:0xffa0
                0x00010000                __EEPROM_REGION_LENGTH__ = DEFINED (__EEPROM_REGION_LENGTH__)?__EEPROM_REGION_LENGTH__:0x10000
                [0x00000009]                __FUSE_REGION_LENGTH__ = DEFINED (__FUSE_REGION_LENGTH__)?__FUSE_REGION_LENGTH__:0x400
                0x00000400                __LOCK_REGION_LENGTH__ = DEFINED (__LOCK_REGION_LENGTH__)?__LOCK_REGION_LENGTH__:0x400
                0x00000400                __SIGNATURE_REGION_LENGTH__ = DEFINED (__SIGNATURE_REGION_LENGTH__)?__SIGNATURE_REGION_LENGTH__:0x400
                0x00000400                __USER_SIGNATURE_REGION_LENGTH__ = DEFINED (__USER_SIGNATURE_REGION_LENGTH__)?__USER_SIGNATURE_REGION_LENGTH__:0x400
                0x00008000                __RODATA_PM_OFFSET__ = DEFINED (__RODATA_PM_OFFSET__)?__RODATA_PM_OFFSET__:0x8000

.hash
 *(.hash)

.dynsym
 *(.dynsym)

.dynstr
 *(.dynstr)

.gnu.version
 *(.gnu.version)

.gnu.version_d
 *(.gnu.version_d)

.gnu.version_r
 *(.gnu.version_r)

.rel.init
 *(.rel.init)

.rela.init
 *(.rela.init)

.rel.text
 *(.rel.text)
 *(.rel.text.*)
 *(.rel.gnu.linkonce.t*)

.rela.text
 *(.rela.text)
 *(.rela.text.*)
 *(.rela.gnu.linkonce.t*)

.rel.fini
 *(.rel.fini)

.rela.fini
 *(.rela.fini)

.rel.rodata
 *(.rel.rodata)
 *(.rel.rodata.*)
 *(.rel.gnu.linkonce.r*)

.rela.rodata
 *(.rela.rodata)
 *(.rela.rodata.*)
 *(.rela.gnu.linkonce.r*)

.rel.data
 *(.rel.data)
 *(.rel.data.*)
 *(.rel.gnu.linkonce.d*)

.rela.data
 *(.rela.data)
 *(.rela.data.*)
 *(.rela.gnu.linkonce.d*)

.rel.ctors
 *(.rel.ctors)

.rela.ctors
 *(.rela.ctors)

.rel.dtors
 *(.rel.dtors)

.rela.dtors
 *(.rela.dtors)

.rel.got
 *(.rel.got)

.rela.got
 *(.rela.got)

.rel.bss
 *(.rel.bss)

.rela.bss
 *(.rela.bss)

.rel.plt
 *(.rel.plt)

.rela.plt
 *(.rela.plt)

.text           0x00000000     0x1ac0
 *(.vectors)
 .vectors       0x00000000       0x7c D:/Various programs/AtmelStudio/7.0/Packs/Atmel/ATtiny_DFP/1.3.229/gcc/dev/attiny3217/avrxmega3/crtattiny3217.o
                0x00000000                __vector_default
                0x00000000                __vectors
 *(.vectors)
 *(.progmem.gcc*)
 .progmem.gcc_fplib
                0x0000007c       0x28 d:/various programs/atmelstudio/7.0/toolchain/avr8/avr8-gnu-toolchain/bin/../lib/gcc/avr/5.4.0/../../../../avr/lib/avrxmega3\libm.a(exp.o)
 .progmem.gcc_fplib
                0x000000a4       0x1e d:/various programs/atmelstudio/7.0/toolchain/avr8/avr8-gnu-toolchain/bin/../lib/gcc/avr/5.4.0/../../../../avr/lib/avrxmega3\libm.a(fp_sinus.o)
                0x000000c2                . = ALIGN (0x2)
                0x000000c2                __trampolines_start = .
 *(.trampolines)
 .trampolines   0x000000c2        0x0 linker stubs
 *(.trampolines*)
                0x000000c2                __trampolines_end = .
 *libprintf_flt.a:*(.progmem.data)
 *libc.a:*(.progmem.data)
 *(.progmem*)
                0x000000c2                . = ALIGN (0x2)
 *(.jumptables)
 *(.jumptables*)
 *(.lowtext)
 *(.lowtext*)
                0x000000c2                __ctors_start = .
 *(.ctors)
                0x000000c2                __ctors_end = .
                0x000000c2                __dtors_start = .
 *(.dtors)
                0x000000c2                __dtors_end = .
 SORT(*)(.ctors)
 SORT(*)(.dtors)
 *(.init0)
 .init0         0x000000c2        0x0 D:/Various programs/AtmelStudio/7.0/Packs/Atmel/ATtiny_DFP/1.3.229/gcc/dev/attiny3217/avrxmega3/crtattiny3217.o
                0x000000c2                __init
 *(.init0)
 *(.init1)
 *(.init1)
 *(.init2)
 .init2         0x000000c2        0xc D:/Various programs/AtmelStudio/7.0/Packs/Atmel/ATtiny_DFP/1.3.229/gcc/dev/attiny3217/avrxmega3/crtattiny3217.o
 *(.init2)
 *(.init3)
 *(.init3)
 *(.init4)
 .init4         0x000000ce       0x16 d:/various programs/atmelstudio/7.0/toolchain/avr8/avr8-gnu-toolchain/bin/../lib/gcc/avr/5.4.0/avrxmega3\libgcc.a(_copy_data.o)
                0x000000ce                __do_copy_data
 .init4         0x000000e4       0x10 d:/various programs/atmelstudio/7.0/toolchain/avr8/avr8-gnu-toolchain/bin/../lib/gcc/avr/5.4.0/avrxmega3\libgcc.a(_clear_bss.o)
                0x000000e4                __do_clear_bss
 *(.init4)
 *(.init5)
 *(.init5)
 *(.init6)
 *(.init6)
 *(.init7)
 *(.init7)
 *(.init8)
 *(.init8)
 *(.init9)
 .init9         0x000000f4        0x8 D:/Various programs/AtmelStudio/7.0/Packs/Atmel/ATtiny_DFP/1.3.229/gcc/dev/attiny3217/avrxmega3/crtattiny3217.o
 *(.init9)
 *(.text)
 .text          0x000000fc        0x4 D:/Various programs/AtmelStudio/7.0/Packs/Atmel/ATtiny_DFP/1.3.229/gcc/dev/attiny3217/avrxmega3/crtattiny3217.o
                0x000000fc                __vector_22
                0x000000fc                __vector_28
                0x000000fc                __vector_1
                0x000000fc                __vector_24
                0x000000fc                __vector_12
                0x000000fc                __bad_interrupt
                0x000000fc                __vector_3
                0x000000fc                __vector_23
                0x000000fc                __vector_30
                0x000000fc                __vector_25
                0x000000fc                __vector_11
                0x000000fc                __vector_13
                0x000000fc                __vector_17
                0x000000fc                __vector_19
                0x000000fc                __vector_7
                0x000000fc                __vector_27
                0x000000fc                __vector_5
                0x000000fc                __vector_4
                0x000000fc                __vector_9
                0x000000fc                __vector_2
                0x000000fc                __vector_21
                0x000000fc                __vector_15
                0x000000fc                __vector_29
                0x000000fc                __vector_8
                0x000000fc                __vector_26
                0x000000fc                __vector_14
                0x000000fc                __vector_10
                0x000000fc                __vector_16
                0x000000fc                __vector_18
                0x000000fc                __vector_20
                0x00000100                . = ALIGN (0x2)
 *(.text.*)
 .text.atmel_start_init
                0x00000100        0x6 atmel_start.o
                0x00000100                atmel_start_init
 .text.main     0x00000106       0x94 main.o
                0x00000106                main
 .text.ADC_0_init
                0x0000019a       0x10 src/adc_basic.o
                0x0000019a                ADC_0_init
 .text.ADC_0_is_conversion_done
                0x000001aa        0x8 src/adc_basic.o
                0x000001aa                ADC_0_is_conversion_done
 .text.ADC_0_get_conversion
                0x000001b2       0x24 src/adc_basic.o
                0x000001b2                ADC_0_get_conversion
 .text.BOD_init
                0x000001d6        0x4 src/bod.o
                0x000001d6                BOD_init
 .text.DIGITAL_GLUE_LOGIC_0_init
                0x000001da       0x22 src/ccl.o
                0x000001da                DIGITAL_GLUE_LOGIC_0_init
 .text.CLKCTRL_init
                0x000001fc       0x1c src/clkctrl.o
                0x000001fc                CLKCTRL_init
 .text.CPUINT_init
                0x00000218        0x6 src/cpuint.o
                0x00000218                CPUINT_init
 .text.DAC_0_init
                0x0000021e        0xa src/dac_basic.o
                0x0000021e                DAC_0_init
 .text.DAC_0_uninit
                0x00000228        0xa src/dac_basic.o
                0x00000228                DAC_0_uninit
 .text.DAC_0_enable
                0x00000232        0xc src/dac_basic.o
                0x00000232                DAC_0_enable
 .text.DAC_0_disable
                0x0000023e        0xc src/dac_basic.o
                0x0000023e                DAC_0_disable
 .text.DAC_0_set_output
                0x0000024a        0x6 src/dac_basic.o
                0x0000024a                DAC_0_set_output
 .text.mcu_init
                0x00000250       0x38 src/driver_init.o
                0x00000250                mcu_init
 .text.ADC_0_initialization
                0x00000288       0x60 src/driver_init.o
                0x00000288                ADC_0_initialization
 .text.USART_0_initialization
                0x000002e8       0x16 src/driver_init.o
                0x000002e8                USART_0_initialization
 .text.TIMER_0_initialization
                0x000002fe       0x14 src/driver_init.o
                0x000002fe                TIMER_0_initialization
 .text.DIGITAL_GLUE_LOGIC_0_initialization
                0x00000312       0x14 src/driver_init.o
                0x00000312                DIGITAL_GLUE_LOGIC_0_initialization
 .text.SPI_0_initialization
                0x00000326       0x1e src/driver_init.o
                0x00000326                SPI_0_initialization
 .text.DAC_0_initialization
                0x00000344       0x18 src/driver_init.o
                0x00000344                DAC_0_initialization
 .text.system_init
                0x0000035c       0x5e src/driver_init.o
                0x0000035c                system_init
 .text.protected_write_io
                0x000003ba        0x8 src/protected_io.o
                0x000003ba                protected_write_io
 .text.RTC_0_init
                0x000003c2       0x34 src/rtc.o
                0x000003c2                RTC_0_init
 .text.SLPCTRL_init
                0x000003f6        0x4 src/slpctrl.o
                0x000003f6                SLPCTRL_init
 .text.SPI_0_init
                0x000003fa       0x10 src/spi.o
                0x000003fa                SPI_0_init
 .text.TIMER_0_init
                0x0000040a       0x20 src/tca.o
                0x0000040a                TIMER_0_init
 .text.USART_0_init
                0x0000042a       0x20 src/usart_basic.o
                0x0000042a                USART_0_init
 .text.USART_0_write
                0x0000044a       0x10 src/usart_basic.o
                0x0000044a                USART_0_write
 .text.USART_0_printCHAR
                0x0000045a        0xa src/usart_basic.o
                0x0000045a                USART_0_printCHAR
 .text.tinyAxon_add_pulse
                0x00000464       0x4a tinyAxon/tinyAxon.o
 .text.tinyAxon_is_firing
                0x000004ae        0xe tinyAxon/tinyAxon.o
                0x000004ae                tinyAxon_is_firing
 .text.tinyAxon_get_pulses_in_queue
                0x000004bc        0x6 tinyAxon/tinyAxon.o
                0x000004bc                tinyAxon_get_pulses_in_queue
 .text.find_newest_pulse
                0x000004c2       0x26 tinyAxon/tinyAxon.o
                0x000004c2                find_newest_pulse
 .text.tinyAxon_time_until_next_pulse
                0x000004e8       0x3c tinyAxon/tinyAxon.o
                0x000004e8                tinyAxon_time_until_next_pulse
 .text.tinyAxon_stop_sending_pulse
                0x00000524        0xe tinyAxon/tinyAxon.o
                0x00000524                tinyAxon_stop_sending_pulse
 .text.tinyAxon_remove_pulse
                0x00000532       0x44 tinyAxon/tinyAxon.o
                0x00000532                tinyAxon_remove_pulse
 .text.tinyAxon_update_potential
                0x00000576      0x15a tinyAxon/tinyAxon.o
                0x00000576                tinyAxon_update_potential
 .text.tinyAxon_check_charge_level
                0x000006d0       0x16 tinyAxon/tinyAxon.o
                0x000006d0                tinyAxon_check_charge_level
 .text.tinyButton_update
                0x000006e6       0xb6 tinyButton/tinyButton.o
                0x000006e6                tinyButton_update
 .text.tinyButton_update_potential
                0x0000079c       0x16 tinyButton/tinyButton.o
                0x0000079c                tinyButton_update_potential
 .text.tinyCharge_is_connected_to_charger
                0x000007b2        0x6 tinyCharge/tinyCharge.o
                0x000007b2                tinyCharge_is_connected_to_charger
 .text.tinyCharge_is_fully_charged
                0x000007b8        0xa tinyCharge/tinyCharge.o
                0x000007b8                tinyCharge_is_fully_charged
 .text.tinyCharge_DAC_dissable
                0x000007c2        0xa tinyCharge/tinyCharge.o
                0x000007c2                tinyCharge_DAC_dissable
 .text.tinyCharge_DAC_enable
                0x000007cc        0xa tinyCharge/tinyCharge.o
                0x000007cc                tinyCharge_DAC_enable
 .text.tinyCharge_switch_mode
                0x000007d6       0x40 tinyCharge/tinyCharge.o
                0x000007d6                tinyCharge_switch_mode
 .text.tinyCharge_set_charging_mode
                0x00000816       0x12 tinyCharge/tinyCharge.o
                0x00000816                tinyCharge_set_charging_mode
 .text.tinyCharge_update_charging_mode
                0x00000828       0x74 tinyCharge/tinyCharge.o
                0x00000828                tinyCharge_update_charging_mode
 .text.tinyCharge_set_transistors
                0x0000089c       0x14 tinyCharge/tinyCharge.o
                0x0000089c                tinyCharge_set_transistors
 .text.tinyDebugger_send_int
                0x000008b0        0x2 tinyDebugger/tinyDebugger.o
                0x000008b0                tinyDebugger_send_int
 .text.tinyDebugger_send_uint32
                0x000008b2        0x2 tinyDebugger/tinyDebugger.o
                0x000008b2                tinyDebugger_send_uint32
 .text.tinyDebugger_send_uint8
                0x000008b4        0x2 tinyDebugger/tinyDebugger.o
                0x000008b4                tinyDebugger_send_uint8
 .text.tinyDebugger_send_double
                0x000008b6        0x2 tinyDebugger/tinyDebugger.o
                0x000008b6                tinyDebugger_send_double
 .text.tinyDebugger_end_line
                0x000008b8        0x2 tinyDebugger/tinyDebugger.o
                0x000008b8                tinyDebugger_end_line
 .text.tinyDendrite_read_signals
                0x000008ba       0x40 tinyDendrite/tinyDendrite.o
                0x000008ba                tinyDendrite_read_signals
 .text.tinyDendrite_check_charge_level
                0x000008fa       0x38 tinyDendrite/tinyDendrite.o
                0x000008fa                tinyDendrite_check_charge_level
 .text.tinyDendrite_update_signals
                0x00000932       0xde tinyDendrite/tinyDendrite.o
                0x00000932                tinyDendrite_update_signals
 .text.tinyDendrite_get_potential
                0x00000a10       0x62 tinyDendrite/tinyDendrite.o
                0x00000a10                tinyDendrite_get_potential
 .text.tinyDendrite_update_potential
                0x00000a72       0x2e tinyDendrite/tinyDendrite.o
                0x00000a72                tinyDendrite_update_potential
 .text.__vector_6
                0x00000aa0       0x56 tinyISR/tinyISR.o
                0x00000aa0                __vector_6
 .text.tinyISR_setflag
                0x00000af6        0x6 tinyISR/tinyISR.o
                0x00000af6                tinyISR_setflag
 .text.tinyISR_getflag
                0x00000afc        0x6 tinyISR/tinyISR.o
                0x00000afc                tinyISR_getflag
 .text.tinyLED_SPIWriteByte
                0x00000b02       0x28 tinyLED/tinyLED.o
 .text.tinyLED_get_color
                0x00000b2a       0x10 tinyLED/tinyLED.o
                0x00000b2a                tinyLED_get_color
 .text.tinyLED_set_color_mode
                0x00000b3a       0x50 tinyLED/tinyLED.o
                0x00000b3a                tinyLED_set_color_mode
 .text.tinyLED_set_color
                0x00000b8a        0x8 tinyLED/tinyLED.o
                0x00000b8a                tinyLED_set_color
 .text.tinyLED_RGB_Color_Compare
                0x00000b92       0x60 tinyLED/tinyLED.o
                0x00000b92                tinyLED_RGB_Color_Compare
 .text.tinyLED_update
                0x00000bf2      0x54a tinyLED/tinyLED.o
                0x00000bf2                tinyLED_update
 .text.tinyPotential_get_potential
                0x0000113c       0x12 tinyPotential/tinyPotential.o
                0x0000113c                tinyPotential_get_potential
 .text.tinyPotential_update
                0x0000114e      0x114 tinyPotential/tinyPotential.o
                0x0000114e                tinyPotential_update
 .text.tinyPulse_toggle_pulse_mode
                0x00001262       0x26 tinyPulse/tinyPulse.o
                0x00001262                tinyPulse_toggle_pulse_mode
 .text.tinyPulse_set_pulse_mode
                0x00001288        0xc tinyPulse/tinyPulse.o
                0x00001288                tinyPulse_set_pulse_mode
 .text.tinyPulse_update_potential
                0x00001294       0x70 tinyPulse/tinyPulse.o
                0x00001294                tinyPulse_update_potential
 .text.tinyTime_counter_increment
                0x00001304       0x28 tinyTime/tinyTime.o
                0x00001304                tinyTime_counter_increment
 .text.tinyTime_now
                0x0000132c       0x12 tinyTime/tinyTime.o
                0x0000132c                tinyTime_now
 .text.avr-libc.fplib
                0x0000133e        0xe d:/various programs/atmelstudio/7.0/toolchain/avr8/avr8-gnu-toolchain/bin/../lib/gcc/avr/5.4.0/../../../../avr/lib/avrxmega3\libm.a(addsf3.o)
                0x0000133e                __subsf3
                0x00001340                __addsf3
 .text.avr-libc.fplib
                0x0000134c       0xcc d:/various programs/atmelstudio/7.0/toolchain/avr8/avr8-gnu-toolchain/bin/../lib/gcc/avr/5.4.0/../../../../avr/lib/avrxmega3\libm.a(addsf3x.o)
                0x0000136e                __addsf3x
 .text.avr-libc.fplib
                0x00001418        0xa d:/various programs/atmelstudio/7.0/toolchain/avr8/avr8-gnu-toolchain/bin/../lib/gcc/avr/5.4.0/../../../../avr/lib/avrxmega3\libm.a(cmpsf2.o)
                0x00001418                __nesf2
                0x00001418                __eqsf2
                0x00001418                __cmpsf2
                0x00001418                __ltsf2
                0x00001418                __lesf2
 .text.avr-libc.fplib
                0x00001422        0x8 d:/various programs/atmelstudio/7.0/toolchain/avr8/avr8-gnu-toolchain/bin/../lib/gcc/avr/5.4.0/../../../../avr/lib/avrxmega3\libm.a(divsf3.o)
                0x00001422                __divsf3
 .text.avr-libc.fplib
                0x0000142a       0xdc d:/various programs/atmelstudio/7.0/toolchain/avr8/avr8-gnu-toolchain/bin/../lib/gcc/avr/5.4.0/../../../../avr/lib/avrxmega3\libm.a(divsf3x.o)
                0x0000144a                __divsf3x
                0x00001450                __divsf3_pse
 .text.avr-libc.fplib
                0x00001506       0x74 d:/various programs/atmelstudio/7.0/toolchain/avr8/avr8-gnu-toolchain/bin/../lib/gcc/avr/5.4.0/../../../../avr/lib/avrxmega3\libm.a(exp.o)
                0x00001516                exp
 .text.avr-libc.fplib
                0x0000157a        0xe d:/various programs/atmelstudio/7.0/toolchain/avr8/avr8-gnu-toolchain/bin/../lib/gcc/avr/5.4.0/../../../../avr/lib/avrxmega3\libm.a(fixsfsi.o)
                0x0000157a                __fixsfsi
 .text.avr-libc.fplib
                0x00001588       0x5e d:/various programs/atmelstudio/7.0/toolchain/avr8/avr8-gnu-toolchain/bin/../lib/gcc/avr/5.4.0/../../../../avr/lib/avrxmega3\libm.a(fixunssfsi.o)
                0x00001588                __fixunssfsi
 .text.avr-libc.fplib
                0x000015e6       0x7a d:/various programs/atmelstudio/7.0/toolchain/avr8/avr8-gnu-toolchain/bin/../lib/gcc/avr/5.4.0/../../../../avr/lib/avrxmega3\libm.a(floatsisf.o)
                0x000015e6                __floatunsisf
                0x000015ea                __floatsisf
 .text.avr-libc.fplib
                0x00001660       0x3e d:/various programs/atmelstudio/7.0/toolchain/avr8/avr8-gnu-toolchain/bin/../lib/gcc/avr/5.4.0/../../../../avr/lib/avrxmega3\libm.a(fmin.o)
                0x00001660                fmin
 .text.avr-libc.fplib
                0x0000169e       0x48 d:/various programs/atmelstudio/7.0/toolchain/avr8/avr8-gnu-toolchain/bin/../lib/gcc/avr/5.4.0/../../../../avr/lib/avrxmega3\libm.a(fp_cmp.o)
                0x0000169e                __fp_cmp
 .text.avr-libc.fplib
                0x000016e6        0xc d:/various programs/atmelstudio/7.0/toolchain/avr8/avr8-gnu-toolchain/bin/../lib/gcc/avr/5.4.0/../../../../avr/lib/avrxmega3\libm.a(fp_inf.o)
                0x000016e6                __fp_inf
 .text.avr-libc.fplib
                0x000016f2        0x6 d:/various programs/atmelstudio/7.0/toolchain/avr8/avr8-gnu-toolchain/bin/../lib/gcc/avr/5.4.0/../../../../avr/lib/avrxmega3\libm.a(fp_nan.o)
                0x000016f2                __fp_nan
 .text.avr-libc.fplib
                0x000016f8       0x4e d:/various programs/atmelstudio/7.0/toolchain/avr8/avr8-gnu-toolchain/bin/../lib/gcc/avr/5.4.0/../../../../avr/lib/avrxmega3\libm.a(fp_powser.o)
                0x000016f8                __fp_powser
 .text.avr-libc.fplib
                0x00001746        0xe d:/various programs/atmelstudio/7.0/toolchain/avr8/avr8-gnu-toolchain/bin/../lib/gcc/avr/5.4.0/../../../../avr/lib/avrxmega3\libm.a(fp_pscA.o)
                0x00001746                __fp_pscA
 .text.avr-libc.fplib
                0x00001754        0xe d:/various programs/atmelstudio/7.0/toolchain/avr8/avr8-gnu-toolchain/bin/../lib/gcc/avr/5.4.0/../../../../avr/lib/avrxmega3\libm.a(fp_pscB.o)
                0x00001754                __fp_pscB
 .text.avr-libc.fplib
                0x00001762       0x22 d:/various programs/atmelstudio/7.0/toolchain/avr8/avr8-gnu-toolchain/bin/../lib/gcc/avr/5.4.0/../../../../avr/lib/avrxmega3\libm.a(fp_round.o)
                0x00001762                __fp_round
 .text.avr-libc.fplib
                0x00001784       0x44 d:/various programs/atmelstudio/7.0/toolchain/avr8/avr8-gnu-toolchain/bin/../lib/gcc/avr/5.4.0/../../../../avr/lib/avrxmega3\libm.a(fp_split3.o)
                0x00001784                __fp_split3
                0x00001794                __fp_splitA
 .text.avr-libc.fplib
                0x000017c8        0xe d:/various programs/atmelstudio/7.0/toolchain/avr8/avr8-gnu-toolchain/bin/../lib/gcc/avr/5.4.0/../../../../avr/lib/avrxmega3\libm.a(fp_zero.o)
                0x000017c8                __fp_zero
                0x000017ca                __fp_szero
 .text.avr-libc.fplib
                0x000017d6        0xa d:/various programs/atmelstudio/7.0/toolchain/avr8/avr8-gnu-toolchain/bin/../lib/gcc/avr/5.4.0/../../../../avr/lib/avrxmega3\libm.a(gesf2.o)
                0x000017d6                __gesf2
                0x000017d6                __gtsf2
 .text.avr-libc.fplib
                0x000017e0       0x10 d:/various programs/atmelstudio/7.0/toolchain/avr8/avr8-gnu-toolchain/bin/../lib/gcc/avr/5.4.0/../../../../avr/lib/avrxmega3\libm.a(inverse.o)
                0x000017e0                inverse
 .text.avr-libc.fplib
                0x000017f0       0x74 d:/various programs/atmelstudio/7.0/toolchain/avr8/avr8-gnu-toolchain/bin/../lib/gcc/avr/5.4.0/../../../../avr/lib/avrxmega3\libm.a(ldexp.o)
                0x000017f8                ldexp
 .text.avr-libc.fplib
                0x00001864       0x68 d:/various programs/atmelstudio/7.0/toolchain/avr8/avr8-gnu-toolchain/bin/../lib/gcc/avr/5.4.0/../../../../avr/lib/avrxmega3\libm.a(modf.o)
                0x00001864                modf
                0x00001864                modff
 .text.avr-libc.fplib
                0x000018cc        0x8 d:/various programs/atmelstudio/7.0/toolchain/avr8/avr8-gnu-toolchain/bin/../lib/gcc/avr/5.4.0/../../../../avr/lib/avrxmega3\libm.a(mulsf3.o)
                0x000018cc                __mulsf3
 .text.avr-libc.fplib
                0x000018d4       0xd2 d:/various programs/atmelstudio/7.0/toolchain/avr8/avr8-gnu-toolchain/bin/../lib/gcc/avr/5.4.0/../../../../avr/lib/avrxmega3\libm.a(mulsf3x.o)
                0x000018f2                __mulsf3x
                0x000018f8                __mulsf3_pse
 .text.avr-libc.fplib
                0x000019a6       0x10 d:/various programs/atmelstudio/7.0/toolchain/avr8/avr8-gnu-toolchain/bin/../lib/gcc/avr/5.4.0/../../../../avr/lib/avrxmega3\libm.a(sin.o)
                0x000019a6                sin
 .text.avr-libc.fplib
                0x000019b6       0x1c d:/various programs/atmelstudio/7.0/toolchain/avr8/avr8-gnu-toolchain/bin/../lib/gcc/avr/5.4.0/../../../../avr/lib/avrxmega3\libm.a(fp_mpack.o)
                0x000019b6                __fp_mpack
                0x000019ba                __fp_mpack_finite
 .text.avr-libc.fplib
                0x000019d2       0x56 d:/various programs/atmelstudio/7.0/toolchain/avr8/avr8-gnu-toolchain/bin/../lib/gcc/avr/5.4.0/../../../../avr/lib/avrxmega3\libm.a(fp_rempio2.o)
                0x000019d6                __fp_rempio2
 .text.avr-libc.fplib
                0x00001a28       0x28 d:/various programs/atmelstudio/7.0/toolchain/avr8/avr8-gnu-toolchain/bin/../lib/gcc/avr/5.4.0/../../../../avr/lib/avrxmega3\libm.a(fp_sinus.o)
                0x00001a28                __fp_sinus
 .text.avr-libc.fplib
                0x00001a50       0x28 d:/various programs/atmelstudio/7.0/toolchain/avr8/avr8-gnu-toolchain/bin/../lib/gcc/avr/5.4.0/../../../../avr/lib/avrxmega3\libm.a(fp_powsodd.o)
                0x00001a50                __fp_powsodd
 .text.libgcc.div
                0x00001a78       0x44 d:/various programs/atmelstudio/7.0/toolchain/avr8/avr8-gnu-toolchain/bin/../lib/gcc/avr/5.4.0/avrxmega3\libgcc.a(_udivmodsi4.o)
                0x00001a78                __udivmodsi4
                0x00001abc                . = ALIGN (0x2)
 *(.fini9)
 .fini9         0x00001abc        0x0 d:/various programs/atmelstudio/7.0/toolchain/avr8/avr8-gnu-toolchain/bin/../lib/gcc/avr/5.4.0/avrxmega3\libgcc.a(_exit.o)
                0x00001abc                _exit
                0x00001abc                exit
 *(.fini9)
 *(.fini8)
 *(.fini8)
 *(.fini7)
 *(.fini7)
 *(.fini6)
 *(.fini6)
 *(.fini5)
 *(.fini5)
 *(.fini4)
 *(.fini4)
 *(.fini3)
 *(.fini3)
 *(.fini2)
 *(.fini2)
 *(.fini1)
 *(.fini1)
 *(.fini0)
 .fini0         0x00001abc        0x4 d:/various programs/atmelstudio/7.0/toolchain/avr8/avr8-gnu-toolchain/bin/../lib/gcc/avr/5.4.0/avrxmega3\libgcc.a(_exit.o)
 *(.fini0)
                0x00001ac0                _etext = .

.rodata         0x00009ac0       0x3d load address 0x00001ac0
 *(.rodata)
 *(.rodata*)
 .rodata.str1.1
                0x00009ac0        0x5 main.o
 .rodata.str1.1
                0x00009ac5       0x17 tinyAxon/tinyAxon.o
 .rodata.str1.1
                0x00009adc       0x17 tinyDendrite/tinyDendrite.o
 .rodata.str1.1
                0x00009af3        0xa tinyPotential/tinyPotential.o
 *(.gnu.linkonce.r*)

.data           0x00803800       0x16 load address 0x00001afd
                0x00803800                PROVIDE (__data_start, .)
 *(.data)
 *(.data*)
 .data.USART_0_stream
                0x00803800        0xe src/usart_basic.o
                0x00803800                USART_0_stream
 .data.Dendrite_ports
                0x0080380e        0x5 tinyDendrite/tinyDendrite.o
                0x0080380e                Dendrite_ports
 .data.ideal_time_between_pulses
                0x00803813        0x2 tinyPulse/tinyPulse.o
                0x00803813                ideal_time_between_pulses
 *(.gnu.linkonce.d*)
                0x00803816                . = ALIGN (0x2)
 *fill*         0x00803815        0x1 
                0x00803816                _edata = .
                0x00803816                PROVIDE (__data_end, .)

.bss            0x00803816       0x5c
                0x00803816                PROVIDE (__bss_start, .)
 *(.bss)
 *(.bss*)
 .bss.pulse_queue
                0x00803816       0x14 tinyAxon/tinyAxon.o
                0x00803816                pulse_queue
 .bss.pulses_in_queue
                0x0080382a        0x1 tinyAxon/tinyAxon.o
                0x0080382a                pulses_in_queue
 .bss.axonOutputValue
                0x0080382b        0x1 tinyAxon/tinyAxon.o
                0x0080382b                axonOutputValue
 .bss.tinyAxon_should_fire
                0x0080382c        0x1 tinyAxon/tinyAxon.o
                0x0080382c                tinyAxon_should_fire
 .bss.tinyAxon_has_just_fired
                0x0080382d        0x1 tinyAxon/tinyAxon.o
                0x0080382d                tinyAxon_has_just_fired
 .bss.tinyButton_start_time
                0x0080382e        0x4 tinyButton/tinyButton.o
 .bss.ignore_next_button_press
                0x00803832        0x1 tinyButton/tinyButton.o
                0x00803832                ignore_next_button_press
 .bss.button_press
                0x00803833        0x1 tinyButton/tinyButton.o
                0x00803833                button_press
 .bss.button_was_pushed_down
                0x00803834        0x1 tinyButton/tinyButton.o
 .bss.charge_counter
                0x00803835        0x1 tinyCharge/tinyCharge.o
                0x00803835                charge_counter
 .bss.tinyDendrite_previous_signals
                0x00803836        0x5 tinyDendrite/tinyDendrite.o
                0x00803836                tinyDendrite_previous_signals
 .bss.tinyDendrite_current_signals
                0x0080383b        0x5 tinyDendrite/tinyDendrite.o
                0x0080383b                tinyDendrite_current_signals
 .bss.tinyDendrite_values
                0x00803840        0x5 tinyDendrite/tinyDendrite.o
                0x00803840                tinyDendrite_values
 .bss.tinyISR_interrupt_flag
                0x00803845        0x1 tinyISR/tinyISR.o
 .bss.tinyLED_old_colors
                0x00803846        0x6 tinyLED/tinyLED.o
                0x00803846                tinyLED_old_colors
 .bss.tinyLED_old_settings
                0x0080384c        0x4 tinyLED/tinyLED.o
                0x0080384c                tinyLED_old_settings
 .bss.tinyLED_settings
                0x00803850        0x4 tinyLED/tinyLED.o
                0x00803850                tinyLED_settings
 .bss.previous_update_time
                0x00803854        0x4 tinyPotential/tinyPotential.o
 .bss.tinyPotential_potential
                0x00803858        0x4 tinyPotential/tinyPotential.o
 .bss.time_since_last_pulse
                0x0080385c        0x2 tinyPulse/tinyPulse.o
                0x0080385c                time_since_last_pulse
 .bss.time_of_last_pulse
                0x0080385e        0x4 tinyPulse/tinyPulse.o
                0x0080385e                time_of_last_pulse
 .bss.pulse_mode
                0x00803862        0x1 tinyPulse/tinyPulse.o
                0x00803862                pulse_mode
 .bss.time_counter
                0x00803863        0x4 tinyTime/tinyTime.o
                0x00803863                time_counter
 *(COMMON)
 COMMON         0x00803867        0x1 tinyCharge/tinyCharge.o
                0x00803867                connected_to_charger
 COMMON         0x00803868        0x4 tinyLED/tinyLED.o
                0x00803868                tinyLED_flash_once_time
 COMMON         0x0080386c        0x6 d:/various programs/atmelstudio/7.0/toolchain/avr8/avr8-gnu-toolchain/bin/../lib/gcc/avr/5.4.0/../../../../avr/lib/avrxmega3\libc.a(iob.o)
                0x0080386c                __iob
                0x00803872                PROVIDE (__bss_end, .)
                0x00001afd                __data_load_start = LOADADDR (.data)
                0x00001b13                __data_load_end = (__data_load_start + SIZEOF (.data))

.noinit         0x00803872        0x0
                [!provide]                PROVIDE (__noinit_start, .)
 *(.noinit*)
                [!provide]                PROVIDE (__noinit_end, .)
                0x00803872                _end = .
                [!provide]                PROVIDE (__heap_start, .)

.eeprom         0x00810000        0x0
 *(.eeprom*)
                0x00810000                __eeprom_end = .

.fuse
 *(.fuse)
 *(.lfuse)
 *(.hfuse)
 *(.efuse)

.lock
 *(.lock*)

.signature
 *(.signature*)

.user_signatures
 *(.user_signatures*)

.stab
 *(.stab)

.stabstr
 *(.stabstr)

.stab.excl
 *(.stab.excl)

.stab.exclstr
 *(.stab.exclstr)

.stab.index
 *(.stab.index)

.stab.indexstr
 *(.stab.indexstr)

.comment        0x00000000       0x30
 *(.comment)
 .comment       0x00000000       0x30 atmel_start.o
                                 0x31 (size before relaxing)
 .comment       0x00000030       0x31 main.o
 .comment       0x00000030       0x31 src/adc_basic.o
 .comment       0x00000030       0x31 src/bod.o
 .comment       0x00000030       0x31 src/ccl.o
 .comment       0x00000030       0x31 src/clkctrl.o
 .comment       0x00000030       0x31 src/cpuint.o
 .comment       0x00000030       0x31 src/dac_basic.o
 .comment       0x00000030       0x31 src/driver_init.o
 .comment       0x00000030       0x31 src/rtc.o
 .comment       0x00000030       0x31 src/slpctrl.o
 .comment       0x00000030       0x31 src/spi.o
 .comment       0x00000030       0x31 src/tca.o
 .comment       0x00000030       0x31 src/usart_basic.o
 .comment       0x00000030       0x31 tinyAxon/tinyAxon.o
 .comment       0x00000030       0x31 tinyButton/tinyButton.o
 .comment       0x00000030       0x31 tinyCharge/tinyCharge.o
 .comment       0x00000030       0x31 tinyDebugger/tinyDebugger.o
 .comment       0x00000030       0x31 tinyDendrite/tinyDendrite.o
 .comment       0x00000030       0x31 tinyISR/tinyISR.o
 .comment       0x00000030       0x31 tinyLED/tinyLED.o
 .comment       0x00000030       0x31 tinyPotential/tinyPotential.o
 .comment       0x00000030       0x31 tinyPulse/tinyPulse.o
 .comment       0x00000030       0x31 tinyTime/tinyTime.o
 .comment       0x00000030       0x31 d:/various programs/atmelstudio/7.0/toolchain/avr8/avr8-gnu-toolchain/bin/../lib/gcc/avr/5.4.0/../../../../avr/lib/avrxmega3\libc.a(iob.o)

.note.gnu.avr.deviceinfo
                0x00000000       0x40
 .note.gnu.avr.deviceinfo
                0x00000000       0x40 D:/Various programs/AtmelStudio/7.0/Packs/Atmel/ATtiny_DFP/1.3.229/gcc/dev/attiny3217/avrxmega3/crtattiny3217.o

.note.gnu.build-id
 *(.note.gnu.build-id)

.debug
 *(.debug)

.line
 *(.line)

.debug_srcinfo
 *(.debug_srcinfo)

.debug_sfnames
 *(.debug_sfnames)

.debug_aranges  0x00000000      0x540
 *(.debug_aranges)
 .debug_aranges
                0x00000000       0x20 atmel_start.o
 .debug_aranges
                0x00000020       0x20 main.o
 .debug_aranges
                0x00000040       0x58 src/adc_basic.o
 .debug_aranges
                0x00000098       0x20 src/bod.o
 .debug_aranges
                0x000000b8       0x20 src/ccl.o
 .debug_aranges
                0x000000d8       0x20 src/clkctrl.o
 .debug_aranges
                0x000000f8       0x20 src/cpuint.o
 .debug_aranges
                0x00000118       0x48 src/dac_basic.o
 .debug_aranges
                0x00000160       0x58 src/driver_init.o
 .debug_aranges
                0x000001b8       0x20 src/protected_io.o
 .debug_aranges
                0x000001d8       0x20 src/rtc.o
 .debug_aranges
                0x000001f8       0x20 src/slpctrl.o
 .debug_aranges
                0x00000218       0x20 src/spi.o
 .debug_aranges
                0x00000238       0x20 src/tca.o
 .debug_aranges
                0x00000258       0x78 src/usart_basic.o
 .debug_aranges
                0x000002d0       0x60 tinyAxon/tinyAxon.o
 .debug_aranges
                0x00000330       0x28 tinyButton/tinyButton.o
 .debug_aranges
                0x00000358       0x58 tinyCharge/tinyCharge.o
 .debug_aranges
                0x000003b0       0x48 tinyDebugger/tinyDebugger.o
 .debug_aranges
                0x000003f8       0x48 tinyDendrite/tinyDendrite.o
 .debug_aranges
                0x00000440       0x30 tinyISR/tinyISR.o
 .debug_aranges
                0x00000470       0x48 tinyLED/tinyLED.o
 .debug_aranges
                0x000004b8       0x28 tinyPotential/tinyPotential.o
 .debug_aranges
                0x000004e0       0x38 tinyPulse/tinyPulse.o
 .debug_aranges
                0x00000518       0x28 tinyTime/tinyTime.o

.debug_pubnames
 *(.debug_pubnames)

.debug_info     0x00000000     0x8baa
 *(.debug_info .gnu.linkonce.wi.*)
 .debug_info    0x00000000     0x1c4d D:/Various programs/AtmelStudio/7.0/Packs/Atmel/ATtiny_DFP/1.3.229/gcc/dev/attiny3217/avrxmega3/crtattiny3217.o
 .debug_info    0x00001c4d       0x9a atmel_start.o
 .debug_info    0x00001ce7      0x3a5 main.o
 .debug_info    0x0000208c      0x4ee src/adc_basic.o
 .debug_info    0x0000257a       0x8d src/bod.o
 .debug_info    0x00002607      0x5cd src/ccl.o
 .debug_info    0x00002bd4      0x3fe src/clkctrl.o
 .debug_info    0x00002fd2       0x8d src/cpuint.o
 .debug_info    0x0000305f      0x19d src/dac_basic.o
 .debug_info    0x000031fc     0x176d src/driver_init.o
 .debug_info    0x00004969       0xc4 src/protected_io.o
 .debug_info    0x00004a2d      0x422 src/rtc.o
 .debug_info    0x00004e4f       0x8d src/slpctrl.o
 .debug_info    0x00004edc      0x18f src/spi.o
 .debug_info    0x0000506b      0xa74 src/tca.o
 .debug_info    0x00005adf      0x47d src/usart_basic.o
 .debug_info    0x00005f5c      0x577 tinyAxon/tinyAxon.o
 .debug_info    0x000064d3      0x234 tinyButton/tinyButton.o
 .debug_info    0x00006707      0x5d7 tinyCharge/tinyCharge.o
 .debug_info    0x00006cde      0x217 tinyDebugger/tinyDebugger.o
 .debug_info    0x00006ef5      0x3b4 tinyDendrite/tinyDendrite.o
 .debug_info    0x000072a9      0x3d8 tinyISR/tinyISR.o
 .debug_info    0x00007681     0x105b tinyLED/tinyLED.o
 .debug_info    0x000086dc      0x1d0 tinyPotential/tinyPotential.o
 .debug_info    0x000088ac      0x248 tinyPulse/tinyPulse.o
 .debug_info    0x00008af4       0xb6 tinyTime/tinyTime.o

.debug_abbrev   0x00000000     0x3702
 *(.debug_abbrev)
 .debug_abbrev  0x00000000     0x1ac8 D:/Various programs/AtmelStudio/7.0/Packs/Atmel/ATtiny_DFP/1.3.229/gcc/dev/attiny3217/avrxmega3/crtattiny3217.o
 .debug_abbrev  0x00001ac8       0x63 atmel_start.o
 .debug_abbrev  0x00001b2b       0xf4 main.o
 .debug_abbrev  0x00001c1f      0x1bc src/adc_basic.o
 .debug_abbrev  0x00001ddb       0x51 src/bod.o
 .debug_abbrev  0x00001e2c       0x9f src/ccl.o
 .debug_abbrev  0x00001ecb      0x116 src/clkctrl.o
 .debug_abbrev  0x00001fe1       0x51 src/cpuint.o
 .debug_abbrev  0x00002032       0xc2 src/dac_basic.o
 .debug_abbrev  0x000020f4      0x1e0 src/driver_init.o
 .debug_abbrev  0x000022d4       0x14 src/protected_io.o
 .debug_abbrev  0x000022e8       0xd4 src/rtc.o
 .debug_abbrev  0x000023bc       0x51 src/slpctrl.o
 .debug_abbrev  0x0000240d       0x9f src/spi.o
 .debug_abbrev  0x000024ac       0xf0 src/tca.o
 .debug_abbrev  0x0000259c      0x204 src/usart_basic.o
 .debug_abbrev  0x000027a0      0x2b6 tinyAxon/tinyAxon.o
 .debug_abbrev  0x00002a56      0x16a tinyButton/tinyButton.o
 .debug_abbrev  0x00002bc0      0x21e tinyCharge/tinyCharge.o
 .debug_abbrev  0x00002dde       0xab tinyDebugger/tinyDebugger.o
 .debug_abbrev  0x00002e89      0x180 tinyDendrite/tinyDendrite.o
 .debug_abbrev  0x00003009      0x157 tinyISR/tinyISR.o
 .debug_abbrev  0x00003160      0x2fb tinyLED/tinyLED.o
 .debug_abbrev  0x0000345b       0xff tinyPotential/tinyPotential.o
 .debug_abbrev  0x0000355a      0x12c tinyPulse/tinyPulse.o
 .debug_abbrev  0x00003686       0x7c tinyTime/tinyTime.o

.debug_line     0x00000000     0x2bec
 *(.debug_line .debug_line.* .debug_line_end)
 .debug_line    0x00000000      0x151 D:/Various programs/AtmelStudio/7.0/Packs/Atmel/ATtiny_DFP/1.3.229/gcc/dev/attiny3217/avrxmega3/crtattiny3217.o
 .debug_line    0x00000151       0x60 atmel_start.o
 .debug_line    0x000001b1      0x25a main.o
 .debug_line    0x0000040b      0x202 src/adc_basic.o
 .debug_line    0x0000060d       0x9e src/bod.o
 .debug_line    0x000006ab      0x12b src/ccl.o
 .debug_line    0x000007d6      0x12f src/clkctrl.o
 .debug_line    0x00000905       0xa7 src/cpuint.o
 .debug_line    0x000009ac      0x19a src/dac_basic.o
 .debug_line    0x00000b46      0x411 src/driver_init.o
 .debug_line    0x00000f57       0x55 src/protected_io.o
 .debug_line    0x00000fac      0x13b src/rtc.o
 .debug_line    0x000010e7       0xa2 src/slpctrl.o
 .debug_line    0x00001189      0x107 src/spi.o
 .debug_line    0x00001290      0x113 src/tca.o
 .debug_line    0x000013a3      0x265 src/usart_basic.o
 .debug_line    0x00001608      0x3cf tinyAxon/tinyAxon.o
 .debug_line    0x000019d7      0x204 tinyButton/tinyButton.o
 .debug_line    0x00001bdb      0x34a tinyCharge/tinyCharge.o
 .debug_line    0x00001f25       0xfa tinyDebugger/tinyDebugger.o
 .debug_line    0x0000201f      0x2f9 tinyDendrite/tinyDendrite.o
 .debug_line    0x00002318      0x15b tinyISR/tinyISR.o
 .debug_line    0x00002473      0x395 tinyLED/tinyLED.o
 .debug_line    0x00002808      0x1cc tinyPotential/tinyPotential.o
 .debug_line    0x000029d4      0x154 tinyPulse/tinyPulse.o
 .debug_line    0x00002b28       0xc4 tinyTime/tinyTime.o

.debug_frame    0x00000000      0x934
 *(.debug_frame)
 .debug_frame   0x00000000       0x24 atmel_start.o
 .debug_frame   0x00000024       0x24 main.o
 .debug_frame   0x00000048       0x94 src/adc_basic.o
 .debug_frame   0x000000dc       0x24 src/bod.o
 .debug_frame   0x00000100       0x24 src/ccl.o
 .debug_frame   0x00000124       0x24 src/clkctrl.o
 .debug_frame   0x00000148       0x24 src/cpuint.o
 .debug_frame   0x0000016c       0x74 src/dac_basic.o
 .debug_frame   0x000001e0       0x94 src/driver_init.o
 .debug_frame   0x00000274       0x24 src/rtc.o
 .debug_frame   0x00000298       0x24 src/slpctrl.o
 .debug_frame   0x000002bc       0x24 src/spi.o
 .debug_frame   0x000002e0       0x24 src/tca.o
 .debug_frame   0x00000304       0xd4 src/usart_basic.o
 .debug_frame   0x000003d8       0xcc tinyAxon/tinyAxon.o
 .debug_frame   0x000004a4       0x48 tinyButton/tinyButton.o
 .debug_frame   0x000004ec       0x9c tinyCharge/tinyCharge.o
 .debug_frame   0x00000588       0x74 tinyDebugger/tinyDebugger.o
 .debug_frame   0x000005fc       0xf0 tinyDendrite/tinyDendrite.o
 .debug_frame   0x000006ec       0x90 tinyISR/tinyISR.o
 .debug_frame   0x0000077c       0xd4 tinyLED/tinyLED.o
 .debug_frame   0x00000850       0x48 tinyPotential/tinyPotential.o
 .debug_frame   0x00000898       0x68 tinyPulse/tinyPulse.o
 .debug_frame   0x00000900       0x34 tinyTime/tinyTime.o

.debug_str      0x00000000     0x36d0
 *(.debug_str)
 .debug_str     0x00000000      0xc0f D:/Various programs/AtmelStudio/7.0/Packs/Atmel/ATtiny_DFP/1.3.229/gcc/dev/attiny3217/avrxmega3/crtattiny3217.o
 .debug_str     0x00000c0f      0x1a4 atmel_start.o
                                0x1d8 (size before relaxing)
 .debug_str     0x00000db3      0x282 main.o
                                0x44d (size before relaxing)
 .debug_str     0x00001035      0x42d src/adc_basic.o
                                0x621 (size before relaxing)
 .debug_str     0x00001462       0x16 src/bod.o
                                0x1c5 (size before relaxing)
 .debug_str     0x00001478      0x6ba src/ccl.o
                                0x8ad (size before relaxing)
 .debug_str     0x00001b32      0x285 src/clkctrl.o
                                0x53a (size before relaxing)
 .debug_str     0x00001db7       0x1c src/cpuint.o
                                0x1cb (size before relaxing)
 .debug_str     0x00001dd3       0x93 src/dac_basic.o
                                0x287 (size before relaxing)
 .debug_str     0x00001e66      0x654 src/driver_init.o
                                0x9d0 (size before relaxing)
 .debug_str     0x000024ba      0x351 src/rtc.o
                                0x624 (size before relaxing)
 .debug_str     0x0000280b       0x11 src/slpctrl.o
                                0x1cd (size before relaxing)
 .debug_str     0x0000281c       0xbf src/spi.o
                                0x2d9 (size before relaxing)
 .debug_str     0x000028db      0x20d src/tca.o
                                0x6c9 (size before relaxing)
 .debug_str     0x00002ae8      0x1da src/usart_basic.o
                                0x41b (size before relaxing)
 .debug_str     0x00002cc2      0x23e tinyAxon/tinyAxon.o
                                0x509 (size before relaxing)
 .debug_str     0x00002f00       0xe7 tinyButton/tinyButton.o
                                0x304 (size before relaxing)
 .debug_str     0x00002fe7       0xfc tinyCharge/tinyCharge.o
                                0x4f4 (size before relaxing)
 .debug_str     0x000030e3       0x79 tinyDebugger/tinyDebugger.o
                                0x28b (size before relaxing)
 .debug_str     0x0000315c      0x1a2 tinyDendrite/tinyDendrite.o
                                0x3fb (size before relaxing)
 .debug_str     0x000032fe       0x5f tinyISR/tinyISR.o
                                0x3b1 (size before relaxing)
 .debug_str     0x0000335d      0x244 tinyLED/tinyLED.o
                                0x9a0 (size before relaxing)
 .debug_str     0x000035a1       0x94 tinyPotential/tinyPotential.o
                                0x2ff (size before relaxing)
 .debug_str     0x00003635       0x77 tinyPulse/tinyPulse.o
                                0x348 (size before relaxing)
 .debug_str     0x000036ac       0x24 tinyTime/tinyTime.o
                                0x1fd (size before relaxing)

.debug_loc      0x00000000     0x1654
 *(.debug_loc)
 .debug_loc     0x00000000       0x87 src/adc_basic.o
 .debug_loc     0x00000087       0x52 src/clkctrl.o
 .debug_loc     0x000000d9      0x760 src/driver_init.o
 .debug_loc     0x00000839       0x47 src/usart_basic.o
 .debug_loc     0x00000880      0x280 tinyAxon/tinyAxon.o
 .debug_loc     0x00000b00       0xc3 tinyButton/tinyButton.o
 .debug_loc     0x00000bc3       0xd9 tinyCharge/tinyCharge.o
 .debug_loc     0x00000c9c      0x3ba tinyDendrite/tinyDendrite.o
 .debug_loc     0x00001056       0xec tinyISR/tinyISR.o
 .debug_loc     0x00001142      0x3ed tinyLED/tinyLED.o
 .debug_loc     0x0000152f       0x71 tinyPotential/tinyPotential.o
 .debug_loc     0x000015a0       0xb4 tinyPulse/tinyPulse.o

.debug_macinfo
 *(.debug_macinfo)

.debug_weaknames
 *(.debug_weaknames)

.debug_funcnames
 *(.debug_funcnames)

.debug_typenames
 *(.debug_typenames)

.debug_varnames
 *(.debug_varnames)

.debug_pubtypes
 *(.debug_pubtypes)

.debug_ranges   0x00000000      0x3d0
 *(.debug_ranges)
 .debug_ranges  0x00000000       0x10 atmel_start.o
 .debug_ranges  0x00000010       0x10 main.o
 .debug_ranges  0x00000020       0x48 src/adc_basic.o
 .debug_ranges  0x00000068       0x10 src/bod.o
 .debug_ranges  0x00000078       0x10 src/ccl.o
 .debug_ranges  0x00000088       0x10 src/clkctrl.o
 .debug_ranges  0x00000098       0x10 src/cpuint.o
 .debug_ranges  0x000000a8       0x38 src/dac_basic.o
 .debug_ranges  0x000000e0       0x48 src/driver_init.o
 .debug_ranges  0x00000128       0x10 src/rtc.o
 .debug_ranges  0x00000138       0x10 src/slpctrl.o
 .debug_ranges  0x00000148       0x10 src/spi.o
 .debug_ranges  0x00000158       0x10 src/tca.o
 .debug_ranges  0x00000168       0x68 src/usart_basic.o
 .debug_ranges  0x000001d0       0x68 tinyAxon/tinyAxon.o
 .debug_ranges  0x00000238       0x18 tinyButton/tinyButton.o
 .debug_ranges  0x00000250       0x48 tinyCharge/tinyCharge.o
 .debug_ranges  0x00000298       0x38 tinyDebugger/tinyDebugger.o
 .debug_ranges  0x000002d0       0x38 tinyDendrite/tinyDendrite.o
 .debug_ranges  0x00000308       0x20 tinyISR/tinyISR.o
 .debug_ranges  0x00000328       0x50 tinyLED/tinyLED.o
 .debug_ranges  0x00000378       0x18 tinyPotential/tinyPotential.o
 .debug_ranges  0x00000390       0x28 tinyPulse/tinyPulse.o
 .debug_ranges  0x000003b8       0x18 tinyTime/tinyTime.o

.debug_macro
 *(.debug_macro)
OUTPUT(Hjernebyggesett_V4.elf elf32-avr)
LOAD linker stubs
