Archive member included to satisfy reference by file (symbol)

d:/software/atmel studio 7/7.0/toolchain/avr8/avr8-gnu-toolchain/bin/../lib/gcc/avr/5.4.0/../../../../avr/lib/avrxmega3\libm.a(addsf3.o)
                              tinyAxon/tinyAxon.o (__subsf3)
d:/software/atmel studio 7/7.0/toolchain/avr8/avr8-gnu-toolchain/bin/../lib/gcc/avr/5.4.0/../../../../avr/lib/avrxmega3\libm.a(addsf3x.o)
                              d:/software/atmel studio 7/7.0/toolchain/avr8/avr8-gnu-toolchain/bin/../lib/gcc/avr/5.4.0/../../../../avr/lib/avrxmega3\libm.a(addsf3.o) (__addsf3x)
d:/software/atmel studio 7/7.0/toolchain/avr8/avr8-gnu-toolchain/bin/../lib/gcc/avr/5.4.0/../../../../avr/lib/avrxmega3\libm.a(cmpsf2.o)
                              tinyAxon/tinyAxon.o (__ltsf2)
d:/software/atmel studio 7/7.0/toolchain/avr8/avr8-gnu-toolchain/bin/../lib/gcc/avr/5.4.0/../../../../avr/lib/avrxmega3\libm.a(divsf3.o)
                              tinyLED/tinyLED.o (__divsf3)
d:/software/atmel studio 7/7.0/toolchain/avr8/avr8-gnu-toolchain/bin/../lib/gcc/avr/5.4.0/../../../../avr/lib/avrxmega3\libm.a(divsf3x.o)
                              d:/software/atmel studio 7/7.0/toolchain/avr8/avr8-gnu-toolchain/bin/../lib/gcc/avr/5.4.0/../../../../avr/lib/avrxmega3\libm.a(divsf3.o) (__divsf3x)
d:/software/atmel studio 7/7.0/toolchain/avr8/avr8-gnu-toolchain/bin/../lib/gcc/avr/5.4.0/../../../../avr/lib/avrxmega3\libm.a(exp.o)
                              tinyPotential/tinyPotential.o (exp)
d:/software/atmel studio 7/7.0/toolchain/avr8/avr8-gnu-toolchain/bin/../lib/gcc/avr/5.4.0/../../../../avr/lib/avrxmega3\libm.a(fixunssfsi.o)
                              tinyLED/tinyLED.o (__fixunssfsi)
d:/software/atmel studio 7/7.0/toolchain/avr8/avr8-gnu-toolchain/bin/../lib/gcc/avr/5.4.0/../../../../avr/lib/avrxmega3\libm.a(floatsisf.o)
                              tinyButton/tinyButton.o (__floatunsisf)
d:/software/atmel studio 7/7.0/toolchain/avr8/avr8-gnu-toolchain/bin/../lib/gcc/avr/5.4.0/../../../../avr/lib/avrxmega3\libm.a(fmin.o)
                              tinyLED/tinyLED.o (fmin)
d:/software/atmel studio 7/7.0/toolchain/avr8/avr8-gnu-toolchain/bin/../lib/gcc/avr/5.4.0/../../../../avr/lib/avrxmega3\libm.a(fp_cmp.o)
                              d:/software/atmel studio 7/7.0/toolchain/avr8/avr8-gnu-toolchain/bin/../lib/gcc/avr/5.4.0/../../../../avr/lib/avrxmega3\libm.a(cmpsf2.o) (__fp_cmp)
d:/software/atmel studio 7/7.0/toolchain/avr8/avr8-gnu-toolchain/bin/../lib/gcc/avr/5.4.0/../../../../avr/lib/avrxmega3\libm.a(fp_inf.o)
                              d:/software/atmel studio 7/7.0/toolchain/avr8/avr8-gnu-toolchain/bin/../lib/gcc/avr/5.4.0/../../../../avr/lib/avrxmega3\libm.a(addsf3x.o) (__fp_inf)
d:/software/atmel studio 7/7.0/toolchain/avr8/avr8-gnu-toolchain/bin/../lib/gcc/avr/5.4.0/../../../../avr/lib/avrxmega3\libm.a(fp_nan.o)
                              d:/software/atmel studio 7/7.0/toolchain/avr8/avr8-gnu-toolchain/bin/../lib/gcc/avr/5.4.0/../../../../avr/lib/avrxmega3\libm.a(addsf3x.o) (__fp_nan)
d:/software/atmel studio 7/7.0/toolchain/avr8/avr8-gnu-toolchain/bin/../lib/gcc/avr/5.4.0/../../../../avr/lib/avrxmega3\libm.a(fp_powser.o)
                              d:/software/atmel studio 7/7.0/toolchain/avr8/avr8-gnu-toolchain/bin/../lib/gcc/avr/5.4.0/../../../../avr/lib/avrxmega3\libm.a(exp.o) (__fp_powser)
d:/software/atmel studio 7/7.0/toolchain/avr8/avr8-gnu-toolchain/bin/../lib/gcc/avr/5.4.0/../../../../avr/lib/avrxmega3\libm.a(fp_pscA.o)
                              d:/software/atmel studio 7/7.0/toolchain/avr8/avr8-gnu-toolchain/bin/../lib/gcc/avr/5.4.0/../../../../avr/lib/avrxmega3\libm.a(addsf3x.o) (__fp_pscA)
d:/software/atmel studio 7/7.0/toolchain/avr8/avr8-gnu-toolchain/bin/../lib/gcc/avr/5.4.0/../../../../avr/lib/avrxmega3\libm.a(fp_pscB.o)
                              d:/software/atmel studio 7/7.0/toolchain/avr8/avr8-gnu-toolchain/bin/../lib/gcc/avr/5.4.0/../../../../avr/lib/avrxmega3\libm.a(addsf3x.o) (__fp_pscB)
d:/software/atmel studio 7/7.0/toolchain/avr8/avr8-gnu-toolchain/bin/../lib/gcc/avr/5.4.0/../../../../avr/lib/avrxmega3\libm.a(fp_round.o)
                              d:/software/atmel studio 7/7.0/toolchain/avr8/avr8-gnu-toolchain/bin/../lib/gcc/avr/5.4.0/../../../../avr/lib/avrxmega3\libm.a(addsf3.o) (__fp_round)
d:/software/atmel studio 7/7.0/toolchain/avr8/avr8-gnu-toolchain/bin/../lib/gcc/avr/5.4.0/../../../../avr/lib/avrxmega3\libm.a(fp_split3.o)
                              d:/software/atmel studio 7/7.0/toolchain/avr8/avr8-gnu-toolchain/bin/../lib/gcc/avr/5.4.0/../../../../avr/lib/avrxmega3\libm.a(addsf3x.o) (__fp_split3)
d:/software/atmel studio 7/7.0/toolchain/avr8/avr8-gnu-toolchain/bin/../lib/gcc/avr/5.4.0/../../../../avr/lib/avrxmega3\libm.a(fp_zero.o)
                              d:/software/atmel studio 7/7.0/toolchain/avr8/avr8-gnu-toolchain/bin/../lib/gcc/avr/5.4.0/../../../../avr/lib/avrxmega3\libm.a(addsf3x.o) (__fp_zero)
[...]
Memory Configuration

Name             Origin             Length             Attributes
text             0x00000000         0x00100000         xr
data             0x00802000         0x0000ffa0         rw !x
eeprom           0x00810000         0x00010000         rw !x
fuse             0x00820000         0x00000009         rw !x
lock             0x00830000         0x00000400         rw !x
signature        0x00840000         0x00000400         rw !x
user_signatures  0x00850000         0x00000400         rw !x
*default*        0x00000000         0xffffffff

Linker script and memory map

Address of section .data set to 0x803800
                0x00008000                __RODATA_PM_OFFSET__ = 0x8000
LOAD D:/Software/Atmel Studio 7/7.0/Packs/Atmel/ATtiny_DFP/1.3.229/gcc/dev/attiny3217/avrxmega3/crtattiny3217.o
LOAD atmel_start.o
LOAD driver_isr.o
LOAD examples/src/adc_basic_example.o
LOAD examples/src/dac_basic_example.o
LOAD examples/src/usart_basic_example.o
LOAD main.o
LOAD src/adc_basic.o
LOAD src/bod.o
LOAD src/ccl.o
LOAD src/clkctrl.o
LOAD src/cpuint.o
LOAD src/dac_basic.o
LOAD src/driver_init.o
LOAD src/protected_io.o
LOAD src/rtc.o
LOAD src/slpctrl.o
LOAD src/spi.o
LOAD src/tca.o
LOAD src/usart_basic.o
LOAD tinyAxon/tinyAxon.o
LOAD tinyButton/tinyButton.o
LOAD tinyCharge/tinyCharge.o
LOAD tinyDebugger/tinyDebugger.o
LOAD tinyDendrite/tinyDendrite.o
LOAD tinyISR/tinyISR.o
LOAD tinyLED/tinyLED.o
LOAD tinyPotential/tinyPotential.o
LOAD tinyPulse/tinyPulse.o
LOAD tinyTime/tinyTime.o
START GROUP
LOAD d:/software/atmel studio 7/7.0/toolchain/avr8/avr8-gnu-toolchain/bin/../lib/gcc/avr/5.4.0/../../../../avr/lib/avrxmega3\libm.a
END GROUP
START GROUP
LOAD d:/software/atmel studio 7/7.0/toolchain/avr8/avr8-gnu-toolchain/bin/../lib/gcc/avr/5.4.0/avrxmega3\libgcc.a
LOAD d:/software/atmel studio 7/7.0/toolchain/avr8/avr8-gnu-toolchain/bin/../lib/gcc/avr/5.4.0/../../../../avr/lib/avrxmega3\libm.a
LOAD d:/software/atmel studio 7/7.0/toolchain/avr8/avr8-gnu-toolchain/bin/../lib/gcc/avr/5.4.0/../../../../avr/lib/avrxmega3\libc.a
LOAD D:/Software/Atmel Studio 7/7.0/Packs/Atmel/ATtiny_DFP/1.3.229/gcc/dev/attiny3217/avrxmega3\libattiny3217.a
END GROUP
                0x00000000                __TEXT_REGION_ORIGIN__ = DEFINED (__TEXT_REGION_ORIGIN__)?__TEXT_REGION_ORIGIN__:0x0
                0x00802000                __DATA_REGION_ORIGIN__ = DEFINED (__DATA_REGION_ORIGIN__)?__DATA_REGION_ORIGIN__:0x802000
                0x00100000                __TEXT_REGION_LENGTH__ = DEFINED (__TEXT_REGION_LENGTH__)?__TEXT_REGION_LENGTH__:0x100000
                0x0000ffa0                __DATA_REGION_LENGTH__ = DEFINED (__DATA_REGION_LENGTH__)?__DATA_REGION_LENGTH__:0xffa0
                0x00010000                __EEPROM_REGION_LENGTH__ = DEFINED (__EEPROM_REGION_LENGTH__)?__EEPROM_REGION_LENGTH__:0x10000
                [0x00000009]                __FUSE_REGION_LENGTH__ = DEFINED (__FUSE_REGION_LENGTH__)?__FUSE_REGION_LENGTH__:0x400
                0x00000400                __LOCK_REGION_LENGTH__ = DEFINED (__LOCK_REGION_LENGTH__)?__LOCK_REGION_LENGTH__:0x400
                0x00000400                __SIGNATURE_REGION_LENGTH__ = DEFINED (__SIGNATURE_REGION_LENGTH__)?__SIGNATURE_REGION_LENGTH__:0x400
                0x00000400                __USER_SIGNATURE_REGION_LENGTH__ = DEFINED (__USER_SIGNATURE_REGION_LENGTH__)?__USER_SIGNATURE_REGION_LENGTH__:0x400
                0x00008000                __RODATA_PM_OFFSET__ = DEFINED (__RODATA_PM_OFFSET__)?__RODATA_PM_OFFSET__:0x8000

.hash
 *(.hash)

.dynsym
 *(.dynsym)

.dynstr
 *(.dynstr)

.gnu.version
 *(.gnu.version)

.gnu.version_d
 *(.gnu.version_d)

.gnu.version_r
 *(.gnu.version_r)

.rel.init
 *(.rel.init)

.rela.init
 *(.rela.init)

.rel.text
 *(.rel.text)
 *(.rel.text.*)
 *(.rel.gnu.linkonce.t*)

.rela.text
 *(.rela.text)
 *(.rela.text.*)
 *(.rela.gnu.linkonce.t*)

.rel.fini
 *(.rel.fini)

.rela.fini
 *(.rela.fini)

.rel.rodata
 *(.rel.rodata)
 *(.rel.rodata.*)
 *(.rel.gnu.linkonce.r*)

.rela.rodata
 *(.rela.rodata)
 *(.rela.rodata.*)
 *(.rela.gnu.linkonce.r*)

.rel.data
 *(.rel.data)
 *(.rel.data.*)
 *(.rel.gnu.linkonce.d*)

.rela.data
 *(.rela.data)
 *(.rela.data.*)
 *(.rela.gnu.linkonce.d*)

.rel.ctors
 *(.rel.ctors)

.rela.ctors
 *(.rela.ctors)

.rel.dtors
 *(.rel.dtors)

.rela.dtors
 *(.rela.dtors)

.rel.got
 *(.rel.got)

.rela.got
 *(.rela.got)

.rel.bss
 *(.rel.bss)

.rela.bss
 *(.rela.bss)

.rel.plt
 *(.rel.plt)

.rela.plt
 *(.rela.plt)

.text           0x00000000     0x2606
 *(.vectors)
 .vectors       0x00000000       0x7c D:/Software/Atmel Studio 7/7.0/Packs/Atmel/ATtiny_DFP/1.3.229/gcc/dev/attiny3217/avrxmega3/crtattiny3217.o
                0x00000000                __vector_default
                0x00000000                __vectors
 *(.vectors)
 *(.progmem.gcc*)
 .progmem.gcc_fplib
                0x0000007c       0x28 d:/software/atmel studio 7/7.0/toolchain/avr8/avr8-gnu-toolchain/bin/../lib/gcc/avr/5.4.0/../../../../avr/lib/avrxmega3\libm.a(exp.o)
 .progmem.gcc_fplib
                0x000000a4       0x1e d:/software/atmel studio 7/7.0/toolchain/avr8/avr8-gnu-toolchain/bin/../lib/gcc/avr/5.4.0/../../../../avr/lib/avrxmega3\libm.a(fp_sinus.o)
                0x000000c2                . = ALIGN (0x2)
                0x000000c2                __trampolines_start = .
 *(.trampolines)
 .trampolines   0x000000c2        0x0 linker stubs
 *(.trampolines*)
                0x000000c2                __trampolines_end = .
 *libprintf_flt.a:*(.progmem.data)
 *libc.a:*(.progmem.data)
 .progmem.data  0x000000c2       0xfa d:/software/atmel studio 7/7.0/toolchain/avr8/avr8-gnu-toolchain/bin/../lib/gcc/avr/5.4.0/../../../../avr/lib/avrxmega3\libc.a(ftoa_engine.o)
 *(.progmem*)
                0x000001bc                . = ALIGN (0x2)
 *(.jumptables)
 *(.jumptables*)
 *(.lowtext)
 *(.lowtext*)
                0x000001bc                __ctors_start = .
 *(.ctors)
                0x000001bc                __ctors_end = .
                0x000001bc                __dtors_start = .
 *(.dtors)
                0x000001bc                __dtors_end = .
 SORT(*)(.ctors)
 SORT(*)(.dtors)
 *(.init0)
 .init0         0x000001bc        0x0 D:/Software/Atmel Studio 7/7.0/Packs/Atmel/ATtiny_DFP/1.3.229/gcc/dev/attiny3217/avrxmega3/crtattiny3217.o
                0x000001bc                __init
 *(.init0)
 *(.init1)
 *(.init1)
 *(.init2)
 .init2         0x000001bc        0xc D:/Software/Atmel Studio 7/7.0/Packs/Atmel/ATtiny_DFP/1.3.229/gcc/dev/attiny3217/avrxmega3/crtattiny3217.o
 *(.init2)
 *(.init3)
 *(.init3)
 *(.init4)
 .init4         0x000001c8       0x16 d:/software/atmel studio 7/7.0/toolchain/avr8/avr8-gnu-toolchain/bin/../lib/gcc/avr/5.4.0/avrxmega3\libgcc.a(_copy_data.o)
                0x000001c8                __do_copy_data
 .init4         0x000001de       0x10 d:/software/atmel studio 7/7.0/toolchain/avr8/avr8-gnu-toolchain/bin/../lib/gcc/avr/5.4.0/avrxmega3\libgcc.a(_clear_bss.o)
                0x000001de                __do_clear_bss
 *(.init4)
 *(.init5)
 *(.init5)
 *(.init6)
 *(.init6)
 *(.init7)
 *(.init7)
 *(.init8)
 *(.init8)
 *(.init9)
 .init9         0x000001ee        0x8 D:/Software/Atmel Studio 7/7.0/Packs/Atmel/ATtiny_DFP/1.3.229/gcc/dev/attiny3217/avrxmega3/crtattiny3217.o
 *(.init9)
 *(.text)
 .text          0x000001f6        0x4 D:/Software/Atmel Studio 7/7.0/Packs/Atmel/ATtiny_DFP/1.3.229/gcc/dev/attiny3217/avrxmega3/crtattiny3217.o
                0x000001f6                __vector_22
                0x000001f6                __vector_28
                0x000001f6                __vector_1
                0x000001f6                __vector_24
                0x000001f6                __vector_12
                0x000001f6                __bad_interrupt
                0x000001f6                __vector_3
                0x000001f6                __vector_23
                0x000001f6                __vector_30
                0x000001f6                __vector_25
                0x000001f6                __vector_11
                0x000001f6                __vector_13
                0x000001f6                __vector_17
                0x000001f6                __vector_19
                0x000001f6                __vector_7
                0x000001f6                __vector_27
                0x000001f6                __vector_5
                0x000001f6                __vector_4
                0x000001f6                __vector_9
                0x000001f6                __vector_2
                0x000001f6                __vector_21
                0x000001f6                __vector_15
                0x000001f6                __vector_29
                0x000001f6                __vector_8
                0x000001f6                __vector_26
                0x000001f6                __vector_14
                0x000001f6                __vector_10
                0x000001f6                __vector_16
                0x000001f6                __vector_18
                0x000001f6                __vector_20
                0x000001fa                . = ALIGN (0x2)
 *(.text.*)
 .text.atmel_start_init
                0x000001fa        0x6 atmel_start.o
                0x000001fa                atmel_start_init
 .text.main     0x00000200       0x82 main.o
                0x00000200                main
 .text.ADC_0_init
                0x00000282       0x10 src/adc_basic.o
                0x00000282                ADC_0_init
 .text.ADC_0_is_conversion_done
                0x00000292        0x8 src/adc_basic.o
                0x00000292                ADC_0_is_conversion_done
 .text.ADC_0_get_conversion
                0x0000029a       0x24 src/adc_basic.o
                0x0000029a                ADC_0_get_conversion
 .text.BOD_init
                0x000002be        0x4 src/bod.o
                0x000002be                BOD_init
 .text.DIGITAL_GLUE_LOGIC_0_init
                0x000002c2       0x22 src/ccl.o
                0x000002c2                DIGITAL_GLUE_LOGIC_0_init
 .text.CLKCTRL_init
                0x000002e4       0x1c src/clkctrl.o
                0x000002e4                CLKCTRL_init
 .text.CPUINT_init
                0x00000300        0x6 src/cpuint.o
                0x00000300                CPUINT_init
 .text.DAC_0_init
                0x00000306        0xa src/dac_basic.o
                0x00000306                DAC_0_init
 .text.DAC_0_uninit
                0x00000310        0xa src/dac_basic.o
                0x00000310                DAC_0_uninit
 .text.DAC_0_enable
                0x0000031a        0xc src/dac_basic.o
                0x0000031a                DAC_0_enable
 .text.DAC_0_disable
                0x00000326        0xc src/dac_basic.o
                0x00000326                DAC_0_disable
 .text.DAC_0_set_output
                0x00000332        0x6 src/dac_basic.o
                0x00000332                DAC_0_set_output
 .text.mcu_init
                0x00000338       0x38 src/driver_init.o
                0x00000338                mcu_init
 .text.ADC_0_initialization
                0x00000370       0x60 src/driver_init.o
                0x00000370                ADC_0_initialization
 .text.USART_0_initialization
                0x000003d0       0x16 src/driver_init.o
                0x000003d0                USART_0_initialization
 .text.TIMER_0_initialization
                0x000003e6       0x14 src/driver_init.o
                0x000003e6                TIMER_0_initialization
 .text.DIGITAL_GLUE_LOGIC_0_initialization
                0x000003fa       0x14 src/driver_init.o
                0x000003fa                DIGITAL_GLUE_LOGIC_0_initialization
 .text.SPI_0_initialization
                0x0000040e       0x1e src/driver_init.o
                0x0000040e                SPI_0_initialization
 .text.DAC_0_initialization
                0x0000042c       0x18 src/driver_init.o
                0x0000042c                DAC_0_initialization
 .text.system_init
                0x00000444       0x5a src/driver_init.o
                0x00000444                system_init
 .text.protected_write_io
                0x0000049e        0x8 src/protected_io.o
                0x0000049e                protected_write_io
 .text.RTC_0_init
                0x000004a6       0x38 src/rtc.o
                0x000004a6                RTC_0_init
 .text.SLPCTRL_init
                0x000004de        0x4 src/slpctrl.o
                0x000004de                SLPCTRL_init
 .text.SPI_0_init
                0x000004e2       0x10 src/spi.o
                0x000004e2                SPI_0_init
 .text.TIMER_0_init
                0x000004f2       0x20 src/tca.o
                0x000004f2                TIMER_0_init
 .text.USART_0_init
                0x00000512       0x20 src/usart_basic.o
                0x00000512                USART_0_init
 .text.USART_0_write
                0x00000532       0x10 src/usart_basic.o
                0x00000532                USART_0_write
 .text.USART_0_printCHAR
                0x00000542        0xa src/usart_basic.o
                0x00000542                USART_0_printCHAR
 .text.tinyAxon_add_pulse
                0x0000054c       0x4a tinyAxon/tinyAxon.o
 .text.tinyAxon_is_firing
                0x00000596        0xe tinyAxon/tinyAxon.o
                0x00000596                tinyAxon_is_firing
 .text.find_newest_pulse
                0x000005a4       0x26 tinyAxon/tinyAxon.o
                0x000005a4                find_newest_pulse
 .text.tinyAxon_stop_sending_pulse
                0x000005ca        0xe tinyAxon/tinyAxon.o
                0x000005ca                tinyAxon_stop_sending_pulse
 .text.tinyAxon_remove_pulse
                0x000005d8       0x46 tinyAxon/tinyAxon.o
                0x000005d8                tinyAxon_remove_pulse
 .text.tinyAxon_update_potential
                0x0000061e      0x168 tinyAxon/tinyAxon.o
                0x0000061e                tinyAxon_update_potential
 .text.tinyAxon_check_charge_level
                0x00000786       0x26 tinyAxon/tinyAxon.o
                0x00000786                tinyAxon_check_charge_level
 .text.tinyButton_update
                0x000007ac       0xbc tinyButton/tinyButton.o
                0x000007ac                tinyButton_update
 .text.tinyButton_update_potential
                0x00000868       0x16 tinyButton/tinyButton.o
                0x00000868                tinyButton_update_potential
 .text.tinyCharge_is_connected_to_charger
                0x0000087e        0x6 tinyCharge/tinyCharge.o
                0x0000087e                tinyCharge_is_connected_to_charger
 .text.tinyCharge_is_fully_charged
                0x00000884        0xa tinyCharge/tinyCharge.o
                0x00000884                tinyCharge_is_fully_charged
 .text.tinyCharge_DAC_dissable
                0x0000088e        0xa tinyCharge/tinyCharge.o
                0x0000088e                tinyCharge_DAC_dissable
 .text.tinyCharge_DAC_enable
                0x00000898        0xa tinyCharge/tinyCharge.o
                0x00000898                tinyCharge_DAC_enable
 .text.tinyCharge_switch_mode
                0x000008a2       0x40 tinyCharge/tinyCharge.o
                0x000008a2                tinyCharge_switch_mode
 .text.tinyCharge_set_charging_mode
                0x000008e2       0x12 tinyCharge/tinyCharge.o
                0x000008e2                tinyCharge_set_charging_mode
 .text.tinyCharge_update_charging_mode
                0x000008f4       0x50 tinyCharge/tinyCharge.o
                0x000008f4                tinyCharge_update_charging_mode
 .text.tinyCharge_set_transistors
                0x00000944       0x10 tinyCharge/tinyCharge.o
                0x00000944                tinyCharge_set_transistors
 .text.tinyDebugger_send_uint32
                0x00000954       0x24 tinyDebugger/tinyDebugger.o
                0x00000954                tinyDebugger_send_uint32
 .text.tinyDebugger_send_uint8
                0x00000978       0x22 tinyDebugger/tinyDebugger.o
                0x00000978                tinyDebugger_send_uint8
 .text.tinyDebugger_send_double
                0x0000099a       0x6c tinyDebugger/tinyDebugger.o
                0x0000099a                tinyDebugger_send_double
 .text.tinyDebugger_end_line
                0x00000a06        0xa tinyDebugger/tinyDebugger.o
                0x00000a06                tinyDebugger_end_line
 .text.tinyDendrite_check_charge_level
                0x00000a10       0xaa tinyDendrite/tinyDendrite.o
                0x00000a10                tinyDendrite_check_charge_level
 .text.tinyDendrite_update_signals
                0x00000aba       0xa8 tinyDendrite/tinyDendrite.o
                0x00000aba                tinyDendrite_update_signals
 .text.tinyDendrite_get_potential
                0x00000b62       0xba tinyDendrite/tinyDendrite.o
                0x00000b62                tinyDendrite_get_potential
 .text.tinyDendrite_update_potential
                0x00000c1c       0x2e tinyDendrite/tinyDendrite.o
                0x00000c1c                tinyDendrite_update_potential
 .text.__vector_6
                0x00000c4a       0x56 tinyISR/tinyISR.o
                0x00000c4a                __vector_6
 .text.tinyISR_setflag
                0x00000ca0        0x6 tinyISR/tinyISR.o
                0x00000ca0                tinyISR_setflag
 .text.tinyISR_getflag
                0x00000ca6        0x6 tinyISR/tinyISR.o
                0x00000ca6                tinyISR_getflag
 .text.tinyLED_SPIWriteByte
                0x00000cac       0x28 tinyLED/tinyLED.o
 .text.tinyLED_get_color
                0x00000cd4       0x10 tinyLED/tinyLED.o
                0x00000cd4                tinyLED_get_color
 .text.tinyLED_set_color_mode
                0x00000ce4       0x48 tinyLED/tinyLED.o
                0x00000ce4                tinyLED_set_color_mode
 .text.tinyLED_set_color
                0x00000d2c        0x8 tinyLED/tinyLED.o
                0x00000d2c                tinyLED_set_color
 .text.tinyLED_RGB_Color_Compare
                0x00000d34       0x60 tinyLED/tinyLED.o
                0x00000d34                tinyLED_RGB_Color_Compare
 .text.tinyLED_update
                0x00000d94      0x448 tinyLED/tinyLED.o
                0x00000d94                tinyLED_update
 .text.tinyPotential_update
                0x000011dc      0x114 tinyPotential/tinyPotential.o
                0x000011dc                tinyPotential_update
 .text.tinyPulse_toggle_pulse_mode
                0x000012f0       0x38 tinyPulse/tinyPulse.o
                0x000012f0                tinyPulse_toggle_pulse_mode
 .text.tinyPulse_set_pulse_mode
                0x00001328        0xc tinyPulse/tinyPulse.o
                0x00001328                tinyPulse_set_pulse_mode
 .text.tinyPulse_update_potential
                0x00001334       0x70 tinyPulse/tinyPulse.o
                0x00001334                tinyPulse_update_potential
 .text.tinyTime_counter_increment
                0x000013a4       0x28 tinyTime/tinyTime.o
                0x000013a4                tinyTime_counter_increment
 .text.tinyTime_now
                0x000013cc       0x12 tinyTime/tinyTime.o
                0x000013cc                tinyTime_now
 .text.avr-libc.fplib
                0x000013de        0xe d:/software/atmel studio 7/7.0/toolchain/avr8/avr8-gnu-toolchain/bin/../lib/gcc/avr/5.4.0/../../../../avr/lib/avrxmega3\libm.a(addsf3.o)
                0x000013de                __subsf3
                0x000013e0                __addsf3
 .text.avr-libc.fplib
                0x000013ec       0xcc d:/software/atmel studio 7/7.0/toolchain/avr8/avr8-gnu-toolchain/bin/../lib/gcc/avr/5.4.0/../../../../avr/lib/avrxmega3\libm.a(addsf3x.o)
                0x0000140e                __addsf3x
 .text.avr-libc.fplib
                0x000014b8        0xa d:/software/atmel studio 7/7.0/toolchain/avr8/avr8-gnu-toolchain/bin/../lib/gcc/avr/5.4.0/../../../../avr/lib/avrxmega3\libm.a(cmpsf2.o)
                0x000014b8                __nesf2
                0x000014b8                __eqsf2
                0x000014b8                __cmpsf2
                0x000014b8                __ltsf2
                0x000014b8                __lesf2
 .text.avr-libc.fplib
                0x000014c2        0x8 d:/software/atmel studio 7/7.0/toolchain/avr8/avr8-gnu-toolchain/bin/../lib/gcc/avr/5.4.0/../../../../avr/lib/avrxmega3\libm.a(divsf3.o)
                0x000014c2                __divsf3
 .text.avr-libc.fplib
                0x000014ca       0xdc d:/software/atmel studio 7/7.0/toolchain/avr8/avr8-gnu-toolchain/bin/../lib/gcc/avr/5.4.0/../../../../avr/lib/avrxmega3\libm.a(divsf3x.o)
                0x000014ea                __divsf3x
                0x000014f0                __divsf3_pse
 .text.avr-libc.fplib
                0x000015a6       0x74 d:/software/atmel studio 7/7.0/toolchain/avr8/avr8-gnu-toolchain/bin/../lib/gcc/avr/5.4.0/../../../../avr/lib/avrxmega3\libm.a(exp.o)
                0x000015b6                exp
 .text.avr-libc.fplib
                0x0000161a       0x5e d:/software/atmel studio 7/7.0/toolchain/avr8/avr8-gnu-toolchain/bin/../lib/gcc/avr/5.4.0/../../../../avr/lib/avrxmega3\libm.a(fixunssfsi.o)
                0x0000161a                __fixunssfsi
 .text.avr-libc.fplib
                0x00001678       0x7a d:/software/atmel studio 7/7.0/toolchain/avr8/avr8-gnu-toolchain/bin/../lib/gcc/avr/5.4.0/../../../../avr/lib/avrxmega3\libm.a(floatsisf.o)
                0x00001678                __floatunsisf
                0x0000167c                __floatsisf
 .text.avr-libc.fplib
                0x000016f2       0x3e d:/software/atmel studio 7/7.0/toolchain/avr8/avr8-gnu-toolchain/bin/../lib/gcc/avr/5.4.0/../../../../avr/lib/avrxmega3\libm.a(fmin.o)
                0x000016f2                fmin
 .text.avr-libc.fplib
                0x00001730       0x48 d:/software/atmel studio 7/7.0/toolchain/avr8/avr8-gnu-toolchain/bin/../lib/gcc/avr/5.4.0/../../../../avr/lib/avrxmega3\libm.a(fp_cmp.o)
                0x00001730                __fp_cmp
 .text.avr-libc.fplib
                0x00001778        0xc d:/software/atmel studio 7/7.0/toolchain/avr8/avr8-gnu-toolchain/bin/../lib/gcc/avr/5.4.0/../../../../avr/lib/avrxmega3\libm.a(fp_inf.o)
                0x00001778                __fp_inf
 .text.avr-libc.fplib
                0x00001784        0x6 d:/software/atmel studio 7/7.0/toolchain/avr8/avr8-gnu-toolchain/bin/../lib/gcc/avr/5.4.0/../../../../avr/lib/avrxmega3\libm.a(fp_nan.o)
                0x00001784                __fp_nan
 .text.avr-libc.fplib
                0x0000178a       0x4e d:/software/atmel studio 7/7.0/toolchain/avr8/avr8-gnu-toolchain/bin/../lib/gcc/avr/5.4.0/../../../../avr/lib/avrxmega3\libm.a(fp_powser.o)
                0x0000178a                __fp_powser
 .text.avr-libc.fplib
                0x000017d8        0xe d:/software/atmel studio 7/7.0/toolchain/avr8/avr8-gnu-toolchain/bin/../lib/gcc/avr/5.4.0/../../../../avr/lib/avrxmega3\libm.a(fp_pscA.o)
                0x000017d8                __fp_pscA
 .text.avr-libc.fplib
                0x000017e6        0xe d:/software/atmel studio 7/7.0/toolchain/avr8/avr8-gnu-toolchain/bin/../lib/gcc/avr/5.4.0/../../../../avr/lib/avrxmega3\libm.a(fp_pscB.o)
                0x000017e6                __fp_pscB
 .text.avr-libc.fplib
                0x000017f4       0x22 d:/software/atmel studio 7/7.0/toolchain/avr8/avr8-gnu-toolchain/bin/../lib/gcc/avr/5.4.0/../../../../avr/lib/avrxmega3\libm.a(fp_round.o)
                0x000017f4                __fp_round
 .text.avr-libc.fplib
                0x00001816       0x44 d:/software/atmel studio 7/7.0/toolchain/avr8/avr8-gnu-toolchain/bin/../lib/gcc/avr/5.4.0/../../../../avr/lib/avrxmega3\libm.a(fp_split3.o)
                0x00001816                __fp_split3
                0x00001826                __fp_splitA
 .text.avr-libc.fplib
                0x0000185a        0xe d:/software/atmel studio 7/7.0/toolchain/avr8/avr8-gnu-toolchain/bin/../lib/gcc/avr/5.4.0/../../../../avr/lib/avrxmega3\libm.a(fp_zero.o)
                0x0000185a                __fp_zero
                0x0000185c                __fp_szero
 .text.avr-libc.fplib
                0x00001868        0xa d:/software/atmel studio 7/7.0/toolchain/avr8/avr8-gnu-toolchain/bin/../lib/gcc/avr/5.4.0/../../../../avr/lib/avrxmega3\libm.a(gesf2.o)
                0x00001868                __gesf2
                0x00001868                __gtsf2
 .text.avr-libc.fplib
                0x00001872       0x10 d:/software/atmel studio 7/7.0/toolchain/avr8/avr8-gnu-toolchain/bin/../lib/gcc/avr/5.4.0/../../../../avr/lib/avrxmega3\libm.a(inverse.o)
                0x00001872                inverse
 .text.avr-libc.fplib
                0x00001882       0x74 d:/software/atmel studio 7/7.0/toolchain/avr8/avr8-gnu-toolchain/bin/../lib/gcc/avr/5.4.0/../../../../avr/lib/avrxmega3\libm.a(ldexp.o)
                0x0000188a                ldexp
 .text.avr-libc.fplib
                0x000018f6       0x68 d:/software/atmel studio 7/7.0/toolchain/avr8/avr8-gnu-toolchain/bin/../lib/gcc/avr/5.4.0/../../../../avr/lib/avrxmega3\libm.a(modf.o)
                0x000018f6                modf
                0x000018f6                modff
 .text.avr-libc.fplib
                0x0000195e        0x8 d:/software/atmel studio 7/7.0/toolchain/avr8/avr8-gnu-toolchain/bin/../lib/gcc/avr/5.4.0/../../../../avr/lib/avrxmega3\libm.a(mulsf3.o)
                0x0000195e                __mulsf3
 .text.avr-libc.fplib
                0x00001966       0xd2 d:/software/atmel studio 7/7.0/toolchain/avr8/avr8-gnu-toolchain/bin/../lib/gcc/avr/5.4.0/../../../../avr/lib/avrxmega3\libm.a(mulsf3x.o)
                0x00001984                __mulsf3x
                0x0000198a                __mulsf3_pse
 .text.avr-libc.fplib
                0x00001a38       0x10 d:/software/atmel studio 7/7.0/toolchain/avr8/avr8-gnu-toolchain/bin/../lib/gcc/avr/5.4.0/../../../../avr/lib/avrxmega3\libm.a(sin.o)
                0x00001a38                sin
 .text.avr-libc.fplib
                0x00001a48       0x1c d:/software/atmel studio 7/7.0/toolchain/avr8/avr8-gnu-toolchain/bin/../lib/gcc/avr/5.4.0/../../../../avr/lib/avrxmega3\libm.a(fp_mpack.o)
                0x00001a48                __fp_mpack
                0x00001a4c                __fp_mpack_finite
 .text.avr-libc.fplib
                0x00001a64       0x56 d:/software/atmel studio 7/7.0/toolchain/avr8/avr8-gnu-toolchain/bin/../lib/gcc/avr/5.4.0/../../../../avr/lib/avrxmega3\libm.a(fp_rempio2.o)
                0x00001a68                __fp_rempio2
 .text.avr-libc.fplib
                0x00001aba       0x28 d:/software/atmel studio 7/7.0/toolchain/avr8/avr8-gnu-toolchain/bin/../lib/gcc/avr/5.4.0/../../../../avr/lib/avrxmega3\libm.a(fp_sinus.o)
                0x00001aba                __fp_sinus
 .text.avr-libc.fplib
                0x00001ae2       0x28 d:/software/atmel studio 7/7.0/toolchain/avr8/avr8-gnu-toolchain/bin/../lib/gcc/avr/5.4.0/../../../../avr/lib/avrxmega3\libm.a(fp_powsodd.o)
                0x00001ae2                __fp_powsodd
 .text.libgcc.div
                0x00001b0a       0x44 d:/software/atmel studio 7/7.0/toolchain/avr8/avr8-gnu-toolchain/bin/../lib/gcc/avr/5.4.0/avrxmega3\libgcc.a(_udivmodsi4.o)
                0x00001b0a                __udivmodsi4
 .text.avr-libc
                0x00001b4e       0x40 d:/software/atmel studio 7/7.0/toolchain/avr8/avr8-gnu-toolchain/bin/../lib/gcc/avr/5.4.0/../../../../avr/lib/avrxmega3\libc.a(dtostrf.o)
                0x00001b4e                dtostrf
 .text.avr-libc
                0x00001b8e       0x2c d:/software/atmel studio 7/7.0/toolchain/avr8/avr8-gnu-toolchain/bin/../lib/gcc/avr/5.4.0/../../../../avr/lib/avrxmega3\libc.a(printf.o)
                0x00001b8e                printf
 .text.avr-libc
                0x00001bba       0x60 d:/software/atmel studio 7/7.0/toolchain/avr8/avr8-gnu-toolchain/bin/../lib/gcc/avr/5.4.0/../../../../avr/lib/avrxmega3\libc.a(puts.o)
                0x00001bba                puts
 .text.avr-libc
                0x00001c1a      0x3c2 d:/software/atmel studio 7/7.0/toolchain/avr8/avr8-gnu-toolchain/bin/../lib/gcc/avr/5.4.0/../../../../avr/lib/avrxmega3\libc.a(vfprintf_std.o)
                0x00001c1a                vfprintf
 .text.avr-libc
                0x00001fdc      0x2b4 d:/software/atmel studio 7/7.0/toolchain/avr8/avr8-gnu-toolchain/bin/../lib/gcc/avr/5.4.0/../../../../avr/lib/avrxmega3\libc.a(dtoa_prf.o)
                0x00001fdc                dtoa_prf
 .text.avr-libc
                0x00002290      0x1b0 d:/software/atmel studio 7/7.0/toolchain/avr8/avr8-gnu-toolchain/bin/../lib/gcc/avr/5.4.0/../../../../avr/lib/avrxmega3\libc.a(ftoa_engine.o)
                0x00002290                __ftoa_engine
 .text.avr-libc
                0x00002440       0x16 d:/software/atmel studio 7/7.0/toolchain/avr8/avr8-gnu-toolchain/bin/../lib/gcc/avr/5.4.0/../../../../avr/lib/avrxmega3\libc.a(strnlen_P.o)
                0x00002440                strnlen_P
 .text.avr-libc
                0x00002456       0x16 d:/software/atmel studio 7/7.0/toolchain/avr8/avr8-gnu-toolchain/bin/../lib/gcc/avr/5.4.0/../../../../avr/lib/avrxmega3\libc.a(strnlen.o)
                0x00002456                strnlen
 .text.avr-libc
                0x0000246c       0x78 d:/software/atmel studio 7/7.0/toolchain/avr8/avr8-gnu-toolchain/bin/../lib/gcc/avr/5.4.0/../../../../avr/lib/avrxmega3\libc.a(fputc.o)
                0x0000246c                fputc
 .text.avr-libc
                0x000024e4       0xbc d:/software/atmel studio 7/7.0/toolchain/avr8/avr8-gnu-toolchain/bin/../lib/gcc/avr/5.4.0/../../../../avr/lib/avrxmega3\libc.a(ultoa_invert.o)
                0x000024e4                __ultoa_invert
 .text.libgcc.prologue
                0x000025a0       0x32 d:/software/atmel studio 7/7.0/toolchain/avr8/avr8-gnu-toolchain/bin/../lib/gcc/avr/5.4.0/avrxmega3\libgcc.a(_prologue.o)
                0x000025a0                __prologue_saves__
 .text.libgcc.prologue
                0x000025d2       0x30 d:/software/atmel studio 7/7.0/toolchain/avr8/avr8-gnu-toolchain/bin/../lib/gcc/avr/5.4.0/avrxmega3\libgcc.a(_epilogue.o)
                0x000025d2                __epilogue_restores__
                0x00002602                . = ALIGN (0x2)
 *(.fini9)
 .fini9         0x00002602        0x0 d:/software/atmel studio 7/7.0/toolchain/avr8/avr8-gnu-toolchain/bin/../lib/gcc/avr/5.4.0/avrxmega3\libgcc.a(_exit.o)
                0x00002602                _exit
                0x00002602                exit
 *(.fini9)
 *(.fini8)
 *(.fini8)
 *(.fini7)
 *(.fini7)
 *(.fini6)
 *(.fini6)
 *(.fini5)
 *(.fini5)
 *(.fini4)
 *(.fini4)
 *(.fini3)
 *(.fini3)
 *(.fini2)
 *(.fini2)
 *(.fini1)
 *(.fini1)
 *(.fini0)
 .fini0         0x00002602        0x4 d:/software/atmel studio 7/7.0/toolchain/avr8/avr8-gnu-toolchain/bin/../lib/gcc/avr/5.4.0/avrxmega3\libgcc.a(_exit.o)
 *(.fini0)
                0x00002606                _etext = .

.rodata         0x0000a606       0x6a load address 0x00002606
 *(.rodata)
 *(.rodata*)
 .rodata.str1.1
                0x0000a606        0x5 main.o
 .rodata.str1.1
                0x0000a60b        0xc tinyAxon/tinyAxon.o
 .rodata.str1.1
                0x0000a617       0x2a tinyDebugger/tinyDebugger.o
 .rodata.str1.1
                0x0000a641        0xf tinyDendrite/tinyDendrite.o
 .rodata.str1.1
                0x0000a650       0x16 tinyLED/tinyLED.o
 .rodata.str1.1
                0x0000a666        0xa tinyPotential/tinyPotential.o
 *(.gnu.linkonce.r*)

.data           0x00803800       0x16 load address 0x00002670
                0x00803800                PROVIDE (__data_start, .)
 *(.data)
 *(.data*)
 .data.USART_0_stream
                0x00803800        0xe src/usart_basic.o
                0x00803800                USART_0_stream
 .data.Dendrite_ports
                0x0080380e        0x5 tinyDendrite/tinyDendrite.o
                0x0080380e                Dendrite_ports
 .data.ideal_time_between_pulses
                0x00803813        0x2 tinyPulse/tinyPulse.o
                0x00803813                ideal_time_between_pulses
 *(.gnu.linkonce.d*)
                0x00803816                . = ALIGN (0x2)
 *fill*         0x00803815        0x1 
                0x00803816                _edata = .
                0x00803816                PROVIDE (__data_end, .)

.bss            0x00803816       0x5a
                0x00803816                PROVIDE (__bss_start, .)
 *(.bss)
 *(.bss*)
 .bss.pulse_queue
                0x00803816       0x14 tinyAxon/tinyAxon.o
                0x00803816                pulse_queue
 .bss.pulses_in_queue
                0x0080382a        0x1 tinyAxon/tinyAxon.o
                0x0080382a                pulses_in_queue
 .bss.axonOutputValue
                0x0080382b        0x1 tinyAxon/tinyAxon.o
                0x0080382b                axonOutputValue
 .bss.tinyAxon_should_fire
                0x0080382c        0x1 tinyAxon/tinyAxon.o
                0x0080382c                tinyAxon_should_fire
 .bss.tinyAxon_has_just_fired
                0x0080382d        0x1 tinyAxon/tinyAxon.o
                0x0080382d                tinyAxon_has_just_fired
 .bss.tinyButton_start_time
                0x0080382e        0x4 tinyButton/tinyButton.o
 .bss.ignore_next_button_press
                0x00803832        0x1 tinyButton/tinyButton.o
                0x00803832                ignore_next_button_press
 .bss.button_press
                0x00803833        0x1 tinyButton/tinyButton.o
                0x00803833                button_press
 .bss.button_was_pushed_down
                0x00803834        0x1 tinyButton/tinyButton.o
 .bss.charge_counter
                0x00803835        0x1 tinyCharge/tinyCharge.o
                0x00803835                charge_counter
 .bss.tinyDendrite_previous_signals
                0x00803836        0x5 tinyDendrite/tinyDendrite.o
                0x00803836                tinyDendrite_previous_signals
 .bss.tinyDendrite_current_signals
                0x0080383b        0x5 tinyDendrite/tinyDendrite.o
                0x0080383b                tinyDendrite_current_signals
 .bss.tinyDendrite_values
                0x00803840        0x5 tinyDendrite/tinyDendrite.o
                0x00803840                tinyDendrite_values
 .bss.tinyISR_interrupt_flag
                0x00803845        0x1 tinyISR/tinyISR.o
 .bss.previous_update_time
                0x00803846        0x4 tinyPotential/tinyPotential.o
 .bss.tinyPotential_potential
                0x0080384a        0x4 tinyPotential/tinyPotential.o
 .bss.time_since_last_pulse
                0x0080384e        0x2 tinyPulse/tinyPulse.o
                0x0080384e                time_since_last_pulse
 .bss.time_of_last_pulse
                0x00803850        0x4 tinyPulse/tinyPulse.o
                0x00803850                time_of_last_pulse
 .bss.pulse_mode
                0x00803854        0x1 tinyPulse/tinyPulse.o
                0x00803854                pulse_mode
 .bss.time_counter
                0x00803855        0x4 tinyTime/tinyTime.o
                0x00803855                time_counter
 *(COMMON)
 COMMON         0x00803859        0x1 tinyCharge/tinyCharge.o
                0x00803859                connected_to_charger
 COMMON         0x0080385a       0x10 tinyLED/tinyLED.o
                0x0080385a                tinyLED_flash_once_time
                0x0080385c                tinyLED_old_colors
                0x00803862                tinyLED_settings
                0x00803866                tinyLED_old_settings
 COMMON         0x0080386a        0x6 d:/software/atmel studio 7/7.0/toolchain/avr8/avr8-gnu-toolchain/bin/../lib/gcc/avr/5.4.0/../../../../avr/lib/avrxmega3\libc.a(iob.o)
                0x0080386a                __iob
                0x00803870                PROVIDE (__bss_end, .)
                0x00002670                __data_load_start = LOADADDR (.data)
                0x00002686                __data_load_end = (__data_load_start + SIZEOF (.data))

.noinit         0x00803870        0x0
                [!provide]                PROVIDE (__noinit_start, .)
 *(.noinit*)
                [!provide]                PROVIDE (__noinit_end, .)
                0x00803870                _end = .
                [!provide]                PROVIDE (__heap_start, .)

.eeprom         0x00810000        0x0
 *(.eeprom*)
                0x00810000                __eeprom_end = .

.fuse
 *(.fuse)
 *(.lfuse)
 *(.hfuse)
 *(.efuse)

.lock
 *(.lock*)

.signature
 *(.signature*)

.user_signatures
 *(.user_signatures*)

.stab
 *(.stab)

.stabstr
 *(.stabstr)

.stab.excl
 *(.stab.excl)

.stab.exclstr
 *(.stab.exclstr)

.stab.index
 *(.stab.index)

.stab.indexstr
 *(.stab.indexstr)

.comment        0x00000000       0x5c
 *(.comment)
 .comment       0x00000000       0x30 atmel_start.o
                                 0x31 (size before relaxing)
 .comment       0x00000030       0x31 main.o
 .comment       0x00000030       0x31 src/adc_basic.o
 .comment       0x00000030       0x31 src/bod.o
 .comment       0x00000030       0x31 src/ccl.o
 .comment       0x00000030       0x31 src/clkctrl.o
 .comment       0x00000030       0x31 src/cpuint.o
 .comment       0x00000030       0x31 src/dac_basic.o
 .comment       0x00000030       0x31 src/driver_init.o
 .comment       0x00000030       0x31 src/rtc.o
 .comment       0x00000030       0x31 src/slpctrl.o
 .comment       0x00000030       0x31 src/spi.o
 .comment       0x00000030       0x31 src/tca.o
 .comment       0x00000030       0x31 src/usart_basic.o
 .comment       0x00000030       0x31 tinyAxon/tinyAxon.o
 .comment       0x00000030       0x31 tinyButton/tinyButton.o
 .comment       0x00000030       0x31 tinyCharge/tinyCharge.o
 .comment       0x00000030       0x31 tinyDebugger/tinyDebugger.o
 .comment       0x00000030       0x31 tinyDendrite/tinyDendrite.o
 .comment       0x00000030       0x31 tinyISR/tinyISR.o
 .comment       0x00000030       0x31 tinyLED/tinyLED.o
 .comment       0x00000030       0x31 tinyPotential/tinyPotential.o
 .comment       0x00000030       0x31 tinyPulse/tinyPulse.o
 .comment       0x00000030       0x31 tinyTime/tinyTime.o
 .comment       0x00000030       0x31 d:/software/atmel studio 7/7.0/toolchain/avr8/avr8-gnu-toolchain/bin/../lib/gcc/avr/5.4.0/../../../../avr/lib/avrxmega3\libc.a(dtostrf.o)
 .comment       0x00000030       0x31 d:/software/atmel studio 7/7.0/toolchain/avr8/avr8-gnu-toolchain/bin/../lib/gcc/avr/5.4.0/../../../../avr/lib/avrxmega3\libc.a(iob.o)
 .comment       0x00000030       0x31 d:/software/atmel studio 7/7.0/toolchain/avr8/avr8-gnu-toolchain/bin/../lib/gcc/avr/5.4.0/../../../../avr/lib/avrxmega3\libc.a(printf.o)
 .comment       0x00000030       0x31 d:/software/atmel studio 7/7.0/toolchain/avr8/avr8-gnu-toolchain/bin/../lib/gcc/avr/5.4.0/../../../../avr/lib/avrxmega3\libc.a(puts.o)
 .comment       0x00000030       0x2c d:/software/atmel studio 7/7.0/toolchain/avr8/avr8-gnu-toolchain/bin/../lib/gcc/avr/5.4.0/../../../../avr/lib/avrxmega3\libc.a(vfprintf_std.o)
                                 0x2d (size before relaxing)
 .comment       0x0000005c       0x31 d:/software/atmel studio 7/7.0/toolchain/avr8/avr8-gnu-toolchain/bin/../lib/gcc/avr/5.4.0/../../../../avr/lib/avrxmega3\libc.a(dtoa_prf.o)
 .comment       0x0000005c       0x31 d:/software/atmel studio 7/7.0/toolchain/avr8/avr8-gnu-toolchain/bin/../lib/gcc/avr/5.4.0/../../../../avr/lib/avrxmega3\libc.a(fputc.o)

.note.gnu.avr.deviceinfo
                0x00000000       0x40
 .note.gnu.avr.deviceinfo
                0x00000000       0x40 D:/Software/Atmel Studio 7/7.0/Packs/Atmel/ATtiny_DFP/1.3.229/gcc/dev/attiny3217/avrxmega3/crtattiny3217.o

.note.gnu.build-id
 *(.note.gnu.build-id)

.debug
 *(.debug)

.line
 *(.line)

.debug_srcinfo
 *(.debug_srcinfo)

.debug_sfnames
 *(.debug_sfnames)

.debug_aranges  0x00000000      0x518
 *(.debug_aranges)
 .debug_aranges
                0x00000000       0x20 atmel_start.o
 .debug_aranges
                0x00000020       0x20 main.o
 .debug_aranges
                0x00000040       0x58 src/adc_basic.o
 .debug_aranges
                0x00000098       0x20 src/bod.o
 .debug_aranges
                0x000000b8       0x20 src/ccl.o
 .debug_aranges
                0x000000d8       0x20 src/clkctrl.o
 .debug_aranges
                0x000000f8       0x20 src/cpuint.o
 .debug_aranges
                0x00000118       0x48 src/dac_basic.o
 .debug_aranges
                0x00000160       0x58 src/driver_init.o
 .debug_aranges
                0x000001b8       0x20 src/protected_io.o
 .debug_aranges
                0x000001d8       0x20 src/rtc.o
 .debug_aranges
                0x000001f8       0x20 src/slpctrl.o
 .debug_aranges
                0x00000218       0x20 src/spi.o
 .debug_aranges
                0x00000238       0x20 src/tca.o
 .debug_aranges
                0x00000258       0x78 src/usart_basic.o
 .debug_aranges
                0x000002d0       0x50 tinyAxon/tinyAxon.o
 .debug_aranges
                0x00000320       0x28 tinyButton/tinyButton.o
 .debug_aranges
                0x00000348       0x58 tinyCharge/tinyCharge.o
 .debug_aranges
                0x000003a0       0x48 tinyDebugger/tinyDebugger.o
 .debug_aranges
                0x000003e8       0x38 tinyDendrite/tinyDendrite.o
 .debug_aranges
                0x00000420       0x30 tinyISR/tinyISR.o
 .debug_aranges
                0x00000450       0x48 tinyLED/tinyLED.o
 .debug_aranges
                0x00000498       0x20 tinyPotential/tinyPotential.o
 .debug_aranges
                0x000004b8       0x38 tinyPulse/tinyPulse.o
 .debug_aranges
                0x000004f0       0x28 tinyTime/tinyTime.o

.debug_pubnames
 *(.debug_pubnames)

.debug_info     0x00000000     0x8a72
 *(.debug_info .gnu.linkonce.wi.*)
 .debug_info    0x00000000     0x1c4d D:/Software/Atmel Studio 7/7.0/Packs/Atmel/ATtiny_DFP/1.3.229/gcc/dev/attiny3217/avrxmega3/crtattiny3217.o
 .debug_info    0x00001c4d       0x9a atmel_start.o
 .debug_info    0x00001ce7      0x36e main.o
 .debug_info    0x00002055      0x4ee src/adc_basic.o
 .debug_info    0x00002543       0x8d src/bod.o
 .debug_info    0x000025d0      0x5cd src/ccl.o
 .debug_info    0x00002b9d      0x3fe src/clkctrl.o
 .debug_info    0x00002f9b       0x8d src/cpuint.o
 .debug_info    0x00003028      0x19d src/dac_basic.o
 .debug_info    0x000031c5     0x16b6 src/driver_init.o
 .debug_info    0x0000487b       0x98 src/protected_io.o
 .debug_info    0x00004913      0x422 src/rtc.o
 .debug_info    0x00004d35       0x8d src/slpctrl.o
 .debug_info    0x00004dc2      0x18f src/spi.o
 .debug_info    0x00004f51      0xa74 src/tca.o
 .debug_info    0x000059c5      0x47d src/usart_basic.o
 .debug_info    0x00005e42      0x549 tinyAxon/tinyAxon.o
 .debug_info    0x0000638b      0x234 tinyButton/tinyButton.o
 .debug_info    0x000065bf      0x4f4 tinyCharge/tinyCharge.o
 .debug_info    0x00006ab3      0x2cf tinyDebugger/tinyDebugger.o
 .debug_info    0x00006d82      0x478 tinyDendrite/tinyDendrite.o
 .debug_info    0x000071fa      0x3d8 tinyISR/tinyISR.o
 .debug_info    0x000075d2      0xfc2 tinyLED/tinyLED.o
 .debug_info    0x00008594      0x1b7 tinyPotential/tinyPotential.o
 .debug_info    0x0000874b      0x271 tinyPulse/tinyPulse.o
 .debug_info    0x000089bc       0xb6 tinyTime/tinyTime.o

.debug_abbrev   0x00000000     0x3747
 *(.debug_abbrev)
 .debug_abbrev  0x00000000     0x1ac8 D:/Software/Atmel Studio 7/7.0/Packs/Atmel/ATtiny_DFP/1.3.229/gcc/dev/attiny3217/avrxmega3/crtattiny3217.o
 .debug_abbrev  0x00001ac8       0x63 atmel_start.o
 .debug_abbrev  0x00001b2b       0xf4 main.o
 .debug_abbrev  0x00001c1f      0x1bc src/adc_basic.o
 .debug_abbrev  0x00001ddb       0x51 src/bod.o
 .debug_abbrev  0x00001e2c       0x9f src/ccl.o
 .debug_abbrev  0x00001ecb      0x116 src/clkctrl.o
 .debug_abbrev  0x00001fe1       0x51 src/cpuint.o
 .debug_abbrev  0x00002032       0xc2 src/dac_basic.o
 .debug_abbrev  0x000020f4      0x1cf src/driver_init.o
 .debug_abbrev  0x000022c3       0x14 src/protected_io.o
 .debug_abbrev  0x000022d7       0xd4 src/rtc.o
 .debug_abbrev  0x000023ab       0x51 src/slpctrl.o
 .debug_abbrev  0x000023fc       0x9f src/spi.o
 .debug_abbrev  0x0000249b       0xf0 src/tca.o
 .debug_abbrev  0x0000258b      0x204 src/usart_basic.o
 .debug_abbrev  0x0000278f      0x2b6 tinyAxon/tinyAxon.o
 .debug_abbrev  0x00002a45      0x16a tinyButton/tinyButton.o
 .debug_abbrev  0x00002baf      0x1fb tinyCharge/tinyCharge.o
 .debug_abbrev  0x00002daa      0x11b tinyDebugger/tinyDebugger.o
 .debug_abbrev  0x00002ec5      0x1aa tinyDendrite/tinyDendrite.o
 .debug_abbrev  0x0000306f      0x157 tinyISR/tinyISR.o
 .debug_abbrev  0x000031c6      0x2f2 tinyLED/tinyLED.o
 .debug_abbrev  0x000034b8       0xe7 tinyPotential/tinyPotential.o
 .debug_abbrev  0x0000359f      0x12c tinyPulse/tinyPulse.o
 .debug_abbrev  0x000036cb       0x7c tinyTime/tinyTime.o

.debug_line     0x00000000     0x2a81
 *(.debug_line .debug_line.* .debug_line_end)
 .debug_line    0x00000000      0x151 D:/Software/Atmel Studio 7/7.0/Packs/Atmel/ATtiny_DFP/1.3.229/gcc/dev/attiny3217/avrxmega3/crtattiny3217.o
 .debug_line    0x00000151       0x60 atmel_start.o
 .debug_line    0x000001b1      0x244 main.o
 .debug_line    0x000003f5      0x1f8 src/adc_basic.o
 .debug_line    0x000005ed       0x99 src/bod.o
 .debug_line    0x00000686      0x121 src/ccl.o
 .debug_line    0x000007a7      0x125 src/clkctrl.o
 .debug_line    0x000008cc       0xa2 src/cpuint.o
 .debug_line    0x0000096e      0x190 src/dac_basic.o
 .debug_line    0x00000afe      0x3fb src/driver_init.o
 .debug_line    0x00000ef9       0x55 src/protected_io.o
 .debug_line    0x00000f4e      0x131 src/rtc.o
 .debug_line    0x0000107f       0x9d src/slpctrl.o
 .debug_line    0x0000111c       0xfd src/spi.o
 .debug_line    0x00001219      0x109 src/tca.o
 .debug_line    0x00001322      0x25b src/usart_basic.o
 .debug_line    0x0000157d      0x382 tinyAxon/tinyAxon.o
 .debug_line    0x000018ff      0x1fa tinyButton/tinyButton.o
 .debug_line    0x00001af9      0x307 tinyCharge/tinyCharge.o
 .debug_line    0x00001e00      0x162 tinyDebugger/tinyDebugger.o
 .debug_line    0x00001f62      0x2f0 tinyDendrite/tinyDendrite.o
 .debug_line    0x00002252      0x151 tinyISR/tinyISR.o
 .debug_line    0x000023a3      0x319 tinyLED/tinyLED.o
 .debug_line    0x000026bc      0x1ab tinyPotential/tinyPotential.o
 .debug_line    0x00002867      0x15b tinyPulse/tinyPulse.o
 .debug_line    0x000029c2       0xbf tinyTime/tinyTime.o

.debug_frame    0x00000000      0x974
 *(.debug_frame)
 .debug_frame   0x00000000       0x24 atmel_start.o
 .debug_frame   0x00000024       0x24 main.o
 .debug_frame   0x00000048       0x94 src/adc_basic.o
 .debug_frame   0x000000dc       0x24 src/bod.o
 .debug_frame   0x00000100       0x24 src/ccl.o
 .debug_frame   0x00000124       0x24 src/clkctrl.o
 .debug_frame   0x00000148       0x24 src/cpuint.o
 .debug_frame   0x0000016c       0x74 src/dac_basic.o
 .debug_frame   0x000001e0       0x94 src/driver_init.o
 .debug_frame   0x00000274       0x24 src/rtc.o
 .debug_frame   0x00000298       0x24 src/slpctrl.o
 .debug_frame   0x000002bc       0x24 src/spi.o
 .debug_frame   0x000002e0       0x24 src/tca.o
 .debug_frame   0x00000304       0xd4 src/usart_basic.o
 .debug_frame   0x000003d8       0xa0 tinyAxon/tinyAxon.o
 .debug_frame   0x00000478       0x48 tinyButton/tinyButton.o
 .debug_frame   0x000004c0       0x94 tinyCharge/tinyCharge.o
 .debug_frame   0x00000554      0x108 tinyDebugger/tinyDebugger.o
 .debug_frame   0x0000065c       0xe0 tinyDendrite/tinyDendrite.o
 .debug_frame   0x0000073c       0x90 tinyISR/tinyISR.o
 .debug_frame   0x000007cc       0xd4 tinyLED/tinyLED.o
 .debug_frame   0x000008a0       0x38 tinyPotential/tinyPotential.o
 .debug_frame   0x000008d8       0x68 tinyPulse/tinyPulse.o
 .debug_frame   0x00000940       0x34 tinyTime/tinyTime.o

.debug_str      0x00000000     0x3653
 *(.debug_str)
 .debug_str     0x00000000      0xc0f D:/Software/Atmel Studio 7/7.0/Packs/Atmel/ATtiny_DFP/1.3.229/gcc/dev/attiny3217/avrxmega3/crtattiny3217.o
 .debug_str     0x00000c0f      0x178 atmel_start.o
                                0x1ac (size before relaxing)
 .debug_str     0x00000d87      0x2f1 main.o
                                0x434 (size before relaxing)
 .debug_str     0x00001078      0x42d src/adc_basic.o
                                0x5f5 (size before relaxing)
 .debug_str     0x000014a5       0x16 src/bod.o
                                0x199 (size before relaxing)
 .debug_str     0x000014bb      0x6ba src/ccl.o
                                0x881 (size before relaxing)
 .debug_str     0x00001b75      0x28b src/clkctrl.o
                                0x50e (size before relaxing)
 .debug_str     0x00001e00       0x1c src/cpuint.o
                                0x19f (size before relaxing)
 .debug_str     0x00001e1c       0x93 src/dac_basic.o
                                0x25b (size before relaxing)
 .debug_str     0x00001eaf      0x616 src/driver_init.o
                                0x966 (size before relaxing)
 .debug_str     0x000024c5      0x351 src/rtc.o
                                0x624 (size before relaxing)
 .debug_str     0x00002816       0x11 src/slpctrl.o
                                0x1a1 (size before relaxing)
 .debug_str     0x00002827       0xbf src/spi.o
                                0x2ad (size before relaxing)
 .debug_str     0x000028e6      0x20d src/tca.o
                                0x69d (size before relaxing)
 .debug_str     0x00002af3      0x1da src/usart_basic.o
                                0x3ef (size before relaxing)
 .debug_str     0x00002ccd      0x208 tinyAxon/tinyAxon.o
                                0x491 (size before relaxing)
 .debug_str     0x00002ed5       0xe7 tinyButton/tinyButton.o
                                0x304 (size before relaxing)
 .debug_str     0x00002fbc       0xfc tinyCharge/tinyCharge.o
                                0x4a7 (size before relaxing)
 .debug_str     0x000030b8       0x9e tinyDebugger/tinyDebugger.o
                                0x2bb (size before relaxing)
 .debug_str     0x00003156      0x17b tinyDendrite/tinyDendrite.o
                                0x42f (size before relaxing)
 .debug_str     0x000032d1       0x5f tinyISR/tinyISR.o
                                0x385 (size before relaxing)
 .debug_str     0x00003330      0x1f4 tinyLED/tinyLED.o
                                0x8fd (size before relaxing)
 .debug_str     0x00003524       0x94 tinyPotential/tinyPotential.o
                                0x2e3 (size before relaxing)
 .debug_str     0x000035b8       0x77 tinyPulse/tinyPulse.o
                                0x32f (size before relaxing)
 .debug_str     0x0000362f       0x24 tinyTime/tinyTime.o
                                0x1d1 (size before relaxing)

.debug_loc      0x00000000     0x192a
 *(.debug_loc)
 .debug_loc     0x00000000       0x87 src/adc_basic.o
 .debug_loc     0x00000087       0x52 src/clkctrl.o
 .debug_loc     0x000000d9      0x724 src/driver_init.o
 .debug_loc     0x000007fd       0x47 src/usart_basic.o
 .debug_loc     0x00000844      0x21c tinyAxon/tinyAxon.o
 .debug_loc     0x00000a60       0xc3 tinyButton/tinyButton.o
 .debug_loc     0x00000b23       0xc2 tinyCharge/tinyCharge.o
 .debug_loc     0x00000be5      0x40a tinyDebugger/tinyDebugger.o
 .debug_loc     0x00000fef      0x3cd tinyDendrite/tinyDendrite.o
 .debug_loc     0x000013bc       0xec tinyISR/tinyISR.o
 .debug_loc     0x000014a8      0x35d tinyLED/tinyLED.o
 .debug_loc     0x00001805       0x71 tinyPotential/tinyPotential.o
 .debug_loc     0x00001876       0xb4 tinyPulse/tinyPulse.o

.debug_macinfo
 *(.debug_macinfo)

.debug_weaknames
 *(.debug_weaknames)

.debug_funcnames
 *(.debug_funcnames)

.debug_typenames
 *(.debug_typenames)

.debug_varnames
 *(.debug_varnames)

.debug_pubtypes
 *(.debug_pubtypes)

.debug_ranges   0x00000000      0x390
 *(.debug_ranges)
 .debug_ranges  0x00000000       0x10 atmel_start.o
 .debug_ranges  0x00000010       0x10 main.o
 .debug_ranges  0x00000020       0x48 src/adc_basic.o
 .debug_ranges  0x00000068       0x10 src/bod.o
 .debug_ranges  0x00000078       0x10 src/ccl.o
 .debug_ranges  0x00000088       0x10 src/clkctrl.o
 .debug_ranges  0x00000098       0x10 src/cpuint.o
 .debug_ranges  0x000000a8       0x38 src/dac_basic.o
 .debug_ranges  0x000000e0       0x48 src/driver_init.o
 .debug_ranges  0x00000128       0x10 src/rtc.o
 .debug_ranges  0x00000138       0x10 src/slpctrl.o
 .debug_ranges  0x00000148       0x10 src/spi.o
 .debug_ranges  0x00000158       0x10 src/tca.o
 .debug_ranges  0x00000168       0x68 src/usart_basic.o
 .debug_ranges  0x000001d0       0x58 tinyAxon/tinyAxon.o
 .debug_ranges  0x00000228       0x18 tinyButton/tinyButton.o
 .debug_ranges  0x00000240       0x48 tinyCharge/tinyCharge.o
 .debug_ranges  0x00000288       0x38 tinyDebugger/tinyDebugger.o
 .debug_ranges  0x000002c0       0x28 tinyDendrite/tinyDendrite.o
 .debug_ranges  0x000002e8       0x20 tinyISR/tinyISR.o
 .debug_ranges  0x00000308       0x38 tinyLED/tinyLED.o
 .debug_ranges  0x00000340       0x10 tinyPotential/tinyPotential.o
 .debug_ranges  0x00000350       0x28 tinyPulse/tinyPulse.o
 .debug_ranges  0x00000378       0x18 tinyTime/tinyTime.o

.debug_macro
 *(.debug_macro)
OUTPUT(Hjernebyggesett_V4.elf elf32-avr)
LOAD linker stubs
