Archive member included to satisfy reference by file (symbol)

d:/various_programs/atmel/studio/7.0/toolchain/avr8/avr8-gnu-toolchain/bin/../lib/gcc/avr/5.4.0/../../../../avr/lib/avrxmega3\libm.a(addsf3.o)
                              tinyAxon/tinyAxon.o (__subsf3)
d:/various_programs/atmel/studio/7.0/toolchain/avr8/avr8-gnu-toolchain/bin/../lib/gcc/avr/5.4.0/../../../../avr/lib/avrxmega3\libm.a(addsf3x.o)
                              d:/various_programs/atmel/studio/7.0/toolchain/avr8/avr8-gnu-toolchain/bin/../lib/gcc/avr/5.4.0/../../../../avr/lib/avrxmega3\libm.a(addsf3.o) (__addsf3x)
d:/various_programs/atmel/studio/7.0/toolchain/avr8/avr8-gnu-toolchain/bin/../lib/gcc/avr/5.4.0/../../../../avr/lib/avrxmega3\libm.a(cmpsf2.o)
                              tinyAxon/tinyAxon.o (__ltsf2)
d:/various_programs/atmel/studio/7.0/toolchain/avr8/avr8-gnu-toolchain/bin/../lib/gcc/avr/5.4.0/../../../../avr/lib/avrxmega3\libm.a(divsf3.o)
                              tinyLED/tinyLED.o (__divsf3)
d:/various_programs/atmel/studio/7.0/toolchain/avr8/avr8-gnu-toolchain/bin/../lib/gcc/avr/5.4.0/../../../../avr/lib/avrxmega3\libm.a(divsf3x.o)
                              d:/various_programs/atmel/studio/7.0/toolchain/avr8/avr8-gnu-toolchain/bin/../lib/gcc/avr/5.4.0/../../../../avr/lib/avrxmega3\libm.a(divsf3.o) (__divsf3x)
d:/various_programs/atmel/studio/7.0/toolchain/avr8/avr8-gnu-toolchain/bin/../lib/gcc/avr/5.4.0/../../../../avr/lib/avrxmega3\libm.a(exp.o)
                              tinyPotential/tinyPotential.o (exp)
d:/various_programs/atmel/studio/7.0/toolchain/avr8/avr8-gnu-toolchain/bin/../lib/gcc/avr/5.4.0/../../../../avr/lib/avrxmega3\libm.a(fixunssfsi.o)
                              tinyLED/tinyLED.o (__fixunssfsi)
d:/various_programs/atmel/studio/7.0/toolchain/avr8/avr8-gnu-toolchain/bin/../lib/gcc/avr/5.4.0/../../../../avr/lib/avrxmega3\libm.a(floatsisf.o)
                              tinyButton/tinyButton.o (__floatunsisf)
d:/various_programs/atmel/studio/7.0/toolchain/avr8/avr8-gnu-toolchain/bin/../lib/gcc/avr/5.4.0/../../../../avr/lib/avrxmega3\libm.a(fmin.o)
                              tinyLED/tinyLED.o (fmin)
d:/various_programs/atmel/studio/7.0/toolchain/avr8/avr8-gnu-toolchain/bin/../lib/gcc/avr/5.4.0/../../../../avr/lib/avrxmega3\libm.a(fp_cmp.o)
                              d:/various_programs/atmel/studio/7.0/toolchain/avr8/avr8-gnu-toolchain/bin/../lib/gcc/avr/5.4.0/../../../../avr/lib/avrxmega3\libm.a(cmpsf2.o) (__fp_cmp)
d:/various_programs/atmel/studio/7.0/toolchain/avr8/avr8-gnu-toolchain/bin/../lib/gcc/avr/5.4.0/../../../../avr/lib/avrxmega3\libm.a(fp_inf.o)
                              d:/various_programs/atmel/studio/7.0/toolchain/avr8/avr8-gnu-toolchain/bin/../lib/gcc/avr/5.4.0/../../../../avr/lib/avrxmega3\libm.a(addsf3x.o) (__fp_inf)
d:/various_programs/atmel/studio/7.0/toolchain/avr8/avr8-gnu-toolchain/bin/../lib/gcc/avr/5.4.0/../../../../avr/lib/avrxmega3\libm.a(fp_nan.o)
                              d:/various_programs/atmel/studio/7.0/toolchain/avr8/avr8-gnu-toolchain/bin/../lib/gcc/avr/5.4.0/../../../../avr/lib/avrxmega3\libm.a(addsf3x.o) (__fp_nan)
d:/various_programs/atmel/studio/7.0/toolchain/avr8/avr8-gnu-toolchain/bin/../lib/gcc/avr/5.4.0/../../../../avr/lib/avrxmega3\libm.a(fp_powser.o)
                              d:/various_programs/atmel/studio/7.0/toolchain/avr8/avr8-gnu-toolchain/bin/../lib/gcc/avr/5.4.0/../../../../avr/lib/avrxmega3\libm.a(exp.o) (__fp_powser)
d:/various_programs/atmel/studio/7.0/toolchain/avr8/avr8-gnu-toolchain/bin/../lib/gcc/avr/5.4.0/../../../../avr/lib/avrxmega3\libm.a(fp_pscA.o)
                              d:/various_programs/atmel/studio/7.0/toolchain/avr8/avr8-gnu-toolchain/bin/../lib/gcc/avr/5.4.0/../../../../avr/lib/avrxmega3\libm.a(addsf3x.o) (__fp_pscA)
d:/various_programs/atmel/studio/7.0/toolchain/avr8/avr8-gnu-toolchain/bin/../lib/gcc/avr/5.4.0/../../../../avr/lib/avrxmega3\libm.a(fp_pscB.o)
                              d:/various_programs/atmel/studio/7.0/toolchain/avr8/avr8-gnu-toolchain/bin/../lib/gcc/avr/5.4.0/../../../../avr/lib/avrxmega3\libm.a(addsf3x.o) (__fp_pscB)
d:/various_programs/atmel/studio/7.0/toolchain/avr8/avr8-gnu-toolchain/bin/../lib/gcc/avr/5.4.0/../../../../avr/lib/avrxmega3\libm.a(fp_round.o)
                              d:/various_programs/atmel/studio/7.0/toolchain/avr8/avr8-gnu-toolchain/bin/../lib/gcc/avr/5.4.0/../../../../avr/lib/avrxmega3\libm.a(addsf3.o) (__fp_round)
d:/various_programs/atmel/studio/7.0/toolchain/avr8/avr8-gnu-toolchain/bin/../lib/gcc/avr/5.4.0/../../../../avr/lib/avrxmega3\libm.a(fp_split3.o)
                              d:/various_programs/atmel/studio/7.0/toolchain/avr8/avr8-gnu-toolchain/bin/../lib/gcc/avr/5.4.0/../../../../avr/lib/avrxmega3\libm.a(addsf3x.o) (__fp_split3)
d:/various_programs/atmel/studio/7.0/toolchain/avr8/avr8-gnu-toolchain/bin/../lib/gcc/avr/5.4.0/../../../../avr/lib/avrxmega3\libm.a(fp_zero.o)
[...]
Memory Configuration

Name             Origin             Length             Attributes
text             0x00000000         0x00100000         xr
data             0x00802000         0x0000ffa0         rw !x
eeprom           0x00810000         0x00010000         rw !x
fuse             0x00820000         0x00000009         rw !x
lock             0x00830000         0x00000400         rw !x
signature        0x00840000         0x00000400         rw !x
user_signatures  0x00850000         0x00000400         rw !x
*default*        0x00000000         0xffffffff

Linker script and memory map

Address of section .data set to 0x803800
                0x00008000                __RODATA_PM_OFFSET__ = 0x8000
LOAD D:/Various_programs/Atmel/Studio/7.0/Packs/Atmel/ATtiny_DFP/1.3.229/gcc/dev/attiny3217/avrxmega3/crtattiny3217.o
LOAD atmel_start.o
LOAD driver_isr.o
LOAD examples/src/adc_basic_example.o
LOAD examples/src/dac_basic_example.o
LOAD examples/src/usart_basic_example.o
LOAD main.o
LOAD src/adc_basic.o
LOAD src/bod.o
LOAD src/ccl.o
LOAD src/clkctrl.o
LOAD src/cpuint.o
LOAD src/dac_basic.o
LOAD src/driver_init.o
LOAD src/protected_io.o
LOAD src/rtc.o
LOAD src/slpctrl.o
LOAD src/spi.o
LOAD src/tca.o
LOAD src/usart_basic.o
LOAD tinyAxon/tinyAxon.o
LOAD tinyButton/tinyButton.o
LOAD tinyCharge/tinyCharge.o
LOAD tinyDebugger/tinyDebugger.o
LOAD tinyDendrite/tinyDendrite.o
LOAD tinyISR/tinyISR.o
LOAD tinyLED/tinyLED.o
LOAD tinyPotential/tinyPotential.o
LOAD tinyPulse/tinyPulse.o
LOAD tinyTime/tinyTime.o
START GROUP
LOAD d:/various_programs/atmel/studio/7.0/toolchain/avr8/avr8-gnu-toolchain/bin/../lib/gcc/avr/5.4.0/../../../../avr/lib/avrxmega3\libm.a
END GROUP
START GROUP
LOAD d:/various_programs/atmel/studio/7.0/toolchain/avr8/avr8-gnu-toolchain/bin/../lib/gcc/avr/5.4.0/avrxmega3\libgcc.a
LOAD d:/various_programs/atmel/studio/7.0/toolchain/avr8/avr8-gnu-toolchain/bin/../lib/gcc/avr/5.4.0/../../../../avr/lib/avrxmega3\libm.a
LOAD d:/various_programs/atmel/studio/7.0/toolchain/avr8/avr8-gnu-toolchain/bin/../lib/gcc/avr/5.4.0/../../../../avr/lib/avrxmega3\libc.a
LOAD D:/Various_programs/Atmel/Studio/7.0/Packs/Atmel/ATtiny_DFP/1.3.229/gcc/dev/attiny3217/avrxmega3\libattiny3217.a
END GROUP
                0x00100000                __TEXT_REGION_LENGTH__ = DEFINED (__TEXT_REGION_LENGTH__)?__TEXT_REGION_LENGTH__:0x100000
                0x0000ffa0                __DATA_REGION_LENGTH__ = DEFINED (__DATA_REGION_LENGTH__)?__DATA_REGION_LENGTH__:0xffa0
                0x00010000                __EEPROM_REGION_LENGTH__ = DEFINED (__EEPROM_REGION_LENGTH__)?__EEPROM_REGION_LENGTH__:0x10000
                [0x00000009]                __FUSE_REGION_LENGTH__ = DEFINED (__FUSE_REGION_LENGTH__)?__FUSE_REGION_LENGTH__:0x400
                0x00000400                __LOCK_REGION_LENGTH__ = DEFINED (__LOCK_REGION_LENGTH__)?__LOCK_REGION_LENGTH__:0x400
                0x00000400                __SIGNATURE_REGION_LENGTH__ = DEFINED (__SIGNATURE_REGION_LENGTH__)?__SIGNATURE_REGION_LENGTH__:0x400
                0x00000400                __USER_SIGNATURE_REGION_LENGTH__ = DEFINED (__USER_SIGNATURE_REGION_LENGTH__)?__USER_SIGNATURE_REGION_LENGTH__:0x400
                0x00008000                __RODATA_PM_OFFSET__ = DEFINED (__RODATA_PM_OFFSET__)?__RODATA_PM_OFFSET__:0x8000

.hash
 *(.hash)

.dynsym
 *(.dynsym)

.dynstr
 *(.dynstr)

.gnu.version
 *(.gnu.version)

.gnu.version_d
 *(.gnu.version_d)

.gnu.version_r
 *(.gnu.version_r)

.rel.init
 *(.rel.init)

.rela.init
 *(.rela.init)

.rel.text
 *(.rel.text)
 *(.rel.text.*)
 *(.rel.gnu.linkonce.t*)

.rela.text
 *(.rela.text)
 *(.rela.text.*)
 *(.rela.gnu.linkonce.t*)

.rel.fini
 *(.rel.fini)

.rela.fini
 *(.rela.fini)

.rel.rodata
 *(.rel.rodata)
 *(.rel.rodata.*)
 *(.rel.gnu.linkonce.r*)

.rela.rodata
 *(.rela.rodata)
 *(.rela.rodata.*)
 *(.rela.gnu.linkonce.r*)

.rel.data
 *(.rel.data)
 *(.rel.data.*)
 *(.rel.gnu.linkonce.d*)

.rela.data
 *(.rela.data)
 *(.rela.data.*)
 *(.rela.gnu.linkonce.d*)

.rel.ctors
 *(.rel.ctors)

.rela.ctors
 *(.rela.ctors)

.rel.dtors
 *(.rel.dtors)

.rela.dtors
 *(.rela.dtors)

.rel.got
 *(.rel.got)

.rela.got
 *(.rela.got)

.rel.bss
 *(.rel.bss)

.rela.bss
 *(.rela.bss)

.rel.plt
 *(.rel.plt)

.rela.plt
 *(.rela.plt)

.text           0x00000000     0x23d0
 *(.vectors)
 .vectors       0x00000000       0x7c D:/Various_programs/Atmel/Studio/7.0/Packs/Atmel/ATtiny_DFP/1.3.229/gcc/dev/attiny3217/avrxmega3/crtattiny3217.o
                0x00000000                __vector_default
                0x00000000                __vectors
 *(.vectors)
 *(.progmem.gcc*)
 .progmem.gcc_fplib
                0x0000007c       0x28 d:/various_programs/atmel/studio/7.0/toolchain/avr8/avr8-gnu-toolchain/bin/../lib/gcc/avr/5.4.0/../../../../avr/lib/avrxmega3\libm.a(exp.o)
 .progmem.gcc_fplib
                0x000000a4       0x1e d:/various_programs/atmel/studio/7.0/toolchain/avr8/avr8-gnu-toolchain/bin/../lib/gcc/avr/5.4.0/../../../../avr/lib/avrxmega3\libm.a(fp_sinus.o)
                0x000000c2                . = ALIGN (0x2)
                0x000000c2                __trampolines_start = .
 *(.trampolines)
 .trampolines   0x000000c2        0x0 linker stubs
 *(.trampolines*)
                0x000000c2                __trampolines_end = .
 *libprintf_flt.a:*(.progmem.data)
 *libc.a:*(.progmem.data)
 .progmem.data  0x000000c2       0xfa d:/various_programs/atmel/studio/7.0/toolchain/avr8/avr8-gnu-toolchain/bin/../lib/gcc/avr/5.4.0/../../../../avr/lib/avrxmega3\libc.a(ftoa_engine.o)
 *(.progmem*)
                0x000001bc                . = ALIGN (0x2)
 *(.jumptables)
 *(.jumptables*)
 *(.lowtext)
 *(.lowtext*)
                0x000001bc                __ctors_start = .
 *(.ctors)
                0x000001bc                __ctors_end = .
                0x000001bc                __dtors_start = .
 *(.dtors)
                0x000001bc                __dtors_end = .
 SORT(*)(.ctors)
 SORT(*)(.dtors)
 *(.init0)
 .init0         0x000001bc        0x0 D:/Various_programs/Atmel/Studio/7.0/Packs/Atmel/ATtiny_DFP/1.3.229/gcc/dev/attiny3217/avrxmega3/crtattiny3217.o
                0x000001bc                __init
 *(.init0)
 *(.init1)
 *(.init1)
 *(.init2)
 .init2         0x000001bc        0xc D:/Various_programs/Atmel/Studio/7.0/Packs/Atmel/ATtiny_DFP/1.3.229/gcc/dev/attiny3217/avrxmega3/crtattiny3217.o
 *(.init2)
 *(.init3)
 *(.init3)
 *(.init4)
 .init4         0x000001c8       0x16 d:/various_programs/atmel/studio/7.0/toolchain/avr8/avr8-gnu-toolchain/bin/../lib/gcc/avr/5.4.0/avrxmega3\libgcc.a(_copy_data.o)
                0x000001c8                __do_copy_data
 .init4         0x000001de       0x10 d:/various_programs/atmel/studio/7.0/toolchain/avr8/avr8-gnu-toolchain/bin/../lib/gcc/avr/5.4.0/avrxmega3\libgcc.a(_clear_bss.o)
                0x000001de                __do_clear_bss
 *(.init4)
 *(.init5)
 *(.init5)
 *(.init6)
 *(.init6)
 *(.init7)
 *(.init7)
 *(.init8)
 *(.init8)
 *(.init9)
 .init9         0x000001ee        0x8 D:/Various_programs/Atmel/Studio/7.0/Packs/Atmel/ATtiny_DFP/1.3.229/gcc/dev/attiny3217/avrxmega3/crtattiny3217.o
 *(.init9)
 *(.text)
 .text          0x000001f6        0x4 D:/Various_programs/Atmel/Studio/7.0/Packs/Atmel/ATtiny_DFP/1.3.229/gcc/dev/attiny3217/avrxmega3/crtattiny3217.o
                0x000001f6                __vector_22
                0x000001f6                __vector_28
                0x000001f6                __vector_1
                0x000001f6                __vector_24
                0x000001f6                __vector_12
                0x000001f6                __bad_interrupt
                0x000001f6                __vector_3
                0x000001f6                __vector_23
                0x000001f6                __vector_30
                0x000001f6                __vector_25
                0x000001f6                __vector_11
                0x000001f6                __vector_13
                0x000001f6                __vector_17
                0x000001f6                __vector_19
                0x000001f6                __vector_7
                0x000001f6                __vector_27
                0x000001f6                __vector_5
                0x000001f6                __vector_4
                0x000001f6                __vector_9
                0x000001f6                __vector_2
                0x000001f6                __vector_21
                0x000001f6                __vector_15
                0x000001f6                __vector_29
                0x000001f6                __vector_8
                0x000001f6                __vector_26
                0x000001f6                __vector_14
                0x000001f6                __vector_10
                0x000001f6                __vector_16
                0x000001f6                __vector_18
                0x000001f6                __vector_20
                0x000001fa                . = ALIGN (0x2)
 *(.text.*)
 .text.atmel_start_init
                0x000001fa        0x6 atmel_start.o
                0x000001fa                atmel_start_init
 .text.main     0x00000200       0x72 main.o
                0x00000200                main
 .text.ADC_0_init
                0x00000272       0x10 src/adc_basic.o
                0x00000272                ADC_0_init
 .text.ADC_0_is_conversion_done
                0x00000282        0x8 src/adc_basic.o
                0x00000282                ADC_0_is_conversion_done
 .text.ADC_0_get_conversion
                0x0000028a       0x24 src/adc_basic.o
                0x0000028a                ADC_0_get_conversion
 .text.BOD_init
                0x000002ae        0x4 src/bod.o
                0x000002ae                BOD_init
 .text.DIGITAL_GLUE_LOGIC_0_init
                0x000002b2       0x22 src/ccl.o
                0x000002b2                DIGITAL_GLUE_LOGIC_0_init
 .text.CLKCTRL_init
                0x000002d4       0x1c src/clkctrl.o
                0x000002d4                CLKCTRL_init
 .text.CPUINT_init
                0x000002f0        0x6 src/cpuint.o
                0x000002f0                CPUINT_init
 .text.DAC_0_init
                0x000002f6        0xa src/dac_basic.o
                0x000002f6                DAC_0_init
 .text.DAC_0_set_output
                0x00000300        0x6 src/dac_basic.o
                0x00000300                DAC_0_set_output
 .text.mcu_init
                0x00000306       0x38 src/driver_init.o
                0x00000306                mcu_init
 .text.ADC_0_initialization
                0x0000033e       0x60 src/driver_init.o
                0x0000033e                ADC_0_initialization
 .text.USART_0_initialization
                0x0000039e       0x16 src/driver_init.o
                0x0000039e                USART_0_initialization
 .text.TIMER_0_initialization
                0x000003b4       0x14 src/driver_init.o
                0x000003b4                TIMER_0_initialization
 .text.DIGITAL_GLUE_LOGIC_0_initialization
                0x000003c8       0x14 src/driver_init.o
                0x000003c8                DIGITAL_GLUE_LOGIC_0_initialization
 .text.SPI_0_initialization
                0x000003dc       0x1e src/driver_init.o
                0x000003dc                SPI_0_initialization
 .text.DAC_0_initialization
                0x000003fa       0x18 src/driver_init.o
                0x000003fa                DAC_0_initialization
 .text.system_init
                0x00000412       0x5a src/driver_init.o
                0x00000412                system_init
 .text.protected_write_io
                0x0000046c        0x8 src/protected_io.o
                0x0000046c                protected_write_io
 .text.RTC_0_init
                0x00000474       0x38 src/rtc.o
                0x00000474                RTC_0_init
 .text.SLPCTRL_init
                0x000004ac        0x4 src/slpctrl.o
                0x000004ac                SLPCTRL_init
 .text.SPI_0_init
                0x000004b0       0x10 src/spi.o
                0x000004b0                SPI_0_init
 .text.TIMER_0_init
                0x000004c0       0x20 src/tca.o
                0x000004c0                TIMER_0_init
 .text.USART_0_init
                0x000004e0       0x20 src/usart_basic.o
                0x000004e0                USART_0_init
 .text.USART_0_write
                0x00000500       0x10 src/usart_basic.o
                0x00000500                USART_0_write
 .text.USART_0_printCHAR
                0x00000510        0xa src/usart_basic.o
                0x00000510                USART_0_printCHAR
 .text.tinyAxon_add_pulse
                0x0000051a       0x4a tinyAxon/tinyAxon.o
 .text.find_newest_pulse
                0x00000564       0x26 tinyAxon/tinyAxon.o
                0x00000564                find_newest_pulse
 .text.tinyAxon_stop_sending_pulse
                0x0000058a        0xe tinyAxon/tinyAxon.o
                0x0000058a                tinyAxon_stop_sending_pulse
 .text.tinyAxon_remove_pulse
                0x00000598       0x46 tinyAxon/tinyAxon.o
                0x00000598                tinyAxon_remove_pulse
 .text.tinyAxon_update_potential
                0x000005de      0x16a tinyAxon/tinyAxon.o
                0x000005de                tinyAxon_update_potential
 .text.tinyButton_update
                0x00000748       0xa8 tinyButton/tinyButton.o
                0x00000748                tinyButton_update
 .text.tinyButton_update_potential
                0x000007f0       0x16 tinyButton/tinyButton.o
                0x000007f0                tinyButton_update_potential
 .text.tinyCharge_is_connected_to_charger
                0x00000806        0x6 tinyCharge/tinyCharge.o
                0x00000806                tinyCharge_is_connected_to_charger
 .text.tinyCharge_is_fully_charged
                0x0000080c        0xa tinyCharge/tinyCharge.o
                0x0000080c                tinyCharge_is_fully_charged
 .text.tinyCharge_switch_mode
                0x00000816       0x32 tinyCharge/tinyCharge.o
                0x00000816                tinyCharge_switch_mode
 .text.tinyCharge_set_charging_mode
                0x00000848       0x12 tinyCharge/tinyCharge.o
                0x00000848                tinyCharge_set_charging_mode
 .text.tinyCharge_set_transistors
                0x0000085a       0x10 tinyCharge/tinyCharge.o
                0x0000085a                tinyCharge_set_transistors
 .text.tinyDebugger_send_uint32
                0x0000086a       0x2c tinyDebugger/tinyDebugger.o
                0x0000086a                tinyDebugger_send_uint32
 .text.tinyDebugger_send_uint8
                0x00000896       0x2a tinyDebugger/tinyDebugger.o
                0x00000896                tinyDebugger_send_uint8
 .text.tinyDebugger_send_double
                0x000008c0       0x78 tinyDebugger/tinyDebugger.o
                0x000008c0                tinyDebugger_send_double
 .text.tinyDebugger_end_line
                0x00000938       0x2a tinyDebugger/tinyDebugger.o
                0x00000938                tinyDebugger_end_line
 .text.tinyDendrite_update_signals
                0x00000962      0x116 tinyDendrite/tinyDendrite.o
                0x00000962                tinyDendrite_update_signals
 .text.tinyDendrite_get_potential
                0x00000a78       0x58 tinyDendrite/tinyDendrite.o
                0x00000a78                tinyDendrite_get_potential
 .text.tinyDendrite_update_potential
                0x00000ad0       0x2e tinyDendrite/tinyDendrite.o
                0x00000ad0                tinyDendrite_update_potential
 .text.__vector_6
                0x00000afe       0x56 tinyISR/tinyISR.o
                0x00000afe                __vector_6
 .text.tinyISR_setflag
                0x00000b54        0x6 tinyISR/tinyISR.o
                0x00000b54                tinyISR_setflag
 .text.tinyISR_getflag
                0x00000b5a        0x6 tinyISR/tinyISR.o
                0x00000b5a                tinyISR_getflag
 .text.tinyLED_SPIWriteByte
                0x00000b60       0x28 tinyLED/tinyLED.o
 .text.tinyLED_set_color
                0x00000b88       0x12 tinyLED/tinyLED.o
                0x00000b88                tinyLED_set_color
 .text.tinyLED_get_color
                0x00000b9a       0x10 tinyLED/tinyLED.o
                0x00000b9a                tinyLED_get_color
 .text.tinyLED_set_color_mode
                0x00000baa       0x20 tinyLED/tinyLED.o
                0x00000baa                tinyLED_set_color_mode
 .text.tinyLED_RGB_Color_Compare
                0x00000bca       0x60 tinyLED/tinyLED.o
                0x00000bca                tinyLED_RGB_Color_Compare
 .text.tinyLED_update
                0x00000c2a      0x3b2 tinyLED/tinyLED.o
                0x00000c2a                tinyLED_update
 .text.tinyPotential_update
                0x00000fdc      0x114 tinyPotential/tinyPotential.o
                0x00000fdc                tinyPotential_update
 .text.tinyPulse_toggle_pulse_mode
                0x000010f0        0xe tinyPulse/tinyPulse.o
                0x000010f0                tinyPulse_toggle_pulse_mode
 .text.tinyPulse_update_potential
                0x000010fe       0x70 tinyPulse/tinyPulse.o
                0x000010fe                tinyPulse_update_potential
 .text.tinyTime_counter_increment
                0x0000116e       0x28 tinyTime/tinyTime.o
                0x0000116e                tinyTime_counter_increment
 .text.tinyTime_now
                0x00001196       0x12 tinyTime/tinyTime.o
                0x00001196                tinyTime_now
 .text.avr-libc.fplib
                0x000011a8        0xe d:/various_programs/atmel/studio/7.0/toolchain/avr8/avr8-gnu-toolchain/bin/../lib/gcc/avr/5.4.0/../../../../avr/lib/avrxmega3\libm.a(addsf3.o)
                0x000011a8                __subsf3
                0x000011aa                __addsf3
 .text.avr-libc.fplib
                0x000011b6       0xcc d:/various_programs/atmel/studio/7.0/toolchain/avr8/avr8-gnu-toolchain/bin/../lib/gcc/avr/5.4.0/../../../../avr/lib/avrxmega3\libm.a(addsf3x.o)
                0x000011d8                __addsf3x
 .text.avr-libc.fplib
                0x00001282        0xa d:/various_programs/atmel/studio/7.0/toolchain/avr8/avr8-gnu-toolchain/bin/../lib/gcc/avr/5.4.0/../../../../avr/lib/avrxmega3\libm.a(cmpsf2.o)
                0x00001282                __nesf2
                0x00001282                __eqsf2
                0x00001282                __cmpsf2
                0x00001282                __ltsf2
                0x00001282                __lesf2
 .text.avr-libc.fplib
                0x0000128c        0x8 d:/various_programs/atmel/studio/7.0/toolchain/avr8/avr8-gnu-toolchain/bin/../lib/gcc/avr/5.4.0/../../../../avr/lib/avrxmega3\libm.a(divsf3.o)
                0x0000128c                __divsf3
 .text.avr-libc.fplib
                0x00001294       0xdc d:/various_programs/atmel/studio/7.0/toolchain/avr8/avr8-gnu-toolchain/bin/../lib/gcc/avr/5.4.0/../../../../avr/lib/avrxmega3\libm.a(divsf3x.o)
                0x000012b4                __divsf3x
                0x000012ba                __divsf3_pse
 .text.avr-libc.fplib
                0x00001370       0x74 d:/various_programs/atmel/studio/7.0/toolchain/avr8/avr8-gnu-toolchain/bin/../lib/gcc/avr/5.4.0/../../../../avr/lib/avrxmega3\libm.a(exp.o)
                0x00001380                exp
 .text.avr-libc.fplib
                0x000013e4       0x5e d:/various_programs/atmel/studio/7.0/toolchain/avr8/avr8-gnu-toolchain/bin/../lib/gcc/avr/5.4.0/../../../../avr/lib/avrxmega3\libm.a(fixunssfsi.o)
                0x000013e4                __fixunssfsi
 .text.avr-libc.fplib
                0x00001442       0x7a d:/various_programs/atmel/studio/7.0/toolchain/avr8/avr8-gnu-toolchain/bin/../lib/gcc/avr/5.4.0/../../../../avr/lib/avrxmega3\libm.a(floatsisf.o)
                0x00001442                __floatunsisf
                0x00001446                __floatsisf
 .text.avr-libc.fplib
                0x000014bc       0x3e d:/various_programs/atmel/studio/7.0/toolchain/avr8/avr8-gnu-toolchain/bin/../lib/gcc/avr/5.4.0/../../../../avr/lib/avrxmega3\libm.a(fmin.o)
                0x000014bc                fmin
 .text.avr-libc.fplib
                0x000014fa       0x48 d:/various_programs/atmel/studio/7.0/toolchain/avr8/avr8-gnu-toolchain/bin/../lib/gcc/avr/5.4.0/../../../../avr/lib/avrxmega3\libm.a(fp_cmp.o)
                0x000014fa                __fp_cmp
 .text.avr-libc.fplib
                0x00001542        0xc d:/various_programs/atmel/studio/7.0/toolchain/avr8/avr8-gnu-toolchain/bin/../lib/gcc/avr/5.4.0/../../../../avr/lib/avrxmega3\libm.a(fp_inf.o)
                0x00001542                __fp_inf
 .text.avr-libc.fplib
                0x0000154e        0x6 d:/various_programs/atmel/studio/7.0/toolchain/avr8/avr8-gnu-toolchain/bin/../lib/gcc/avr/5.4.0/../../../../avr/lib/avrxmega3\libm.a(fp_nan.o)
                0x0000154e                __fp_nan
 .text.avr-libc.fplib
                0x00001554       0x4e d:/various_programs/atmel/studio/7.0/toolchain/avr8/avr8-gnu-toolchain/bin/../lib/gcc/avr/5.4.0/../../../../avr/lib/avrxmega3\libm.a(fp_powser.o)
                0x00001554                __fp_powser
 .text.avr-libc.fplib
                0x000015a2        0xe d:/various_programs/atmel/studio/7.0/toolchain/avr8/avr8-gnu-toolchain/bin/../lib/gcc/avr/5.4.0/../../../../avr/lib/avrxmega3\libm.a(fp_pscA.o)
                0x000015a2                __fp_pscA
 .text.avr-libc.fplib
                0x000015b0        0xe d:/various_programs/atmel/studio/7.0/toolchain/avr8/avr8-gnu-toolchain/bin/../lib/gcc/avr/5.4.0/../../../../avr/lib/avrxmega3\libm.a(fp_pscB.o)
                0x000015b0                __fp_pscB
 .text.avr-libc.fplib
                0x000015be       0x22 d:/various_programs/atmel/studio/7.0/toolchain/avr8/avr8-gnu-toolchain/bin/../lib/gcc/avr/5.4.0/../../../../avr/lib/avrxmega3\libm.a(fp_round.o)
                0x000015be                __fp_round
 .text.avr-libc.fplib
                0x000015e0       0x44 d:/various_programs/atmel/studio/7.0/toolchain/avr8/avr8-gnu-toolchain/bin/../lib/gcc/avr/5.4.0/../../../../avr/lib/avrxmega3\libm.a(fp_split3.o)
                0x000015e0                __fp_split3
                0x000015f0                __fp_splitA
 .text.avr-libc.fplib
                0x00001624        0xe d:/various_programs/atmel/studio/7.0/toolchain/avr8/avr8-gnu-toolchain/bin/../lib/gcc/avr/5.4.0/../../../../avr/lib/avrxmega3\libm.a(fp_zero.o)
                0x00001624                __fp_zero
                0x00001626                __fp_szero
 .text.avr-libc.fplib
                0x00001632        0xa d:/various_programs/atmel/studio/7.0/toolchain/avr8/avr8-gnu-toolchain/bin/../lib/gcc/avr/5.4.0/../../../../avr/lib/avrxmega3\libm.a(gesf2.o)
                0x00001632                __gesf2
                0x00001632                __gtsf2
 .text.avr-libc.fplib
                0x0000163c       0x10 d:/various_programs/atmel/studio/7.0/toolchain/avr8/avr8-gnu-toolchain/bin/../lib/gcc/avr/5.4.0/../../../../avr/lib/avrxmega3\libm.a(inverse.o)
                0x0000163c                inverse
 .text.avr-libc.fplib
                0x0000164c       0x74 d:/various_programs/atmel/studio/7.0/toolchain/avr8/avr8-gnu-toolchain/bin/../lib/gcc/avr/5.4.0/../../../../avr/lib/avrxmega3\libm.a(ldexp.o)
                0x00001654                ldexp
 .text.avr-libc.fplib
                0x000016c0       0x68 d:/various_programs/atmel/studio/7.0/toolchain/avr8/avr8-gnu-toolchain/bin/../lib/gcc/avr/5.4.0/../../../../avr/lib/avrxmega3\libm.a(modf.o)
                0x000016c0                modf
                0x000016c0                modff
 .text.avr-libc.fplib
                0x00001728        0x8 d:/various_programs/atmel/studio/7.0/toolchain/avr8/avr8-gnu-toolchain/bin/../lib/gcc/avr/5.4.0/../../../../avr/lib/avrxmega3\libm.a(mulsf3.o)
                0x00001728                __mulsf3
 .text.avr-libc.fplib
                0x00001730       0xd2 d:/various_programs/atmel/studio/7.0/toolchain/avr8/avr8-gnu-toolchain/bin/../lib/gcc/avr/5.4.0/../../../../avr/lib/avrxmega3\libm.a(mulsf3x.o)
                0x0000174e                __mulsf3x
                0x00001754                __mulsf3_pse
 .text.avr-libc.fplib
                0x00001802       0x10 d:/various_programs/atmel/studio/7.0/toolchain/avr8/avr8-gnu-toolchain/bin/../lib/gcc/avr/5.4.0/../../../../avr/lib/avrxmega3\libm.a(sin.o)
                0x00001802                sin
 .text.avr-libc.fplib
                0x00001812       0x1c d:/various_programs/atmel/studio/7.0/toolchain/avr8/avr8-gnu-toolchain/bin/../lib/gcc/avr/5.4.0/../../../../avr/lib/avrxmega3\libm.a(fp_mpack.o)
                0x00001812                __fp_mpack
                0x00001816                __fp_mpack_finite
 .text.avr-libc.fplib
                0x0000182e       0x56 d:/various_programs/atmel/studio/7.0/toolchain/avr8/avr8-gnu-toolchain/bin/../lib/gcc/avr/5.4.0/../../../../avr/lib/avrxmega3\libm.a(fp_rempio2.o)
                0x00001832                __fp_rempio2
 .text.avr-libc.fplib
                0x00001884       0x28 d:/various_programs/atmel/studio/7.0/toolchain/avr8/avr8-gnu-toolchain/bin/../lib/gcc/avr/5.4.0/../../../../avr/lib/avrxmega3\libm.a(fp_sinus.o)
                0x00001884                __fp_sinus
 .text.avr-libc.fplib
                0x000018ac       0x28 d:/various_programs/atmel/studio/7.0/toolchain/avr8/avr8-gnu-toolchain/bin/../lib/gcc/avr/5.4.0/../../../../avr/lib/avrxmega3\libm.a(fp_powsodd.o)
                0x000018ac                __fp_powsodd
 .text.libgcc.div
                0x000018d4       0x44 d:/various_programs/atmel/studio/7.0/toolchain/avr8/avr8-gnu-toolchain/bin/../lib/gcc/avr/5.4.0/avrxmega3\libgcc.a(_udivmodsi4.o)
                0x000018d4                __udivmodsi4
 .text.avr-libc
                0x00001918       0x40 d:/various_programs/atmel/studio/7.0/toolchain/avr8/avr8-gnu-toolchain/bin/../lib/gcc/avr/5.4.0/../../../../avr/lib/avrxmega3\libc.a(dtostrf.o)
                0x00001918                dtostrf
 .text.avr-libc
                0x00001958       0x2c d:/various_programs/atmel/studio/7.0/toolchain/avr8/avr8-gnu-toolchain/bin/../lib/gcc/avr/5.4.0/../../../../avr/lib/avrxmega3\libc.a(printf.o)
                0x00001958                printf
 .text.avr-libc
                0x00001984       0x60 d:/various_programs/atmel/studio/7.0/toolchain/avr8/avr8-gnu-toolchain/bin/../lib/gcc/avr/5.4.0/../../../../avr/lib/avrxmega3\libc.a(puts.o)
                0x00001984                puts
 .text.avr-libc
                0x000019e4      0x3c2 d:/various_programs/atmel/studio/7.0/toolchain/avr8/avr8-gnu-toolchain/bin/../lib/gcc/avr/5.4.0/../../../../avr/lib/avrxmega3\libc.a(vfprintf_std.o)
                0x000019e4                vfprintf
 .text.avr-libc
                0x00001da6      0x2b4 d:/various_programs/atmel/studio/7.0/toolchain/avr8/avr8-gnu-toolchain/bin/../lib/gcc/avr/5.4.0/../../../../avr/lib/avrxmega3\libc.a(dtoa_prf.o)
                0x00001da6                dtoa_prf
 .text.avr-libc
                0x0000205a      0x1b0 d:/various_programs/atmel/studio/7.0/toolchain/avr8/avr8-gnu-toolchain/bin/../lib/gcc/avr/5.4.0/../../../../avr/lib/avrxmega3\libc.a(ftoa_engine.o)
                0x0000205a                __ftoa_engine
 .text.avr-libc
                0x0000220a       0x16 d:/various_programs/atmel/studio/7.0/toolchain/avr8/avr8-gnu-toolchain/bin/../lib/gcc/avr/5.4.0/../../../../avr/lib/avrxmega3\libc.a(strnlen_P.o)
                0x0000220a                strnlen_P
 .text.avr-libc
                0x00002220       0x16 d:/various_programs/atmel/studio/7.0/toolchain/avr8/avr8-gnu-toolchain/bin/../lib/gcc/avr/5.4.0/../../../../avr/lib/avrxmega3\libc.a(strnlen.o)
                0x00002220                strnlen
 .text.avr-libc
                0x00002236       0x78 d:/various_programs/atmel/studio/7.0/toolchain/avr8/avr8-gnu-toolchain/bin/../lib/gcc/avr/5.4.0/../../../../avr/lib/avrxmega3\libc.a(fputc.o)
                0x00002236                fputc
 .text.avr-libc
                0x000022ae       0xbc d:/various_programs/atmel/studio/7.0/toolchain/avr8/avr8-gnu-toolchain/bin/../lib/gcc/avr/5.4.0/../../../../avr/lib/avrxmega3\libc.a(ultoa_invert.o)
                0x000022ae                __ultoa_invert
 .text.libgcc.prologue
                0x0000236a       0x32 d:/various_programs/atmel/studio/7.0/toolchain/avr8/avr8-gnu-toolchain/bin/../lib/gcc/avr/5.4.0/avrxmega3\libgcc.a(_prologue.o)
                0x0000236a                __prologue_saves__
 .text.libgcc.prologue
                0x0000239c       0x30 d:/various_programs/atmel/studio/7.0/toolchain/avr8/avr8-gnu-toolchain/bin/../lib/gcc/avr/5.4.0/avrxmega3\libgcc.a(_epilogue.o)
                0x0000239c                __epilogue_restores__
                0x000023cc                . = ALIGN (0x2)
 *(.fini9)
 .fini9         0x000023cc        0x0 d:/various_programs/atmel/studio/7.0/toolchain/avr8/avr8-gnu-toolchain/bin/../lib/gcc/avr/5.4.0/avrxmega3\libgcc.a(_exit.o)
                0x000023cc                _exit
                0x000023cc                exit
 *(.fini9)
 *(.fini8)
 *(.fini8)
 *(.fini7)
 *(.fini7)
 *(.fini6)
 *(.fini6)
 *(.fini5)
 *(.fini5)
 *(.fini4)
 *(.fini4)
 *(.fini3)
 *(.fini3)
 *(.fini2)
 *(.fini2)
 *(.fini1)
 *(.fini1)
 *(.fini0)
 .fini0         0x000023cc        0x4 d:/various_programs/atmel/studio/7.0/toolchain/avr8/avr8-gnu-toolchain/bin/../lib/gcc/avr/5.4.0/avrxmega3\libgcc.a(_exit.o)
 *(.fini0)
                0x000023d0                _etext = .

.rodata         0x0000a3d0       0x6a load address 0x000023d0
 *(.rodata)
 *(.rodata*)
 .rodata.str1.1
                0x0000a3d0        0x5 main.o
 .rodata.str1.1
                0x0000a3d5        0xc tinyAxon/tinyAxon.o
 .rodata.str1.1
                0x0000a3e1       0x2a tinyDebugger/tinyDebugger.o
 .rodata.str1.1
                0x0000a40b        0xf tinyDendrite/tinyDendrite.o
 .rodata.str1.1
                0x0000a41a       0x16 tinyLED/tinyLED.o
 .rodata.str1.1
                0x0000a430        0xa tinyPotential/tinyPotential.o
 *(.gnu.linkonce.r*)

.data           0x00803800       0x16 load address 0x0000243a
                0x00803800                PROVIDE (__data_start, .)
 *(.data)
 *(.data*)
 .data.USART_0_stream
                0x00803800        0xe src/usart_basic.o
                0x00803800                USART_0_stream
 .data.tinyDebugger_send_message
                0x0080380e        0x1 tinyDebugger/tinyDebugger.o
                0x0080380e                tinyDebugger_send_message
 .data.Dendrite_ports
                0x0080380f        0x5 tinyDendrite/tinyDendrite.o
                0x0080380f                Dendrite_ports
 .data.ideal_time_between_pulses
                0x00803814        0x2 tinyPulse/tinyPulse.o
                0x00803814                ideal_time_between_pulses
 *(.gnu.linkonce.d*)
                0x00803816                . = ALIGN (0x2)
                0x00803816                _edata = .
                0x00803816                PROVIDE (__data_end, .)

.bss            0x00803816       0x56
                0x00803816                PROVIDE (__bss_start, .)
 *(.bss)
 *(.bss*)
 .bss.axonOutputValue
                0x00803816        0x1 tinyAxon/tinyAxon.o
                0x00803816                axonOutputValue
 .bss.pulse_queue
                0x00803817       0x14 tinyAxon/tinyAxon.o
                0x00803817                pulse_queue
 .bss.pulses_in_queue
                0x0080382b        0x1 tinyAxon/tinyAxon.o
                0x0080382b                pulses_in_queue
 .bss.tinyAxon_should_fire
                0x0080382c        0x1 tinyAxon/tinyAxon.o
                0x0080382c                tinyAxon_should_fire
 .bss.tinyAxon_has_fired
                0x0080382d        0x1 tinyAxon/tinyAxon.o
                0x0080382d                tinyAxon_has_fired
 .bss.tinyButton_start_time
                0x0080382e        0x4 tinyButton/tinyButton.o
 .bss.button_press
                0x00803832        0x1 tinyButton/tinyButton.o
                0x00803832                button_press
 .bss.button_was_pushed_down
                0x00803833        0x1 tinyButton/tinyButton.o
 .bss.tinyDebugger_print_attempts
                0x00803834        0x2 tinyDebugger/tinyDebugger.o
                0x00803834                tinyDebugger_print_attempts
 .bss.tinyDendrite_previous_signals
                0x00803836        0x5 tinyDendrite/tinyDendrite.o
                0x00803836                tinyDendrite_previous_signals
 .bss.tinyDendrite_current_signals
                0x0080383b        0x5 tinyDendrite/tinyDendrite.o
                0x0080383b                tinyDendrite_current_signals
 .bss.tinyDendrite_values
                0x00803840        0x5 tinyDendrite/tinyDendrite.o
                0x00803840                tinyDendrite_values
 .bss.tinyISR_interrupt_flag
                0x00803845        0x1 tinyISR/tinyISR.o
 .bss.previous_update_time
                0x00803846        0x4 tinyPotential/tinyPotential.o
 .bss.tinyPotential_potential
                0x0080384a        0x4 tinyPotential/tinyPotential.o
 .bss.time_since_last_pulse
                0x0080384e        0x2 tinyPulse/tinyPulse.o
                0x0080384e                time_since_last_pulse
 .bss.time_of_last_pulse
                0x00803850        0x4 tinyPulse/tinyPulse.o
                0x00803850                time_of_last_pulse
 .bss.pulse_mode
                0x00803854        0x1 tinyPulse/tinyPulse.o
                0x00803854                pulse_mode
 .bss.time_counter
                0x00803855        0x4 tinyTime/tinyTime.o
                0x00803855                time_counter
 *(COMMON)
 COMMON         0x00803859        0x1 tinyCharge/tinyCharge.o
                0x00803859                connected_to_charger
 COMMON         0x0080385a        0xc tinyLED/tinyLED.o
                0x0080385a                tinyLED_flash_once_time
                0x0080385c                tinyLED_old_colors
                0x00803862                tinyLED_colors
 COMMON         0x00803866        0x6 d:/various_programs/atmel/studio/7.0/toolchain/avr8/avr8-gnu-toolchain/bin/../lib/gcc/avr/5.4.0/../../../../avr/lib/avrxmega3\libc.a(iob.o)
                0x00803866                __iob
                0x0080386c                PROVIDE (__bss_end, .)
                0x0000243a                __data_load_start = LOADADDR (.data)
                0x00002450                __data_load_end = (__data_load_start + SIZEOF (.data))

.noinit         0x0080386c        0x0
                [!provide]                PROVIDE (__noinit_start, .)
 *(.noinit*)
                [!provide]                PROVIDE (__noinit_end, .)
                0x0080386c                _end = .
                [!provide]                PROVIDE (__heap_start, .)

.eeprom         0x00810000        0x0
 *(.eeprom*)
                0x00810000                __eeprom_end = .

.fuse
 *(.fuse)
 *(.lfuse)
 *(.hfuse)
 *(.efuse)

.lock
 *(.lock*)

.signature
 *(.signature*)

.user_signatures
 *(.user_signatures*)

.stab
 *(.stab)

.stabstr
 *(.stabstr)

.stab.excl
 *(.stab.excl)

.stab.exclstr
 *(.stab.exclstr)

.stab.index
 *(.stab.index)

.stab.indexstr
 *(.stab.indexstr)

.comment        0x00000000       0x5c
 *(.comment)
 .comment       0x00000000       0x30 atmel_start.o
                                 0x31 (size before relaxing)
 .comment       0x00000030       0x31 main.o
 .comment       0x00000030       0x31 src/adc_basic.o
 .comment       0x00000030       0x31 src/bod.o
 .comment       0x00000030       0x31 src/ccl.o
 .comment       0x00000030       0x31 src/clkctrl.o
 .comment       0x00000030       0x31 src/cpuint.o
 .comment       0x00000030       0x31 src/dac_basic.o
 .comment       0x00000030       0x31 src/driver_init.o
 .comment       0x00000030       0x31 src/rtc.o
 .comment       0x00000030       0x31 src/slpctrl.o
 .comment       0x00000030       0x31 src/spi.o
 .comment       0x00000030       0x31 src/tca.o
 .comment       0x00000030       0x31 src/usart_basic.o
 .comment       0x00000030       0x31 tinyAxon/tinyAxon.o
 .comment       0x00000030       0x31 tinyButton/tinyButton.o
 .comment       0x00000030       0x31 tinyCharge/tinyCharge.o
 .comment       0x00000030       0x31 tinyDebugger/tinyDebugger.o
 .comment       0x00000030       0x31 tinyDendrite/tinyDendrite.o
 .comment       0x00000030       0x31 tinyISR/tinyISR.o
 .comment       0x00000030       0x31 tinyLED/tinyLED.o
 .comment       0x00000030       0x31 tinyPotential/tinyPotential.o
 .comment       0x00000030       0x31 tinyPulse/tinyPulse.o
 .comment       0x00000030       0x31 tinyTime/tinyTime.o
 .comment       0x00000030       0x31 d:/various_programs/atmel/studio/7.0/toolchain/avr8/avr8-gnu-toolchain/bin/../lib/gcc/avr/5.4.0/../../../../avr/lib/avrxmega3\libc.a(dtostrf.o)
 .comment       0x00000030       0x31 d:/various_programs/atmel/studio/7.0/toolchain/avr8/avr8-gnu-toolchain/bin/../lib/gcc/avr/5.4.0/../../../../avr/lib/avrxmega3\libc.a(iob.o)
 .comment       0x00000030       0x31 d:/various_programs/atmel/studio/7.0/toolchain/avr8/avr8-gnu-toolchain/bin/../lib/gcc/avr/5.4.0/../../../../avr/lib/avrxmega3\libc.a(printf.o)
 .comment       0x00000030       0x31 d:/various_programs/atmel/studio/7.0/toolchain/avr8/avr8-gnu-toolchain/bin/../lib/gcc/avr/5.4.0/../../../../avr/lib/avrxmega3\libc.a(puts.o)
 .comment       0x00000030       0x2c d:/various_programs/atmel/studio/7.0/toolchain/avr8/avr8-gnu-toolchain/bin/../lib/gcc/avr/5.4.0/../../../../avr/lib/avrxmega3\libc.a(vfprintf_std.o)
                                 0x2d (size before relaxing)
 .comment       0x0000005c       0x31 d:/various_programs/atmel/studio/7.0/toolchain/avr8/avr8-gnu-toolchain/bin/../lib/gcc/avr/5.4.0/../../../../avr/lib/avrxmega3\libc.a(dtoa_prf.o)
 .comment       0x0000005c       0x31 d:/various_programs/atmel/studio/7.0/toolchain/avr8/avr8-gnu-toolchain/bin/../lib/gcc/avr/5.4.0/../../../../avr/lib/avrxmega3\libc.a(fputc.o)

.note.gnu.avr.deviceinfo
                0x00000000       0x40
 .note.gnu.avr.deviceinfo
                0x00000000       0x40 D:/Various_programs/Atmel/Studio/7.0/Packs/Atmel/ATtiny_DFP/1.3.229/gcc/dev/attiny3217/avrxmega3/crtattiny3217.o

.note.gnu.build-id
 *(.note.gnu.build-id)

.debug
 *(.debug)

.line
 *(.line)

.debug_srcinfo
 *(.debug_srcinfo)

.debug_sfnames
 *(.debug_sfnames)

.debug_aranges  0x00000000      0x4d0
 *(.debug_aranges)
 .debug_aranges
                0x00000000       0x20 atmel_start.o
 .debug_aranges
                0x00000020       0x20 main.o
 .debug_aranges
                0x00000040       0x58 src/adc_basic.o
 .debug_aranges
                0x00000098       0x20 src/bod.o
 .debug_aranges
                0x000000b8       0x20 src/ccl.o
 .debug_aranges
                0x000000d8       0x20 src/clkctrl.o
 .debug_aranges
                0x000000f8       0x20 src/cpuint.o
 .debug_aranges
                0x00000118       0x40 src/dac_basic.o
 .debug_aranges
                0x00000158       0x58 src/driver_init.o
 .debug_aranges
                0x000001b0       0x20 src/protected_io.o
 .debug_aranges
                0x000001d0       0x20 src/rtc.o
 .debug_aranges
                0x000001f0       0x20 src/slpctrl.o
 .debug_aranges
                0x00000210       0x20 src/spi.o
 .debug_aranges
                0x00000230       0x20 src/tca.o
 .debug_aranges
                0x00000250       0x78 src/usart_basic.o
 .debug_aranges
                0x000002c8       0x40 tinyAxon/tinyAxon.o
 .debug_aranges
                0x00000308       0x28 tinyButton/tinyButton.o
 .debug_aranges
                0x00000330       0x40 tinyCharge/tinyCharge.o
 .debug_aranges
                0x00000370       0x48 tinyDebugger/tinyDebugger.o
 .debug_aranges
                0x000003b8       0x30 tinyDendrite/tinyDendrite.o
 .debug_aranges
                0x000003e8       0x30 tinyISR/tinyISR.o
 .debug_aranges
                0x00000418       0x48 tinyLED/tinyLED.o
 .debug_aranges
                0x00000460       0x20 tinyPotential/tinyPotential.o
 .debug_aranges
                0x00000480       0x28 tinyPulse/tinyPulse.o
 .debug_aranges
                0x000004a8       0x28 tinyTime/tinyTime.o

.debug_pubnames
 *(.debug_pubnames)

.debug_info     0x00000000     0x865a
 *(.debug_info .gnu.linkonce.wi.*)
 .debug_info    0x00000000     0x1c4d D:/Various_programs/Atmel/Studio/7.0/Packs/Atmel/ATtiny_DFP/1.3.229/gcc/dev/attiny3217/avrxmega3/crtattiny3217.o
 .debug_info    0x00001c4d       0x9a atmel_start.o
 .debug_info    0x00001ce7      0x32d main.o
 .debug_info    0x00002014      0x4ee src/adc_basic.o
 .debug_info    0x00002502       0x8d src/bod.o
 .debug_info    0x0000258f      0x5cd src/ccl.o
 .debug_info    0x00002b5c      0x3fe src/clkctrl.o
 .debug_info    0x00002f5a       0x8d src/cpuint.o
 .debug_info    0x00002fe7      0x184 src/dac_basic.o
 .debug_info    0x0000316b     0x16b6 src/driver_init.o
 .debug_info    0x00004821       0xc5 src/protected_io.o
 .debug_info    0x000048e6      0x422 src/rtc.o
 .debug_info    0x00004d08       0x8d src/slpctrl.o
 .debug_info    0x00004d95      0x18f src/spi.o
 .debug_info    0x00004f24      0xa74 src/tca.o
 .debug_info    0x00005998      0x47d src/usart_basic.o
 .debug_info    0x00005e15      0x4ec tinyAxon/tinyAxon.o
 .debug_info    0x00006301      0x222 tinyButton/tinyButton.o
 .debug_info    0x00006523      0x3b7 tinyCharge/tinyCharge.o
 .debug_info    0x000068da      0x308 tinyDebugger/tinyDebugger.o
 .debug_info    0x00006be2      0x325 tinyDendrite/tinyDendrite.o
 .debug_info    0x00006f07      0x3d8 tinyISR/tinyISR.o
 .debug_info    0x000072df      0xfde tinyLED/tinyLED.o
 .debug_info    0x000082bd      0x1b7 tinyPotential/tinyPotential.o
 .debug_info    0x00008474      0x130 tinyPulse/tinyPulse.o
 .debug_info    0x000085a4       0xb6 tinyTime/tinyTime.o

.debug_abbrev   0x00000000     0x36da
 *(.debug_abbrev)
 .debug_abbrev  0x00000000     0x1ac8 D:/Various_programs/Atmel/Studio/7.0/Packs/Atmel/ATtiny_DFP/1.3.229/gcc/dev/attiny3217/avrxmega3/crtattiny3217.o
 .debug_abbrev  0x00001ac8       0x63 atmel_start.o
 .debug_abbrev  0x00001b2b       0xf4 main.o
 .debug_abbrev  0x00001c1f      0x1bc src/adc_basic.o
 .debug_abbrev  0x00001ddb       0x51 src/bod.o
 .debug_abbrev  0x00001e2c       0x9f src/ccl.o
 .debug_abbrev  0x00001ecb      0x116 src/clkctrl.o
 .debug_abbrev  0x00001fe1       0x51 src/cpuint.o
 .debug_abbrev  0x00002032       0xc2 src/dac_basic.o
 .debug_abbrev  0x000020f4      0x1cf src/driver_init.o
 .debug_abbrev  0x000022c3       0x14 src/protected_io.o
 .debug_abbrev  0x000022d7       0xd4 src/rtc.o
 .debug_abbrev  0x000023ab       0x51 src/slpctrl.o
 .debug_abbrev  0x000023fc       0x9f src/spi.o
 .debug_abbrev  0x0000249b       0xf0 src/tca.o
 .debug_abbrev  0x0000258b      0x204 src/usart_basic.o
 .debug_abbrev  0x0000278f      0x271 tinyAxon/tinyAxon.o
 .debug_abbrev  0x00002a00      0x16a tinyButton/tinyButton.o
 .debug_abbrev  0x00002b6a      0x218 tinyCharge/tinyCharge.o
 .debug_abbrev  0x00002d82      0x144 tinyDebugger/tinyDebugger.o
 .debug_abbrev  0x00002ec6      0x17c tinyDendrite/tinyDendrite.o
 .debug_abbrev  0x00003042      0x157 tinyISR/tinyISR.o
 .debug_abbrev  0x00003199      0x336 tinyLED/tinyLED.o
 .debug_abbrev  0x000034cf       0xe7 tinyPotential/tinyPotential.o
 .debug_abbrev  0x000035b6       0xa8 tinyPulse/tinyPulse.o
 .debug_abbrev  0x0000365e       0x7c tinyTime/tinyTime.o

.debug_line     0x00000000     0x2905
 *(.debug_line .debug_line.* .debug_line_end)
 .debug_line    0x00000000      0x151 D:/Various_programs/Atmel/Studio/7.0/Packs/Atmel/ATtiny_DFP/1.3.229/gcc/dev/attiny3217/avrxmega3/crtattiny3217.o
 .debug_line    0x00000151       0x60 atmel_start.o
 .debug_line    0x000001b1      0x268 main.o
 .debug_line    0x00000419      0x204 src/adc_basic.o
 .debug_line    0x0000061d       0x9f src/bod.o
 .debug_line    0x000006bc      0x12d src/ccl.o
 .debug_line    0x000007e9      0x131 src/clkctrl.o
 .debug_line    0x0000091a       0xa8 src/cpuint.o
 .debug_line    0x000009c2      0x17f src/dac_basic.o
 .debug_line    0x00000b41      0x407 src/driver_init.o
 .debug_line    0x00000f48       0x55 src/protected_io.o
 .debug_line    0x00000f9d      0x13d src/rtc.o
 .debug_line    0x000010da       0xa3 src/slpctrl.o
 .debug_line    0x0000117d      0x109 src/spi.o
 .debug_line    0x00001286      0x115 src/tca.o
 .debug_line    0x0000139b      0x267 src/usart_basic.o
 .debug_line    0x00001602      0x33f tinyAxon/tinyAxon.o
 .debug_line    0x00001941      0x1f4 tinyButton/tinyButton.o
 .debug_line    0x00001b35      0x205 tinyCharge/tinyCharge.o
 .debug_line    0x00001d3a      0x180 tinyDebugger/tinyDebugger.o
 .debug_line    0x00001eba      0x285 tinyDendrite/tinyDendrite.o
 .debug_line    0x0000213f      0x15d tinyISR/tinyISR.o
 .debug_line    0x0000229c      0x2fa tinyLED/tinyLED.o
 .debug_line    0x00002596      0x1b1 tinyPotential/tinyPotential.o
 .debug_line    0x00002747       0xf9 tinyPulse/tinyPulse.o
 .debug_line    0x00002840       0xc5 tinyTime/tinyTime.o

.debug_frame    0x00000000      0x8a0
 *(.debug_frame)
 .debug_frame   0x00000000       0x24 atmel_start.o
 .debug_frame   0x00000024       0x24 main.o
 .debug_frame   0x00000048       0x94 src/adc_basic.o
 .debug_frame   0x000000dc       0x24 src/bod.o
 .debug_frame   0x00000100       0x24 src/ccl.o
 .debug_frame   0x00000124       0x24 src/clkctrl.o
 .debug_frame   0x00000148       0x24 src/cpuint.o
 .debug_frame   0x0000016c       0x64 src/dac_basic.o
 .debug_frame   0x000001d0       0x94 src/driver_init.o
 .debug_frame   0x00000264       0x24 src/rtc.o
 .debug_frame   0x00000288       0x24 src/slpctrl.o
 .debug_frame   0x000002ac       0x24 src/spi.o
 .debug_frame   0x000002d0       0x24 src/tca.o
 .debug_frame   0x000002f4       0xd4 src/usart_basic.o
 .debug_frame   0x000003c8       0x80 tinyAxon/tinyAxon.o
 .debug_frame   0x00000448       0x48 tinyButton/tinyButton.o
 .debug_frame   0x00000490       0x64 tinyCharge/tinyCharge.o
 .debug_frame   0x000004f4      0x108 tinyDebugger/tinyDebugger.o
 .debug_frame   0x000005fc       0x8c tinyDendrite/tinyDendrite.o
 .debug_frame   0x00000688       0x90 tinyISR/tinyISR.o
 .debug_frame   0x00000718       0xd4 tinyLED/tinyLED.o
 .debug_frame   0x000007ec       0x38 tinyPotential/tinyPotential.o
 .debug_frame   0x00000824       0x48 tinyPulse/tinyPulse.o
 .debug_frame   0x0000086c       0x34 tinyTime/tinyTime.o

.debug_str      0x00000000     0x3505
 *(.debug_str)
 .debug_str     0x00000000      0xc0f D:/Various_programs/Atmel/Studio/7.0/Packs/Atmel/ATtiny_DFP/1.3.229/gcc/dev/attiny3217/avrxmega3/crtattiny3217.o
 .debug_str     0x00000c0f      0x1a5 atmel_start.o
                                0x1d9 (size before relaxing)
 .debug_str     0x00000db4      0x251 main.o
                                0x41d (size before relaxing)
 .debug_str     0x00001005      0x42d src/adc_basic.o
                                0x622 (size before relaxing)
 .debug_str     0x00001432       0x16 src/bod.o
                                0x1c6 (size before relaxing)
 .debug_str     0x00001448      0x6ba src/ccl.o
                                0x8ae (size before relaxing)
 .debug_str     0x00001b02      0x28b src/clkctrl.o
                                0x53b (size before relaxing)
 .debug_str     0x00001d8d       0x1c src/cpuint.o
                                0x1cc (size before relaxing)
 .debug_str     0x00001da9       0x86 src/dac_basic.o
                                0x27b (size before relaxing)
 .debug_str     0x00001e2f      0x616 src/driver_init.o
                                0x993 (size before relaxing)
 .debug_str     0x00002445      0x351 src/rtc.o
                                0x625 (size before relaxing)
 .debug_str     0x00002796       0x11 src/slpctrl.o
                                0x1ce (size before relaxing)
 .debug_str     0x000027a7       0xbf src/spi.o
                                0x2da (size before relaxing)
 .debug_str     0x00002866      0x20d src/tca.o
                                0x6ca (size before relaxing)
 .debug_str     0x00002a73      0x1da src/usart_basic.o
                                0x41c (size before relaxing)
 .debug_str     0x00002c4d      0x1d4 tinyAxon/tinyAxon.o
                                0x44a (size before relaxing)
 .debug_str     0x00002e21       0xdb tinyButton/tinyButton.o
                                0x2ec (size before relaxing)
 .debug_str     0x00002efc       0x7d tinyCharge/tinyCharge.o
                                0x3a6 (size before relaxing)
 .debug_str     0x00002f79       0xd4 tinyDebugger/tinyDebugger.o
                                0x301 (size before relaxing)
 .debug_str     0x0000304d      0x168 tinyDendrite/tinyDendrite.o
                                0x3a9 (size before relaxing)
 .debug_str     0x000031b5       0x5f tinyISR/tinyISR.o
                                0x3b2 (size before relaxing)
 .debug_str     0x00003214      0x1dd tinyLED/tinyLED.o
                                0x8d3 (size before relaxing)
 .debug_str     0x000033f1       0x94 tinyPotential/tinyPotential.o
                                0x2e4 (size before relaxing)
 .debug_str     0x00003485       0x5c tinyPulse/tinyPulse.o
                                0x274 (size before relaxing)
 .debug_str     0x000034e1       0x24 tinyTime/tinyTime.o
                                0x1fe (size before relaxing)

.debug_loc      0x00000000     0x173f
 *(.debug_loc)
 .debug_loc     0x00000000       0x87 src/adc_basic.o
 .debug_loc     0x00000087       0x52 src/clkctrl.o
 .debug_loc     0x000000d9      0x724 src/driver_init.o
 .debug_loc     0x000007fd       0x47 src/usart_basic.o
 .debug_loc     0x00000844      0x21c tinyAxon/tinyAxon.o
 .debug_loc     0x00000a60       0xc3 tinyButton/tinyButton.o
 .debug_loc     0x00000b23       0x99 tinyCharge/tinyCharge.o
 .debug_loc     0x00000bbc      0x3b8 tinyDebugger/tinyDebugger.o
 .debug_loc     0x00000f74      0x286 tinyDendrite/tinyDendrite.o
 .debug_loc     0x000011fa       0xec tinyISR/tinyISR.o
 .debug_loc     0x000012e6      0x355 tinyLED/tinyLED.o
 .debug_loc     0x0000163b       0x71 tinyPotential/tinyPotential.o
 .debug_loc     0x000016ac       0x93 tinyPulse/tinyPulse.o

.debug_macinfo
 *(.debug_macinfo)

.debug_weaknames
 *(.debug_weaknames)

.debug_funcnames
 *(.debug_funcnames)

.debug_typenames
 *(.debug_typenames)

.debug_varnames
 *(.debug_varnames)

.debug_pubtypes
 *(.debug_pubtypes)

.debug_ranges   0x00000000      0x348
 *(.debug_ranges)
 .debug_ranges  0x00000000       0x10 atmel_start.o
 .debug_ranges  0x00000010       0x10 main.o
 .debug_ranges  0x00000020       0x48 src/adc_basic.o
 .debug_ranges  0x00000068       0x10 src/bod.o
 .debug_ranges  0x00000078       0x10 src/ccl.o
 .debug_ranges  0x00000088       0x10 src/clkctrl.o
 .debug_ranges  0x00000098       0x10 src/cpuint.o
 .debug_ranges  0x000000a8       0x30 src/dac_basic.o
 .debug_ranges  0x000000d8       0x48 src/driver_init.o
 .debug_ranges  0x00000120       0x10 src/rtc.o
 .debug_ranges  0x00000130       0x10 src/slpctrl.o
 .debug_ranges  0x00000140       0x10 src/spi.o
 .debug_ranges  0x00000150       0x10 src/tca.o
 .debug_ranges  0x00000160       0x68 src/usart_basic.o
 .debug_ranges  0x000001c8       0x48 tinyAxon/tinyAxon.o
 .debug_ranges  0x00000210       0x18 tinyButton/tinyButton.o
 .debug_ranges  0x00000228       0x30 tinyCharge/tinyCharge.o
 .debug_ranges  0x00000258       0x38 tinyDebugger/tinyDebugger.o
 .debug_ranges  0x00000290       0x20 tinyDendrite/tinyDendrite.o
 .debug_ranges  0x000002b0       0x20 tinyISR/tinyISR.o
 .debug_ranges  0x000002d0       0x38 tinyLED/tinyLED.o
 .debug_ranges  0x00000308       0x10 tinyPotential/tinyPotential.o
 .debug_ranges  0x00000318       0x18 tinyPulse/tinyPulse.o
 .debug_ranges  0x00000330       0x18 tinyTime/tinyTime.o

.debug_macro
 *(.debug_macro)
OUTPUT(Hjernebyggesett_V4.elf elf32-avr)
LOAD linker stubs
