Archive member included to satisfy reference by file (symbol)

d:/software/atmel studio 7/7.0/toolchain/avr8/avr8-gnu-toolchain/bin/../lib/gcc/avr/5.4.0/../../../../avr/lib/avrxmega3\libm.a(addsf3.o)
                              tinyAxon/tinyAxon.o (__subsf3)
d:/software/atmel studio 7/7.0/toolchain/avr8/avr8-gnu-toolchain/bin/../lib/gcc/avr/5.4.0/../../../../avr/lib/avrxmega3\libm.a(addsf3x.o)
                              d:/software/atmel studio 7/7.0/toolchain/avr8/avr8-gnu-toolchain/bin/../lib/gcc/avr/5.4.0/../../../../avr/lib/avrxmega3\libm.a(addsf3.o) (__addsf3x)
d:/software/atmel studio 7/7.0/toolchain/avr8/avr8-gnu-toolchain/bin/../lib/gcc/avr/5.4.0/../../../../avr/lib/avrxmega3\libm.a(cmpsf2.o)
                              tinyAxon/tinyAxon.o (__ltsf2)
d:/software/atmel studio 7/7.0/toolchain/avr8/avr8-gnu-toolchain/bin/../lib/gcc/avr/5.4.0/../../../../avr/lib/avrxmega3\libm.a(divsf3.o)
                              tinyLED/tinyLED.o (__divsf3)
d:/software/atmel studio 7/7.0/toolchain/avr8/avr8-gnu-toolchain/bin/../lib/gcc/avr/5.4.0/../../../../avr/lib/avrxmega3\libm.a(divsf3x.o)
                              d:/software/atmel studio 7/7.0/toolchain/avr8/avr8-gnu-toolchain/bin/../lib/gcc/avr/5.4.0/../../../../avr/lib/avrxmega3\libm.a(divsf3.o) (__divsf3x)
d:/software/atmel studio 7/7.0/toolchain/avr8/avr8-gnu-toolchain/bin/../lib/gcc/avr/5.4.0/../../../../avr/lib/avrxmega3\libm.a(exp.o)
                              tinyPotential/tinyPotential.o (exp)
d:/software/atmel studio 7/7.0/toolchain/avr8/avr8-gnu-toolchain/bin/../lib/gcc/avr/5.4.0/../../../../avr/lib/avrxmega3\libm.a(fixunssfsi.o)
                              tinyLED/tinyLED.o (__fixunssfsi)
d:/software/atmel studio 7/7.0/toolchain/avr8/avr8-gnu-toolchain/bin/../lib/gcc/avr/5.4.0/../../../../avr/lib/avrxmega3\libm.a(floatsisf.o)
                              tinyButton/tinyButton.o (__floatunsisf)
d:/software/atmel studio 7/7.0/toolchain/avr8/avr8-gnu-toolchain/bin/../lib/gcc/avr/5.4.0/../../../../avr/lib/avrxmega3\libm.a(fmin.o)
                              tinyLED/tinyLED.o (fmin)
d:/software/atmel studio 7/7.0/toolchain/avr8/avr8-gnu-toolchain/bin/../lib/gcc/avr/5.4.0/../../../../avr/lib/avrxmega3\libm.a(fp_cmp.o)
                              d:/software/atmel studio 7/7.0/toolchain/avr8/avr8-gnu-toolchain/bin/../lib/gcc/avr/5.4.0/../../../../avr/lib/avrxmega3\libm.a(cmpsf2.o) (__fp_cmp)
d:/software/atmel studio 7/7.0/toolchain/avr8/avr8-gnu-toolchain/bin/../lib/gcc/avr/5.4.0/../../../../avr/lib/avrxmega3\libm.a(fp_inf.o)
                              d:/software/atmel studio 7/7.0/toolchain/avr8/avr8-gnu-toolchain/bin/../lib/gcc/avr/5.4.0/../../../../avr/lib/avrxmega3\libm.a(addsf3x.o) (__fp_inf)
d:/software/atmel studio 7/7.0/toolchain/avr8/avr8-gnu-toolchain/bin/../lib/gcc/avr/5.4.0/../../../../avr/lib/avrxmega3\libm.a(fp_nan.o)
                              d:/software/atmel studio 7/7.0/toolchain/avr8/avr8-gnu-toolchain/bin/../lib/gcc/avr/5.4.0/../../../../avr/lib/avrxmega3\libm.a(addsf3x.o) (__fp_nan)
d:/software/atmel studio 7/7.0/toolchain/avr8/avr8-gnu-toolchain/bin/../lib/gcc/avr/5.4.0/../../../../avr/lib/avrxmega3\libm.a(fp_powser.o)
                              d:/software/atmel studio 7/7.0/toolchain/avr8/avr8-gnu-toolchain/bin/../lib/gcc/avr/5.4.0/../../../../avr/lib/avrxmega3\libm.a(exp.o) (__fp_powser)
d:/software/atmel studio 7/7.0/toolchain/avr8/avr8-gnu-toolchain/bin/../lib/gcc/avr/5.4.0/../../../../avr/lib/avrxmega3\libm.a(fp_pscA.o)
                              d:/software/atmel studio 7/7.0/toolchain/avr8/avr8-gnu-toolchain/bin/../lib/gcc/avr/5.4.0/../../../../avr/lib/avrxmega3\libm.a(addsf3x.o) (__fp_pscA)
d:/software/atmel studio 7/7.0/toolchain/avr8/avr8-gnu-toolchain/bin/../lib/gcc/avr/5.4.0/../../../../avr/lib/avrxmega3\libm.a(fp_pscB.o)
                              d:/software/atmel studio 7/7.0/toolchain/avr8/avr8-gnu-toolchain/bin/../lib/gcc/avr/5.4.0/../../../../avr/lib/avrxmega3\libm.a(addsf3x.o) (__fp_pscB)
d:/software/atmel studio 7/7.0/toolchain/avr8/avr8-gnu-toolchain/bin/../lib/gcc/avr/5.4.0/../../../../avr/lib/avrxmega3\libm.a(fp_round.o)
                              d:/software/atmel studio 7/7.0/toolchain/avr8/avr8-gnu-toolchain/bin/../lib/gcc/avr/5.4.0/../../../../avr/lib/avrxmega3\libm.a(addsf3.o) (__fp_round)
d:/software/atmel studio 7/7.0/toolchain/avr8/avr8-gnu-toolchain/bin/../lib/gcc/avr/5.4.0/../../../../avr/lib/avrxmega3\libm.a(fp_split3.o)
                              d:/software/atmel studio 7/7.0/toolchain/avr8/avr8-gnu-toolchain/bin/../lib/gcc/avr/5.4.0/../../../../avr/lib/avrxmega3\libm.a(addsf3x.o) (__fp_split3)
d:/software/atmel studio 7/7.0/toolchain/avr8/avr8-gnu-toolchain/bin/../lib/gcc/avr/5.4.0/../../../../avr/lib/avrxmega3\libm.a(fp_zero.o)
                              d:/software/atmel studio 7/7.0/toolchain/avr8/avr8-gnu-toolchain/bin/../lib/gcc/avr/5.4.0/../../../../avr/lib/avrxmega3\libm.a(addsf3x.o) (__fp_zero)
[...]
Memory Configuration

Name             Origin             Length             Attributes
text             0x00000000         0x00100000         xr
data             0x00802000         0x0000ffa0         rw !x
eeprom           0x00810000         0x00010000         rw !x
fuse             0x00820000         0x00000009         rw !x
lock             0x00830000         0x00000400         rw !x
signature        0x00840000         0x00000400         rw !x
user_signatures  0x00850000         0x00000400         rw !x
*default*        0x00000000         0xffffffff

Linker script and memory map

Address of section .data set to 0x803800
                0x00008000                __RODATA_PM_OFFSET__ = 0x8000
LOAD D:/Software/Atmel Studio 7/7.0/Packs/Atmel/ATtiny_DFP/1.3.229/gcc/dev/attiny3217/avrxmega3/crtattiny3217.o
LOAD atmel_start.o
LOAD driver_isr.o
LOAD examples/src/adc_basic_example.o
LOAD examples/src/dac_basic_example.o
LOAD examples/src/usart_basic_example.o
LOAD main.o
LOAD src/adc_basic.o
LOAD src/bod.o
LOAD src/ccl.o
LOAD src/clkctrl.o
LOAD src/cpuint.o
LOAD src/dac_basic.o
LOAD src/driver_init.o
LOAD src/protected_io.o
LOAD src/rtc.o
LOAD src/slpctrl.o
LOAD src/spi.o
LOAD src/tca.o
LOAD src/usart_basic.o
LOAD tinyAxon/tinyAxon.o
LOAD tinyButton/tinyButton.o
LOAD tinyCharge/tinyCharge.o
LOAD tinyDebugger/tinyDebugger.o
LOAD tinyDendrite/tinyDendrite.o
LOAD tinyISR/tinyISR.o
LOAD tinyLED/tinyLED.o
LOAD tinyPotential/tinyPotential.o
LOAD tinyPulse/tinyPulse.o
LOAD tinyTime/tinyTime.o
START GROUP
LOAD d:/software/atmel studio 7/7.0/toolchain/avr8/avr8-gnu-toolchain/bin/../lib/gcc/avr/5.4.0/../../../../avr/lib/avrxmega3\libm.a
END GROUP
START GROUP
LOAD d:/software/atmel studio 7/7.0/toolchain/avr8/avr8-gnu-toolchain/bin/../lib/gcc/avr/5.4.0/avrxmega3\libgcc.a
LOAD d:/software/atmel studio 7/7.0/toolchain/avr8/avr8-gnu-toolchain/bin/../lib/gcc/avr/5.4.0/../../../../avr/lib/avrxmega3\libm.a
LOAD d:/software/atmel studio 7/7.0/toolchain/avr8/avr8-gnu-toolchain/bin/../lib/gcc/avr/5.4.0/../../../../avr/lib/avrxmega3\libc.a
LOAD D:/Software/Atmel Studio 7/7.0/Packs/Atmel/ATtiny_DFP/1.3.229/gcc/dev/attiny3217/avrxmega3\libattiny3217.a
END GROUP
                0x00000000                __TEXT_REGION_ORIGIN__ = DEFINED (__TEXT_REGION_ORIGIN__)?__TEXT_REGION_ORIGIN__:0x0
                0x00802000                __DATA_REGION_ORIGIN__ = DEFINED (__DATA_REGION_ORIGIN__)?__DATA_REGION_ORIGIN__:0x802000
                0x00100000                __TEXT_REGION_LENGTH__ = DEFINED (__TEXT_REGION_LENGTH__)?__TEXT_REGION_LENGTH__:0x100000
                0x0000ffa0                __DATA_REGION_LENGTH__ = DEFINED (__DATA_REGION_LENGTH__)?__DATA_REGION_LENGTH__:0xffa0
                0x00010000                __EEPROM_REGION_LENGTH__ = DEFINED (__EEPROM_REGION_LENGTH__)?__EEPROM_REGION_LENGTH__:0x10000
                [0x00000009]                __FUSE_REGION_LENGTH__ = DEFINED (__FUSE_REGION_LENGTH__)?__FUSE_REGION_LENGTH__:0x400
                0x00000400                __LOCK_REGION_LENGTH__ = DEFINED (__LOCK_REGION_LENGTH__)?__LOCK_REGION_LENGTH__:0x400
                0x00000400                __SIGNATURE_REGION_LENGTH__ = DEFINED (__SIGNATURE_REGION_LENGTH__)?__SIGNATURE_REGION_LENGTH__:0x400
                0x00000400                __USER_SIGNATURE_REGION_LENGTH__ = DEFINED (__USER_SIGNATURE_REGION_LENGTH__)?__USER_SIGNATURE_REGION_LENGTH__:0x400
                0x00008000                __RODATA_PM_OFFSET__ = DEFINED (__RODATA_PM_OFFSET__)?__RODATA_PM_OFFSET__:0x8000

.hash
 *(.hash)

.dynsym
 *(.dynsym)

.dynstr
 *(.dynstr)

.gnu.version
 *(.gnu.version)

.gnu.version_d
 *(.gnu.version_d)

.gnu.version_r
 *(.gnu.version_r)

.rel.init
 *(.rel.init)

.rela.init
 *(.rela.init)

.rel.text
 *(.rel.text)
 *(.rel.text.*)
 *(.rel.gnu.linkonce.t*)

.rela.text
 *(.rela.text)
 *(.rela.text.*)
 *(.rela.gnu.linkonce.t*)

.rel.fini
 *(.rel.fini)

.rela.fini
 *(.rela.fini)

.rel.rodata
 *(.rel.rodata)
 *(.rel.rodata.*)
 *(.rel.gnu.linkonce.r*)

.rela.rodata
 *(.rela.rodata)
 *(.rela.rodata.*)
 *(.rela.gnu.linkonce.r*)

.rel.data
 *(.rel.data)
 *(.rel.data.*)
 *(.rel.gnu.linkonce.d*)

.rela.data
 *(.rela.data)
 *(.rela.data.*)
 *(.rela.gnu.linkonce.d*)

.rel.ctors
 *(.rel.ctors)

.rela.ctors
 *(.rela.ctors)

.rel.dtors
 *(.rel.dtors)

.rela.dtors
 *(.rela.dtors)

.rel.got
 *(.rel.got)

.rela.got
 *(.rela.got)

.rel.bss
 *(.rel.bss)

.rela.bss
 *(.rela.bss)

.rel.plt
 *(.rel.plt)

.rela.plt
 *(.rela.plt)

.text           0x00000000     0x2450
 *(.vectors)
 .vectors       0x00000000       0x7c D:/Software/Atmel Studio 7/7.0/Packs/Atmel/ATtiny_DFP/1.3.229/gcc/dev/attiny3217/avrxmega3/crtattiny3217.o
                0x00000000                __vector_default
                0x00000000                __vectors
 *(.vectors)
 *(.progmem.gcc*)
 .progmem.gcc_fplib
                0x0000007c       0x28 d:/software/atmel studio 7/7.0/toolchain/avr8/avr8-gnu-toolchain/bin/../lib/gcc/avr/5.4.0/../../../../avr/lib/avrxmega3\libm.a(exp.o)
 .progmem.gcc_fplib
                0x000000a4       0x1e d:/software/atmel studio 7/7.0/toolchain/avr8/avr8-gnu-toolchain/bin/../lib/gcc/avr/5.4.0/../../../../avr/lib/avrxmega3\libm.a(fp_sinus.o)
                0x000000c2                . = ALIGN (0x2)
                0x000000c2                __trampolines_start = .
 *(.trampolines)
 .trampolines   0x000000c2        0x0 linker stubs
 *(.trampolines*)
                0x000000c2                __trampolines_end = .
 *libprintf_flt.a:*(.progmem.data)
 *libc.a:*(.progmem.data)
 .progmem.data  0x000000c2       0xfa d:/software/atmel studio 7/7.0/toolchain/avr8/avr8-gnu-toolchain/bin/../lib/gcc/avr/5.4.0/../../../../avr/lib/avrxmega3\libc.a(ftoa_engine.o)
 *(.progmem*)
                0x000001bc                . = ALIGN (0x2)
 *(.jumptables)
 *(.jumptables*)
 *(.lowtext)
 *(.lowtext*)
                0x000001bc                __ctors_start = .
 *(.ctors)
                0x000001bc                __ctors_end = .
                0x000001bc                __dtors_start = .
 *(.dtors)
                0x000001bc                __dtors_end = .
 SORT(*)(.ctors)
 SORT(*)(.dtors)
 *(.init0)
 .init0         0x000001bc        0x0 D:/Software/Atmel Studio 7/7.0/Packs/Atmel/ATtiny_DFP/1.3.229/gcc/dev/attiny3217/avrxmega3/crtattiny3217.o
                0x000001bc                __init
 *(.init0)
 *(.init1)
 *(.init1)
 *(.init2)
 .init2         0x000001bc        0xc D:/Software/Atmel Studio 7/7.0/Packs/Atmel/ATtiny_DFP/1.3.229/gcc/dev/attiny3217/avrxmega3/crtattiny3217.o
 *(.init2)
 *(.init3)
 *(.init3)
 *(.init4)
 .init4         0x000001c8       0x16 d:/software/atmel studio 7/7.0/toolchain/avr8/avr8-gnu-toolchain/bin/../lib/gcc/avr/5.4.0/avrxmega3\libgcc.a(_copy_data.o)
                0x000001c8                __do_copy_data
 .init4         0x000001de       0x10 d:/software/atmel studio 7/7.0/toolchain/avr8/avr8-gnu-toolchain/bin/../lib/gcc/avr/5.4.0/avrxmega3\libgcc.a(_clear_bss.o)
                0x000001de                __do_clear_bss
 *(.init4)
 *(.init5)
 *(.init5)
 *(.init6)
 *(.init6)
 *(.init7)
 *(.init7)
 *(.init8)
 *(.init8)
 *(.init9)
 .init9         0x000001ee        0x8 D:/Software/Atmel Studio 7/7.0/Packs/Atmel/ATtiny_DFP/1.3.229/gcc/dev/attiny3217/avrxmega3/crtattiny3217.o
 *(.init9)
 *(.text)
 .text          0x000001f6        0x4 D:/Software/Atmel Studio 7/7.0/Packs/Atmel/ATtiny_DFP/1.3.229/gcc/dev/attiny3217/avrxmega3/crtattiny3217.o
                0x000001f6                __vector_22
                0x000001f6                __vector_28
                0x000001f6                __vector_1
                0x000001f6                __vector_24
                0x000001f6                __vector_12
                0x000001f6                __bad_interrupt
                0x000001f6                __vector_3
                0x000001f6                __vector_23
                0x000001f6                __vector_30
                0x000001f6                __vector_25
                0x000001f6                __vector_11
                0x000001f6                __vector_13
                0x000001f6                __vector_17
                0x000001f6                __vector_19
                0x000001f6                __vector_7
                0x000001f6                __vector_27
                0x000001f6                __vector_5
                0x000001f6                __vector_4
                0x000001f6                __vector_9
                0x000001f6                __vector_2
                0x000001f6                __vector_21
                0x000001f6                __vector_15
                0x000001f6                __vector_29
                0x000001f6                __vector_8
                0x000001f6                __vector_26
                0x000001f6                __vector_14
                0x000001f6                __vector_10
                0x000001f6                __vector_16
                0x000001f6                __vector_18
                0x000001f6                __vector_20
                0x000001fa                . = ALIGN (0x2)
 *(.text.*)
 .text.atmel_start_init
                0x000001fa        0x6 atmel_start.o
                0x000001fa                atmel_start_init
 .text.main     0x00000200       0x6e main.o
                0x00000200                main
 .text.ADC_0_init
                0x0000026e       0x10 src/adc_basic.o
                0x0000026e                ADC_0_init
 .text.ADC_0_is_conversion_done
                0x0000027e        0x8 src/adc_basic.o
                0x0000027e                ADC_0_is_conversion_done
 .text.ADC_0_get_conversion
                0x00000286       0x24 src/adc_basic.o
                0x00000286                ADC_0_get_conversion
 .text.BOD_init
                0x000002aa        0x4 src/bod.o
                0x000002aa                BOD_init
 .text.DIGITAL_GLUE_LOGIC_0_init
                0x000002ae       0x22 src/ccl.o
                0x000002ae                DIGITAL_GLUE_LOGIC_0_init
 .text.CLKCTRL_init
                0x000002d0       0x1c src/clkctrl.o
                0x000002d0                CLKCTRL_init
 .text.CPUINT_init
                0x000002ec        0x6 src/cpuint.o
                0x000002ec                CPUINT_init
 .text.DAC_0_init
                0x000002f2        0xa src/dac_basic.o
                0x000002f2                DAC_0_init
 .text.DAC_0_uninit
                0x000002fc        0xa src/dac_basic.o
                0x000002fc                DAC_0_uninit
 .text.DAC_0_enable
                0x00000306        0xc src/dac_basic.o
                0x00000306                DAC_0_enable
 .text.DAC_0_disable
                0x00000312        0xc src/dac_basic.o
                0x00000312                DAC_0_disable
 .text.DAC_0_set_output
                0x0000031e        0x6 src/dac_basic.o
                0x0000031e                DAC_0_set_output
 .text.mcu_init
                0x00000324       0x38 src/driver_init.o
                0x00000324                mcu_init
 .text.ADC_0_initialization
                0x0000035c       0x60 src/driver_init.o
                0x0000035c                ADC_0_initialization
 .text.USART_0_initialization
                0x000003bc       0x16 src/driver_init.o
                0x000003bc                USART_0_initialization
 .text.TIMER_0_initialization
                0x000003d2       0x14 src/driver_init.o
                0x000003d2                TIMER_0_initialization
 .text.DIGITAL_GLUE_LOGIC_0_initialization
                0x000003e6       0x14 src/driver_init.o
                0x000003e6                DIGITAL_GLUE_LOGIC_0_initialization
 .text.SPI_0_initialization
                0x000003fa       0x1e src/driver_init.o
                0x000003fa                SPI_0_initialization
 .text.DAC_0_initialization
                0x00000418       0x18 src/driver_init.o
                0x00000418                DAC_0_initialization
 .text.system_init
                0x00000430       0x5a src/driver_init.o
                0x00000430                system_init
 .text.protected_write_io
                0x0000048a        0x8 src/protected_io.o
                0x0000048a                protected_write_io
 .text.RTC_0_init
                0x00000492       0x38 src/rtc.o
                0x00000492                RTC_0_init
 .text.SLPCTRL_init
                0x000004ca        0x4 src/slpctrl.o
                0x000004ca                SLPCTRL_init
 .text.SPI_0_init
                0x000004ce       0x10 src/spi.o
                0x000004ce                SPI_0_init
 .text.TIMER_0_init
                0x000004de       0x20 src/tca.o
                0x000004de                TIMER_0_init
 .text.USART_0_init
                0x000004fe       0x20 src/usart_basic.o
                0x000004fe                USART_0_init
 .text.USART_0_write
                0x0000051e       0x10 src/usart_basic.o
                0x0000051e                USART_0_write
 .text.USART_0_printCHAR
                0x0000052e        0xa src/usart_basic.o
                0x0000052e                USART_0_printCHAR
 .text.tinyAxon_add_pulse
                0x00000538       0x4a tinyAxon/tinyAxon.o
 .text.tinyAxon_is_firing
                0x00000582        0xe tinyAxon/tinyAxon.o
                0x00000582                tinyAxon_is_firing
 .text.find_newest_pulse
                0x00000590       0x26 tinyAxon/tinyAxon.o
                0x00000590                find_newest_pulse
 .text.tinyAxon_stop_sending_pulse
                0x000005b6        0xe tinyAxon/tinyAxon.o
                0x000005b6                tinyAxon_stop_sending_pulse
 .text.tinyAxon_remove_pulse
                0x000005c4       0x46 tinyAxon/tinyAxon.o
                0x000005c4                tinyAxon_remove_pulse
 .text.tinyAxon_update_potential
                0x0000060a      0x16a tinyAxon/tinyAxon.o
                0x0000060a                tinyAxon_update_potential
 .text.tinyButton_update
                0x00000774       0xa8 tinyButton/tinyButton.o
                0x00000774                tinyButton_update
 .text.tinyButton_update_potential
                0x0000081c       0x16 tinyButton/tinyButton.o
                0x0000081c                tinyButton_update_potential
 .text.tinyCharge_is_connected_to_charger
                0x00000832        0x6 tinyCharge/tinyCharge.o
                0x00000832                tinyCharge_is_connected_to_charger
 .text.tinyCharge_is_fully_charged
                0x00000838        0xa tinyCharge/tinyCharge.o
                0x00000838                tinyCharge_is_fully_charged
 .text.tinyCharge_DAC_dissable
                0x00000842        0xa tinyCharge/tinyCharge.o
                0x00000842                tinyCharge_DAC_dissable
 .text.tinyCharge_DAC_enable
                0x0000084c        0xa tinyCharge/tinyCharge.o
                0x0000084c                tinyCharge_DAC_enable
 .text.tinyCharge_switch_mode
                0x00000856       0x3a tinyCharge/tinyCharge.o
                0x00000856                tinyCharge_switch_mode
 .text.tinyCharge_set_charging_mode
                0x00000890       0x12 tinyCharge/tinyCharge.o
                0x00000890                tinyCharge_set_charging_mode
 .text.tinyCharge_set_transistors
                0x000008a2       0x10 tinyCharge/tinyCharge.o
                0x000008a2                tinyCharge_set_transistors
 .text.tinyDebugger_send_uint32
                0x000008b2       0x24 tinyDebugger/tinyDebugger.o
                0x000008b2                tinyDebugger_send_uint32
 .text.tinyDebugger_send_uint8
                0x000008d6       0x22 tinyDebugger/tinyDebugger.o
                0x000008d6                tinyDebugger_send_uint8
 .text.tinyDebugger_send_double
                0x000008f8       0x6c tinyDebugger/tinyDebugger.o
                0x000008f8                tinyDebugger_send_double
 .text.tinyDebugger_end_line
                0x00000964        0xa tinyDebugger/tinyDebugger.o
                0x00000964                tinyDebugger_end_line
 .text.tinyDendrite_update_signals
                0x0000096e      0x116 tinyDendrite/tinyDendrite.o
                0x0000096e                tinyDendrite_update_signals
 .text.tinyDendrite_get_potential
                0x00000a84       0xba tinyDendrite/tinyDendrite.o
                0x00000a84                tinyDendrite_get_potential
 .text.tinyDendrite_update_potential
                0x00000b3e       0x2e tinyDendrite/tinyDendrite.o
                0x00000b3e                tinyDendrite_update_potential
 .text.__vector_6
                0x00000b6c       0x56 tinyISR/tinyISR.o
                0x00000b6c                __vector_6
 .text.tinyISR_setflag
                0x00000bc2        0x6 tinyISR/tinyISR.o
                0x00000bc2                tinyISR_setflag
 .text.tinyISR_getflag
                0x00000bc8        0x6 tinyISR/tinyISR.o
                0x00000bc8                tinyISR_getflag
 .text.tinyLED_SPIWriteByte
                0x00000bce       0x28 tinyLED/tinyLED.o
 .text.tinyLED_set_color
                0x00000bf6       0x12 tinyLED/tinyLED.o
                0x00000bf6                tinyLED_set_color
 .text.tinyLED_get_color
                0x00000c08       0x10 tinyLED/tinyLED.o
                0x00000c08                tinyLED_get_color
 .text.tinyLED_set_color_mode
                0x00000c18       0x20 tinyLED/tinyLED.o
                0x00000c18                tinyLED_set_color_mode
 .text.tinyLED_RGB_Color_Compare
                0x00000c38       0x60 tinyLED/tinyLED.o
                0x00000c38                tinyLED_RGB_Color_Compare
 .text.tinyLED_update
                0x00000c98      0x3c4 tinyLED/tinyLED.o
                0x00000c98                tinyLED_update
 .text.tinyPotential_update
                0x0000105c      0x114 tinyPotential/tinyPotential.o
                0x0000105c                tinyPotential_update
 .text.tinyPulse_toggle_pulse_mode
                0x00001170        0xe tinyPulse/tinyPulse.o
                0x00001170                tinyPulse_toggle_pulse_mode
 .text.tinyPulse_update_potential
                0x0000117e       0x70 tinyPulse/tinyPulse.o
                0x0000117e                tinyPulse_update_potential
 .text.tinyTime_counter_increment
                0x000011ee       0x28 tinyTime/tinyTime.o
                0x000011ee                tinyTime_counter_increment
 .text.tinyTime_now
                0x00001216       0x12 tinyTime/tinyTime.o
                0x00001216                tinyTime_now
 .text.avr-libc.fplib
                0x00001228        0xe d:/software/atmel studio 7/7.0/toolchain/avr8/avr8-gnu-toolchain/bin/../lib/gcc/avr/5.4.0/../../../../avr/lib/avrxmega3\libm.a(addsf3.o)
                0x00001228                __subsf3
                0x0000122a                __addsf3
 .text.avr-libc.fplib
                0x00001236       0xcc d:/software/atmel studio 7/7.0/toolchain/avr8/avr8-gnu-toolchain/bin/../lib/gcc/avr/5.4.0/../../../../avr/lib/avrxmega3\libm.a(addsf3x.o)
                0x00001258                __addsf3x
 .text.avr-libc.fplib
                0x00001302        0xa d:/software/atmel studio 7/7.0/toolchain/avr8/avr8-gnu-toolchain/bin/../lib/gcc/avr/5.4.0/../../../../avr/lib/avrxmega3\libm.a(cmpsf2.o)
                0x00001302                __nesf2
                0x00001302                __eqsf2
                0x00001302                __cmpsf2
                0x00001302                __ltsf2
                0x00001302                __lesf2
 .text.avr-libc.fplib
                0x0000130c        0x8 d:/software/atmel studio 7/7.0/toolchain/avr8/avr8-gnu-toolchain/bin/../lib/gcc/avr/5.4.0/../../../../avr/lib/avrxmega3\libm.a(divsf3.o)
                0x0000130c                __divsf3
 .text.avr-libc.fplib
                0x00001314       0xdc d:/software/atmel studio 7/7.0/toolchain/avr8/avr8-gnu-toolchain/bin/../lib/gcc/avr/5.4.0/../../../../avr/lib/avrxmega3\libm.a(divsf3x.o)
                0x00001334                __divsf3x
                0x0000133a                __divsf3_pse
 .text.avr-libc.fplib
                0x000013f0       0x74 d:/software/atmel studio 7/7.0/toolchain/avr8/avr8-gnu-toolchain/bin/../lib/gcc/avr/5.4.0/../../../../avr/lib/avrxmega3\libm.a(exp.o)
                0x00001400                exp
 .text.avr-libc.fplib
                0x00001464       0x5e d:/software/atmel studio 7/7.0/toolchain/avr8/avr8-gnu-toolchain/bin/../lib/gcc/avr/5.4.0/../../../../avr/lib/avrxmega3\libm.a(fixunssfsi.o)
                0x00001464                __fixunssfsi
 .text.avr-libc.fplib
                0x000014c2       0x7a d:/software/atmel studio 7/7.0/toolchain/avr8/avr8-gnu-toolchain/bin/../lib/gcc/avr/5.4.0/../../../../avr/lib/avrxmega3\libm.a(floatsisf.o)
                0x000014c2                __floatunsisf
                0x000014c6                __floatsisf
 .text.avr-libc.fplib
                0x0000153c       0x3e d:/software/atmel studio 7/7.0/toolchain/avr8/avr8-gnu-toolchain/bin/../lib/gcc/avr/5.4.0/../../../../avr/lib/avrxmega3\libm.a(fmin.o)
                0x0000153c                fmin
 .text.avr-libc.fplib
                0x0000157a       0x48 d:/software/atmel studio 7/7.0/toolchain/avr8/avr8-gnu-toolchain/bin/../lib/gcc/avr/5.4.0/../../../../avr/lib/avrxmega3\libm.a(fp_cmp.o)
                0x0000157a                __fp_cmp
 .text.avr-libc.fplib
                0x000015c2        0xc d:/software/atmel studio 7/7.0/toolchain/avr8/avr8-gnu-toolchain/bin/../lib/gcc/avr/5.4.0/../../../../avr/lib/avrxmega3\libm.a(fp_inf.o)
                0x000015c2                __fp_inf
 .text.avr-libc.fplib
                0x000015ce        0x6 d:/software/atmel studio 7/7.0/toolchain/avr8/avr8-gnu-toolchain/bin/../lib/gcc/avr/5.4.0/../../../../avr/lib/avrxmega3\libm.a(fp_nan.o)
                0x000015ce                __fp_nan
 .text.avr-libc.fplib
                0x000015d4       0x4e d:/software/atmel studio 7/7.0/toolchain/avr8/avr8-gnu-toolchain/bin/../lib/gcc/avr/5.4.0/../../../../avr/lib/avrxmega3\libm.a(fp_powser.o)
                0x000015d4                __fp_powser
 .text.avr-libc.fplib
                0x00001622        0xe d:/software/atmel studio 7/7.0/toolchain/avr8/avr8-gnu-toolchain/bin/../lib/gcc/avr/5.4.0/../../../../avr/lib/avrxmega3\libm.a(fp_pscA.o)
                0x00001622                __fp_pscA
 .text.avr-libc.fplib
                0x00001630        0xe d:/software/atmel studio 7/7.0/toolchain/avr8/avr8-gnu-toolchain/bin/../lib/gcc/avr/5.4.0/../../../../avr/lib/avrxmega3\libm.a(fp_pscB.o)
                0x00001630                __fp_pscB
 .text.avr-libc.fplib
                0x0000163e       0x22 d:/software/atmel studio 7/7.0/toolchain/avr8/avr8-gnu-toolchain/bin/../lib/gcc/avr/5.4.0/../../../../avr/lib/avrxmega3\libm.a(fp_round.o)
                0x0000163e                __fp_round
 .text.avr-libc.fplib
                0x00001660       0x44 d:/software/atmel studio 7/7.0/toolchain/avr8/avr8-gnu-toolchain/bin/../lib/gcc/avr/5.4.0/../../../../avr/lib/avrxmega3\libm.a(fp_split3.o)
                0x00001660                __fp_split3
                0x00001670                __fp_splitA
 .text.avr-libc.fplib
                0x000016a4        0xe d:/software/atmel studio 7/7.0/toolchain/avr8/avr8-gnu-toolchain/bin/../lib/gcc/avr/5.4.0/../../../../avr/lib/avrxmega3\libm.a(fp_zero.o)
                0x000016a4                __fp_zero
                0x000016a6                __fp_szero
 .text.avr-libc.fplib
                0x000016b2        0xa d:/software/atmel studio 7/7.0/toolchain/avr8/avr8-gnu-toolchain/bin/../lib/gcc/avr/5.4.0/../../../../avr/lib/avrxmega3\libm.a(gesf2.o)
                0x000016b2                __gesf2
                0x000016b2                __gtsf2
 .text.avr-libc.fplib
                0x000016bc       0x10 d:/software/atmel studio 7/7.0/toolchain/avr8/avr8-gnu-toolchain/bin/../lib/gcc/avr/5.4.0/../../../../avr/lib/avrxmega3\libm.a(inverse.o)
                0x000016bc                inverse
 .text.avr-libc.fplib
                0x000016cc       0x74 d:/software/atmel studio 7/7.0/toolchain/avr8/avr8-gnu-toolchain/bin/../lib/gcc/avr/5.4.0/../../../../avr/lib/avrxmega3\libm.a(ldexp.o)
                0x000016d4                ldexp
 .text.avr-libc.fplib
                0x00001740       0x68 d:/software/atmel studio 7/7.0/toolchain/avr8/avr8-gnu-toolchain/bin/../lib/gcc/avr/5.4.0/../../../../avr/lib/avrxmega3\libm.a(modf.o)
                0x00001740                modf
                0x00001740                modff
 .text.avr-libc.fplib
                0x000017a8        0x8 d:/software/atmel studio 7/7.0/toolchain/avr8/avr8-gnu-toolchain/bin/../lib/gcc/avr/5.4.0/../../../../avr/lib/avrxmega3\libm.a(mulsf3.o)
                0x000017a8                __mulsf3
 .text.avr-libc.fplib
                0x000017b0       0xd2 d:/software/atmel studio 7/7.0/toolchain/avr8/avr8-gnu-toolchain/bin/../lib/gcc/avr/5.4.0/../../../../avr/lib/avrxmega3\libm.a(mulsf3x.o)
                0x000017ce                __mulsf3x
                0x000017d4                __mulsf3_pse
 .text.avr-libc.fplib
                0x00001882       0x10 d:/software/atmel studio 7/7.0/toolchain/avr8/avr8-gnu-toolchain/bin/../lib/gcc/avr/5.4.0/../../../../avr/lib/avrxmega3\libm.a(sin.o)
                0x00001882                sin
 .text.avr-libc.fplib
                0x00001892       0x1c d:/software/atmel studio 7/7.0/toolchain/avr8/avr8-gnu-toolchain/bin/../lib/gcc/avr/5.4.0/../../../../avr/lib/avrxmega3\libm.a(fp_mpack.o)
                0x00001892                __fp_mpack
                0x00001896                __fp_mpack_finite
 .text.avr-libc.fplib
                0x000018ae       0x56 d:/software/atmel studio 7/7.0/toolchain/avr8/avr8-gnu-toolchain/bin/../lib/gcc/avr/5.4.0/../../../../avr/lib/avrxmega3\libm.a(fp_rempio2.o)
                0x000018b2                __fp_rempio2
 .text.avr-libc.fplib
                0x00001904       0x28 d:/software/atmel studio 7/7.0/toolchain/avr8/avr8-gnu-toolchain/bin/../lib/gcc/avr/5.4.0/../../../../avr/lib/avrxmega3\libm.a(fp_sinus.o)
                0x00001904                __fp_sinus
 .text.avr-libc.fplib
                0x0000192c       0x28 d:/software/atmel studio 7/7.0/toolchain/avr8/avr8-gnu-toolchain/bin/../lib/gcc/avr/5.4.0/../../../../avr/lib/avrxmega3\libm.a(fp_powsodd.o)
                0x0000192c                __fp_powsodd
 .text.libgcc.div
                0x00001954       0x44 d:/software/atmel studio 7/7.0/toolchain/avr8/avr8-gnu-toolchain/bin/../lib/gcc/avr/5.4.0/avrxmega3\libgcc.a(_udivmodsi4.o)
                0x00001954                __udivmodsi4
 .text.avr-libc
                0x00001998       0x40 d:/software/atmel studio 7/7.0/toolchain/avr8/avr8-gnu-toolchain/bin/../lib/gcc/avr/5.4.0/../../../../avr/lib/avrxmega3\libc.a(dtostrf.o)
                0x00001998                dtostrf
 .text.avr-libc
                0x000019d8       0x2c d:/software/atmel studio 7/7.0/toolchain/avr8/avr8-gnu-toolchain/bin/../lib/gcc/avr/5.4.0/../../../../avr/lib/avrxmega3\libc.a(printf.o)
                0x000019d8                printf
 .text.avr-libc
                0x00001a04       0x60 d:/software/atmel studio 7/7.0/toolchain/avr8/avr8-gnu-toolchain/bin/../lib/gcc/avr/5.4.0/../../../../avr/lib/avrxmega3\libc.a(puts.o)
                0x00001a04                puts
 .text.avr-libc
                0x00001a64      0x3c2 d:/software/atmel studio 7/7.0/toolchain/avr8/avr8-gnu-toolchain/bin/../lib/gcc/avr/5.4.0/../../../../avr/lib/avrxmega3\libc.a(vfprintf_std.o)
                0x00001a64                vfprintf
 .text.avr-libc
                0x00001e26      0x2b4 d:/software/atmel studio 7/7.0/toolchain/avr8/avr8-gnu-toolchain/bin/../lib/gcc/avr/5.4.0/../../../../avr/lib/avrxmega3\libc.a(dtoa_prf.o)
                0x00001e26                dtoa_prf
 .text.avr-libc
                0x000020da      0x1b0 d:/software/atmel studio 7/7.0/toolchain/avr8/avr8-gnu-toolchain/bin/../lib/gcc/avr/5.4.0/../../../../avr/lib/avrxmega3\libc.a(ftoa_engine.o)
                0x000020da                __ftoa_engine
 .text.avr-libc
                0x0000228a       0x16 d:/software/atmel studio 7/7.0/toolchain/avr8/avr8-gnu-toolchain/bin/../lib/gcc/avr/5.4.0/../../../../avr/lib/avrxmega3\libc.a(strnlen_P.o)
                0x0000228a                strnlen_P
 .text.avr-libc
                0x000022a0       0x16 d:/software/atmel studio 7/7.0/toolchain/avr8/avr8-gnu-toolchain/bin/../lib/gcc/avr/5.4.0/../../../../avr/lib/avrxmega3\libc.a(strnlen.o)
                0x000022a0                strnlen
 .text.avr-libc
                0x000022b6       0x78 d:/software/atmel studio 7/7.0/toolchain/avr8/avr8-gnu-toolchain/bin/../lib/gcc/avr/5.4.0/../../../../avr/lib/avrxmega3\libc.a(fputc.o)
                0x000022b6                fputc
 .text.avr-libc
                0x0000232e       0xbc d:/software/atmel studio 7/7.0/toolchain/avr8/avr8-gnu-toolchain/bin/../lib/gcc/avr/5.4.0/../../../../avr/lib/avrxmega3\libc.a(ultoa_invert.o)
                0x0000232e                __ultoa_invert
 .text.libgcc.prologue
                0x000023ea       0x32 d:/software/atmel studio 7/7.0/toolchain/avr8/avr8-gnu-toolchain/bin/../lib/gcc/avr/5.4.0/avrxmega3\libgcc.a(_prologue.o)
                0x000023ea                __prologue_saves__
 .text.libgcc.prologue
                0x0000241c       0x30 d:/software/atmel studio 7/7.0/toolchain/avr8/avr8-gnu-toolchain/bin/../lib/gcc/avr/5.4.0/avrxmega3\libgcc.a(_epilogue.o)
                0x0000241c                __epilogue_restores__
                0x0000244c                . = ALIGN (0x2)
 *(.fini9)
 .fini9         0x0000244c        0x0 d:/software/atmel studio 7/7.0/toolchain/avr8/avr8-gnu-toolchain/bin/../lib/gcc/avr/5.4.0/avrxmega3\libgcc.a(_exit.o)
                0x0000244c                _exit
                0x0000244c                exit
 *(.fini9)
 *(.fini8)
 *(.fini8)
 *(.fini7)
 *(.fini7)
 *(.fini6)
 *(.fini6)
 *(.fini5)
 *(.fini5)
 *(.fini4)
 *(.fini4)
 *(.fini3)
 *(.fini3)
 *(.fini2)
 *(.fini2)
 *(.fini1)
 *(.fini1)
 *(.fini0)
 .fini0         0x0000244c        0x4 d:/software/atmel studio 7/7.0/toolchain/avr8/avr8-gnu-toolchain/bin/../lib/gcc/avr/5.4.0/avrxmega3\libgcc.a(_exit.o)
 *(.fini0)
                0x00002450                _etext = .

.rodata         0x0000a450       0x6a load address 0x00002450
 *(.rodata)
 *(.rodata*)
 .rodata.str1.1
                0x0000a450        0x5 main.o
 .rodata.str1.1
                0x0000a455        0xc tinyAxon/tinyAxon.o
 .rodata.str1.1
                0x0000a461       0x2a tinyDebugger/tinyDebugger.o
 .rodata.str1.1
                0x0000a48b        0xf tinyDendrite/tinyDendrite.o
 .rodata.str1.1
                0x0000a49a       0x16 tinyLED/tinyLED.o
 .rodata.str1.1
                0x0000a4b0        0xa tinyPotential/tinyPotential.o
 *(.gnu.linkonce.r*)

.data           0x00803800       0x16 load address 0x000024ba
                0x00803800                PROVIDE (__data_start, .)
 *(.data)
 *(.data*)
 .data.USART_0_stream
                0x00803800        0xe src/usart_basic.o
                0x00803800                USART_0_stream
 .data.Dendrite_ports
                0x0080380e        0x5 tinyDendrite/tinyDendrite.o
                0x0080380e                Dendrite_ports
 .data.ideal_time_between_pulses
                0x00803813        0x2 tinyPulse/tinyPulse.o
                0x00803813                ideal_time_between_pulses
 *(.gnu.linkonce.d*)
                0x00803816                . = ALIGN (0x2)
 *fill*         0x00803815        0x1 
                0x00803816                _edata = .
                0x00803816                PROVIDE (__data_end, .)

.bss            0x00803816       0x54
                0x00803816                PROVIDE (__bss_start, .)
 *(.bss)
 *(.bss*)
 .bss.pulse_queue
                0x00803816       0x14 tinyAxon/tinyAxon.o
                0x00803816                pulse_queue
 .bss.pulses_in_queue
                0x0080382a        0x1 tinyAxon/tinyAxon.o
                0x0080382a                pulses_in_queue
 .bss.axonOutputValue
                0x0080382b        0x1 tinyAxon/tinyAxon.o
                0x0080382b                axonOutputValue
 .bss.tinyAxon_should_fire
                0x0080382c        0x1 tinyAxon/tinyAxon.o
                0x0080382c                tinyAxon_should_fire
 .bss.tinyAxon_has_just_fired
                0x0080382d        0x1 tinyAxon/tinyAxon.o
                0x0080382d                tinyAxon_has_just_fired
 .bss.tinyButton_start_time
                0x0080382e        0x4 tinyButton/tinyButton.o
 .bss.button_press
                0x00803832        0x1 tinyButton/tinyButton.o
                0x00803832                button_press
 .bss.button_was_pushed_down
                0x00803833        0x1 tinyButton/tinyButton.o
 .bss.tinyDendrite_previous_signals
                0x00803834        0x5 tinyDendrite/tinyDendrite.o
                0x00803834                tinyDendrite_previous_signals
 .bss.tinyDendrite_current_signals
                0x00803839        0x5 tinyDendrite/tinyDendrite.o
                0x00803839                tinyDendrite_current_signals
 .bss.tinyDendrite_values
                0x0080383e        0x5 tinyDendrite/tinyDendrite.o
                0x0080383e                tinyDendrite_values
 .bss.tinyISR_interrupt_flag
                0x00803843        0x1 tinyISR/tinyISR.o
 .bss.previous_update_time
                0x00803844        0x4 tinyPotential/tinyPotential.o
 .bss.tinyPotential_potential
                0x00803848        0x4 tinyPotential/tinyPotential.o
 .bss.time_since_last_pulse
                0x0080384c        0x2 tinyPulse/tinyPulse.o
                0x0080384c                time_since_last_pulse
 .bss.time_of_last_pulse
                0x0080384e        0x4 tinyPulse/tinyPulse.o
                0x0080384e                time_of_last_pulse
 .bss.pulse_mode
                0x00803852        0x1 tinyPulse/tinyPulse.o
                0x00803852                pulse_mode
 .bss.time_counter
                0x00803853        0x4 tinyTime/tinyTime.o
                0x00803853                time_counter
 *(COMMON)
 COMMON         0x00803857        0x1 tinyCharge/tinyCharge.o
                0x00803857                connected_to_charger
 COMMON         0x00803858        0xc tinyLED/tinyLED.o
                0x00803858                tinyLED_flash_once_time
                0x0080385a                tinyLED_old_colors
                0x00803860                tinyLED_colors
 COMMON         0x00803864        0x6 d:/software/atmel studio 7/7.0/toolchain/avr8/avr8-gnu-toolchain/bin/../lib/gcc/avr/5.4.0/../../../../avr/lib/avrxmega3\libc.a(iob.o)
                0x00803864                __iob
                0x0080386a                PROVIDE (__bss_end, .)
                0x000024ba                __data_load_start = LOADADDR (.data)
                0x000024d0                __data_load_end = (__data_load_start + SIZEOF (.data))

.noinit         0x0080386a        0x0
                [!provide]                PROVIDE (__noinit_start, .)
 *(.noinit*)
                [!provide]                PROVIDE (__noinit_end, .)
                0x0080386a                _end = .
                [!provide]                PROVIDE (__heap_start, .)

.eeprom         0x00810000        0x0
 *(.eeprom*)
                0x00810000                __eeprom_end = .

.fuse
 *(.fuse)
 *(.lfuse)
 *(.hfuse)
 *(.efuse)

.lock
 *(.lock*)

.signature
 *(.signature*)

.user_signatures
 *(.user_signatures*)

.stab
 *(.stab)

.stabstr
 *(.stabstr)

.stab.excl
 *(.stab.excl)

.stab.exclstr
 *(.stab.exclstr)

.stab.index
 *(.stab.index)

.stab.indexstr
 *(.stab.indexstr)

.comment        0x00000000       0x5c
 *(.comment)
 .comment       0x00000000       0x30 atmel_start.o
                                 0x31 (size before relaxing)
 .comment       0x00000030       0x31 main.o
 .comment       0x00000030       0x31 src/adc_basic.o
 .comment       0x00000030       0x31 src/bod.o
 .comment       0x00000030       0x31 src/ccl.o
 .comment       0x00000030       0x31 src/clkctrl.o
 .comment       0x00000030       0x31 src/cpuint.o
 .comment       0x00000030       0x31 src/dac_basic.o
 .comment       0x00000030       0x31 src/driver_init.o
 .comment       0x00000030       0x31 src/rtc.o
 .comment       0x00000030       0x31 src/slpctrl.o
 .comment       0x00000030       0x31 src/spi.o
 .comment       0x00000030       0x31 src/tca.o
 .comment       0x00000030       0x31 src/usart_basic.o
 .comment       0x00000030       0x31 tinyAxon/tinyAxon.o
 .comment       0x00000030       0x31 tinyButton/tinyButton.o
 .comment       0x00000030       0x31 tinyCharge/tinyCharge.o
 .comment       0x00000030       0x31 tinyDebugger/tinyDebugger.o
 .comment       0x00000030       0x31 tinyDendrite/tinyDendrite.o
 .comment       0x00000030       0x31 tinyISR/tinyISR.o
 .comment       0x00000030       0x31 tinyLED/tinyLED.o
 .comment       0x00000030       0x31 tinyPotential/tinyPotential.o
 .comment       0x00000030       0x31 tinyPulse/tinyPulse.o
 .comment       0x00000030       0x31 tinyTime/tinyTime.o
 .comment       0x00000030       0x31 d:/software/atmel studio 7/7.0/toolchain/avr8/avr8-gnu-toolchain/bin/../lib/gcc/avr/5.4.0/../../../../avr/lib/avrxmega3\libc.a(dtostrf.o)
 .comment       0x00000030       0x31 d:/software/atmel studio 7/7.0/toolchain/avr8/avr8-gnu-toolchain/bin/../lib/gcc/avr/5.4.0/../../../../avr/lib/avrxmega3\libc.a(iob.o)
 .comment       0x00000030       0x31 d:/software/atmel studio 7/7.0/toolchain/avr8/avr8-gnu-toolchain/bin/../lib/gcc/avr/5.4.0/../../../../avr/lib/avrxmega3\libc.a(printf.o)
 .comment       0x00000030       0x31 d:/software/atmel studio 7/7.0/toolchain/avr8/avr8-gnu-toolchain/bin/../lib/gcc/avr/5.4.0/../../../../avr/lib/avrxmega3\libc.a(puts.o)
 .comment       0x00000030       0x2c d:/software/atmel studio 7/7.0/toolchain/avr8/avr8-gnu-toolchain/bin/../lib/gcc/avr/5.4.0/../../../../avr/lib/avrxmega3\libc.a(vfprintf_std.o)
                                 0x2d (size before relaxing)
 .comment       0x0000005c       0x31 d:/software/atmel studio 7/7.0/toolchain/avr8/avr8-gnu-toolchain/bin/../lib/gcc/avr/5.4.0/../../../../avr/lib/avrxmega3\libc.a(dtoa_prf.o)
 .comment       0x0000005c       0x31 d:/software/atmel studio 7/7.0/toolchain/avr8/avr8-gnu-toolchain/bin/../lib/gcc/avr/5.4.0/../../../../avr/lib/avrxmega3\libc.a(fputc.o)

.note.gnu.avr.deviceinfo
                0x00000000       0x40
 .note.gnu.avr.deviceinfo
                0x00000000       0x40 D:/Software/Atmel Studio 7/7.0/Packs/Atmel/ATtiny_DFP/1.3.229/gcc/dev/attiny3217/avrxmega3/crtattiny3217.o

.note.gnu.build-id
 *(.note.gnu.build-id)

.debug
 *(.debug)

.line
 *(.line)

.debug_srcinfo
 *(.debug_srcinfo)

.debug_sfnames
 *(.debug_sfnames)

.debug_aranges  0x00000000      0x4f0
 *(.debug_aranges)
 .debug_aranges
                0x00000000       0x20 atmel_start.o
 .debug_aranges
                0x00000020       0x20 main.o
 .debug_aranges
                0x00000040       0x58 src/adc_basic.o
 .debug_aranges
                0x00000098       0x20 src/bod.o
 .debug_aranges
                0x000000b8       0x20 src/ccl.o
 .debug_aranges
                0x000000d8       0x20 src/clkctrl.o
 .debug_aranges
                0x000000f8       0x20 src/cpuint.o
 .debug_aranges
                0x00000118       0x48 src/dac_basic.o
 .debug_aranges
                0x00000160       0x58 src/driver_init.o
 .debug_aranges
                0x000001b8       0x20 src/protected_io.o
 .debug_aranges
                0x000001d8       0x20 src/rtc.o
 .debug_aranges
                0x000001f8       0x20 src/slpctrl.o
 .debug_aranges
                0x00000218       0x20 src/spi.o
 .debug_aranges
                0x00000238       0x20 src/tca.o
 .debug_aranges
                0x00000258       0x78 src/usart_basic.o
 .debug_aranges
                0x000002d0       0x48 tinyAxon/tinyAxon.o
 .debug_aranges
                0x00000318       0x28 tinyButton/tinyButton.o
 .debug_aranges
                0x00000340       0x50 tinyCharge/tinyCharge.o
 .debug_aranges
                0x00000390       0x48 tinyDebugger/tinyDebugger.o
 .debug_aranges
                0x000003d8       0x30 tinyDendrite/tinyDendrite.o
 .debug_aranges
                0x00000408       0x30 tinyISR/tinyISR.o
 .debug_aranges
                0x00000438       0x48 tinyLED/tinyLED.o
 .debug_aranges
                0x00000480       0x20 tinyPotential/tinyPotential.o
 .debug_aranges
                0x000004a0       0x28 tinyPulse/tinyPulse.o
 .debug_aranges
                0x000004c8       0x28 tinyTime/tinyTime.o

.debug_pubnames
 *(.debug_pubnames)

.debug_info     0x00000000     0x87e7
 *(.debug_info .gnu.linkonce.wi.*)
 .debug_info    0x00000000     0x1c4d D:/Software/Atmel Studio 7/7.0/Packs/Atmel/ATtiny_DFP/1.3.229/gcc/dev/attiny3217/avrxmega3/crtattiny3217.o
 .debug_info    0x00001c4d       0x9a atmel_start.o
 .debug_info    0x00001ce7      0x326 main.o
 .debug_info    0x0000200d      0x4ee src/adc_basic.o
 .debug_info    0x000024fb       0x8d src/bod.o
 .debug_info    0x00002588      0x5cd src/ccl.o
 .debug_info    0x00002b55      0x3fe src/clkctrl.o
 .debug_info    0x00002f53       0x8d src/cpuint.o
 .debug_info    0x00002fe0      0x19d src/dac_basic.o
 .debug_info    0x0000317d     0x16b6 src/driver_init.o
 .debug_info    0x00004833       0x98 src/protected_io.o
 .debug_info    0x000048cb      0x422 src/rtc.o
 .debug_info    0x00004ced       0x8d src/slpctrl.o
 .debug_info    0x00004d7a      0x18f src/spi.o
 .debug_info    0x00004f09      0xa74 src/tca.o
 .debug_info    0x0000597d      0x47d src/usart_basic.o
 .debug_info    0x00005dfa      0x50b tinyAxon/tinyAxon.o
 .debug_info    0x00006305      0x222 tinyButton/tinyButton.o
 .debug_info    0x00006527      0x442 tinyCharge/tinyCharge.o
 .debug_info    0x00006969      0x2cf tinyDebugger/tinyDebugger.o
 .debug_info    0x00006c38      0x456 tinyDendrite/tinyDendrite.o
 .debug_info    0x0000708e      0x3d8 tinyISR/tinyISR.o
 .debug_info    0x00007466      0xfe4 tinyLED/tinyLED.o
 .debug_info    0x0000844a      0x1b7 tinyPotential/tinyPotential.o
 .debug_info    0x00008601      0x130 tinyPulse/tinyPulse.o
 .debug_info    0x00008731       0xb6 tinyTime/tinyTime.o

.debug_abbrev   0x00000000     0x36a6
 *(.debug_abbrev)
 .debug_abbrev  0x00000000     0x1ac8 D:/Software/Atmel Studio 7/7.0/Packs/Atmel/ATtiny_DFP/1.3.229/gcc/dev/attiny3217/avrxmega3/crtattiny3217.o
 .debug_abbrev  0x00001ac8       0x63 atmel_start.o
 .debug_abbrev  0x00001b2b       0xf4 main.o
 .debug_abbrev  0x00001c1f      0x1bc src/adc_basic.o
 .debug_abbrev  0x00001ddb       0x51 src/bod.o
 .debug_abbrev  0x00001e2c       0x9f src/ccl.o
 .debug_abbrev  0x00001ecb      0x116 src/clkctrl.o
 .debug_abbrev  0x00001fe1       0x51 src/cpuint.o
 .debug_abbrev  0x00002032       0xc2 src/dac_basic.o
 .debug_abbrev  0x000020f4      0x1cf src/driver_init.o
 .debug_abbrev  0x000022c3       0x14 src/protected_io.o
 .debug_abbrev  0x000022d7       0xd4 src/rtc.o
 .debug_abbrev  0x000023ab       0x51 src/slpctrl.o
 .debug_abbrev  0x000023fc       0x9f src/spi.o
 .debug_abbrev  0x0000249b       0xf0 src/tca.o
 .debug_abbrev  0x0000258b      0x204 src/usart_basic.o
 .debug_abbrev  0x0000278f      0x289 tinyAxon/tinyAxon.o
 .debug_abbrev  0x00002a18      0x16a tinyButton/tinyButton.o
 .debug_abbrev  0x00002b82      0x1ec tinyCharge/tinyCharge.o
 .debug_abbrev  0x00002d6e      0x11b tinyDebugger/tinyDebugger.o
 .debug_abbrev  0x00002e89      0x185 tinyDendrite/tinyDendrite.o
 .debug_abbrev  0x0000300e      0x157 tinyISR/tinyISR.o
 .debug_abbrev  0x00003165      0x336 tinyLED/tinyLED.o
 .debug_abbrev  0x0000349b       0xe7 tinyPotential/tinyPotential.o
 .debug_abbrev  0x00003582       0xa8 tinyPulse/tinyPulse.o
 .debug_abbrev  0x0000362a       0x7c tinyTime/tinyTime.o

.debug_line     0x00000000     0x28f4
 *(.debug_line .debug_line.* .debug_line_end)
 .debug_line    0x00000000      0x151 D:/Software/Atmel Studio 7/7.0/Packs/Atmel/ATtiny_DFP/1.3.229/gcc/dev/attiny3217/avrxmega3/crtattiny3217.o
 .debug_line    0x00000151       0x60 atmel_start.o
 .debug_line    0x000001b1      0x25c main.o
 .debug_line    0x0000040d      0x1f8 src/adc_basic.o
 .debug_line    0x00000605       0x99 src/bod.o
 .debug_line    0x0000069e      0x121 src/ccl.o
 .debug_line    0x000007bf      0x125 src/clkctrl.o
 .debug_line    0x000008e4       0xa2 src/cpuint.o
 .debug_line    0x00000986      0x190 src/dac_basic.o
 .debug_line    0x00000b16      0x3fb src/driver_init.o
 .debug_line    0x00000f11       0x55 src/protected_io.o
 .debug_line    0x00000f66      0x131 src/rtc.o
 .debug_line    0x00001097       0x9d src/slpctrl.o
 .debug_line    0x00001134       0xfd src/spi.o
 .debug_line    0x00001231      0x109 src/tca.o
 .debug_line    0x0000133a      0x25b src/usart_basic.o
 .debug_line    0x00001595      0x349 tinyAxon/tinyAxon.o
 .debug_line    0x000018de      0x1e8 tinyButton/tinyButton.o
 .debug_line    0x00001ac6      0x24e tinyCharge/tinyCharge.o
 .debug_line    0x00001d14      0x162 tinyDebugger/tinyDebugger.o
 .debug_line    0x00001e76      0x2db tinyDendrite/tinyDendrite.o
 .debug_line    0x00002151      0x151 tinyISR/tinyISR.o
 .debug_line    0x000022a2      0x2f5 tinyLED/tinyLED.o
 .debug_line    0x00002597      0x1ab tinyPotential/tinyPotential.o
 .debug_line    0x00002742       0xf3 tinyPulse/tinyPulse.o
 .debug_line    0x00002835       0xbf tinyTime/tinyTime.o

.debug_frame    0x00000000      0x900
 *(.debug_frame)
 .debug_frame   0x00000000       0x24 atmel_start.o
 .debug_frame   0x00000024       0x24 main.o
 .debug_frame   0x00000048       0x94 src/adc_basic.o
 .debug_frame   0x000000dc       0x24 src/bod.o
 .debug_frame   0x00000100       0x24 src/ccl.o
 .debug_frame   0x00000124       0x24 src/clkctrl.o
 .debug_frame   0x00000148       0x24 src/cpuint.o
 .debug_frame   0x0000016c       0x74 src/dac_basic.o
 .debug_frame   0x000001e0       0x94 src/driver_init.o
 .debug_frame   0x00000274       0x24 src/rtc.o
 .debug_frame   0x00000298       0x24 src/slpctrl.o
 .debug_frame   0x000002bc       0x24 src/spi.o
 .debug_frame   0x000002e0       0x24 src/tca.o
 .debug_frame   0x00000304       0xd4 src/usart_basic.o
 .debug_frame   0x000003d8       0x90 tinyAxon/tinyAxon.o
 .debug_frame   0x00000468       0x48 tinyButton/tinyButton.o
 .debug_frame   0x000004b0       0x84 tinyCharge/tinyCharge.o
 .debug_frame   0x00000534      0x108 tinyDebugger/tinyDebugger.o
 .debug_frame   0x0000063c       0xac tinyDendrite/tinyDendrite.o
 .debug_frame   0x000006e8       0x90 tinyISR/tinyISR.o
 .debug_frame   0x00000778       0xd4 tinyLED/tinyLED.o
 .debug_frame   0x0000084c       0x38 tinyPotential/tinyPotential.o
 .debug_frame   0x00000884       0x48 tinyPulse/tinyPulse.o
 .debug_frame   0x000008cc       0x34 tinyTime/tinyTime.o

.debug_str      0x00000000     0x3584
 *(.debug_str)
 .debug_str     0x00000000      0xc0f D:/Software/Atmel Studio 7/7.0/Packs/Atmel/ATtiny_DFP/1.3.229/gcc/dev/attiny3217/avrxmega3/crtattiny3217.o
 .debug_str     0x00000c0f      0x178 atmel_start.o
                                0x1ac (size before relaxing)
 .debug_str     0x00000d87      0x2c9 main.o
                                0x40c (size before relaxing)
 .debug_str     0x00001050      0x42d src/adc_basic.o
                                0x5f5 (size before relaxing)
 .debug_str     0x0000147d       0x16 src/bod.o
                                0x199 (size before relaxing)
 .debug_str     0x00001493      0x6ba src/ccl.o
                                0x881 (size before relaxing)
 .debug_str     0x00001b4d      0x28b src/clkctrl.o
                                0x50e (size before relaxing)
 .debug_str     0x00001dd8       0x1c src/cpuint.o
                                0x19f (size before relaxing)
 .debug_str     0x00001df4       0x93 src/dac_basic.o
                                0x25b (size before relaxing)
 .debug_str     0x00001e87      0x616 src/driver_init.o
                                0x966 (size before relaxing)
 .debug_str     0x0000249d      0x351 src/rtc.o
                                0x624 (size before relaxing)
 .debug_str     0x000027ee       0x11 src/slpctrl.o
                                0x1a1 (size before relaxing)
 .debug_str     0x000027ff       0xbf src/spi.o
                                0x2ad (size before relaxing)
 .debug_str     0x000028be      0x20d src/tca.o
                                0x69d (size before relaxing)
 .debug_str     0x00002acb      0x1da src/usart_basic.o
                                0x3ef (size before relaxing)
 .debug_str     0x00002ca5      0x203 tinyAxon/tinyAxon.o
                                0x468 (size before relaxing)
 .debug_str     0x00002ea8       0xdb tinyButton/tinyButton.o
                                0x2eb (size before relaxing)
 .debug_str     0x00002f83       0xab tinyCharge/tinyCharge.o
                                0x40d (size before relaxing)
 .debug_str     0x0000302e       0x9e tinyDebugger/tinyDebugger.o
                                0x2bb (size before relaxing)
 .debug_str     0x000030cc      0x168 tinyDendrite/tinyDendrite.o
                                0x41f (size before relaxing)
 .debug_str     0x00003234       0x5f tinyISR/tinyISR.o
                                0x385 (size before relaxing)
 .debug_str     0x00003293      0x1dd tinyLED/tinyLED.o
                                0x8d9 (size before relaxing)
 .debug_str     0x00003470       0x94 tinyPotential/tinyPotential.o
                                0x2e3 (size before relaxing)
 .debug_str     0x00003504       0x5c tinyPulse/tinyPulse.o
                                0x273 (size before relaxing)
 .debug_str     0x00003560       0x24 tinyTime/tinyTime.o
                                0x1d1 (size before relaxing)

.debug_loc      0x00000000     0x181a
 *(.debug_loc)
 .debug_loc     0x00000000       0x87 src/adc_basic.o
 .debug_loc     0x00000087       0x52 src/clkctrl.o
 .debug_loc     0x000000d9      0x724 src/driver_init.o
 .debug_loc     0x000007fd       0x47 src/usart_basic.o
 .debug_loc     0x00000844      0x21c tinyAxon/tinyAxon.o
 .debug_loc     0x00000a60       0xc3 tinyButton/tinyButton.o
 .debug_loc     0x00000b23       0x99 tinyCharge/tinyCharge.o
 .debug_loc     0x00000bbc      0x40a tinyDebugger/tinyDebugger.o
 .debug_loc     0x00000fc6      0x2f9 tinyDendrite/tinyDendrite.o
 .debug_loc     0x000012bf       0xec tinyISR/tinyISR.o
 .debug_loc     0x000013ab      0x36b tinyLED/tinyLED.o
 .debug_loc     0x00001716       0x71 tinyPotential/tinyPotential.o
 .debug_loc     0x00001787       0x93 tinyPulse/tinyPulse.o

.debug_macinfo
 *(.debug_macinfo)

.debug_weaknames
 *(.debug_weaknames)

.debug_funcnames
 *(.debug_funcnames)

.debug_typenames
 *(.debug_typenames)

.debug_varnames
 *(.debug_varnames)

.debug_pubtypes
 *(.debug_pubtypes)

.debug_ranges   0x00000000      0x368
 *(.debug_ranges)
 .debug_ranges  0x00000000       0x10 atmel_start.o
 .debug_ranges  0x00000010       0x10 main.o
 .debug_ranges  0x00000020       0x48 src/adc_basic.o
 .debug_ranges  0x00000068       0x10 src/bod.o
 .debug_ranges  0x00000078       0x10 src/ccl.o
 .debug_ranges  0x00000088       0x10 src/clkctrl.o
 .debug_ranges  0x00000098       0x10 src/cpuint.o
 .debug_ranges  0x000000a8       0x38 src/dac_basic.o
 .debug_ranges  0x000000e0       0x48 src/driver_init.o
 .debug_ranges  0x00000128       0x10 src/rtc.o
 .debug_ranges  0x00000138       0x10 src/slpctrl.o
 .debug_ranges  0x00000148       0x10 src/spi.o
 .debug_ranges  0x00000158       0x10 src/tca.o
 .debug_ranges  0x00000168       0x68 src/usart_basic.o
 .debug_ranges  0x000001d0       0x50 tinyAxon/tinyAxon.o
 .debug_ranges  0x00000220       0x18 tinyButton/tinyButton.o
 .debug_ranges  0x00000238       0x40 tinyCharge/tinyCharge.o
 .debug_ranges  0x00000278       0x38 tinyDebugger/tinyDebugger.o
 .debug_ranges  0x000002b0       0x20 tinyDendrite/tinyDendrite.o
 .debug_ranges  0x000002d0       0x20 tinyISR/tinyISR.o
 .debug_ranges  0x000002f0       0x38 tinyLED/tinyLED.o
 .debug_ranges  0x00000328       0x10 tinyPotential/tinyPotential.o
 .debug_ranges  0x00000338       0x18 tinyPulse/tinyPulse.o
 .debug_ranges  0x00000350       0x18 tinyTime/tinyTime.o

.debug_macro
 *(.debug_macro)
OUTPUT(Hjernebyggesett_V4.elf elf32-avr)
LOAD linker stubs
