Archive member included to satisfy reference by file (symbol)

d:/various_programs/atmel/studio/7.0/toolchain/avr8/avr8-gnu-toolchain/bin/../lib/gcc/avr/5.4.0/../../../../avr/lib/avrxmega3\libm.a(addsf3.o)
                              tinyAxon/tinyAxon.o (__subsf3)
d:/various_programs/atmel/studio/7.0/toolchain/avr8/avr8-gnu-toolchain/bin/../lib/gcc/avr/5.4.0/../../../../avr/lib/avrxmega3\libm.a(addsf3x.o)
                              d:/various_programs/atmel/studio/7.0/toolchain/avr8/avr8-gnu-toolchain/bin/../lib/gcc/avr/5.4.0/../../../../avr/lib/avrxmega3\libm.a(addsf3.o) (__addsf3x)
d:/various_programs/atmel/studio/7.0/toolchain/avr8/avr8-gnu-toolchain/bin/../lib/gcc/avr/5.4.0/../../../../avr/lib/avrxmega3\libm.a(cmpsf2.o)
                              tinyLED/tinyLED.o (__ltsf2)
d:/various_programs/atmel/studio/7.0/toolchain/avr8/avr8-gnu-toolchain/bin/../lib/gcc/avr/5.4.0/../../../../avr/lib/avrxmega3\libm.a(divsf3.o)
                              tinyLED/tinyLED.o (__divsf3)
d:/various_programs/atmel/studio/7.0/toolchain/avr8/avr8-gnu-toolchain/bin/../lib/gcc/avr/5.4.0/../../../../avr/lib/avrxmega3\libm.a(divsf3x.o)
                              d:/various_programs/atmel/studio/7.0/toolchain/avr8/avr8-gnu-toolchain/bin/../lib/gcc/avr/5.4.0/../../../../avr/lib/avrxmega3\libm.a(divsf3.o) (__divsf3x)
d:/various_programs/atmel/studio/7.0/toolchain/avr8/avr8-gnu-toolchain/bin/../lib/gcc/avr/5.4.0/../../../../avr/lib/avrxmega3\libm.a(exp.o)
                              tinyPotential/tinyPotential.o (exp)
d:/various_programs/atmel/studio/7.0/toolchain/avr8/avr8-gnu-toolchain/bin/../lib/gcc/avr/5.4.0/../../../../avr/lib/avrxmega3\libm.a(fixunssfsi.o)
                              tinyLED/tinyLED.o (__fixunssfsi)
d:/various_programs/atmel/studio/7.0/toolchain/avr8/avr8-gnu-toolchain/bin/../lib/gcc/avr/5.4.0/../../../../avr/lib/avrxmega3\libm.a(floatsisf.o)
                              tinyButton/tinyButton.o (__floatunsisf)
d:/various_programs/atmel/studio/7.0/toolchain/avr8/avr8-gnu-toolchain/bin/../lib/gcc/avr/5.4.0/../../../../avr/lib/avrxmega3\libm.a(fmin.o)
                              tinyLED/tinyLED.o (fmin)
d:/various_programs/atmel/studio/7.0/toolchain/avr8/avr8-gnu-toolchain/bin/../lib/gcc/avr/5.4.0/../../../../avr/lib/avrxmega3\libm.a(fp_cmp.o)
                              d:/various_programs/atmel/studio/7.0/toolchain/avr8/avr8-gnu-toolchain/bin/../lib/gcc/avr/5.4.0/../../../../avr/lib/avrxmega3\libm.a(cmpsf2.o) (__fp_cmp)
d:/various_programs/atmel/studio/7.0/toolchain/avr8/avr8-gnu-toolchain/bin/../lib/gcc/avr/5.4.0/../../../../avr/lib/avrxmega3\libm.a(fp_inf.o)
                              d:/various_programs/atmel/studio/7.0/toolchain/avr8/avr8-gnu-toolchain/bin/../lib/gcc/avr/5.4.0/../../../../avr/lib/avrxmega3\libm.a(addsf3x.o) (__fp_inf)
d:/various_programs/atmel/studio/7.0/toolchain/avr8/avr8-gnu-toolchain/bin/../lib/gcc/avr/5.4.0/../../../../avr/lib/avrxmega3\libm.a(fp_nan.o)
                              d:/various_programs/atmel/studio/7.0/toolchain/avr8/avr8-gnu-toolchain/bin/../lib/gcc/avr/5.4.0/../../../../avr/lib/avrxmega3\libm.a(addsf3x.o) (__fp_nan)
d:/various_programs/atmel/studio/7.0/toolchain/avr8/avr8-gnu-toolchain/bin/../lib/gcc/avr/5.4.0/../../../../avr/lib/avrxmega3\libm.a(fp_powser.o)
                              d:/various_programs/atmel/studio/7.0/toolchain/avr8/avr8-gnu-toolchain/bin/../lib/gcc/avr/5.4.0/../../../../avr/lib/avrxmega3\libm.a(exp.o) (__fp_powser)
d:/various_programs/atmel/studio/7.0/toolchain/avr8/avr8-gnu-toolchain/bin/../lib/gcc/avr/5.4.0/../../../../avr/lib/avrxmega3\libm.a(fp_pscA.o)
                              d:/various_programs/atmel/studio/7.0/toolchain/avr8/avr8-gnu-toolchain/bin/../lib/gcc/avr/5.4.0/../../../../avr/lib/avrxmega3\libm.a(addsf3x.o) (__fp_pscA)
d:/various_programs/atmel/studio/7.0/toolchain/avr8/avr8-gnu-toolchain/bin/../lib/gcc/avr/5.4.0/../../../../avr/lib/avrxmega3\libm.a(fp_pscB.o)
                              d:/various_programs/atmel/studio/7.0/toolchain/avr8/avr8-gnu-toolchain/bin/../lib/gcc/avr/5.4.0/../../../../avr/lib/avrxmega3\libm.a(addsf3x.o) (__fp_pscB)
d:/various_programs/atmel/studio/7.0/toolchain/avr8/avr8-gnu-toolchain/bin/../lib/gcc/avr/5.4.0/../../../../avr/lib/avrxmega3\libm.a(fp_round.o)
                              d:/various_programs/atmel/studio/7.0/toolchain/avr8/avr8-gnu-toolchain/bin/../lib/gcc/avr/5.4.0/../../../../avr/lib/avrxmega3\libm.a(addsf3.o) (__fp_round)
d:/various_programs/atmel/studio/7.0/toolchain/avr8/avr8-gnu-toolchain/bin/../lib/gcc/avr/5.4.0/../../../../avr/lib/avrxmega3\libm.a(fp_split3.o)
                              d:/various_programs/atmel/studio/7.0/toolchain/avr8/avr8-gnu-toolchain/bin/../lib/gcc/avr/5.4.0/../../../../avr/lib/avrxmega3\libm.a(addsf3x.o) (__fp_split3)
d:/various_programs/atmel/studio/7.0/toolchain/avr8/avr8-gnu-toolchain/bin/../lib/gcc/avr/5.4.0/../../../../avr/lib/avrxmega3\libm.a(fp_zero.o)
[...]
Memory Configuration

Name             Origin             Length             Attributes
text             0x00000000         0x00100000         xr
data             0x00802000         0x0000ffa0         rw !x
eeprom           0x00810000         0x00010000         rw !x
fuse             0x00820000         0x00000009         rw !x
lock             0x00830000         0x00000400         rw !x
signature        0x00840000         0x00000400         rw !x
user_signatures  0x00850000         0x00000400         rw !x
*default*        0x00000000         0xffffffff

Linker script and memory map

Address of section .data set to 0x803800
                0x00008000                __RODATA_PM_OFFSET__ = 0x8000
LOAD D:/Various_programs/Atmel/Studio/7.0/Packs/Atmel/ATtiny_DFP/1.3.229/gcc/dev/attiny3217/avrxmega3/crtattiny3217.o
LOAD atmel_start.o
LOAD driver_isr.o
LOAD examples/src/adc_basic_example.o
LOAD examples/src/dac_basic_example.o
LOAD examples/src/usart_basic_example.o
LOAD src/adc_basic.o
LOAD src/bod.o
LOAD src/ccl.o
LOAD src/clkctrl.o
LOAD src/cpuint.o
LOAD src/dac_basic.o
LOAD src/driver_init.o
LOAD src/protected_io.o
LOAD src/rtc.o
LOAD src/slpctrl.o
LOAD src/spi.o
LOAD src/tca.o
LOAD src/usart_basic.o
LOAD tinyCharge/tinyCharge.o
LOAD tinyDebugger/tinyDebugger.o
LOAD tinyPulse/tinyPulse.o
LOAD tinyTime/tinyTime.o
LOAD main.o
LOAD tinyButton/tinyButton.o
LOAD tinyLED/tinyLED.o
LOAD tinyAxon/tinyAxon.o
LOAD tinyDendrite/tinyDendrite.o
LOAD tinyISR/tinyISR.o
LOAD tinyPotential/tinyPotential.o
START GROUP
LOAD d:/various_programs/atmel/studio/7.0/toolchain/avr8/avr8-gnu-toolchain/bin/../lib/gcc/avr/5.4.0/../../../../avr/lib/avrxmega3\libm.a
END GROUP
START GROUP
LOAD d:/various_programs/atmel/studio/7.0/toolchain/avr8/avr8-gnu-toolchain/bin/../lib/gcc/avr/5.4.0/avrxmega3\libgcc.a
LOAD d:/various_programs/atmel/studio/7.0/toolchain/avr8/avr8-gnu-toolchain/bin/../lib/gcc/avr/5.4.0/../../../../avr/lib/avrxmega3\libm.a
LOAD d:/various_programs/atmel/studio/7.0/toolchain/avr8/avr8-gnu-toolchain/bin/../lib/gcc/avr/5.4.0/../../../../avr/lib/avrxmega3\libc.a
LOAD D:/Various_programs/Atmel/Studio/7.0/Packs/Atmel/ATtiny_DFP/1.3.229/gcc/dev/attiny3217/avrxmega3\libattiny3217.a
END GROUP
                0x00100000                __TEXT_REGION_LENGTH__ = DEFINED (__TEXT_REGION_LENGTH__)?__TEXT_REGION_LENGTH__:0x100000
                0x0000ffa0                __DATA_REGION_LENGTH__ = DEFINED (__DATA_REGION_LENGTH__)?__DATA_REGION_LENGTH__:0xffa0
                0x00010000                __EEPROM_REGION_LENGTH__ = DEFINED (__EEPROM_REGION_LENGTH__)?__EEPROM_REGION_LENGTH__:0x10000
                [0x00000009]                __FUSE_REGION_LENGTH__ = DEFINED (__FUSE_REGION_LENGTH__)?__FUSE_REGION_LENGTH__:0x400
                0x00000400                __LOCK_REGION_LENGTH__ = DEFINED (__LOCK_REGION_LENGTH__)?__LOCK_REGION_LENGTH__:0x400
                0x00000400                __SIGNATURE_REGION_LENGTH__ = DEFINED (__SIGNATURE_REGION_LENGTH__)?__SIGNATURE_REGION_LENGTH__:0x400
                0x00000400                __USER_SIGNATURE_REGION_LENGTH__ = DEFINED (__USER_SIGNATURE_REGION_LENGTH__)?__USER_SIGNATURE_REGION_LENGTH__:0x400
                0x00008000                __RODATA_PM_OFFSET__ = DEFINED (__RODATA_PM_OFFSET__)?__RODATA_PM_OFFSET__:0x8000

.hash
 *(.hash)

.dynsym
 *(.dynsym)

.dynstr
 *(.dynstr)

.gnu.version
 *(.gnu.version)

.gnu.version_d
 *(.gnu.version_d)

.gnu.version_r
 *(.gnu.version_r)

.rel.init
 *(.rel.init)

.rela.init
 *(.rela.init)

.rel.text
 *(.rel.text)
 *(.rel.text.*)
 *(.rel.gnu.linkonce.t*)

.rela.text
 *(.rela.text)
 *(.rela.text.*)
 *(.rela.gnu.linkonce.t*)

.rel.fini
 *(.rel.fini)

.rela.fini
 *(.rela.fini)

.rel.rodata
 *(.rel.rodata)
 *(.rel.rodata.*)
 *(.rel.gnu.linkonce.r*)

.rela.rodata
 *(.rela.rodata)
 *(.rela.rodata.*)
 *(.rela.gnu.linkonce.r*)

.rel.data
 *(.rel.data)
 *(.rel.data.*)
 *(.rel.gnu.linkonce.d*)

.rela.data
 *(.rela.data)
 *(.rela.data.*)
 *(.rela.gnu.linkonce.d*)

.rel.ctors
 *(.rel.ctors)

.rela.ctors
 *(.rela.ctors)

.rel.dtors
 *(.rel.dtors)

.rela.dtors
 *(.rela.dtors)

.rel.got
 *(.rel.got)

.rela.got
 *(.rela.got)

.rel.bss
 *(.rel.bss)

.rela.bss
 *(.rela.bss)

.rel.plt
 *(.rel.plt)

.rela.plt
 *(.rela.plt)

.text           0x00000000     0x173a
 *(.vectors)
 .vectors       0x00000000       0x7c D:/Various_programs/Atmel/Studio/7.0/Packs/Atmel/ATtiny_DFP/1.3.229/gcc/dev/attiny3217/avrxmega3/crtattiny3217.o
                0x00000000                __vector_default
                0x00000000                __vectors
 *(.vectors)
 *(.progmem.gcc*)
 .progmem.gcc_fplib
                0x0000007c       0x28 d:/various_programs/atmel/studio/7.0/toolchain/avr8/avr8-gnu-toolchain/bin/../lib/gcc/avr/5.4.0/../../../../avr/lib/avrxmega3\libm.a(exp.o)
 .progmem.gcc_fplib
                0x000000a4       0x1e d:/various_programs/atmel/studio/7.0/toolchain/avr8/avr8-gnu-toolchain/bin/../lib/gcc/avr/5.4.0/../../../../avr/lib/avrxmega3\libm.a(fp_sinus.o)
                0x000000c2                . = ALIGN (0x2)
                0x000000c2                __trampolines_start = .
 *(.trampolines)
 .trampolines   0x000000c2        0x0 linker stubs
 *(.trampolines*)
                0x000000c2                __trampolines_end = .
 *libprintf_flt.a:*(.progmem.data)
 *libc.a:*(.progmem.data)
 *(.progmem*)
                0x000000c2                . = ALIGN (0x2)
 *(.jumptables)
 *(.jumptables*)
 *(.lowtext)
 *(.lowtext*)
                0x000000c2                __ctors_start = .
 *(.ctors)
                0x000000c2                __ctors_end = .
                0x000000c2                __dtors_start = .
 *(.dtors)
                0x000000c2                __dtors_end = .
 SORT(*)(.ctors)
 SORT(*)(.dtors)
 *(.init0)
 .init0         0x000000c2        0x0 D:/Various_programs/Atmel/Studio/7.0/Packs/Atmel/ATtiny_DFP/1.3.229/gcc/dev/attiny3217/avrxmega3/crtattiny3217.o
                0x000000c2                __init
 *(.init0)
 *(.init1)
 *(.init1)
 *(.init2)
 .init2         0x000000c2        0xc D:/Various_programs/Atmel/Studio/7.0/Packs/Atmel/ATtiny_DFP/1.3.229/gcc/dev/attiny3217/avrxmega3/crtattiny3217.o
 *(.init2)
 *(.init3)
 *(.init3)
 *(.init4)
 .init4         0x000000ce       0x16 d:/various_programs/atmel/studio/7.0/toolchain/avr8/avr8-gnu-toolchain/bin/../lib/gcc/avr/5.4.0/avrxmega3\libgcc.a(_copy_data.o)
                0x000000ce                __do_copy_data
 .init4         0x000000e4       0x10 d:/various_programs/atmel/studio/7.0/toolchain/avr8/avr8-gnu-toolchain/bin/../lib/gcc/avr/5.4.0/avrxmega3\libgcc.a(_clear_bss.o)
                0x000000e4                __do_clear_bss
 *(.init4)
 *(.init5)
 *(.init5)
 *(.init6)
 *(.init6)
 *(.init7)
 *(.init7)
 *(.init8)
 *(.init8)
 *(.init9)
 .init9         0x000000f4        0x8 D:/Various_programs/Atmel/Studio/7.0/Packs/Atmel/ATtiny_DFP/1.3.229/gcc/dev/attiny3217/avrxmega3/crtattiny3217.o
 *(.init9)
 *(.text)
 .text          0x000000fc        0x4 D:/Various_programs/Atmel/Studio/7.0/Packs/Atmel/ATtiny_DFP/1.3.229/gcc/dev/attiny3217/avrxmega3/crtattiny3217.o
                0x000000fc                __vector_22
                0x000000fc                __vector_28
                0x000000fc                __vector_1
                0x000000fc                __vector_24
                0x000000fc                __vector_12
                0x000000fc                __bad_interrupt
                0x000000fc                __vector_3
                0x000000fc                __vector_23
                0x000000fc                __vector_30
                0x000000fc                __vector_25
                0x000000fc                __vector_11
                0x000000fc                __vector_13
                0x000000fc                __vector_17
                0x000000fc                __vector_19
                0x000000fc                __vector_7
                0x000000fc                __vector_27
                0x000000fc                __vector_5
                0x000000fc                __vector_4
                0x000000fc                __vector_9
                0x000000fc                __vector_2
                0x000000fc                __vector_21
                0x000000fc                __vector_15
                0x000000fc                __vector_29
                0x000000fc                __vector_8
                0x000000fc                __vector_26
                0x000000fc                __vector_14
                0x000000fc                __vector_10
                0x000000fc                __vector_16
                0x000000fc                __vector_18
                0x000000fc                __vector_20
                0x00000100                . = ALIGN (0x2)
 *(.text.*)
 .text.atmel_start_init
                0x00000100        0x6 atmel_start.o
                0x00000100                atmel_start_init
 .text.ADC_init
                0x00000106        0xa src/adc_basic.o
                0x00000106                ADC_init
 .text.ADC_is_conversion_done
                0x00000110        0x8 src/adc_basic.o
                0x00000110                ADC_is_conversion_done
 .text.ADC_get_conversion
                0x00000118       0x24 src/adc_basic.o
                0x00000118                ADC_get_conversion
 .text.BOD_init
                0x0000013c        0xa src/bod.o
                0x0000013c                BOD_init
 .text.DIGGSIGG_init
                0x00000146       0x1c src/ccl.o
                0x00000146                DIGGSIGG_init
 .text.CLKCTRL_init
                0x00000162       0x1c src/clkctrl.o
                0x00000162                CLKCTRL_init
 .text.CPUINT_init
                0x0000017e        0x6 src/cpuint.o
                0x0000017e                CPUINT_init
 .text.DAC_init
                0x00000184        0xa src/dac_basic.o
                0x00000184                DAC_init
 .text.DAC_set_output
                0x0000018e        0x6 src/dac_basic.o
                0x0000018e                DAC_set_output
 .text.mcu_init
                0x00000194       0x38 src/driver_init.o
                0x00000194                mcu_init
 .text.ADC_initialization
                0x000001cc       0x60 src/driver_init.o
                0x000001cc                ADC_initialization
 .text.USART_0_initialization
                0x0000022c       0x16 src/driver_init.o
                0x0000022c                USART_0_initialization
 .text.TIMER_0_initialization
                0x00000242       0x14 src/driver_init.o
                0x00000242                TIMER_0_initialization
 .text.DIGGSIGG_initialization
                0x00000256       0x14 src/driver_init.o
                0x00000256                DIGGSIGG_initialization
 .text.SPI_0_initialization
                0x0000026a       0x1e src/driver_init.o
                0x0000026a                SPI_0_initialization
 .text.DAC_initialization
                0x00000288       0x18 src/driver_init.o
                0x00000288                DAC_initialization
 .text.system_init
                0x000002a0       0x5a src/driver_init.o
                0x000002a0                system_init
 .text.protected_write_io
                0x000002fa        0x8 src/protected_io.o
                0x000002fa                protected_write_io
 .text.RTC_init
                0x00000302       0x38 src/rtc.o
                0x00000302                RTC_init
 .text.SLPCTRL_init
                0x0000033a        0x4 src/slpctrl.o
                0x0000033a                SLPCTRL_init
 .text.SPI_0_init
                0x0000033e       0x10 src/spi.o
                0x0000033e                SPI_0_init
 .text.TIMER_0_init
                0x0000034e       0x20 src/tca.o
                0x0000034e                TIMER_0_init
 .text.USART_0_init
                0x0000036e       0x20 src/usart_basic.o
                0x0000036e                USART_0_init
 .text.USART_0_write
                0x0000038e       0x10 src/usart_basic.o
                0x0000038e                USART_0_write
 .text.USART_0_printCHAR
                0x0000039e        0xa src/usart_basic.o
                0x0000039e                USART_0_printCHAR
 .text.tinyCharge_is_connected_to_charger
                0x000003a8        0x6 tinyCharge/tinyCharge.o
                0x000003a8                tinyCharge_is_connected_to_charger
 .text.tinyCharge_is_fully_charged
                0x000003ae        0xa tinyCharge/tinyCharge.o
                0x000003ae                tinyCharge_is_fully_charged
 .text.tinyCharge_switch_mode
                0x000003b8       0x2e tinyCharge/tinyCharge.o
                0x000003b8                tinyCharge_switch_mode
 .text.tinyCharge_set_charging_mode
                0x000003e6       0x12 tinyCharge/tinyCharge.o
                0x000003e6                tinyCharge_set_charging_mode
 .text.tinyCharge_set_transistors
                0x000003f8       0x10 tinyCharge/tinyCharge.o
                0x000003f8                tinyCharge_set_transistors
 .text.tinyDebugger_send_uint32
                0x00000408        0x2 tinyDebugger/tinyDebugger.o
                0x00000408                tinyDebugger_send_uint32
 .text.tinyDebugger_send_uint8
                0x0000040a        0x2 tinyDebugger/tinyDebugger.o
                0x0000040a                tinyDebugger_send_uint8
 .text.tinyDebugger_send_double
                0x0000040c        0x2 tinyDebugger/tinyDebugger.o
                0x0000040c                tinyDebugger_send_double
 .text.tinyDebugger_end_line
                0x0000040e       0x12 tinyDebugger/tinyDebugger.o
                0x0000040e                tinyDebugger_end_line
 .text.tinyPulse_toggle_pulse_mode
                0x00000420        0xe tinyPulse/tinyPulse.o
                0x00000420                tinyPulse_toggle_pulse_mode
 .text.tinyPulse_update_potential
                0x0000042e       0x70 tinyPulse/tinyPulse.o
                0x0000042e                tinyPulse_update_potential
 .text.tinyTime_counter_increment
                0x0000049e       0x28 tinyTime/tinyTime.o
                0x0000049e                tinyTime_counter_increment
 .text.tinyTime_now
                0x000004c6       0x12 tinyTime/tinyTime.o
                0x000004c6                tinyTime_now
 .text.main     0x000004d8       0x78 main.o
                0x000004d8                main
 .text.tinyButton_update
                0x00000550       0xa8 tinyButton/tinyButton.o
                0x00000550                tinyButton_update
 .text.tinyButton_update_potential
                0x000005f8       0x16 tinyButton/tinyButton.o
                0x000005f8                tinyButton_update_potential
 .text.tinyLED_SPIWriteByte
                0x0000060e       0x28 tinyLED/tinyLED.o
 .text.tinyLED_set_color
                0x00000636       0x12 tinyLED/tinyLED.o
                0x00000636                tinyLED_set_color
 .text.tinyLED_get_color
                0x00000648       0x10 tinyLED/tinyLED.o
                0x00000648                tinyLED_get_color
 .text.tinyLED_set_color_mode
                0x00000658       0x20 tinyLED/tinyLED.o
                0x00000658                tinyLED_set_color_mode
 .text.tinyLED_RGB_Color_Compare
                0x00000678       0x60 tinyLED/tinyLED.o
                0x00000678                tinyLED_RGB_Color_Compare
 .text.tinyLED_update
                0x000006d8      0x3a6 tinyLED/tinyLED.o
                0x000006d8                tinyLED_update
 .text.tinyAxon_add_pulse
                0x00000a7e       0x4a tinyAxon/tinyAxon.o
 .text.find_newest_pulse
                0x00000ac8       0x26 tinyAxon/tinyAxon.o
                0x00000ac8                find_newest_pulse
 .text.tinyAxon_remove_pulse
                0x00000aee       0x46 tinyAxon/tinyAxon.o
                0x00000aee                tinyAxon_remove_pulse
 .text.tinyAxon_update_potential
                0x00000b34      0x174 tinyAxon/tinyAxon.o
                0x00000b34                tinyAxon_update_potential
 .text.tinyDendrite_update_signals
                0x00000ca8      0x116 tinyDendrite/tinyDendrite.o
                0x00000ca8                tinyDendrite_update_signals
 .text.tinyDendrite_get_potential
                0x00000dbe       0x58 tinyDendrite/tinyDendrite.o
                0x00000dbe                tinyDendrite_get_potential
 .text.tinyDendrite_update_potential
                0x00000e16       0x2e tinyDendrite/tinyDendrite.o
                0x00000e16                tinyDendrite_update_potential
 .text.__vector_6
                0x00000e44       0x56 tinyISR/tinyISR.o
                0x00000e44                __vector_6
 .text.tinyISR_setflag
                0x00000e9a        0x6 tinyISR/tinyISR.o
                0x00000e9a                tinyISR_setflag
 .text.tinyISR_getflag
                0x00000ea0        0x6 tinyISR/tinyISR.o
                0x00000ea0                tinyISR_getflag
 .text.tinyPotential_update
                0x00000ea6      0x120 tinyPotential/tinyPotential.o
                0x00000ea6                tinyPotential_update
 .text.avr-libc.fplib
                0x00000fc6        0xe d:/various_programs/atmel/studio/7.0/toolchain/avr8/avr8-gnu-toolchain/bin/../lib/gcc/avr/5.4.0/../../../../avr/lib/avrxmega3\libm.a(addsf3.o)
                0x00000fc6                __subsf3
                0x00000fc8                __addsf3
 .text.avr-libc.fplib
                0x00000fd4       0xcc d:/various_programs/atmel/studio/7.0/toolchain/avr8/avr8-gnu-toolchain/bin/../lib/gcc/avr/5.4.0/../../../../avr/lib/avrxmega3\libm.a(addsf3x.o)
                0x00000ff6                __addsf3x
 .text.avr-libc.fplib
                0x000010a0        0xa d:/various_programs/atmel/studio/7.0/toolchain/avr8/avr8-gnu-toolchain/bin/../lib/gcc/avr/5.4.0/../../../../avr/lib/avrxmega3\libm.a(cmpsf2.o)
                0x000010a0                __nesf2
                0x000010a0                __eqsf2
                0x000010a0                __cmpsf2
                0x000010a0                __ltsf2
                0x000010a0                __lesf2
 .text.avr-libc.fplib
                0x000010aa        0x8 d:/various_programs/atmel/studio/7.0/toolchain/avr8/avr8-gnu-toolchain/bin/../lib/gcc/avr/5.4.0/../../../../avr/lib/avrxmega3\libm.a(divsf3.o)
                0x000010aa                __divsf3
 .text.avr-libc.fplib
                0x000010b2       0xdc d:/various_programs/atmel/studio/7.0/toolchain/avr8/avr8-gnu-toolchain/bin/../lib/gcc/avr/5.4.0/../../../../avr/lib/avrxmega3\libm.a(divsf3x.o)
                0x000010d2                __divsf3x
                0x000010d8                __divsf3_pse
 .text.avr-libc.fplib
                0x0000118e       0x74 d:/various_programs/atmel/studio/7.0/toolchain/avr8/avr8-gnu-toolchain/bin/../lib/gcc/avr/5.4.0/../../../../avr/lib/avrxmega3\libm.a(exp.o)
                0x0000119e                exp
 .text.avr-libc.fplib
                0x00001202       0x5e d:/various_programs/atmel/studio/7.0/toolchain/avr8/avr8-gnu-toolchain/bin/../lib/gcc/avr/5.4.0/../../../../avr/lib/avrxmega3\libm.a(fixunssfsi.o)
                0x00001202                __fixunssfsi
 .text.avr-libc.fplib
                0x00001260       0x7a d:/various_programs/atmel/studio/7.0/toolchain/avr8/avr8-gnu-toolchain/bin/../lib/gcc/avr/5.4.0/../../../../avr/lib/avrxmega3\libm.a(floatsisf.o)
                0x00001260                __floatunsisf
                0x00001264                __floatsisf
 .text.avr-libc.fplib
                0x000012da       0x3e d:/various_programs/atmel/studio/7.0/toolchain/avr8/avr8-gnu-toolchain/bin/../lib/gcc/avr/5.4.0/../../../../avr/lib/avrxmega3\libm.a(fmin.o)
                0x000012da                fmin
 .text.avr-libc.fplib
                0x00001318       0x48 d:/various_programs/atmel/studio/7.0/toolchain/avr8/avr8-gnu-toolchain/bin/../lib/gcc/avr/5.4.0/../../../../avr/lib/avrxmega3\libm.a(fp_cmp.o)
                0x00001318                __fp_cmp
 .text.avr-libc.fplib
                0x00001360        0xc d:/various_programs/atmel/studio/7.0/toolchain/avr8/avr8-gnu-toolchain/bin/../lib/gcc/avr/5.4.0/../../../../avr/lib/avrxmega3\libm.a(fp_inf.o)
                0x00001360                __fp_inf
 .text.avr-libc.fplib
                0x0000136c        0x6 d:/various_programs/atmel/studio/7.0/toolchain/avr8/avr8-gnu-toolchain/bin/../lib/gcc/avr/5.4.0/../../../../avr/lib/avrxmega3\libm.a(fp_nan.o)
                0x0000136c                __fp_nan
 .text.avr-libc.fplib
                0x00001372       0x4e d:/various_programs/atmel/studio/7.0/toolchain/avr8/avr8-gnu-toolchain/bin/../lib/gcc/avr/5.4.0/../../../../avr/lib/avrxmega3\libm.a(fp_powser.o)
                0x00001372                __fp_powser
 .text.avr-libc.fplib
                0x000013c0        0xe d:/various_programs/atmel/studio/7.0/toolchain/avr8/avr8-gnu-toolchain/bin/../lib/gcc/avr/5.4.0/../../../../avr/lib/avrxmega3\libm.a(fp_pscA.o)
                0x000013c0                __fp_pscA
 .text.avr-libc.fplib
                0x000013ce        0xe d:/various_programs/atmel/studio/7.0/toolchain/avr8/avr8-gnu-toolchain/bin/../lib/gcc/avr/5.4.0/../../../../avr/lib/avrxmega3\libm.a(fp_pscB.o)
                0x000013ce                __fp_pscB
 .text.avr-libc.fplib
                0x000013dc       0x22 d:/various_programs/atmel/studio/7.0/toolchain/avr8/avr8-gnu-toolchain/bin/../lib/gcc/avr/5.4.0/../../../../avr/lib/avrxmega3\libm.a(fp_round.o)
                0x000013dc                __fp_round
 .text.avr-libc.fplib
                0x000013fe       0x44 d:/various_programs/atmel/studio/7.0/toolchain/avr8/avr8-gnu-toolchain/bin/../lib/gcc/avr/5.4.0/../../../../avr/lib/avrxmega3\libm.a(fp_split3.o)
                0x000013fe                __fp_split3
                0x0000140e                __fp_splitA
 .text.avr-libc.fplib
                0x00001442        0xe d:/various_programs/atmel/studio/7.0/toolchain/avr8/avr8-gnu-toolchain/bin/../lib/gcc/avr/5.4.0/../../../../avr/lib/avrxmega3\libm.a(fp_zero.o)
                0x00001442                __fp_zero
                0x00001444                __fp_szero
 .text.avr-libc.fplib
                0x00001450        0xa d:/various_programs/atmel/studio/7.0/toolchain/avr8/avr8-gnu-toolchain/bin/../lib/gcc/avr/5.4.0/../../../../avr/lib/avrxmega3\libm.a(gesf2.o)
                0x00001450                __gesf2
                0x00001450                __gtsf2
 .text.avr-libc.fplib
                0x0000145a       0x10 d:/various_programs/atmel/studio/7.0/toolchain/avr8/avr8-gnu-toolchain/bin/../lib/gcc/avr/5.4.0/../../../../avr/lib/avrxmega3\libm.a(inverse.o)
                0x0000145a                inverse
 .text.avr-libc.fplib
                0x0000146a       0x74 d:/various_programs/atmel/studio/7.0/toolchain/avr8/avr8-gnu-toolchain/bin/../lib/gcc/avr/5.4.0/../../../../avr/lib/avrxmega3\libm.a(ldexp.o)
                0x00001472                ldexp
 .text.avr-libc.fplib
                0x000014de       0x68 d:/various_programs/atmel/studio/7.0/toolchain/avr8/avr8-gnu-toolchain/bin/../lib/gcc/avr/5.4.0/../../../../avr/lib/avrxmega3\libm.a(modf.o)
                0x000014de                modf
                0x000014de                modff
 .text.avr-libc.fplib
                0x00001546        0x8 d:/various_programs/atmel/studio/7.0/toolchain/avr8/avr8-gnu-toolchain/bin/../lib/gcc/avr/5.4.0/../../../../avr/lib/avrxmega3\libm.a(mulsf3.o)
                0x00001546                __mulsf3
 .text.avr-libc.fplib
                0x0000154e       0xd2 d:/various_programs/atmel/studio/7.0/toolchain/avr8/avr8-gnu-toolchain/bin/../lib/gcc/avr/5.4.0/../../../../avr/lib/avrxmega3\libm.a(mulsf3x.o)
                0x0000156c                __mulsf3x
                0x00001572                __mulsf3_pse
 .text.avr-libc.fplib
                0x00001620       0x10 d:/various_programs/atmel/studio/7.0/toolchain/avr8/avr8-gnu-toolchain/bin/../lib/gcc/avr/5.4.0/../../../../avr/lib/avrxmega3\libm.a(sin.o)
                0x00001620                sin
 .text.avr-libc.fplib
                0x00001630       0x1c d:/various_programs/atmel/studio/7.0/toolchain/avr8/avr8-gnu-toolchain/bin/../lib/gcc/avr/5.4.0/../../../../avr/lib/avrxmega3\libm.a(fp_mpack.o)
                0x00001630                __fp_mpack
                0x00001634                __fp_mpack_finite
 .text.avr-libc.fplib
                0x0000164c       0x56 d:/various_programs/atmel/studio/7.0/toolchain/avr8/avr8-gnu-toolchain/bin/../lib/gcc/avr/5.4.0/../../../../avr/lib/avrxmega3\libm.a(fp_rempio2.o)
                0x00001650                __fp_rempio2
 .text.avr-libc.fplib
                0x000016a2       0x28 d:/various_programs/atmel/studio/7.0/toolchain/avr8/avr8-gnu-toolchain/bin/../lib/gcc/avr/5.4.0/../../../../avr/lib/avrxmega3\libm.a(fp_sinus.o)
                0x000016a2                __fp_sinus
 .text.avr-libc.fplib
                0x000016ca       0x28 d:/various_programs/atmel/studio/7.0/toolchain/avr8/avr8-gnu-toolchain/bin/../lib/gcc/avr/5.4.0/../../../../avr/lib/avrxmega3\libm.a(fp_powsodd.o)
                0x000016ca                __fp_powsodd
 .text.libgcc.div
                0x000016f2       0x44 d:/various_programs/atmel/studio/7.0/toolchain/avr8/avr8-gnu-toolchain/bin/../lib/gcc/avr/5.4.0/avrxmega3\libgcc.a(_udivmodsi4.o)
                0x000016f2                __udivmodsi4
                0x00001736                . = ALIGN (0x2)
 *(.fini9)
 .fini9         0x00001736        0x0 d:/various_programs/atmel/studio/7.0/toolchain/avr8/avr8-gnu-toolchain/bin/../lib/gcc/avr/5.4.0/avrxmega3\libgcc.a(_exit.o)
                0x00001736                _exit
                0x00001736                exit
 *(.fini9)
 *(.fini8)
 *(.fini8)
 *(.fini7)
 *(.fini7)
 *(.fini6)
 *(.fini6)
 *(.fini5)
 *(.fini5)
 *(.fini4)
 *(.fini4)
 *(.fini3)
 *(.fini3)
 *(.fini2)
 *(.fini2)
 *(.fini1)
 *(.fini1)
 *(.fini0)
 .fini0         0x00001736        0x4 d:/various_programs/atmel/studio/7.0/toolchain/avr8/avr8-gnu-toolchain/bin/../lib/gcc/avr/5.4.0/avrxmega3\libgcc.a(_exit.o)
 *(.fini0)
                0x0000173a                _etext = .

.rodata         0x0000973a       0x42 load address 0x0000173a
 *(.rodata)
 *(.rodata*)
 .rodata.str1.1
                0x0000973a        0x5 main.o
 .rodata.str1.1
                0x0000973f       0x16 tinyLED/tinyLED.o
 .rodata.str1.1
                0x00009755        0xc tinyAxon/tinyAxon.o
 .rodata.str1.1
                0x00009761        0xf tinyDendrite/tinyDendrite.o
 .rodata.str1.1
                0x00009770        0xc tinyPotential/tinyPotential.o
 *(.gnu.linkonce.r*)

.data           0x00803800       0x16 load address 0x0000177c
                0x00803800                PROVIDE (__data_start, .)
 *(.data)
 *(.data*)
 .data.USART_0_stream
                0x00803800        0xe src/usart_basic.o
                0x00803800                USART_0_stream
 .data.tinyDebugger_send_message
                0x0080380e        0x1 tinyDebugger/tinyDebugger.o
                0x0080380e                tinyDebugger_send_message
 .data.ideal_time_between_pulses
                0x0080380f        0x2 tinyPulse/tinyPulse.o
                0x0080380f                ideal_time_between_pulses
 .data.Dendrite_ports
                0x00803811        0x5 tinyDendrite/tinyDendrite.o
                0x00803811                Dendrite_ports
 *(.gnu.linkonce.d*)
                0x00803816                . = ALIGN (0x2)
                0x00803816                _edata = .
                0x00803816                PROVIDE (__data_end, .)

.bss            0x00803816       0x55
                0x00803816                PROVIDE (__bss_start, .)
 *(.bss)
 *(.bss*)
 .bss.tinyDebugger_print_attempts
                0x00803816        0x1 tinyDebugger/tinyDebugger.o
                0x00803816                tinyDebugger_print_attempts
 .bss.time_since_last_pulse
                0x00803817        0x2 tinyPulse/tinyPulse.o
                0x00803817                time_since_last_pulse
 .bss.time_of_last_pulse
                0x00803819        0x4 tinyPulse/tinyPulse.o
                0x00803819                time_of_last_pulse
 .bss.pulse_mode
                0x0080381d        0x1 tinyPulse/tinyPulse.o
                0x0080381d                pulse_mode
 .bss.time_counter
                0x0080381e        0x4 tinyTime/tinyTime.o
                0x0080381e                time_counter
 .bss.tinyButton_start_time
                0x00803822        0x4 tinyButton/tinyButton.o
 .bss.button_press
                0x00803826        0x1 tinyButton/tinyButton.o
                0x00803826                button_press
 .bss.button_was_pushed_down
                0x00803827        0x1 tinyButton/tinyButton.o
 .bss.axonOutputValue
                0x00803828        0x1 tinyAxon/tinyAxon.o
                0x00803828                axonOutputValue
 .bss.pulse_queue
                0x00803829       0x14 tinyAxon/tinyAxon.o
                0x00803829                pulse_queue
 .bss.pulses_in_queue
                0x0080383d        0x1 tinyAxon/tinyAxon.o
                0x0080383d                pulses_in_queue
 .bss.tinyAxon_should_fire
                0x0080383e        0x1 tinyAxon/tinyAxon.o
                0x0080383e                tinyAxon_should_fire
 .bss.tinyAxon_has_fired
                0x0080383f        0x1 tinyAxon/tinyAxon.o
                0x0080383f                tinyAxon_has_fired
 .bss.tinyDendrite_previous_signals
                0x00803840        0x5 tinyDendrite/tinyDendrite.o
                0x00803840                tinyDendrite_previous_signals
 .bss.tinyDendrite_current_signals
                0x00803845        0x5 tinyDendrite/tinyDendrite.o
                0x00803845                tinyDendrite_current_signals
 .bss.tinyDendrite_values
                0x0080384a        0x5 tinyDendrite/tinyDendrite.o
                0x0080384a                tinyDendrite_values
 .bss.tinyISR_interrupt_flag
                0x0080384f        0x1 tinyISR/tinyISR.o
 .bss.previous_update_time
                0x00803850        0x4 tinyPotential/tinyPotential.o
 .bss.tinyPotential_potential
                0x00803854        0x4 tinyPotential/tinyPotential.o
 *(COMMON)
 COMMON         0x00803858        0x1 tinyCharge/tinyCharge.o
                0x00803858                connected_to_charger
 COMMON         0x00803859        0xc tinyLED/tinyLED.o
                0x00803859                tinyLED_flash_once_time
                0x0080385b                tinyLED_old_colors
                0x00803861                tinyLED_colors
 COMMON         0x00803865        0x6 d:/various_programs/atmel/studio/7.0/toolchain/avr8/avr8-gnu-toolchain/bin/../lib/gcc/avr/5.4.0/../../../../avr/lib/avrxmega3\libc.a(iob.o)
                0x00803865                __iob
                0x0080386b                PROVIDE (__bss_end, .)
                0x0000177c                __data_load_start = LOADADDR (.data)
                0x00001792                __data_load_end = (__data_load_start + SIZEOF (.data))

.noinit         0x0080386b        0x0
                [!provide]                PROVIDE (__noinit_start, .)
 *(.noinit*)
                [!provide]                PROVIDE (__noinit_end, .)
                0x0080386b                _end = .
                [!provide]                PROVIDE (__heap_start, .)

.eeprom         0x00810000        0x0
 *(.eeprom*)
                0x00810000                __eeprom_end = .

.fuse
 *(.fuse)
 *(.lfuse)
 *(.hfuse)
 *(.efuse)

.lock
 *(.lock*)

.signature
 *(.signature*)

.user_signatures
 *(.user_signatures*)

.stab
 *(.stab)

.stabstr
 *(.stabstr)

.stab.excl
 *(.stab.excl)

.stab.exclstr
 *(.stab.exclstr)

.stab.index
 *(.stab.index)

.stab.indexstr
 *(.stab.indexstr)

.comment        0x00000000       0x30
 *(.comment)
 .comment       0x00000000       0x30 atmel_start.o
                                 0x31 (size before relaxing)
 .comment       0x00000030       0x31 src/adc_basic.o
 .comment       0x00000030       0x31 src/bod.o
 .comment       0x00000030       0x31 src/ccl.o
 .comment       0x00000030       0x31 src/clkctrl.o
 .comment       0x00000030       0x31 src/cpuint.o
 .comment       0x00000030       0x31 src/dac_basic.o
 .comment       0x00000030       0x31 src/driver_init.o
 .comment       0x00000030       0x31 src/rtc.o
 .comment       0x00000030       0x31 src/slpctrl.o
 .comment       0x00000030       0x31 src/spi.o
 .comment       0x00000030       0x31 src/tca.o
 .comment       0x00000030       0x31 src/usart_basic.o
 .comment       0x00000030       0x31 tinyCharge/tinyCharge.o
 .comment       0x00000030       0x31 tinyDebugger/tinyDebugger.o
 .comment       0x00000030       0x31 tinyPulse/tinyPulse.o
 .comment       0x00000030       0x31 tinyTime/tinyTime.o
 .comment       0x00000030       0x31 main.o
 .comment       0x00000030       0x31 tinyButton/tinyButton.o
 .comment       0x00000030       0x31 tinyLED/tinyLED.o
 .comment       0x00000030       0x31 tinyAxon/tinyAxon.o
 .comment       0x00000030       0x31 tinyDendrite/tinyDendrite.o
 .comment       0x00000030       0x31 tinyISR/tinyISR.o
 .comment       0x00000030       0x31 tinyPotential/tinyPotential.o
 .comment       0x00000030       0x31 d:/various_programs/atmel/studio/7.0/toolchain/avr8/avr8-gnu-toolchain/bin/../lib/gcc/avr/5.4.0/../../../../avr/lib/avrxmega3\libc.a(iob.o)

.note.gnu.avr.deviceinfo
                0x00000000       0x40
 .note.gnu.avr.deviceinfo
                0x00000000       0x40 D:/Various_programs/Atmel/Studio/7.0/Packs/Atmel/ATtiny_DFP/1.3.229/gcc/dev/attiny3217/avrxmega3/crtattiny3217.o

.note.gnu.build-id
 *(.note.gnu.build-id)

.debug
 *(.debug)

.line
 *(.line)

.debug_srcinfo
 *(.debug_srcinfo)

.debug_sfnames
 *(.debug_sfnames)

.debug_aranges  0x00000000      0x4c8
 *(.debug_aranges)
 .debug_aranges
                0x00000000       0x20 atmel_start.o
 .debug_aranges
                0x00000020       0x58 src/adc_basic.o
 .debug_aranges
                0x00000078       0x20 src/bod.o
 .debug_aranges
                0x00000098       0x20 src/ccl.o
 .debug_aranges
                0x000000b8       0x20 src/clkctrl.o
 .debug_aranges
                0x000000d8       0x20 src/cpuint.o
 .debug_aranges
                0x000000f8       0x40 src/dac_basic.o
 .debug_aranges
                0x00000138       0x58 src/driver_init.o
 .debug_aranges
                0x00000190       0x20 src/protected_io.o
 .debug_aranges
                0x000001b0       0x20 src/rtc.o
 .debug_aranges
                0x000001d0       0x20 src/slpctrl.o
 .debug_aranges
                0x000001f0       0x20 src/spi.o
 .debug_aranges
                0x00000210       0x20 src/tca.o
 .debug_aranges
                0x00000230       0x78 src/usart_basic.o
 .debug_aranges
                0x000002a8       0x40 tinyCharge/tinyCharge.o
 .debug_aranges
                0x000002e8       0x48 tinyDebugger/tinyDebugger.o
 .debug_aranges
                0x00000330       0x28 tinyPulse/tinyPulse.o
 .debug_aranges
                0x00000358       0x28 tinyTime/tinyTime.o
 .debug_aranges
                0x00000380       0x20 main.o
 .debug_aranges
                0x000003a0       0x28 tinyButton/tinyButton.o
 .debug_aranges
                0x000003c8       0x48 tinyLED/tinyLED.o
 .debug_aranges
                0x00000410       0x38 tinyAxon/tinyAxon.o
 .debug_aranges
                0x00000448       0x30 tinyDendrite/tinyDendrite.o
 .debug_aranges
                0x00000478       0x30 tinyISR/tinyISR.o
 .debug_aranges
                0x000004a8       0x20 tinyPotential/tinyPotential.o

.debug_pubnames
 *(.debug_pubnames)

.debug_info     0x00000000     0x868d
 *(.debug_info .gnu.linkonce.wi.*)
 .debug_info    0x00000000     0x1c4d D:/Various_programs/Atmel/Studio/7.0/Packs/Atmel/ATtiny_DFP/1.3.229/gcc/dev/attiny3217/avrxmega3/crtattiny3217.o
 .debug_info    0x00001c4d       0x9a atmel_start.o
 .debug_info    0x00001ce7      0x48a src/adc_basic.o
 .debug_info    0x00002171      0x1d6 src/bod.o
 .debug_info    0x00002347      0x5cd src/ccl.o
 .debug_info    0x00002914      0x3fe src/clkctrl.o
 .debug_info    0x00002d12       0x8d src/cpuint.o
 .debug_info    0x00002d9f      0x184 src/dac_basic.o
 .debug_info    0x00002f23     0x16b6 src/driver_init.o
 .debug_info    0x000045d9       0xb2 src/protected_io.o
 .debug_info    0x0000468b      0x422 src/rtc.o
 .debug_info    0x00004aad       0x8d src/slpctrl.o
 .debug_info    0x00004b3a      0x18f src/spi.o
 .debug_info    0x00004cc9      0xa74 src/tca.o
 .debug_info    0x0000573d      0x47d src/usart_basic.o
 .debug_info    0x00005bba      0x3a1 tinyCharge/tinyCharge.o
 .debug_info    0x00005f5b      0x242 tinyDebugger/tinyDebugger.o
 .debug_info    0x0000619d      0x130 tinyPulse/tinyPulse.o
 .debug_info    0x000062cd       0xb6 tinyTime/tinyTime.o
 .debug_info    0x00006383      0x35d main.o
 .debug_info    0x000066e0      0x222 tinyButton/tinyButton.o
 .debug_info    0x00006902      0xfde tinyLED/tinyLED.o
 .debug_info    0x000078e0      0x4e1 tinyAxon/tinyAxon.o
 .debug_info    0x00007dc1      0x325 tinyDendrite/tinyDendrite.o
 .debug_info    0x000080e6      0x3d8 tinyISR/tinyISR.o
 .debug_info    0x000084be      0x1cf tinyPotential/tinyPotential.o

.debug_abbrev   0x00000000     0x368f
 *(.debug_abbrev)
 .debug_abbrev  0x00000000     0x1ac8 D:/Various_programs/Atmel/Studio/7.0/Packs/Atmel/ATtiny_DFP/1.3.229/gcc/dev/attiny3217/avrxmega3/crtattiny3217.o
 .debug_abbrev  0x00001ac8       0x63 atmel_start.o
 .debug_abbrev  0x00001b2b      0x1bc src/adc_basic.o
 .debug_abbrev  0x00001ce7       0x9d src/bod.o
 .debug_abbrev  0x00001d84       0x9f src/ccl.o
 .debug_abbrev  0x00001e23      0x116 src/clkctrl.o
 .debug_abbrev  0x00001f39       0x51 src/cpuint.o
 .debug_abbrev  0x00001f8a       0xc2 src/dac_basic.o
 .debug_abbrev  0x0000204c      0x1cf src/driver_init.o
 .debug_abbrev  0x0000221b       0x14 src/protected_io.o
 .debug_abbrev  0x0000222f       0xd4 src/rtc.o
 .debug_abbrev  0x00002303       0x51 src/slpctrl.o
 .debug_abbrev  0x00002354       0x9f src/spi.o
 .debug_abbrev  0x000023f3       0xf0 src/tca.o
 .debug_abbrev  0x000024e3      0x204 src/usart_basic.o
 .debug_abbrev  0x000026e7      0x218 tinyCharge/tinyCharge.o
 .debug_abbrev  0x000028ff       0xab tinyDebugger/tinyDebugger.o
 .debug_abbrev  0x000029aa       0xa8 tinyPulse/tinyPulse.o
 .debug_abbrev  0x00002a52       0x7c tinyTime/tinyTime.o
 .debug_abbrev  0x00002ace       0xf4 main.o
 .debug_abbrev  0x00002bc2      0x16a tinyButton/tinyButton.o
 .debug_abbrev  0x00002d2c      0x336 tinyLED/tinyLED.o
 .debug_abbrev  0x00003062      0x268 tinyAxon/tinyAxon.o
 .debug_abbrev  0x000032ca      0x17c tinyDendrite/tinyDendrite.o
 .debug_abbrev  0x00003446      0x157 tinyISR/tinyISR.o
 .debug_abbrev  0x0000359d       0xf2 tinyPotential/tinyPotential.o

.debug_line     0x00000000     0x28ad
 *(.debug_line .debug_line.* .debug_line_end)
 .debug_line    0x00000000      0x151 D:/Various_programs/Atmel/Studio/7.0/Packs/Atmel/ATtiny_DFP/1.3.229/gcc/dev/attiny3217/avrxmega3/crtattiny3217.o
 .debug_line    0x00000151       0x60 atmel_start.o
 .debug_line    0x000001b1      0x1fe src/adc_basic.o
 .debug_line    0x000003af      0x103 src/bod.o
 .debug_line    0x000004b2      0x11b src/ccl.o
 .debug_line    0x000005cd      0x131 src/clkctrl.o
 .debug_line    0x000006fe       0xa8 src/cpuint.o
 .debug_line    0x000007a6      0x17f src/dac_basic.o
 .debug_line    0x00000925      0x407 src/driver_init.o
 .debug_line    0x00000d2c       0x55 src/protected_io.o
 .debug_line    0x00000d81      0x13d src/rtc.o
 .debug_line    0x00000ebe       0xa3 src/slpctrl.o
 .debug_line    0x00000f61      0x109 src/spi.o
 .debug_line    0x0000106a      0x115 src/tca.o
 .debug_line    0x0000117f      0x267 src/usart_basic.o
 .debug_line    0x000013e6      0x1e5 tinyCharge/tinyCharge.o
 .debug_line    0x000015cb      0x107 tinyDebugger/tinyDebugger.o
 .debug_line    0x000016d2       0xf9 tinyPulse/tinyPulse.o
 .debug_line    0x000017cb       0xc5 tinyTime/tinyTime.o
 .debug_line    0x00001890      0x26e main.o
 .debug_line    0x00001afe      0x1f4 tinyButton/tinyButton.o
 .debug_line    0x00001cf2      0x2fa tinyLED/tinyLED.o
 .debug_line    0x00001fec      0x328 tinyAxon/tinyAxon.o
 .debug_line    0x00002314      0x285 tinyDendrite/tinyDendrite.o
 .debug_line    0x00002599      0x15d tinyISR/tinyISR.o
 .debug_line    0x000026f6      0x1b7 tinyPotential/tinyPotential.o

.debug_frame    0x00000000      0x7fc
 *(.debug_frame)
 .debug_frame   0x00000000       0x24 atmel_start.o
 .debug_frame   0x00000024       0x94 src/adc_basic.o
 .debug_frame   0x000000b8       0x24 src/bod.o
 .debug_frame   0x000000dc       0x24 src/ccl.o
 .debug_frame   0x00000100       0x24 src/clkctrl.o
 .debug_frame   0x00000124       0x24 src/cpuint.o
 .debug_frame   0x00000148       0x64 src/dac_basic.o
 .debug_frame   0x000001ac       0x94 src/driver_init.o
 .debug_frame   0x00000240       0x24 src/rtc.o
 .debug_frame   0x00000264       0x24 src/slpctrl.o
 .debug_frame   0x00000288       0x24 src/spi.o
 .debug_frame   0x000002ac       0x24 src/tca.o
 .debug_frame   0x000002d0       0xd4 src/usart_basic.o
 .debug_frame   0x000003a4       0x64 tinyCharge/tinyCharge.o
 .debug_frame   0x00000408       0x74 tinyDebugger/tinyDebugger.o
 .debug_frame   0x0000047c       0x48 tinyPulse/tinyPulse.o
 .debug_frame   0x000004c4       0x34 tinyTime/tinyTime.o
 .debug_frame   0x000004f8       0x24 main.o
 .debug_frame   0x0000051c       0x48 tinyButton/tinyButton.o
 .debug_frame   0x00000564       0xd4 tinyLED/tinyLED.o
 .debug_frame   0x00000638       0x70 tinyAxon/tinyAxon.o
 .debug_frame   0x000006a8       0x8c tinyDendrite/tinyDendrite.o
 .debug_frame   0x00000734       0x90 tinyISR/tinyISR.o
 .debug_frame   0x000007c4       0x38 tinyPotential/tinyPotential.o

.debug_str      0x00000000     0x3491
 *(.debug_str)
 .debug_str     0x00000000      0xc0f D:/Various_programs/Atmel/Studio/7.0/Packs/Atmel/ATtiny_DFP/1.3.229/gcc/dev/attiny3217/avrxmega3/crtattiny3217.o
 .debug_str     0x00000c0f      0x192 atmel_start.o
                                0x1c6 (size before relaxing)
 .debug_str     0x00000da1      0x343 src/adc_basic.o
                                0x50b (size before relaxing)
 .debug_str     0x000010e4       0xde src/bod.o
                                0x2dd (size before relaxing)
 .debug_str     0x000011c2      0x676 src/ccl.o
                                0x88f (size before relaxing)
 .debug_str     0x00001838      0x261 src/clkctrl.o
                                0x528 (size before relaxing)
 .debug_str     0x00001a99       0x1c src/cpuint.o
                                0x1b9 (size before relaxing)
 .debug_str     0x00001ab5       0x7c src/dac_basic.o
                                0x25e (size before relaxing)
 .debug_str     0x00001b31      0x604 src/driver_init.o
                                0x95e (size before relaxing)
 .debug_str     0x00002135      0x351 src/rtc.o
                                0x610 (size before relaxing)
 .debug_str     0x00002486       0x11 src/slpctrl.o
                                0x1bb (size before relaxing)
 .debug_str     0x00002497       0xbf src/spi.o
                                0x2c7 (size before relaxing)
 .debug_str     0x00002556      0x20d src/tca.o
                                0x6b7 (size before relaxing)
 .debug_str     0x00002763      0x1da src/usart_basic.o
                                0x409 (size before relaxing)
 .debug_str     0x0000293d      0x15a tinyCharge/tinyCharge.o
                                0x377 (size before relaxing)
 .debug_str     0x00002a97       0xff tinyDebugger/tinyDebugger.o
                                0x2b5 (size before relaxing)
 .debug_str     0x00002b96       0xa0 tinyPulse/tinyPulse.o
                                0x261 (size before relaxing)
 .debug_str     0x00002c36       0x3f tinyTime/tinyTime.o
                                0x1eb (size before relaxing)
 .debug_str     0x00002c75      0x1bc main.o
                                0x494 (size before relaxing)
 .debug_str     0x00002e31       0xb6 tinyButton/tinyButton.o
                                0x2d9 (size before relaxing)
 .debug_str     0x00002ee7      0x1dd tinyLED/tinyLED.o
                                0x8c0 (size before relaxing)
 .debug_str     0x000030c4      0x1a8 tinyAxon/tinyAxon.o
                                0x435 (size before relaxing)
 .debug_str     0x0000326c      0x168 tinyDendrite/tinyDendrite.o
                                0x394 (size before relaxing)
 .debug_str     0x000033d4       0x44 tinyISR/tinyISR.o
                                0x39f (size before relaxing)
 .debug_str     0x00003418       0x79 tinyPotential/tinyPotential.o
                                0x2d1 (size before relaxing)

.debug_loc      0x00000000     0x135f
 *(.debug_loc)
 .debug_loc     0x00000000       0x87 src/adc_basic.o
 .debug_loc     0x00000087       0x52 src/clkctrl.o
 .debug_loc     0x000000d9      0x6fc src/driver_init.o
 .debug_loc     0x000007d5       0x47 src/usart_basic.o
 .debug_loc     0x0000081c       0x99 tinyCharge/tinyCharge.o
 .debug_loc     0x000008b5       0x93 tinyPulse/tinyPulse.o
 .debug_loc     0x00000948       0xc3 tinyButton/tinyButton.o
 .debug_loc     0x00000a0b      0x355 tinyLED/tinyLED.o
 .debug_loc     0x00000d60      0x21c tinyAxon/tinyAxon.o
 .debug_loc     0x00000f7c      0x286 tinyDendrite/tinyDendrite.o
 .debug_loc     0x00001202       0xec tinyISR/tinyISR.o
 .debug_loc     0x000012ee       0x71 tinyPotential/tinyPotential.o

.debug_macinfo
 *(.debug_macinfo)

.debug_weaknames
 *(.debug_weaknames)

.debug_funcnames
 *(.debug_funcnames)

.debug_typenames
 *(.debug_typenames)

.debug_varnames
 *(.debug_varnames)

.debug_pubtypes
 *(.debug_pubtypes)

.debug_ranges   0x00000000      0x340
 *(.debug_ranges)
 .debug_ranges  0x00000000       0x10 atmel_start.o
 .debug_ranges  0x00000010       0x48 src/adc_basic.o
 .debug_ranges  0x00000058       0x10 src/bod.o
 .debug_ranges  0x00000068       0x10 src/ccl.o
 .debug_ranges  0x00000078       0x10 src/clkctrl.o
 .debug_ranges  0x00000088       0x10 src/cpuint.o
 .debug_ranges  0x00000098       0x30 src/dac_basic.o
 .debug_ranges  0x000000c8       0x48 src/driver_init.o
 .debug_ranges  0x00000110       0x10 src/rtc.o
 .debug_ranges  0x00000120       0x10 src/slpctrl.o
 .debug_ranges  0x00000130       0x10 src/spi.o
 .debug_ranges  0x00000140       0x10 src/tca.o
 .debug_ranges  0x00000150       0x68 src/usart_basic.o
 .debug_ranges  0x000001b8       0x30 tinyCharge/tinyCharge.o
 .debug_ranges  0x000001e8       0x38 tinyDebugger/tinyDebugger.o
 .debug_ranges  0x00000220       0x18 tinyPulse/tinyPulse.o
 .debug_ranges  0x00000238       0x18 tinyTime/tinyTime.o
 .debug_ranges  0x00000250       0x10 main.o
 .debug_ranges  0x00000260       0x18 tinyButton/tinyButton.o
 .debug_ranges  0x00000278       0x38 tinyLED/tinyLED.o
 .debug_ranges  0x000002b0       0x40 tinyAxon/tinyAxon.o
 .debug_ranges  0x000002f0       0x20 tinyDendrite/tinyDendrite.o
 .debug_ranges  0x00000310       0x20 tinyISR/tinyISR.o
 .debug_ranges  0x00000330       0x10 tinyPotential/tinyPotential.o

.debug_macro
 *(.debug_macro)
OUTPUT(Building_Brains_V4.elf elf32-avr)
LOAD linker stubs
