Archive member included to satisfy reference by file (symbol)

e:/programmer/atmel/7.0/toolchain/avr8/avr8-gnu-toolchain/bin/../lib/gcc/avr/5.4.0/../../../../avr/lib/avrxmega3/short-calls\libm.a(addsf3.o)
                              tiny_potential/tiny_potential.o (__addsf3)
e:/programmer/atmel/7.0/toolchain/avr8/avr8-gnu-toolchain/bin/../lib/gcc/avr/5.4.0/../../../../avr/lib/avrxmega3/short-calls\libm.a(addsf3x.o)
                              e:/programmer/atmel/7.0/toolchain/avr8/avr8-gnu-toolchain/bin/../lib/gcc/avr/5.4.0/../../../../avr/lib/avrxmega3/short-calls\libm.a(addsf3.o) (__addsf3x)
e:/programmer/atmel/7.0/toolchain/avr8/avr8-gnu-toolchain/bin/../lib/gcc/avr/5.4.0/../../../../avr/lib/avrxmega3/short-calls\libm.a(cmpsf2.o)
                              Potential_to_RGB/Potential_to_RGB.o (__ltsf2)
e:/programmer/atmel/7.0/toolchain/avr8/avr8-gnu-toolchain/bin/../lib/gcc/avr/5.4.0/../../../../avr/lib/avrxmega3/short-calls\libm.a(divsf3.o)
                              Potential_to_RGB/Potential_to_RGB.o (__divsf3)
e:/programmer/atmel/7.0/toolchain/avr8/avr8-gnu-toolchain/bin/../lib/gcc/avr/5.4.0/../../../../avr/lib/avrxmega3/short-calls\libm.a(divsf3x.o)
                              e:/programmer/atmel/7.0/toolchain/avr8/avr8-gnu-toolchain/bin/../lib/gcc/avr/5.4.0/../../../../avr/lib/avrxmega3/short-calls\libm.a(divsf3.o) (__divsf3x)
e:/programmer/atmel/7.0/toolchain/avr8/avr8-gnu-toolchain/bin/../lib/gcc/avr/5.4.0/../../../../avr/lib/avrxmega3/short-calls\libm.a(exp.o)
                              tiny_potential/tiny_potential.o (exp)
e:/programmer/atmel/7.0/toolchain/avr8/avr8-gnu-toolchain/bin/../lib/gcc/avr/5.4.0/../../../../avr/lib/avrxmega3/short-calls\libm.a(fixsfsi.o)
                              Potential_to_RGB/Potential_to_RGB.o (__fixsfsi)
e:/programmer/atmel/7.0/toolchain/avr8/avr8-gnu-toolchain/bin/../lib/gcc/avr/5.4.0/../../../../avr/lib/avrxmega3/short-calls\libm.a(fixunssfsi.o)
                              Potential_to_RGB/Potential_to_RGB.o (__fixunssfsi)
e:/programmer/atmel/7.0/toolchain/avr8/avr8-gnu-toolchain/bin/../lib/gcc/avr/5.4.0/../../../../avr/lib/avrxmega3/short-calls\libm.a(floatsisf.o)
                              main.o (__floatunsisf)
e:/programmer/atmel/7.0/toolchain/avr8/avr8-gnu-toolchain/bin/../lib/gcc/avr/5.4.0/../../../../avr/lib/avrxmega3/short-calls\libm.a(fp_cmp.o)
                              e:/programmer/atmel/7.0/toolchain/avr8/avr8-gnu-toolchain/bin/../lib/gcc/avr/5.4.0/../../../../avr/lib/avrxmega3/short-calls\libm.a(cmpsf2.o) (__fp_cmp)
e:/programmer/atmel/7.0/toolchain/avr8/avr8-gnu-toolchain/bin/../lib/gcc/avr/5.4.0/../../../../avr/lib/avrxmega3/short-calls\libm.a(fp_inf.o)
                              e:/programmer/atmel/7.0/toolchain/avr8/avr8-gnu-toolchain/bin/../lib/gcc/avr/5.4.0/../../../../avr/lib/avrxmega3/short-calls\libm.a(addsf3x.o) (__fp_inf)
e:/programmer/atmel/7.0/toolchain/avr8/avr8-gnu-toolchain/bin/../lib/gcc/avr/5.4.0/../../../../avr/lib/avrxmega3/short-calls\libm.a(fp_nan.o)
                              e:/programmer/atmel/7.0/toolchain/avr8/avr8-gnu-toolchain/bin/../lib/gcc/avr/5.4.0/../../../../avr/lib/avrxmega3/short-calls\libm.a(addsf3x.o) (__fp_nan)
e:/programmer/atmel/7.0/toolchain/avr8/avr8-gnu-toolchain/bin/../lib/gcc/avr/5.4.0/../../../../avr/lib/avrxmega3/short-calls\libm.a(fp_powser.o)
                              e:/programmer/atmel/7.0/toolchain/avr8/avr8-gnu-toolchain/bin/../lib/gcc/avr/5.4.0/../../../../avr/lib/avrxmega3/short-calls\libm.a(exp.o) (__fp_powser)
e:/programmer/atmel/7.0/toolchain/avr8/avr8-gnu-toolchain/bin/../lib/gcc/avr/5.4.0/../../../../avr/lib/avrxmega3/short-calls\libm.a(fp_pscA.o)
                              e:/programmer/atmel/7.0/toolchain/avr8/avr8-gnu-toolchain/bin/../lib/gcc/avr/5.4.0/../../../../avr/lib/avrxmega3/short-calls\libm.a(addsf3x.o) (__fp_pscA)
e:/programmer/atmel/7.0/toolchain/avr8/avr8-gnu-toolchain/bin/../lib/gcc/avr/5.4.0/../../../../avr/lib/avrxmega3/short-calls\libm.a(fp_pscB.o)
                              e:/programmer/atmel/7.0/toolchain/avr8/avr8-gnu-toolchain/bin/../lib/gcc/avr/5.4.0/../../../../avr/lib/avrxmega3/short-calls\libm.a(addsf3x.o) (__fp_pscB)
e:/programmer/atmel/7.0/toolchain/avr8/avr8-gnu-toolchain/bin/../lib/gcc/avr/5.4.0/../../../../avr/lib/avrxmega3/short-calls\libm.a(fp_round.o)
                              e:/programmer/atmel/7.0/toolchain/avr8/avr8-gnu-toolchain/bin/../lib/gcc/avr/5.4.0/../../../../avr/lib/avrxmega3/short-calls\libm.a(addsf3.o) (__fp_round)
e:/programmer/atmel/7.0/toolchain/avr8/avr8-gnu-toolchain/bin/../lib/gcc/avr/5.4.0/../../../../avr/lib/avrxmega3/short-calls\libm.a(fp_split3.o)
                              e:/programmer/atmel/7.0/toolchain/avr8/avr8-gnu-toolchain/bin/../lib/gcc/avr/5.4.0/../../../../avr/lib/avrxmega3/short-calls\libm.a(addsf3x.o) (__fp_split3)
e:/programmer/atmel/7.0/toolchain/avr8/avr8-gnu-toolchain/bin/../lib/gcc/avr/5.4.0/../../../../avr/lib/avrxmega3/short-calls\libm.a(fp_zero.o)
                              e:/programmer/atmel/7.0/toolchain/avr8/avr8-gnu-toolchain/bin/../lib/gcc/avr/5.4.0/../../../../avr/lib/avrxmega3/short-calls\libm.a(addsf3x.o) (__fp_zero)
e:/programmer/atmel/7.0/toolchain/avr8/avr8-gnu-toolchain/bin/../lib/gcc/avr/5.4.0/../../../../avr/lib/avrxmega3/short-calls\libm.a(gesf2.o)
                              tiny_potential/tiny_potential.o (__gtsf2)
e:/programmer/atmel/7.0/toolchain/avr8/avr8-gnu-toolchain/bin/../lib/gcc/avr/5.4.0/../../../../avr/lib/avrxmega3/short-calls\libm.a(inverse.o)
                              e:/programmer/atmel/7.0/toolchain/avr8/avr8-gnu-toolchain/bin/../lib/gcc/avr/5.4.0/../../../../avr/lib/avrxmega3/short-calls\libm.a(exp.o) (inverse)
e:/programmer/atmel/7.0/toolchain/avr8/avr8-gnu-toolchain/bin/../lib/gcc/avr/5.4.0/../../../../avr/lib/avrxmega3/short-calls\libm.a(ldexp.o)
                              e:/programmer/atmel/7.0/toolchain/avr8/avr8-gnu-toolchain/bin/../lib/gcc/avr/5.4.0/../../../../avr/lib/avrxmega3/short-calls\libm.a(exp.o) (ldexp)
e:/programmer/atmel/7.0/toolchain/avr8/avr8-gnu-toolchain/bin/../lib/gcc/avr/5.4.0/../../../../avr/lib/avrxmega3/short-calls\libm.a(modf.o)
                              e:/programmer/atmel/7.0/toolchain/avr8/avr8-gnu-toolchain/bin/../lib/gcc/avr/5.4.0/../../../../avr/lib/avrxmega3/short-calls\libm.a(exp.o) (modf)
e:/programmer/atmel/7.0/toolchain/avr8/avr8-gnu-toolchain/bin/../lib/gcc/avr/5.4.0/../../../../avr/lib/avrxmega3/short-calls\libm.a(mulsf3.o)
                              Potential_to_RGB/Potential_to_RGB.o (__mulsf3)
e:/programmer/atmel/7.0/toolchain/avr8/avr8-gnu-toolchain/bin/../lib/gcc/avr/5.4.0/../../../../avr/lib/avrxmega3/short-calls\libm.a(mulsf3x.o)
                              e:/programmer/atmel/7.0/toolchain/avr8/avr8-gnu-toolchain/bin/../lib/gcc/avr/5.4.0/../../../../avr/lib/avrxmega3/short-calls\libm.a(fp_powser.o) (__mulsf3x)
e:/programmer/atmel/7.0/toolchain/avr8/avr8-gnu-toolchain/bin/../lib/gcc/avr/5.4.0/../../../../avr/lib/avrxmega3/short-calls\libm.a(round.o)
                              Potential_to_RGB/Potential_to_RGB.o (round)
e:/programmer/atmel/7.0/toolchain/avr8/avr8-gnu-toolchain/bin/../lib/gcc/avr/5.4.0/../../../../avr/lib/avrxmega3/short-calls\libm.a(fp_mintl.o)
                              e:/programmer/atmel/7.0/toolchain/avr8/avr8-gnu-toolchain/bin/../lib/gcc/avr/5.4.0/../../../../avr/lib/avrxmega3/short-calls\libm.a(round.o) (__fp_mintl)
e:/programmer/atmel/7.0/toolchain/avr8/avr8-gnu-toolchain/bin/../lib/gcc/avr/5.4.0/../../../../avr/lib/avrxmega3/short-calls\libm.a(fp_mpack.o)
                              e:/programmer/atmel/7.0/toolchain/avr8/avr8-gnu-toolchain/bin/../lib/gcc/avr/5.4.0/../../../../avr/lib/avrxmega3/short-calls\libm.a(ldexp.o) (__fp_mpack)
e:/programmer/atmel/7.0/toolchain/avr8/avr8-gnu-toolchain/bin/../lib/gcc/avr/5.4.0/avrxmega3/short-calls\libgcc.a(_exit.o)
                              E:/programmer/Atmel/7.0/Packs/Atmel/ATtiny_DFP/1.3.172/gcc/dev/attiny817/avrxmega3/short-calls/crtattiny817.o (exit)
e:/programmer/atmel/7.0/toolchain/avr8/avr8-gnu-toolchain/bin/../lib/gcc/avr/5.4.0/avrxmega3/short-calls\libgcc.a(_copy_data.o)
                              tiny_DAC_axon/tiny_DAC_axon.o (__do_copy_data)
e:/programmer/atmel/7.0/toolchain/avr8/avr8-gnu-toolchain/bin/../lib/gcc/avr/5.4.0/avrxmega3/short-calls\libgcc.a(_clear_bss.o)
                              examples/src/adc_basic_example.o (__do_clear_bss)

Allocating common symbols
Common symbol       size              file

ADC_measurement     0x2               examples/src/adc_basic_example.o
ADC_measurement_normalized
                    0x1               examples/src/adc_basic_example.o

Discarded input sections

 .data          0x00000000        0x0 E:/programmer/Atmel/7.0/Packs/Atmel/ATtiny_DFP/1.3.172/gcc/dev/attiny817/avrxmega3/short-calls/crtattiny817.o
 .bss           0x00000000        0x0 E:/programmer/Atmel/7.0/Packs/Atmel/ATtiny_DFP/1.3.172/gcc/dev/attiny817/avrxmega3/short-calls/crtattiny817.o
 .text          0x00000000        0x0 atmel_start.o
 .data          0x00000000        0x0 atmel_start.o
 .bss           0x00000000        0x0 atmel_start.o
 .text          0x00000000        0x0 colorman/rainbows.o
 .data          0x00000000        0x0 colorman/rainbows.o
 .bss           0x00000000        0x0 colorman/rainbows.o
 .rodata        0x00000000       0x12 colorman/rainbows.o
 .text.rainbows
                0x00000000      0x1e0 colorman/rainbows.o
 .debug_info    0x00000000      0x1ce colorman/rainbows.o
 .debug_abbrev  0x00000000      0x152 colorman/rainbows.o
 .debug_loc     0x00000000       0xce colorman/rainbows.o
 .debug_aranges
                0x00000000       0x20 colorman/rainbows.o
 .debug_ranges  0x00000000       0x10 colorman/rainbows.o
 .debug_line    0x00000000      0x1d9 colorman/rainbows.o
 .debug_str     0x00000000      0x237 colorman/rainbows.o
 .comment       0x00000000       0x31 colorman/rainbows.o
 .debug_frame   0x00000000       0x34 colorman/rainbows.o
 .text          0x00000000        0x0 driver_isr.o
 .data          0x00000000        0x0 driver_isr.o
 .bss           0x00000000        0x0 driver_isr.o
 .debug_info    0x00000000       0x5d driver_isr.o
 .debug_abbrev  0x00000000       0x26 driver_isr.o
 .debug_aranges
                0x00000000       0x18 driver_isr.o
 .debug_line    0x00000000       0x1a driver_isr.o
 .debug_str     0x00000000      0x18f driver_isr.o
 .comment       0x00000000       0x31 driver_isr.o
 .text          0x00000000        0x0 examples/src/adc_basic_example.o
 .data          0x00000000        0x0 examples/src/adc_basic_example.o
 .bss           0x00000000        0x0 examples/src/adc_basic_example.o
 .text.ADC_test_adc_basic
                0x00000000       0x32 examples/src/adc_basic_example.o
 .debug_info    0x00000000      0x10d examples/src/adc_basic_example.o
 .debug_abbrev  0x00000000       0xa3 examples/src/adc_basic_example.o
 .debug_loc     0x00000000       0x2f examples/src/adc_basic_example.o
 .debug_aranges
                0x00000000       0x20 examples/src/adc_basic_example.o
 .debug_ranges  0x00000000       0x10 examples/src/adc_basic_example.o
 .debug_line    0x00000000       0xcf examples/src/adc_basic_example.o
 .debug_str     0x00000000      0x223 examples/src/adc_basic_example.o
 .comment       0x00000000       0x31 examples/src/adc_basic_example.o
 .debug_frame   0x00000000       0x30 examples/src/adc_basic_example.o
 COMMON         0x00000000        0x3 examples/src/adc_basic_example.o
 .text          0x00000000        0x0 examples/src/dac_basic_example.o
 .data          0x00000000        0x0 examples/src/dac_basic_example.o
 .bss           0x00000000        0x0 examples/src/dac_basic_example.o
 .text.DAC_test_dac_basic
                0x00000000        0xc examples/src/dac_basic_example.o
 .debug_info    0x00000000       0xbf examples/src/dac_basic_example.o
 .debug_abbrev  0x00000000       0x72 examples/src/dac_basic_example.o
 .debug_aranges
                0x00000000       0x20 examples/src/dac_basic_example.o
 .debug_ranges  0x00000000       0x10 examples/src/dac_basic_example.o
 .debug_line    0x00000000       0xc9 examples/src/dac_basic_example.o
 .debug_str     0x00000000      0x1de examples/src/dac_basic_example.o
 .comment       0x00000000       0x31 examples/src/dac_basic_example.o
 .debug_frame   0x00000000       0x24 examples/src/dac_basic_example.o
 .text          0x00000000        0x0 ISR_timer_counter/ISR_timer_counter.o
 .data          0x00000000        0x0 ISR_timer_counter/ISR_timer_counter.o
 .bss           0x00000000        0x0 ISR_timer_counter/ISR_timer_counter.o
 .text          0x00000000        0x0 main.o
 .data          0x00000000        0x0 main.o
 .bss           0x00000000        0x0 main.o
 .text          0x00000000        0x0 Potential_to_RGB/Potential_to_RGB.o
 .data          0x00000000        0x0 Potential_to_RGB/Potential_to_RGB.o
 .bss           0x00000000        0x0 Potential_to_RGB/Potential_to_RGB.o
 .text          0x00000000        0x0 pullup_pushbutton/pullup_pushbutton.o
 .data          0x00000000        0x0 pullup_pushbutton/pullup_pushbutton.o
 .bss           0x00000000        0x0 pullup_pushbutton/pullup_pushbutton.o
 .text          0x00000000        0x0 spont_pulse/spont_pulse.o
 .data          0x00000000        0x0 spont_pulse/spont_pulse.o
 .bss           0x00000000        0x0 spont_pulse/spont_pulse.o
 .text          0x00000000        0x0 src/adc_basic.o
 .data          0x00000000        0x0 src/adc_basic.o
 .bss           0x00000000        0x0 src/adc_basic.o
 .text.ADC_enable
                0x00000000        0xc src/adc_basic.o
 .text.ADC_disable
                0x00000000        0xc src/adc_basic.o
 .text.ADC_start_conversion
                0x00000000        0xc src/adc_basic.o
 .text.ADC_get_conversion_result
                0x00000000        0xa src/adc_basic.o
 .text.ADC_get_resolution
                0x00000000       0x10 src/adc_basic.o
 .text          0x00000000        0x0 src/bod.o
 .data          0x00000000        0x0 src/bod.o
 .bss           0x00000000        0x0 src/bod.o
 .text          0x00000000        0x0 src/ccl.o
 .data          0x00000000        0x0 src/ccl.o
 .bss           0x00000000        0x0 src/ccl.o
 .text          0x00000000        0x0 src/clkctrl.o
 .data          0x00000000        0x0 src/clkctrl.o
 .bss           0x00000000        0x0 src/clkctrl.o
 .text          0x00000000        0x0 src/cpuint.o
 .data          0x00000000        0x0 src/cpuint.o
 .bss           0x00000000        0x0 src/cpuint.o
 .text          0x00000000        0x0 src/dac_basic.o
 .data          0x00000000        0x0 src/dac_basic.o
 .bss           0x00000000        0x0 src/dac_basic.o
 .text.DAC_enable
                0x00000000        0xc src/dac_basic.o
 .text.DAC_disable
                0x00000000        0xc src/dac_basic.o
 .text.DAC_get_resolution
                0x00000000        0x4 src/dac_basic.o
 .text          0x00000000        0x0 src/driver_init.o
 .data          0x00000000        0x0 src/driver_init.o
 .bss           0x00000000        0x0 src/driver_init.o
 .text.DAC_initialization
                0x00000000        0x4 src/driver_init.o
 .text          0x00000000        0x0 src/protected_io.o
 .data          0x00000000        0x0 src/protected_io.o
 .bss           0x00000000        0x0 src/protected_io.o
 .text          0x00000000        0x0 src/rtc.o
 .data          0x00000000        0x0 src/rtc.o
 .bss           0x00000000        0x0 src/rtc.o
 .text          0x00000000        0x0 src/slpctrl.o
 .data          0x00000000        0x0 src/slpctrl.o
 .bss           0x00000000        0x0 src/slpctrl.o
 .text          0x00000000        0x0 src/spi.o
 .data          0x00000000        0x0 src/spi.o
 .bss           0x00000000        0x0 src/spi.o
 .text          0x00000000        0x0 src/tca.o
 .data          0x00000000        0x0 src/tca.o
 .bss           0x00000000        0x0 src/tca.o
 .text          0x00000000        0x0 tinyCCLRGB/tinyCCLRGB.o
 .data          0x00000000        0x0 tinyCCLRGB/tinyCCLRGB.o
 .bss           0x00000000        0x0 tinyCCLRGB/tinyCCLRGB.o
 .text          0x00000000        0x0 tiny_DAC_axon/tiny_DAC_axon.o
 .data          0x00000000        0x0 tiny_DAC_axon/tiny_DAC_axon.o
 .bss           0x00000000        0x0 tiny_DAC_axon/tiny_DAC_axon.o
 .text          0x00000000        0x0 tiny_dendrites/tiny_ADC_dendrites.o
 .data          0x00000000        0x0 tiny_dendrites/tiny_ADC_dendrites.o
 .bss           0x00000000        0x0 tiny_dendrites/tiny_ADC_dendrites.o
 .text          0x00000000        0x0 tiny_timed_ISR/tiny_timed_ISR.o
 .data          0x00000000        0x0 tiny_timed_ISR/tiny_timed_ISR.o
 .bss           0x00000000        0x0 tiny_timed_ISR/tiny_timed_ISR.o
 .text          0x00000000        0x0 tiny_potential/tiny_potential.o
 .data          0x00000000        0x0 tiny_potential/tiny_potential.o
 .bss           0x00000000        0x0 tiny_potential/tiny_potential.o
 .text          0x00000000        0x0 e:/programmer/atmel/7.0/toolchain/avr8/avr8-gnu-toolchain/bin/../lib/gcc/avr/5.4.0/../../../../avr/lib/avrxmega3/short-calls\libm.a(addsf3.o)
 .data          0x00000000        0x0 e:/programmer/atmel/7.0/toolchain/avr8/avr8-gnu-toolchain/bin/../lib/gcc/avr/5.4.0/../../../../avr/lib/avrxmega3/short-calls\libm.a(addsf3.o)
 .bss           0x00000000        0x0 e:/programmer/atmel/7.0/toolchain/avr8/avr8-gnu-toolchain/bin/../lib/gcc/avr/5.4.0/../../../../avr/lib/avrxmega3/short-calls\libm.a(addsf3.o)
 .text          0x00000000        0x0 e:/programmer/atmel/7.0/toolchain/avr8/avr8-gnu-toolchain/bin/../lib/gcc/avr/5.4.0/../../../../avr/lib/avrxmega3/short-calls\libm.a(addsf3x.o)
 .data          0x00000000        0x0 e:/programmer/atmel/7.0/toolchain/avr8/avr8-gnu-toolchain/bin/../lib/gcc/avr/5.4.0/../../../../avr/lib/avrxmega3/short-calls\libm.a(addsf3x.o)
 .bss           0x00000000        0x0 e:/programmer/atmel/7.0/toolchain/avr8/avr8-gnu-toolchain/bin/../lib/gcc/avr/5.4.0/../../../../avr/lib/avrxmega3/short-calls\libm.a(addsf3x.o)
 .text          0x00000000        0x0 e:/programmer/atmel/7.0/toolchain/avr8/avr8-gnu-toolchain/bin/../lib/gcc/avr/5.4.0/../../../../avr/lib/avrxmega3/short-calls\libm.a(cmpsf2.o)
 .data          0x00000000        0x0 e:/programmer/atmel/7.0/toolchain/avr8/avr8-gnu-toolchain/bin/../lib/gcc/avr/5.4.0/../../../../avr/lib/avrxmega3/short-calls\libm.a(cmpsf2.o)
 .bss           0x00000000        0x0 e:/programmer/atmel/7.0/toolchain/avr8/avr8-gnu-toolchain/bin/../lib/gcc/avr/5.4.0/../../../../avr/lib/avrxmega3/short-calls\libm.a(cmpsf2.o)
 .text          0x00000000        0x0 e:/programmer/atmel/7.0/toolchain/avr8/avr8-gnu-toolchain/bin/../lib/gcc/avr/5.4.0/../../../../avr/lib/avrxmega3/short-calls\libm.a(divsf3.o)
 .data          0x00000000        0x0 e:/programmer/atmel/7.0/toolchain/avr8/avr8-gnu-toolchain/bin/../lib/gcc/avr/5.4.0/../../../../avr/lib/avrxmega3/short-calls\libm.a(divsf3.o)
 .bss           0x00000000        0x0 e:/programmer/atmel/7.0/toolchain/avr8/avr8-gnu-toolchain/bin/../lib/gcc/avr/5.4.0/../../../../avr/lib/avrxmega3/short-calls\libm.a(divsf3.o)
 .text          0x00000000        0x0 e:/programmer/atmel/7.0/toolchain/avr8/avr8-gnu-toolchain/bin/../lib/gcc/avr/5.4.0/../../../../avr/lib/avrxmega3/short-calls\libm.a(divsf3x.o)
 .data          0x00000000        0x0 e:/programmer/atmel/7.0/toolchain/avr8/avr8-gnu-toolchain/bin/../lib/gcc/avr/5.4.0/../../../../avr/lib/avrxmega3/short-calls\libm.a(divsf3x.o)
 .bss           0x00000000        0x0 e:/programmer/atmel/7.0/toolchain/avr8/avr8-gnu-toolchain/bin/../lib/gcc/avr/5.4.0/../../../../avr/lib/avrxmega3/short-calls\libm.a(divsf3x.o)
 .text          0x00000000        0x0 e:/programmer/atmel/7.0/toolchain/avr8/avr8-gnu-toolchain/bin/../lib/gcc/avr/5.4.0/../../../../avr/lib/avrxmega3/short-calls\libm.a(exp.o)
 .data          0x00000000        0x0 e:/programmer/atmel/7.0/toolchain/avr8/avr8-gnu-toolchain/bin/../lib/gcc/avr/5.4.0/../../../../avr/lib/avrxmega3/short-calls\libm.a(exp.o)
 .bss           0x00000000        0x0 e:/programmer/atmel/7.0/toolchain/avr8/avr8-gnu-toolchain/bin/../lib/gcc/avr/5.4.0/../../../../avr/lib/avrxmega3/short-calls\libm.a(exp.o)
 .text          0x00000000        0x0 e:/programmer/atmel/7.0/toolchain/avr8/avr8-gnu-toolchain/bin/../lib/gcc/avr/5.4.0/../../../../avr/lib/avrxmega3/short-calls\libm.a(fixsfsi.o)
 .data          0x00000000        0x0 e:/programmer/atmel/7.0/toolchain/avr8/avr8-gnu-toolchain/bin/../lib/gcc/avr/5.4.0/../../../../avr/lib/avrxmega3/short-calls\libm.a(fixsfsi.o)
 .bss           0x00000000        0x0 e:/programmer/atmel/7.0/toolchain/avr8/avr8-gnu-toolchain/bin/../lib/gcc/avr/5.4.0/../../../../avr/lib/avrxmega3/short-calls\libm.a(fixsfsi.o)
 .text          0x00000000        0x0 e:/programmer/atmel/7.0/toolchain/avr8/avr8-gnu-toolchain/bin/../lib/gcc/avr/5.4.0/../../../../avr/lib/avrxmega3/short-calls\libm.a(fixunssfsi.o)
 .data          0x00000000        0x0 e:/programmer/atmel/7.0/toolchain/avr8/avr8-gnu-toolchain/bin/../lib/gcc/avr/5.4.0/../../../../avr/lib/avrxmega3/short-calls\libm.a(fixunssfsi.o)
 .bss           0x00000000        0x0 e:/programmer/atmel/7.0/toolchain/avr8/avr8-gnu-toolchain/bin/../lib/gcc/avr/5.4.0/../../../../avr/lib/avrxmega3/short-calls\libm.a(fixunssfsi.o)
 .text          0x00000000        0x0 e:/programmer/atmel/7.0/toolchain/avr8/avr8-gnu-toolchain/bin/../lib/gcc/avr/5.4.0/../../../../avr/lib/avrxmega3/short-calls\libm.a(floatsisf.o)
 .data          0x00000000        0x0 e:/programmer/atmel/7.0/toolchain/avr8/avr8-gnu-toolchain/bin/../lib/gcc/avr/5.4.0/../../../../avr/lib/avrxmega3/short-calls\libm.a(floatsisf.o)
 .bss           0x00000000        0x0 e:/programmer/atmel/7.0/toolchain/avr8/avr8-gnu-toolchain/bin/../lib/gcc/avr/5.4.0/../../../../avr/lib/avrxmega3/short-calls\libm.a(floatsisf.o)
 .text          0x00000000        0x0 e:/programmer/atmel/7.0/toolchain/avr8/avr8-gnu-toolchain/bin/../lib/gcc/avr/5.4.0/../../../../avr/lib/avrxmega3/short-calls\libm.a(fp_cmp.o)
 .data          0x00000000        0x0 e:/programmer/atmel/7.0/toolchain/avr8/avr8-gnu-toolchain/bin/../lib/gcc/avr/5.4.0/../../../../avr/lib/avrxmega3/short-calls\libm.a(fp_cmp.o)
 .bss           0x00000000        0x0 e:/programmer/atmel/7.0/toolchain/avr8/avr8-gnu-toolchain/bin/../lib/gcc/avr/5.4.0/../../../../avr/lib/avrxmega3/short-calls\libm.a(fp_cmp.o)
 .text          0x00000000        0x0 e:/programmer/atmel/7.0/toolchain/avr8/avr8-gnu-toolchain/bin/../lib/gcc/avr/5.4.0/../../../../avr/lib/avrxmega3/short-calls\libm.a(fp_inf.o)
 .data          0x00000000        0x0 e:/programmer/atmel/7.0/toolchain/avr8/avr8-gnu-toolchain/bin/../lib/gcc/avr/5.4.0/../../../../avr/lib/avrxmega3/short-calls\libm.a(fp_inf.o)
 .bss           0x00000000        0x0 e:/programmer/atmel/7.0/toolchain/avr8/avr8-gnu-toolchain/bin/../lib/gcc/avr/5.4.0/../../../../avr/lib/avrxmega3/short-calls\libm.a(fp_inf.o)
 .text          0x00000000        0x0 e:/programmer/atmel/7.0/toolchain/avr8/avr8-gnu-toolchain/bin/../lib/gcc/avr/5.4.0/../../../../avr/lib/avrxmega3/short-calls\libm.a(fp_nan.o)
 .data          0x00000000        0x0 e:/programmer/atmel/7.0/toolchain/avr8/avr8-gnu-toolchain/bin/../lib/gcc/avr/5.4.0/../../../../avr/lib/avrxmega3/short-calls\libm.a(fp_nan.o)
 .bss           0x00000000        0x0 e:/programmer/atmel/7.0/toolchain/avr8/avr8-gnu-toolchain/bin/../lib/gcc/avr/5.4.0/../../../../avr/lib/avrxmega3/short-calls\libm.a(fp_nan.o)
 .text          0x00000000        0x0 e:/programmer/atmel/7.0/toolchain/avr8/avr8-gnu-toolchain/bin/../lib/gcc/avr/5.4.0/../../../../avr/lib/avrxmega3/short-calls\libm.a(fp_powser.o)
 .data          0x00000000        0x0 e:/programmer/atmel/7.0/toolchain/avr8/avr8-gnu-toolchain/bin/../lib/gcc/avr/5.4.0/../../../../avr/lib/avrxmega3/short-calls\libm.a(fp_powser.o)
 .bss           0x00000000        0x0 e:/programmer/atmel/7.0/toolchain/avr8/avr8-gnu-toolchain/bin/../lib/gcc/avr/5.4.0/../../../../avr/lib/avrxmega3/short-calls\libm.a(fp_powser.o)
 .text          0x00000000        0x0 e:/programmer/atmel/7.0/toolchain/avr8/avr8-gnu-toolchain/bin/../lib/gcc/avr/5.4.0/../../../../avr/lib/avrxmega3/short-calls\libm.a(fp_pscA.o)
 .data          0x00000000        0x0 e:/programmer/atmel/7.0/toolchain/avr8/avr8-gnu-toolchain/bin/../lib/gcc/avr/5.4.0/../../../../avr/lib/avrxmega3/short-calls\libm.a(fp_pscA.o)
 .bss           0x00000000        0x0 e:/programmer/atmel/7.0/toolchain/avr8/avr8-gnu-toolchain/bin/../lib/gcc/avr/5.4.0/../../../../avr/lib/avrxmega3/short-calls\libm.a(fp_pscA.o)
 .text          0x00000000        0x0 e:/programmer/atmel/7.0/toolchain/avr8/avr8-gnu-toolchain/bin/../lib/gcc/avr/5.4.0/../../../../avr/lib/avrxmega3/short-calls\libm.a(fp_pscB.o)
 .data          0x00000000        0x0 e:/programmer/atmel/7.0/toolchain/avr8/avr8-gnu-toolchain/bin/../lib/gcc/avr/5.4.0/../../../../avr/lib/avrxmega3/short-calls\libm.a(fp_pscB.o)
 .bss           0x00000000        0x0 e:/programmer/atmel/7.0/toolchain/avr8/avr8-gnu-toolchain/bin/../lib/gcc/avr/5.4.0/../../../../avr/lib/avrxmega3/short-calls\libm.a(fp_pscB.o)
 .text          0x00000000        0x0 e:/programmer/atmel/7.0/toolchain/avr8/avr8-gnu-toolchain/bin/../lib/gcc/avr/5.4.0/../../../../avr/lib/avrxmega3/short-calls\libm.a(fp_round.o)
 .data          0x00000000        0x0 e:/programmer/atmel/7.0/toolchain/avr8/avr8-gnu-toolchain/bin/../lib/gcc/avr/5.4.0/../../../../avr/lib/avrxmega3/short-calls\libm.a(fp_round.o)
 .bss           0x00000000        0x0 e:/programmer/atmel/7.0/toolchain/avr8/avr8-gnu-toolchain/bin/../lib/gcc/avr/5.4.0/../../../../avr/lib/avrxmega3/short-calls\libm.a(fp_round.o)
 .text          0x00000000        0x0 e:/programmer/atmel/7.0/toolchain/avr8/avr8-gnu-toolchain/bin/../lib/gcc/avr/5.4.0/../../../../avr/lib/avrxmega3/short-calls\libm.a(fp_split3.o)
 .data          0x00000000        0x0 e:/programmer/atmel/7.0/toolchain/avr8/avr8-gnu-toolchain/bin/../lib/gcc/avr/5.4.0/../../../../avr/lib/avrxmega3/short-calls\libm.a(fp_split3.o)
 .bss           0x00000000        0x0 e:/programmer/atmel/7.0/toolchain/avr8/avr8-gnu-toolchain/bin/../lib/gcc/avr/5.4.0/../../../../avr/lib/avrxmega3/short-calls\libm.a(fp_split3.o)
 .text          0x00000000        0x0 e:/programmer/atmel/7.0/toolchain/avr8/avr8-gnu-toolchain/bin/../lib/gcc/avr/5.4.0/../../../../avr/lib/avrxmega3/short-calls\libm.a(fp_zero.o)
 .data          0x00000000        0x0 e:/programmer/atmel/7.0/toolchain/avr8/avr8-gnu-toolchain/bin/../lib/gcc/avr/5.4.0/../../../../avr/lib/avrxmega3/short-calls\libm.a(fp_zero.o)
 .bss           0x00000000        0x0 e:/programmer/atmel/7.0/toolchain/avr8/avr8-gnu-toolchain/bin/../lib/gcc/avr/5.4.0/../../../../avr/lib/avrxmega3/short-calls\libm.a(fp_zero.o)
 .text          0x00000000        0x0 e:/programmer/atmel/7.0/toolchain/avr8/avr8-gnu-toolchain/bin/../lib/gcc/avr/5.4.0/../../../../avr/lib/avrxmega3/short-calls\libm.a(gesf2.o)
 .data          0x00000000        0x0 e:/programmer/atmel/7.0/toolchain/avr8/avr8-gnu-toolchain/bin/../lib/gcc/avr/5.4.0/../../../../avr/lib/avrxmega3/short-calls\libm.a(gesf2.o)
 .bss           0x00000000        0x0 e:/programmer/atmel/7.0/toolchain/avr8/avr8-gnu-toolchain/bin/../lib/gcc/avr/5.4.0/../../../../avr/lib/avrxmega3/short-calls\libm.a(gesf2.o)
 .text          0x00000000        0x0 e:/programmer/atmel/7.0/toolchain/avr8/avr8-gnu-toolchain/bin/../lib/gcc/avr/5.4.0/../../../../avr/lib/avrxmega3/short-calls\libm.a(inverse.o)
 .data          0x00000000        0x0 e:/programmer/atmel/7.0/toolchain/avr8/avr8-gnu-toolchain/bin/../lib/gcc/avr/5.4.0/../../../../avr/lib/avrxmega3/short-calls\libm.a(inverse.o)
 .bss           0x00000000        0x0 e:/programmer/atmel/7.0/toolchain/avr8/avr8-gnu-toolchain/bin/../lib/gcc/avr/5.4.0/../../../../avr/lib/avrxmega3/short-calls\libm.a(inverse.o)
 .text          0x00000000        0x0 e:/programmer/atmel/7.0/toolchain/avr8/avr8-gnu-toolchain/bin/../lib/gcc/avr/5.4.0/../../../../avr/lib/avrxmega3/short-calls\libm.a(ldexp.o)
 .data          0x00000000        0x0 e:/programmer/atmel/7.0/toolchain/avr8/avr8-gnu-toolchain/bin/../lib/gcc/avr/5.4.0/../../../../avr/lib/avrxmega3/short-calls\libm.a(ldexp.o)
 .bss           0x00000000        0x0 e:/programmer/atmel/7.0/toolchain/avr8/avr8-gnu-toolchain/bin/../lib/gcc/avr/5.4.0/../../../../avr/lib/avrxmega3/short-calls\libm.a(ldexp.o)
 .text          0x00000000        0x0 e:/programmer/atmel/7.0/toolchain/avr8/avr8-gnu-toolchain/bin/../lib/gcc/avr/5.4.0/../../../../avr/lib/avrxmega3/short-calls\libm.a(modf.o)
 .data          0x00000000        0x0 e:/programmer/atmel/7.0/toolchain/avr8/avr8-gnu-toolchain/bin/../lib/gcc/avr/5.4.0/../../../../avr/lib/avrxmega3/short-calls\libm.a(modf.o)
 .bss           0x00000000        0x0 e:/programmer/atmel/7.0/toolchain/avr8/avr8-gnu-toolchain/bin/../lib/gcc/avr/5.4.0/../../../../avr/lib/avrxmega3/short-calls\libm.a(modf.o)
 .text          0x00000000        0x0 e:/programmer/atmel/7.0/toolchain/avr8/avr8-gnu-toolchain/bin/../lib/gcc/avr/5.4.0/../../../../avr/lib/avrxmega3/short-calls\libm.a(mulsf3.o)
 .data          0x00000000        0x0 e:/programmer/atmel/7.0/toolchain/avr8/avr8-gnu-toolchain/bin/../lib/gcc/avr/5.4.0/../../../../avr/lib/avrxmega3/short-calls\libm.a(mulsf3.o)
 .bss           0x00000000        0x0 e:/programmer/atmel/7.0/toolchain/avr8/avr8-gnu-toolchain/bin/../lib/gcc/avr/5.4.0/../../../../avr/lib/avrxmega3/short-calls\libm.a(mulsf3.o)
 .text          0x00000000        0x0 e:/programmer/atmel/7.0/toolchain/avr8/avr8-gnu-toolchain/bin/../lib/gcc/avr/5.4.0/../../../../avr/lib/avrxmega3/short-calls\libm.a(mulsf3x.o)
 .data          0x00000000        0x0 e:/programmer/atmel/7.0/toolchain/avr8/avr8-gnu-toolchain/bin/../lib/gcc/avr/5.4.0/../../../../avr/lib/avrxmega3/short-calls\libm.a(mulsf3x.o)
 .bss           0x00000000        0x0 e:/programmer/atmel/7.0/toolchain/avr8/avr8-gnu-toolchain/bin/../lib/gcc/avr/5.4.0/../../../../avr/lib/avrxmega3/short-calls\libm.a(mulsf3x.o)
 .text          0x00000000        0x0 e:/programmer/atmel/7.0/toolchain/avr8/avr8-gnu-toolchain/bin/../lib/gcc/avr/5.4.0/../../../../avr/lib/avrxmega3/short-calls\libm.a(round.o)
 .data          0x00000000        0x0 e:/programmer/atmel/7.0/toolchain/avr8/avr8-gnu-toolchain/bin/../lib/gcc/avr/5.4.0/../../../../avr/lib/avrxmega3/short-calls\libm.a(round.o)
 .bss           0x00000000        0x0 e:/programmer/atmel/7.0/toolchain/avr8/avr8-gnu-toolchain/bin/../lib/gcc/avr/5.4.0/../../../../avr/lib/avrxmega3/short-calls\libm.a(round.o)
 .text          0x00000000        0x0 e:/programmer/atmel/7.0/toolchain/avr8/avr8-gnu-toolchain/bin/../lib/gcc/avr/5.4.0/../../../../avr/lib/avrxmega3/short-calls\libm.a(fp_mintl.o)
 .data          0x00000000        0x0 e:/programmer/atmel/7.0/toolchain/avr8/avr8-gnu-toolchain/bin/../lib/gcc/avr/5.4.0/../../../../avr/lib/avrxmega3/short-calls\libm.a(fp_mintl.o)
 .bss           0x00000000        0x0 e:/programmer/atmel/7.0/toolchain/avr8/avr8-gnu-toolchain/bin/../lib/gcc/avr/5.4.0/../../../../avr/lib/avrxmega3/short-calls\libm.a(fp_mintl.o)
 .text          0x00000000        0x0 e:/programmer/atmel/7.0/toolchain/avr8/avr8-gnu-toolchain/bin/../lib/gcc/avr/5.4.0/../../../../avr/lib/avrxmega3/short-calls\libm.a(fp_mpack.o)
 .data          0x00000000        0x0 e:/programmer/atmel/7.0/toolchain/avr8/avr8-gnu-toolchain/bin/../lib/gcc/avr/5.4.0/../../../../avr/lib/avrxmega3/short-calls\libm.a(fp_mpack.o)
 .bss           0x00000000        0x0 e:/programmer/atmel/7.0/toolchain/avr8/avr8-gnu-toolchain/bin/../lib/gcc/avr/5.4.0/../../../../avr/lib/avrxmega3/short-calls\libm.a(fp_mpack.o)
 .text          0x00000000        0x0 e:/programmer/atmel/7.0/toolchain/avr8/avr8-gnu-toolchain/bin/../lib/gcc/avr/5.4.0/avrxmega3/short-calls\libgcc.a(_exit.o)
 .data          0x00000000        0x0 e:/programmer/atmel/7.0/toolchain/avr8/avr8-gnu-toolchain/bin/../lib/gcc/avr/5.4.0/avrxmega3/short-calls\libgcc.a(_exit.o)
 .bss           0x00000000        0x0 e:/programmer/atmel/7.0/toolchain/avr8/avr8-gnu-toolchain/bin/../lib/gcc/avr/5.4.0/avrxmega3/short-calls\libgcc.a(_exit.o)
 .text.libgcc.mul
                0x00000000        0x0 e:/programmer/atmel/7.0/toolchain/avr8/avr8-gnu-toolchain/bin/../lib/gcc/avr/5.4.0/avrxmega3/short-calls\libgcc.a(_exit.o)
 .text.libgcc.div
                0x00000000        0x0 e:/programmer/atmel/7.0/toolchain/avr8/avr8-gnu-toolchain/bin/../lib/gcc/avr/5.4.0/avrxmega3/short-calls\libgcc.a(_exit.o)
 .text.libgcc   0x00000000        0x0 e:/programmer/atmel/7.0/toolchain/avr8/avr8-gnu-toolchain/bin/../lib/gcc/avr/5.4.0/avrxmega3/short-calls\libgcc.a(_exit.o)
 .text.libgcc.prologue
                0x00000000        0x0 e:/programmer/atmel/7.0/toolchain/avr8/avr8-gnu-toolchain/bin/../lib/gcc/avr/5.4.0/avrxmega3/short-calls\libgcc.a(_exit.o)
 .text.libgcc.builtins
                0x00000000        0x0 e:/programmer/atmel/7.0/toolchain/avr8/avr8-gnu-toolchain/bin/../lib/gcc/avr/5.4.0/avrxmega3/short-calls\libgcc.a(_exit.o)
 .text.libgcc.fmul
                0x00000000        0x0 e:/programmer/atmel/7.0/toolchain/avr8/avr8-gnu-toolchain/bin/../lib/gcc/avr/5.4.0/avrxmega3/short-calls\libgcc.a(_exit.o)
 .text.libgcc.fixed
                0x00000000        0x0 e:/programmer/atmel/7.0/toolchain/avr8/avr8-gnu-toolchain/bin/../lib/gcc/avr/5.4.0/avrxmega3/short-calls\libgcc.a(_exit.o)
 .text          0x00000000        0x0 e:/programmer/atmel/7.0/toolchain/avr8/avr8-gnu-toolchain/bin/../lib/gcc/avr/5.4.0/avrxmega3/short-calls\libgcc.a(_copy_data.o)
 .data          0x00000000        0x0 e:/programmer/atmel/7.0/toolchain/avr8/avr8-gnu-toolchain/bin/../lib/gcc/avr/5.4.0/avrxmega3/short-calls\libgcc.a(_copy_data.o)
 .bss           0x00000000        0x0 e:/programmer/atmel/7.0/toolchain/avr8/avr8-gnu-toolchain/bin/../lib/gcc/avr/5.4.0/avrxmega3/short-calls\libgcc.a(_copy_data.o)
 .text.libgcc.mul
                0x00000000        0x0 e:/programmer/atmel/7.0/toolchain/avr8/avr8-gnu-toolchain/bin/../lib/gcc/avr/5.4.0/avrxmega3/short-calls\libgcc.a(_copy_data.o)
 .text.libgcc.div
                0x00000000        0x0 e:/programmer/atmel/7.0/toolchain/avr8/avr8-gnu-toolchain/bin/../lib/gcc/avr/5.4.0/avrxmega3/short-calls\libgcc.a(_copy_data.o)
 .text.libgcc   0x00000000        0x0 e:/programmer/atmel/7.0/toolchain/avr8/avr8-gnu-toolchain/bin/../lib/gcc/avr/5.4.0/avrxmega3/short-calls\libgcc.a(_copy_data.o)
 .text.libgcc.prologue
                0x00000000        0x0 e:/programmer/atmel/7.0/toolchain/avr8/avr8-gnu-toolchain/bin/../lib/gcc/avr/5.4.0/avrxmega3/short-calls\libgcc.a(_copy_data.o)
 .text.libgcc.builtins
                0x00000000        0x0 e:/programmer/atmel/7.0/toolchain/avr8/avr8-gnu-toolchain/bin/../lib/gcc/avr/5.4.0/avrxmega3/short-calls\libgcc.a(_copy_data.o)
 .text.libgcc.fmul
                0x00000000        0x0 e:/programmer/atmel/7.0/toolchain/avr8/avr8-gnu-toolchain/bin/../lib/gcc/avr/5.4.0/avrxmega3/short-calls\libgcc.a(_copy_data.o)
 .text.libgcc.fixed
                0x00000000        0x0 e:/programmer/atmel/7.0/toolchain/avr8/avr8-gnu-toolchain/bin/../lib/gcc/avr/5.4.0/avrxmega3/short-calls\libgcc.a(_copy_data.o)
 .text          0x00000000        0x0 e:/programmer/atmel/7.0/toolchain/avr8/avr8-gnu-toolchain/bin/../lib/gcc/avr/5.4.0/avrxmega3/short-calls\libgcc.a(_clear_bss.o)
 .data          0x00000000        0x0 e:/programmer/atmel/7.0/toolchain/avr8/avr8-gnu-toolchain/bin/../lib/gcc/avr/5.4.0/avrxmega3/short-calls\libgcc.a(_clear_bss.o)
 .bss           0x00000000        0x0 e:/programmer/atmel/7.0/toolchain/avr8/avr8-gnu-toolchain/bin/../lib/gcc/avr/5.4.0/avrxmega3/short-calls\libgcc.a(_clear_bss.o)
 .text.libgcc.mul
                0x00000000        0x0 e:/programmer/atmel/7.0/toolchain/avr8/avr8-gnu-toolchain/bin/../lib/gcc/avr/5.4.0/avrxmega3/short-calls\libgcc.a(_clear_bss.o)
 .text.libgcc.div
                0x00000000        0x0 e:/programmer/atmel/7.0/toolchain/avr8/avr8-gnu-toolchain/bin/../lib/gcc/avr/5.4.0/avrxmega3/short-calls\libgcc.a(_clear_bss.o)
 .text.libgcc   0x00000000        0x0 e:/programmer/atmel/7.0/toolchain/avr8/avr8-gnu-toolchain/bin/../lib/gcc/avr/5.4.0/avrxmega3/short-calls\libgcc.a(_clear_bss.o)
 .text.libgcc.prologue
                0x00000000        0x0 e:/programmer/atmel/7.0/toolchain/avr8/avr8-gnu-toolchain/bin/../lib/gcc/avr/5.4.0/avrxmega3/short-calls\libgcc.a(_clear_bss.o)
 .text.libgcc.builtins
                0x00000000        0x0 e:/programmer/atmel/7.0/toolchain/avr8/avr8-gnu-toolchain/bin/../lib/gcc/avr/5.4.0/avrxmega3/short-calls\libgcc.a(_clear_bss.o)
 .text.libgcc.fmul
                0x00000000        0x0 e:/programmer/atmel/7.0/toolchain/avr8/avr8-gnu-toolchain/bin/../lib/gcc/avr/5.4.0/avrxmega3/short-calls\libgcc.a(_clear_bss.o)
 .text.libgcc.fixed
                0x00000000        0x0 e:/programmer/atmel/7.0/toolchain/avr8/avr8-gnu-toolchain/bin/../lib/gcc/avr/5.4.0/avrxmega3/short-calls\libgcc.a(_clear_bss.o)

Memory Configuration

Name             Origin             Length             Attributes
text             0x00000000         0x00100000         xr
data             0x00802000         0x0000ffa0         rw !x
eeprom           0x00810000         0x00010000         rw !x
fuse             0x00820000         0x00000009         rw !x
lock             0x00830000         0x00000400         rw !x
signature        0x00840000         0x00000400         rw !x
user_signatures  0x00850000         0x00000400         rw !x
*default*        0x00000000         0xffffffff

Linker script and memory map

Address of section .data set to 0x803e00
                0x00008000                __RODATA_PM_OFFSET__ = 0x8000
LOAD E:/programmer/Atmel/7.0/Packs/Atmel/ATtiny_DFP/1.3.172/gcc/dev/attiny817/avrxmega3/short-calls/crtattiny817.o
LOAD atmel_start.o
LOAD colorman/rainbows.o
LOAD driver_isr.o
LOAD examples/src/adc_basic_example.o
LOAD examples/src/dac_basic_example.o
LOAD ISR_timer_counter/ISR_timer_counter.o
LOAD main.o
LOAD Potential_to_RGB/Potential_to_RGB.o
LOAD pullup_pushbutton/pullup_pushbutton.o
LOAD spont_pulse/spont_pulse.o
LOAD src/adc_basic.o
LOAD src/bod.o
LOAD src/ccl.o
LOAD src/clkctrl.o
LOAD src/cpuint.o
LOAD src/dac_basic.o
LOAD src/driver_init.o
LOAD src/protected_io.o
LOAD src/rtc.o
LOAD src/slpctrl.o
LOAD src/spi.o
LOAD src/tca.o
LOAD tinyCCLRGB/tinyCCLRGB.o
LOAD tiny_DAC_axon/tiny_DAC_axon.o
LOAD tiny_dendrites/tiny_ADC_dendrites.o
LOAD tiny_timed_ISR/tiny_timed_ISR.o
LOAD tiny_potential/tiny_potential.o
START GROUP
LOAD e:/programmer/atmel/7.0/toolchain/avr8/avr8-gnu-toolchain/bin/../lib/gcc/avr/5.4.0/../../../../avr/lib/avrxmega3/short-calls\libm.a
END GROUP
START GROUP
LOAD e:/programmer/atmel/7.0/toolchain/avr8/avr8-gnu-toolchain/bin/../lib/gcc/avr/5.4.0/avrxmega3/short-calls\libgcc.a
LOAD e:/programmer/atmel/7.0/toolchain/avr8/avr8-gnu-toolchain/bin/../lib/gcc/avr/5.4.0/../../../../avr/lib/avrxmega3/short-calls\libm.a
LOAD e:/programmer/atmel/7.0/toolchain/avr8/avr8-gnu-toolchain/bin/../lib/gcc/avr/5.4.0/../../../../avr/lib/avrxmega3/short-calls\libc.a
LOAD E:/programmer/Atmel/7.0/Packs/Atmel/ATtiny_DFP/1.3.172/gcc/dev/attiny817/avrxmega3/short-calls\libattiny817.a
END GROUP
                0x00100000                __TEXT_REGION_LENGTH__ = DEFINED (__TEXT_REGION_LENGTH__)?__TEXT_REGION_LENGTH__:0x100000
                0x0000ffa0                __DATA_REGION_LENGTH__ = DEFINED (__DATA_REGION_LENGTH__)?__DATA_REGION_LENGTH__:0xffa0
                0x00010000                __EEPROM_REGION_LENGTH__ = DEFINED (__EEPROM_REGION_LENGTH__)?__EEPROM_REGION_LENGTH__:0x10000
                [0x00000009]                __FUSE_REGION_LENGTH__ = DEFINED (__FUSE_REGION_LENGTH__)?__FUSE_REGION_LENGTH__:0x400
                0x00000400                __LOCK_REGION_LENGTH__ = DEFINED (__LOCK_REGION_LENGTH__)?__LOCK_REGION_LENGTH__:0x400
                0x00000400                __SIGNATURE_REGION_LENGTH__ = DEFINED (__SIGNATURE_REGION_LENGTH__)?__SIGNATURE_REGION_LENGTH__:0x400
                0x00000400                __USER_SIGNATURE_REGION_LENGTH__ = DEFINED (__USER_SIGNATURE_REGION_LENGTH__)?__USER_SIGNATURE_REGION_LENGTH__:0x400
                0x00008000                __RODATA_PM_OFFSET__ = DEFINED (__RODATA_PM_OFFSET__)?__RODATA_PM_OFFSET__:0x8000

.hash
 *(.hash)

.dynsym
 *(.dynsym)

.dynstr
 *(.dynstr)

.gnu.version
 *(.gnu.version)

.gnu.version_d
 *(.gnu.version_d)

.gnu.version_r
 *(.gnu.version_r)

.rel.init
 *(.rel.init)

.rela.init
 *(.rela.init)

.rel.text
 *(.rel.text)
 *(.rel.text.*)
 *(.rel.gnu.linkonce.t*)

.rela.text
 *(.rela.text)
 *(.rela.text.*)
 *(.rela.gnu.linkonce.t*)

.rel.fini
 *(.rel.fini)

.rela.fini
 *(.rela.fini)

.rel.rodata
 *(.rel.rodata)
 *(.rel.rodata.*)
 *(.rel.gnu.linkonce.r*)

.rela.rodata
 *(.rela.rodata)
 *(.rela.rodata.*)
 *(.rela.gnu.linkonce.r*)

.rel.data
 *(.rel.data)
 *(.rel.data.*)
 *(.rel.gnu.linkonce.d*)

.rela.data
 *(.rela.data)
 *(.rela.data.*)
 *(.rela.gnu.linkonce.d*)

.rel.ctors
 *(.rel.ctors)

.rela.ctors
 *(.rela.ctors)

.rel.dtors
 *(.rel.dtors)

.rela.dtors
 *(.rela.dtors)

.rel.got
 *(.rel.got)

.rela.got
 *(.rela.got)

.rel.bss
 *(.rel.bss)

.rela.bss
 *(.rela.bss)

.rel.plt
 *(.rel.plt)

.rela.plt
 *(.rela.plt)

.text           0x00000000     0x11b0
 *(.vectors)
 .vectors       0x00000000       0x34 E:/programmer/Atmel/7.0/Packs/Atmel/ATtiny_DFP/1.3.172/gcc/dev/attiny817/avrxmega3/short-calls/crtattiny817.o
                0x00000000                __vector_default
                0x00000000                __vectors
 *(.vectors)
 *(.progmem.gcc*)
 .progmem.gcc_fplib
                0x00000034       0x28 e:/programmer/atmel/7.0/toolchain/avr8/avr8-gnu-toolchain/bin/../lib/gcc/avr/5.4.0/../../../../avr/lib/avrxmega3/short-calls\libm.a(exp.o)
                0x0000005c                . = ALIGN (0x2)
                0x0000005c                __trampolines_start = .
 *(.trampolines)
 .trampolines   0x0000005c        0x0 linker stubs
 *(.trampolines*)
                0x0000005c                __trampolines_end = .
 *libprintf_flt.a:*(.progmem.data)
 *libc.a:*(.progmem.data)
 *(.progmem*)
                0x0000005c                . = ALIGN (0x2)
 *(.jumptables)
 *(.jumptables*)
 *(.lowtext)
 *(.lowtext*)
                0x0000005c                __ctors_start = .
 *(.ctors)
                0x0000005c                __ctors_end = .
                0x0000005c                __dtors_start = .
 *(.dtors)
                0x0000005c                __dtors_end = .
 SORT(*)(.ctors)
 SORT(*)(.dtors)
 *(.init0)
 .init0         0x0000005c        0x0 E:/programmer/Atmel/7.0/Packs/Atmel/ATtiny_DFP/1.3.172/gcc/dev/attiny817/avrxmega3/short-calls/crtattiny817.o
                0x0000005c                __init
 *(.init0)
 *(.init1)
 *(.init1)
 *(.init2)
 .init2         0x0000005c        0xc E:/programmer/Atmel/7.0/Packs/Atmel/ATtiny_DFP/1.3.172/gcc/dev/attiny817/avrxmega3/short-calls/crtattiny817.o
 *(.init2)
 *(.init3)
 *(.init3)
 *(.init4)
 .init4         0x00000068       0x16 e:/programmer/atmel/7.0/toolchain/avr8/avr8-gnu-toolchain/bin/../lib/gcc/avr/5.4.0/avrxmega3/short-calls\libgcc.a(_copy_data.o)
                0x00000068                __do_copy_data
 .init4         0x0000007e       0x10 e:/programmer/atmel/7.0/toolchain/avr8/avr8-gnu-toolchain/bin/../lib/gcc/avr/5.4.0/avrxmega3/short-calls\libgcc.a(_clear_bss.o)
                0x0000007e                __do_clear_bss
 *(.init4)
 *(.init5)
 *(.init5)
 *(.init6)
 *(.init6)
 *(.init7)
 *(.init7)
 *(.init8)
 *(.init8)
 *(.init9)
 .init9         0x0000008e        0x4 E:/programmer/Atmel/7.0/Packs/Atmel/ATtiny_DFP/1.3.172/gcc/dev/attiny817/avrxmega3/short-calls/crtattiny817.o
 *(.init9)
 *(.text)
 .text          0x00000092        0x2 E:/programmer/Atmel/7.0/Packs/Atmel/ATtiny_DFP/1.3.172/gcc/dev/attiny817/avrxmega3/short-calls/crtattiny817.o
                0x00000092                __vector_22
                0x00000092                __vector_1
                0x00000092                __vector_24
                0x00000092                __vector_12
                0x00000092                __bad_interrupt
                0x00000092                __vector_3
                0x00000092                __vector_23
                0x00000092                __vector_25
                0x00000092                __vector_11
                0x00000092                __vector_13
                0x00000092                __vector_17
                0x00000092                __vector_19
                0x00000092                __vector_7
                0x00000092                __vector_5
                0x00000092                __vector_4
                0x00000092                __vector_9
                0x00000092                __vector_2
                0x00000092                __vector_21
                0x00000092                __vector_15
                0x00000092                __vector_8
                0x00000092                __vector_14
                0x00000092                __vector_10
                0x00000092                __vector_16
                0x00000092                __vector_18
                0x00000092                __vector_20
                0x00000094                . = ALIGN (0x2)
 *(.text.*)
 .text.atmel_start_init
                0x00000094        0x4 atmel_start.o
                0x00000094                atmel_start_init
 .text.ISR_timer_counter_increment
                0x00000098       0x28 ISR_timer_counter/ISR_timer_counter.o
                0x00000098                ISR_timer_counter_increment
 .text.ISR_timer_count
                0x000000c0       0x12 ISR_timer_counter/ISR_timer_counter.o
                0x000000c0                ISR_timer_count
 .text.main     0x000000d2       0x34 main.o
                0x000000d2                main
 .text.set_LED_fire
                0x00000106       0x2a Potential_to_RGB/Potential_to_RGB.o
                0x00000106                set_LED_fire
 .text.potential_to_RGB_update_LEDs
                0x00000130      0x116 Potential_to_RGB/Potential_to_RGB.o
                0x00000130                potential_to_RGB_update_LEDs
 .text.pullup_pushbutton_get_state
                0x00000246       0xa2 pullup_pushbutton/pullup_pushbutton.o
                0x00000246                pullup_pushbutton_get_state
 .text.pullup_pushbutton_is_spont_pulse_on
                0x000002e8        0x6 pullup_pushbutton/pullup_pushbutton.o
                0x000002e8                pullup_pushbutton_is_spont_pulse_on
 .text.spont_pulse_delta_potential
                0x000002ee       0xa2 spont_pulse/spont_pulse.o
                0x000002ee                spont_pulse_delta_potential
 .text.ADC_init
                0x00000390        0xa src/adc_basic.o
                0x00000390                ADC_init
 .text.ADC_is_conversion_done
                0x0000039a        0x8 src/adc_basic.o
                0x0000039a                ADC_is_conversion_done
 .text.ADC_get_conversion
                0x000003a2       0x22 src/adc_basic.o
                0x000003a2                ADC_get_conversion
 .text.BOD_init
                0x000003c4        0x4 src/bod.o
                0x000003c4                BOD_init
 .text.DIGGSIGG_init
                0x000003c8       0x1c src/ccl.o
                0x000003c8                DIGGSIGG_init
 .text.CLKCTRL_init
                0x000003e4       0x18 src/clkctrl.o
                0x000003e4                CLKCTRL_init
 .text.CPUINT_init
                0x000003fc        0x6 src/cpuint.o
                0x000003fc                CPUINT_init
 .text.DAC_init
                0x00000402        0xa src/dac_basic.o
                0x00000402                DAC_init
 .text.DAC_set_output
                0x0000040c        0x6 src/dac_basic.o
                0x0000040c                DAC_set_output
 .text.mcu_init
                0x00000412       0x38 src/driver_init.o
                0x00000412                mcu_init
 .text.ADC_initialization
                0x0000044a       0x5e src/driver_init.o
                0x0000044a                ADC_initialization
 .text.TIMER_0_initialization
                0x000004a8       0x12 src/driver_init.o
                0x000004a8                TIMER_0_initialization
 .text.DIGGSIGG_initialization
                0x000004ba       0x12 src/driver_init.o
                0x000004ba                DIGGSIGG_initialization
 .text.SPI_0_initialization
                0x000004cc       0x1c src/driver_init.o
                0x000004cc                SPI_0_initialization
 .text.system_init
                0x000004e8       0x28 src/driver_init.o
                0x000004e8                system_init
 .text.protected_write_io
                0x00000510        0x8 src/protected_io.o
                0x00000510                protected_write_io
 .text.RTC_init
                0x00000518       0x34 src/rtc.o
                0x00000518                RTC_init
 .text.SLPCTRL_init
                0x0000054c        0x4 src/slpctrl.o
                0x0000054c                SLPCTRL_init
 .text.SPI_0_init
                0x00000550       0x10 src/spi.o
                0x00000550                SPI_0_init
 .text.TIMER_0_init
                0x00000560       0x20 src/tca.o
                0x00000560                TIMER_0_init
 .text.tinyCCLRGB_SPIWriteByte
                0x00000580       0x28 tinyCCLRGB/tinyCCLRGB.o
 .text.tinyCCLRGB_setColor
                0x000005a8       0x1a tinyCCLRGB/tinyCCLRGB.o
                0x000005a8                tinyCCLRGB_setColor
 .text.tinyCCLRGB_uploadColorsToLeds
                0x000005c2       0x2e tinyCCLRGB/tinyCCLRGB.o
                0x000005c2                tinyCCLRGB_uploadColorsToLeds
 .text.tiny_DAC_axon_queue_fire_time
                0x000005f0       0x26 tiny_DAC_axon/tiny_DAC_axon.o
 .text.tiny_DAC_set_neur_type
                0x00000616        0x6 tiny_DAC_axon/tiny_DAC_axon.o
                0x00000616                tiny_DAC_set_neur_type
 .text.tiny_DAC_axon_neg_pulse_queue_check
                0x0000061c       0x7c tiny_DAC_axon/tiny_DAC_axon.o
                0x0000061c                tiny_DAC_axon_neg_pulse_queue_check
 .text.tiny_DAC_axon_master_update
                0x00000698       0xf0 tiny_DAC_axon/tiny_DAC_axon.o
                0x00000698                tiny_DAC_axon_master_update
 .text.tiny_ADC_dendrite_delta_potential
                0x00000788      0x182 tiny_dendrites/tiny_ADC_dendrites.o
                0x00000788                tiny_ADC_dendrite_delta_potential
 .text.__vector_6
                0x0000090a       0x54 tiny_timed_ISR/tiny_timed_ISR.o
                0x0000090a                __vector_6
 .text.tiny_timed_ISR_setflag
                0x0000095e        0x6 tiny_timed_ISR/tiny_timed_ISR.o
                0x0000095e                tiny_timed_ISR_setflag
 .text.tiny_timed_ISR_getflag
                0x00000964        0x6 tiny_timed_ISR/tiny_timed_ISR.o
                0x00000964                tiny_timed_ISR_getflag
 .text.tiny_potential_manual_update
                0x0000096a       0x34 tiny_potential/tiny_potential.o
 .text.tiny_potential_master_update
                0x0000099e      0x14a tiny_potential/tiny_potential.o
                0x0000099e                tiny_potential_master_update
 .text.avr-libc.fplib
                0x00000ae8        0xe e:/programmer/atmel/7.0/toolchain/avr8/avr8-gnu-toolchain/bin/../lib/gcc/avr/5.4.0/../../../../avr/lib/avrxmega3/short-calls\libm.a(addsf3.o)
                0x00000ae8                __subsf3
                0x00000aea                __addsf3
 .text.avr-libc.fplib
                0x00000af6       0xcc e:/programmer/atmel/7.0/toolchain/avr8/avr8-gnu-toolchain/bin/../lib/gcc/avr/5.4.0/../../../../avr/lib/avrxmega3/short-calls\libm.a(addsf3x.o)
                0x00000b18                __addsf3x
 .text.avr-libc.fplib
                0x00000bc2        0xa e:/programmer/atmel/7.0/toolchain/avr8/avr8-gnu-toolchain/bin/../lib/gcc/avr/5.4.0/../../../../avr/lib/avrxmega3/short-calls\libm.a(cmpsf2.o)
                0x00000bc2                __nesf2
                0x00000bc2                __eqsf2
                0x00000bc2                __cmpsf2
                0x00000bc2                __ltsf2
                0x00000bc2                __lesf2
 .text.avr-libc.fplib
                0x00000bcc        0x8 e:/programmer/atmel/7.0/toolchain/avr8/avr8-gnu-toolchain/bin/../lib/gcc/avr/5.4.0/../../../../avr/lib/avrxmega3/short-calls\libm.a(divsf3.o)
                0x00000bcc                __divsf3
 .text.avr-libc.fplib
                0x00000bd4       0xdc e:/programmer/atmel/7.0/toolchain/avr8/avr8-gnu-toolchain/bin/../lib/gcc/avr/5.4.0/../../../../avr/lib/avrxmega3/short-calls\libm.a(divsf3x.o)
                0x00000bf4                __divsf3x
                0x00000bfa                __divsf3_pse
 .text.avr-libc.fplib
                0x00000cb0       0x74 e:/programmer/atmel/7.0/toolchain/avr8/avr8-gnu-toolchain/bin/../lib/gcc/avr/5.4.0/../../../../avr/lib/avrxmega3/short-calls\libm.a(exp.o)
                0x00000cc0                exp
 .text.avr-libc.fplib
                0x00000d24        0xe e:/programmer/atmel/7.0/toolchain/avr8/avr8-gnu-toolchain/bin/../lib/gcc/avr/5.4.0/../../../../avr/lib/avrxmega3/short-calls\libm.a(fixsfsi.o)
                0x00000d24                __fixsfsi
 .text.avr-libc.fplib
                0x00000d32       0x5e e:/programmer/atmel/7.0/toolchain/avr8/avr8-gnu-toolchain/bin/../lib/gcc/avr/5.4.0/../../../../avr/lib/avrxmega3/short-calls\libm.a(fixunssfsi.o)
                0x00000d32                __fixunssfsi
 .text.avr-libc.fplib
                0x00000d90       0x7a e:/programmer/atmel/7.0/toolchain/avr8/avr8-gnu-toolchain/bin/../lib/gcc/avr/5.4.0/../../../../avr/lib/avrxmega3/short-calls\libm.a(floatsisf.o)
                0x00000d90                __floatunsisf
                0x00000d94                __floatsisf
 .text.avr-libc.fplib
                0x00000e0a       0x48 e:/programmer/atmel/7.0/toolchain/avr8/avr8-gnu-toolchain/bin/../lib/gcc/avr/5.4.0/../../../../avr/lib/avrxmega3/short-calls\libm.a(fp_cmp.o)
                0x00000e0a                __fp_cmp
 .text.avr-libc.fplib
                0x00000e52        0xc e:/programmer/atmel/7.0/toolchain/avr8/avr8-gnu-toolchain/bin/../lib/gcc/avr/5.4.0/../../../../avr/lib/avrxmega3/short-calls\libm.a(fp_inf.o)
                0x00000e52                __fp_inf
 .text.avr-libc.fplib
                0x00000e5e        0x6 e:/programmer/atmel/7.0/toolchain/avr8/avr8-gnu-toolchain/bin/../lib/gcc/avr/5.4.0/../../../../avr/lib/avrxmega3/short-calls\libm.a(fp_nan.o)
                0x00000e5e                __fp_nan
 .text.avr-libc.fplib
                0x00000e64       0x4e e:/programmer/atmel/7.0/toolchain/avr8/avr8-gnu-toolchain/bin/../lib/gcc/avr/5.4.0/../../../../avr/lib/avrxmega3/short-calls\libm.a(fp_powser.o)
                0x00000e64                __fp_powser
 .text.avr-libc.fplib
                0x00000eb2        0xe e:/programmer/atmel/7.0/toolchain/avr8/avr8-gnu-toolchain/bin/../lib/gcc/avr/5.4.0/../../../../avr/lib/avrxmega3/short-calls\libm.a(fp_pscA.o)
                0x00000eb2                __fp_pscA
 .text.avr-libc.fplib
                0x00000ec0        0xe e:/programmer/atmel/7.0/toolchain/avr8/avr8-gnu-toolchain/bin/../lib/gcc/avr/5.4.0/../../../../avr/lib/avrxmega3/short-calls\libm.a(fp_pscB.o)
                0x00000ec0                __fp_pscB
 .text.avr-libc.fplib
                0x00000ece       0x22 e:/programmer/atmel/7.0/toolchain/avr8/avr8-gnu-toolchain/bin/../lib/gcc/avr/5.4.0/../../../../avr/lib/avrxmega3/short-calls\libm.a(fp_round.o)
                0x00000ece                __fp_round
 .text.avr-libc.fplib
                0x00000ef0       0x44 e:/programmer/atmel/7.0/toolchain/avr8/avr8-gnu-toolchain/bin/../lib/gcc/avr/5.4.0/../../../../avr/lib/avrxmega3/short-calls\libm.a(fp_split3.o)
                0x00000ef0                __fp_split3
                0x00000f00                __fp_splitA
 .text.avr-libc.fplib
                0x00000f34        0xe e:/programmer/atmel/7.0/toolchain/avr8/avr8-gnu-toolchain/bin/../lib/gcc/avr/5.4.0/../../../../avr/lib/avrxmega3/short-calls\libm.a(fp_zero.o)
                0x00000f34                __fp_zero
                0x00000f36                __fp_szero
 .text.avr-libc.fplib
                0x00000f42        0xa e:/programmer/atmel/7.0/toolchain/avr8/avr8-gnu-toolchain/bin/../lib/gcc/avr/5.4.0/../../../../avr/lib/avrxmega3/short-calls\libm.a(gesf2.o)
                0x00000f42                __gesf2
                0x00000f42                __gtsf2
 .text.avr-libc.fplib
                0x00000f4c       0x10 e:/programmer/atmel/7.0/toolchain/avr8/avr8-gnu-toolchain/bin/../lib/gcc/avr/5.4.0/../../../../avr/lib/avrxmega3/short-calls\libm.a(inverse.o)
                0x00000f4c                inverse
 .text.avr-libc.fplib
                0x00000f5c       0x74 e:/programmer/atmel/7.0/toolchain/avr8/avr8-gnu-toolchain/bin/../lib/gcc/avr/5.4.0/../../../../avr/lib/avrxmega3/short-calls\libm.a(ldexp.o)
                0x00000f64                ldexp
 .text.avr-libc.fplib
                0x00000fd0       0x68 e:/programmer/atmel/7.0/toolchain/avr8/avr8-gnu-toolchain/bin/../lib/gcc/avr/5.4.0/../../../../avr/lib/avrxmega3/short-calls\libm.a(modf.o)
                0x00000fd0                modf
                0x00000fd0                modff
 .text.avr-libc.fplib
                0x00001038        0x8 e:/programmer/atmel/7.0/toolchain/avr8/avr8-gnu-toolchain/bin/../lib/gcc/avr/5.4.0/../../../../avr/lib/avrxmega3/short-calls\libm.a(mulsf3.o)
                0x00001038                __mulsf3
 .text.avr-libc.fplib
                0x00001040       0xd2 e:/programmer/atmel/7.0/toolchain/avr8/avr8-gnu-toolchain/bin/../lib/gcc/avr/5.4.0/../../../../avr/lib/avrxmega3/short-calls\libm.a(mulsf3x.o)
                0x0000105e                __mulsf3x
                0x00001064                __mulsf3_pse
 .text.avr-libc.fplib
                0x00001112       0x48 e:/programmer/atmel/7.0/toolchain/avr8/avr8-gnu-toolchain/bin/../lib/gcc/avr/5.4.0/../../../../avr/lib/avrxmega3/short-calls\libm.a(round.o)
                0x00001112                round
 .text.avr-libc.fplib
                0x0000115a       0x36 e:/programmer/atmel/7.0/toolchain/avr8/avr8-gnu-toolchain/bin/../lib/gcc/avr/5.4.0/../../../../avr/lib/avrxmega3/short-calls\libm.a(fp_mintl.o)
                0x0000115a                __fp_mintl
 .text.avr-libc.fplib
                0x00001190       0x1c e:/programmer/atmel/7.0/toolchain/avr8/avr8-gnu-toolchain/bin/../lib/gcc/avr/5.4.0/../../../../avr/lib/avrxmega3/short-calls\libm.a(fp_mpack.o)
                0x00001190                __fp_mpack
                0x00001194                __fp_mpack_finite
                0x000011ac                . = ALIGN (0x2)
 *(.fini9)
 .fini9         0x000011ac        0x0 e:/programmer/atmel/7.0/toolchain/avr8/avr8-gnu-toolchain/bin/../lib/gcc/avr/5.4.0/avrxmega3/short-calls\libgcc.a(_exit.o)
                0x000011ac                _exit
                0x000011ac                exit
 *(.fini9)
 *(.fini8)
 *(.fini8)
 *(.fini7)
 *(.fini7)
 *(.fini6)
 *(.fini6)
 *(.fini5)
 *(.fini5)
 *(.fini4)
 *(.fini4)
 *(.fini3)
 *(.fini3)
 *(.fini2)
 *(.fini2)
 *(.fini1)
 *(.fini1)
 *(.fini0)
 .fini0         0x000011ac        0x4 e:/programmer/atmel/7.0/toolchain/avr8/avr8-gnu-toolchain/bin/../lib/gcc/avr/5.4.0/avrxmega3/short-calls\libgcc.a(_exit.o)
 *(.fini0)
                0x000011b0                _etext = .

.rodata
 *(.rodata)
 *(.rodata*)
 *(.gnu.linkonce.r*)

.data           0x00803e00        0x6 load address 0x000011b0
                0x00803e00                PROVIDE (__data_start, .)
 *(.data)
 *(.data*)
 .data.this_neurons_type
                0x00803e00        0x1 tiny_DAC_axon/tiny_DAC_axon.o
                0x00803e00                this_neurons_type
 .data.dendrite_ports
                0x00803e01        0x5 tiny_dendrites/tiny_ADC_dendrites.o
                0x00803e01                dendrite_ports
 *(.gnu.linkonce.d*)
                0x00803e06                . = ALIGN (0x2)
                0x00803e06                _edata = .
                0x00803e06                PROVIDE (__data_end, .)

.bss            0x00803e06       0x52
                0x00803e06                PROVIDE (__bss_start, .)
 *(.bss)
 *(.bss*)
 .bss.timer_counter_integer
                0x00803e06        0x4 ISR_timer_counter/ISR_timer_counter.o
 .bss.fire_flash_time_counter
                0x00803e0a        0x4 Potential_to_RGB/Potential_to_RGB.o
                0x00803e0a                fire_flash_time_counter
 .bss.pullup_pushbutton_spont_pulse
                0x00803e0e        0x1 pullup_pushbutton/pullup_pushbutton.o
 .bss.pullup_pushbutton_start_time
                0x00803e0f        0x4 pullup_pushbutton/pullup_pushbutton.o
 .bss.button_was_pushed_down
                0x00803e13        0x1 pullup_pushbutton/pullup_pushbutton.o
 .bss.spont_pulse_out
                0x00803e14        0x1 spont_pulse/spont_pulse.o
 .bss.spont_pulse_timer_counter
                0x00803e15        0x4 spont_pulse/spont_pulse.o
 .bss.tinyCCLRGB_colors
                0x00803e19       0x12 tinyCCLRGB/tinyCCLRGB.o
 .bss.axon_pulse_time_queue
                0x00803e2b       0x10 tiny_DAC_axon/tiny_DAC_axon.o
                0x00803e2b                axon_pulse_time_queue
 .bss.pulses_in_queue
                0x00803e3b        0x1 tiny_DAC_axon/tiny_DAC_axon.o
                0x00803e3b                pulses_in_queue
 .bss.tiny_DAC_axon_fire
                0x00803e3c        0x1 tiny_DAC_axon/tiny_DAC_axon.o
                0x00803e3c                tiny_DAC_axon_fire
 .bss.tiny_DAC_axon_prev
                0x00803e3d        0x1 tiny_DAC_axon/tiny_DAC_axon.o
                0x00803e3d                tiny_DAC_axon_prev
 .bss.tiny_ADC_dendrite_prev_signals
                0x00803e3e        0x5 tiny_dendrites/tiny_ADC_dendrites.o
                0x00803e3e                tiny_ADC_dendrite_prev_signals
 .bss.tiny_ADC_dendrite_cur_signals
                0x00803e43        0x5 tiny_dendrites/tiny_ADC_dendrites.o
                0x00803e43                tiny_ADC_dendrite_cur_signals
 .bss.tiny_ADC_values
                0x00803e48        0xa tiny_dendrites/tiny_ADC_dendrites.o
                0x00803e48                tiny_ADC_values
 .bss.tiny_timed_ISR_interruptflag
                0x00803e52        0x1 tiny_timed_ISR/tiny_timed_ISR.o
 .bss.spontaneous_pulse_mode
                0x00803e53        0x1 tiny_potential/tiny_potential.o
 .bss.tiny_potential
                0x00803e54        0x4 tiny_potential/tiny_potential.o
 *(COMMON)
                0x00803e58                PROVIDE (__bss_end, .)
                0x000011b0                __data_load_start = LOADADDR (.data)
                0x000011b6                __data_load_end = (__data_load_start + SIZEOF (.data))

.noinit         0x00803e58        0x0
                [!provide]                PROVIDE (__noinit_start, .)
 *(.noinit*)
                [!provide]                PROVIDE (__noinit_end, .)
                0x00803e58                _end = .
                [!provide]                PROVIDE (__heap_start, .)

.eeprom         0x00810000        0x0
 *(.eeprom*)
                0x00810000                __eeprom_end = .

.fuse
 *(.fuse)
 *(.lfuse)
 *(.hfuse)
 *(.efuse)

.lock
 *(.lock*)

.signature
 *(.signature*)

.user_signatures
 *(.user_signatures*)

.stab
 *(.stab)

.stabstr
 *(.stabstr)

.stab.excl
 *(.stab.excl)

.stab.exclstr
 *(.stab.exclstr)

.stab.index
 *(.stab.index)

.stab.indexstr
 *(.stab.indexstr)

.comment        0x00000000       0x30
 *(.comment)
 .comment       0x00000000       0x30 atmel_start.o
                                 0x31 (size before relaxing)
 .comment       0x00000030       0x31 ISR_timer_counter/ISR_timer_counter.o
 .comment       0x00000030       0x31 main.o
 .comment       0x00000030       0x31 Potential_to_RGB/Potential_to_RGB.o
 .comment       0x00000030       0x31 pullup_pushbutton/pullup_pushbutton.o
 .comment       0x00000030       0x31 spont_pulse/spont_pulse.o
 .comment       0x00000030       0x31 src/adc_basic.o
 .comment       0x00000030       0x31 src/bod.o
 .comment       0x00000030       0x31 src/ccl.o
 .comment       0x00000030       0x31 src/clkctrl.o
 .comment       0x00000030       0x31 src/cpuint.o
 .comment       0x00000030       0x31 src/dac_basic.o
 .comment       0x00000030       0x31 src/driver_init.o
 .comment       0x00000030       0x31 src/rtc.o
 .comment       0x00000030       0x31 src/slpctrl.o
 .comment       0x00000030       0x31 src/spi.o
 .comment       0x00000030       0x31 src/tca.o
 .comment       0x00000030       0x31 tinyCCLRGB/tinyCCLRGB.o
 .comment       0x00000030       0x31 tiny_DAC_axon/tiny_DAC_axon.o
 .comment       0x00000030       0x31 tiny_dendrites/tiny_ADC_dendrites.o
 .comment       0x00000030       0x31 tiny_timed_ISR/tiny_timed_ISR.o
 .comment       0x00000030       0x31 tiny_potential/tiny_potential.o

.note.gnu.avr.deviceinfo
                0x00000000       0x3c
 .note.gnu.avr.deviceinfo
                0x00000000       0x3c E:/programmer/Atmel/7.0/Packs/Atmel/ATtiny_DFP/1.3.172/gcc/dev/attiny817/avrxmega3/short-calls/crtattiny817.o

.note.gnu.build-id
 *(.note.gnu.build-id)

.debug
 *(.debug)

.line
 *(.line)

.debug_srcinfo
 *(.debug_srcinfo)

.debug_sfnames
 *(.debug_sfnames)

.debug_aranges  0x00000000      0x3c0
 *(.debug_aranges)
 .debug_aranges
                0x00000000       0x20 atmel_start.o
 .debug_aranges
                0x00000020       0x28 ISR_timer_counter/ISR_timer_counter.o
 .debug_aranges
                0x00000048       0x20 main.o
 .debug_aranges
                0x00000068       0x28 Potential_to_RGB/Potential_to_RGB.o
 .debug_aranges
                0x00000090       0x28 pullup_pushbutton/pullup_pushbutton.o
 .debug_aranges
                0x000000b8       0x20 spont_pulse/spont_pulse.o
 .debug_aranges
                0x000000d8       0x58 src/adc_basic.o
 .debug_aranges
                0x00000130       0x20 src/bod.o
 .debug_aranges
                0x00000150       0x20 src/ccl.o
 .debug_aranges
                0x00000170       0x20 src/clkctrl.o
 .debug_aranges
                0x00000190       0x20 src/cpuint.o
 .debug_aranges
                0x000001b0       0x40 src/dac_basic.o
 .debug_aranges
                0x000001f0       0x50 src/driver_init.o
 .debug_aranges
                0x00000240       0x20 src/protected_io.o
 .debug_aranges
                0x00000260       0x20 src/rtc.o
 .debug_aranges
                0x00000280       0x20 src/slpctrl.o
 .debug_aranges
                0x000002a0       0x20 src/spi.o
 .debug_aranges
                0x000002c0       0x20 src/tca.o
 .debug_aranges
                0x000002e0       0x30 tinyCCLRGB/tinyCCLRGB.o
 .debug_aranges
                0x00000310       0x38 tiny_DAC_axon/tiny_DAC_axon.o
 .debug_aranges
                0x00000348       0x20 tiny_dendrites/tiny_ADC_dendrites.o
 .debug_aranges
                0x00000368       0x30 tiny_timed_ISR/tiny_timed_ISR.o
 .debug_aranges
                0x00000398       0x28 tiny_potential/tiny_potential.o

.debug_pubnames
 *(.debug_pubnames)

.debug_info     0x00000000     0x6a5e
 *(.debug_info .gnu.linkonce.wi.*)
 .debug_info    0x00000000     0x16bc E:/programmer/Atmel/7.0/Packs/Atmel/ATtiny_DFP/1.3.172/gcc/dev/attiny817/avrxmega3/short-calls/crtattiny817.o
 .debug_info    0x000016bc       0x9a atmel_start.o
 .debug_info    0x00001756       0xb5 ISR_timer_counter/ISR_timer_counter.o
 .debug_info    0x0000180b      0x199 main.o
 .debug_info    0x000019a4      0x30e Potential_to_RGB/Potential_to_RGB.o
 .debug_info    0x00001cb2      0x24a pullup_pushbutton/pullup_pushbutton.o
 .debug_info    0x00001efc      0x14f spont_pulse/spont_pulse.o
 .debug_info    0x0000204b      0x484 src/adc_basic.o
 .debug_info    0x000024cf       0x8d src/bod.o
 .debug_info    0x0000255c      0x2fd src/ccl.o
 .debug_info    0x00002859      0x3fe src/clkctrl.o
 .debug_info    0x00002c57       0x8d src/cpuint.o
 .debug_info    0x00002ce4      0x184 src/dac_basic.o
 .debug_info    0x00002e68     0x12a9 src/driver_init.o
 .debug_info    0x00004111       0x8b src/protected_io.o
 .debug_info    0x0000419c      0x422 src/rtc.o
 .debug_info    0x000045be       0x8d src/slpctrl.o
 .debug_info    0x0000464b      0x18f src/spi.o
 .debug_info    0x000047da      0xa74 src/tca.o
 .debug_info    0x0000524e      0xc0d tinyCCLRGB/tinyCCLRGB.o
 .debug_info    0x00005e5b      0x2d3 tiny_DAC_axon/tiny_DAC_axon.o
 .debug_info    0x0000612e      0x225 tiny_dendrites/tiny_ADC_dendrites.o
 .debug_info    0x00006353      0x3d8 tiny_timed_ISR/tiny_timed_ISR.o
 .debug_info    0x0000672b      0x333 tiny_potential/tiny_potential.o

.debug_abbrev   0x00000000     0x2b78
 *(.debug_abbrev)
 .debug_abbrev  0x00000000     0x1582 E:/programmer/Atmel/7.0/Packs/Atmel/ATtiny_DFP/1.3.172/gcc/dev/attiny817/avrxmega3/short-calls/crtattiny817.o
 .debug_abbrev  0x00001582       0x63 atmel_start.o
 .debug_abbrev  0x000015e5       0x7a ISR_timer_counter/ISR_timer_counter.o
 .debug_abbrev  0x0000165f       0xda main.o
 .debug_abbrev  0x00001739      0x16f Potential_to_RGB/Potential_to_RGB.o
 .debug_abbrev  0x000018a8      0x19a pullup_pushbutton/pullup_pushbutton.o
 .debug_abbrev  0x00001a42       0xd2 spont_pulse/spont_pulse.o
 .debug_abbrev  0x00001b14      0x1bc src/adc_basic.o
 .debug_abbrev  0x00001cd0       0x51 src/bod.o
 .debug_abbrev  0x00001d21       0x9f src/ccl.o
 .debug_abbrev  0x00001dc0      0x116 src/clkctrl.o
 .debug_abbrev  0x00001ed6       0x51 src/cpuint.o
 .debug_abbrev  0x00001f27       0xc2 src/dac_basic.o
 .debug_abbrev  0x00001fe9      0x1f2 src/driver_init.o
 .debug_abbrev  0x000021db       0x14 src/protected_io.o
 .debug_abbrev  0x000021ef       0xd4 src/rtc.o
 .debug_abbrev  0x000022c3       0x51 src/slpctrl.o
 .debug_abbrev  0x00002314       0x9f src/spi.o
 .debug_abbrev  0x000023b3       0xf0 src/tca.o
 .debug_abbrev  0x000024a3      0x1d1 tinyCCLRGB/tinyCCLRGB.o
 .debug_abbrev  0x00002674      0x186 tiny_DAC_axon/tiny_DAC_axon.o
 .debug_abbrev  0x000027fa      0x111 tiny_dendrites/tiny_ADC_dendrites.o
 .debug_abbrev  0x0000290b      0x157 tiny_timed_ISR/tiny_timed_ISR.o
 .debug_abbrev  0x00002a62      0x116 tiny_potential/tiny_potential.o

.debug_line     0x00000000     0x1f68
 *(.debug_line .debug_line.* .debug_line_end)
 .debug_line    0x00000000      0x136 E:/programmer/Atmel/7.0/Packs/Atmel/ATtiny_DFP/1.3.172/gcc/dev/attiny817/avrxmega3/short-calls/crtattiny817.o
 .debug_line    0x00000136       0x60 atmel_start.o
 .debug_line    0x00000196       0xca ISR_timer_counter/ISR_timer_counter.o
 .debug_line    0x00000260      0x1c9 main.o
 .debug_line    0x00000429      0x193 Potential_to_RGB/Potential_to_RGB.o
 .debug_line    0x000005bc      0x1bb pullup_pushbutton/pullup_pushbutton.o
 .debug_line    0x00000777      0x111 spont_pulse/spont_pulse.o
 .debug_line    0x00000888      0x1e3 src/adc_basic.o
 .debug_line    0x00000a6b       0x92 src/bod.o
 .debug_line    0x00000afd      0x100 src/ccl.o
 .debug_line    0x00000bfd      0x116 src/clkctrl.o
 .debug_line    0x00000d13       0x9b src/cpuint.o
 .debug_line    0x00000dae      0x164 src/dac_basic.o
 .debug_line    0x00000f12      0x36e src/driver_init.o
 .debug_line    0x00001280       0x55 src/protected_io.o
 .debug_line    0x000012d5      0x122 src/rtc.o
 .debug_line    0x000013f7       0x96 src/slpctrl.o
 .debug_line    0x0000148d       0xee src/spi.o
 .debug_line    0x0000157b       0xfa src/tca.o
 .debug_line    0x00001675      0x18a tinyCCLRGB/tinyCCLRGB.o
 .debug_line    0x000017ff      0x241 tiny_DAC_axon/tiny_DAC_axon.o
 .debug_line    0x00001a40      0x1b5 tiny_dendrites/tiny_ADC_dendrites.o
 .debug_line    0x00001bf5      0x162 tiny_timed_ISR/tiny_timed_ISR.o
 .debug_line    0x00001d57      0x211 tiny_potential/tiny_potential.o

.debug_frame    0x00000000      0x640
 *(.debug_frame)
 .debug_frame   0x00000000       0x24 atmel_start.o
 .debug_frame   0x00000024       0x34 ISR_timer_counter/ISR_timer_counter.o
 .debug_frame   0x00000058       0x24 main.o
 .debug_frame   0x0000007c       0x74 Potential_to_RGB/Potential_to_RGB.o
 .debug_frame   0x000000f0       0x48 pullup_pushbutton/pullup_pushbutton.o
 .debug_frame   0x00000138       0x30 spont_pulse/spont_pulse.o
 .debug_frame   0x00000168       0x94 src/adc_basic.o
 .debug_frame   0x000001fc       0x24 src/bod.o
 .debug_frame   0x00000220       0x24 src/ccl.o
 .debug_frame   0x00000244       0x24 src/clkctrl.o
 .debug_frame   0x00000268       0x24 src/cpuint.o
 .debug_frame   0x0000028c       0x64 src/dac_basic.o
 .debug_frame   0x000002f0       0x84 src/driver_init.o
 .debug_frame   0x00000374       0x24 src/rtc.o
 .debug_frame   0x00000398       0x24 src/slpctrl.o
 .debug_frame   0x000003bc       0x24 src/spi.o
 .debug_frame   0x000003e0       0x24 src/tca.o
 .debug_frame   0x00000404       0x58 tinyCCLRGB/tinyCCLRGB.o
 .debug_frame   0x0000045c       0x90 tiny_DAC_axon/tiny_DAC_axon.o
 .debug_frame   0x000004ec       0x68 tiny_dendrites/tiny_ADC_dendrites.o
 .debug_frame   0x00000554       0x90 tiny_timed_ISR/tiny_timed_ISR.o
 .debug_frame   0x000005e4       0x5c tiny_potential/tiny_potential.o

.debug_str      0x00000000     0x2be8
 *(.debug_str)
 .debug_str     0x00000000      0x9a7 E:/programmer/Atmel/7.0/Packs/Atmel/ATtiny_DFP/1.3.172/gcc/dev/attiny817/avrxmega3/short-calls/crtattiny817.o
 .debug_str     0x000009a7      0x179 atmel_start.o
                                0x1ad (size before relaxing)
 .debug_str     0x00000b20       0x74 ISR_timer_counter/ISR_timer_counter.o
                                0x1f1 (size before relaxing)
 .debug_str     0x00000b94       0xc0 main.o
                                0x273 (size before relaxing)
 .debug_str     0x00000c54       0xf1 Potential_to_RGB/Potential_to_RGB.o
                                0x299 (size before relaxing)
 .debug_str     0x00000d45      0x152 pullup_pushbutton/pullup_pushbutton.o
                                0x305 (size before relaxing)
 .debug_str     0x00000e97       0x8c spont_pulse/spont_pulse.o
                                0x23c (size before relaxing)
 .debug_str     0x00000f23      0x317 src/adc_basic.o
                                0x4e0 (size before relaxing)
 .debug_str     0x0000123a       0x16 src/bod.o
                                0x19a (size before relaxing)
 .debug_str     0x00001250      0x41c src/ccl.o
                                0x5d6 (size before relaxing)
 .debug_str     0x0000166c      0x317 src/clkctrl.o
                                0x50f (size before relaxing)
 .debug_str     0x00001983       0x1c src/cpuint.o
                                0x1a0 (size before relaxing)
 .debug_str     0x0000199f       0x7c src/dac_basic.o
                                0x245 (size before relaxing)
 .debug_str     0x00001a1b      0x4d9 src/driver_init.o
                                0x813 (size before relaxing)
 .debug_str     0x00001ef4      0x351 src/rtc.o
                                0x5f7 (size before relaxing)
 .debug_str     0x00002245       0x11 src/slpctrl.o
                                0x1a2 (size before relaxing)
 .debug_str     0x00002256       0xbf src/spi.o
                                0x2ae (size before relaxing)
 .debug_str     0x00002315      0x36b src/tca.o
                                0x69e (size before relaxing)
 .debug_str     0x00002680      0x14b tinyCCLRGB/tinyCCLRGB.o
                                0x75c (size before relaxing)
 .debug_str     0x000027cb      0x152 tiny_DAC_axon/tiny_DAC_axon.o
                                0x329 (size before relaxing)
 .debug_str     0x0000291d      0x18b tiny_dendrites/tiny_ADC_dendrites.o
                                0x33b (size before relaxing)
 .debug_str     0x00002aa8       0x58 tiny_timed_ISR/tiny_timed_ISR.o
                                0x3a9 (size before relaxing)
 .debug_str     0x00002b00       0xe8 tiny_potential/tiny_potential.o
                                0x387 (size before relaxing)

.debug_loc      0x00000000      0xe4d
 *(.debug_loc)
 .debug_loc     0x00000000       0x6a main.o
 .debug_loc     0x0000006a      0x15a Potential_to_RGB/Potential_to_RGB.o
 .debug_loc     0x000001c4       0x9e pullup_pushbutton/pullup_pushbutton.o
 .debug_loc     0x00000262       0x2f spont_pulse/spont_pulse.o
 .debug_loc     0x00000291       0x87 src/adc_basic.o
 .debug_loc     0x00000318       0x52 src/clkctrl.o
 .debug_loc     0x0000036a      0x4fe src/driver_init.o
 .debug_loc     0x00000868       0xac tinyCCLRGB/tinyCCLRGB.o
 .debug_loc     0x00000914      0x16d tiny_DAC_axon/tiny_DAC_axon.o
 .debug_loc     0x00000a81      0x1a4 tiny_dendrites/tiny_ADC_dendrites.o
 .debug_loc     0x00000c25       0xec tiny_timed_ISR/tiny_timed_ISR.o
 .debug_loc     0x00000d11      0x13c tiny_potential/tiny_potential.o

.debug_macinfo
 *(.debug_macinfo)

.debug_weaknames
 *(.debug_weaknames)

.debug_funcnames
 *(.debug_funcnames)

.debug_typenames
 *(.debug_typenames)

.debug_varnames
 *(.debug_varnames)

.debug_pubtypes
 *(.debug_pubtypes)

.debug_ranges   0x00000000      0x278
 *(.debug_ranges)
 .debug_ranges  0x00000000       0x10 atmel_start.o
 .debug_ranges  0x00000010       0x18 ISR_timer_counter/ISR_timer_counter.o
 .debug_ranges  0x00000028       0x10 main.o
 .debug_ranges  0x00000038       0x18 Potential_to_RGB/Potential_to_RGB.o
 .debug_ranges  0x00000050       0x18 pullup_pushbutton/pullup_pushbutton.o
 .debug_ranges  0x00000068       0x48 spont_pulse/spont_pulse.o
 .debug_ranges  0x000000b0       0x48 src/adc_basic.o
 .debug_ranges  0x000000f8       0x10 src/bod.o
 .debug_ranges  0x00000108       0x10 src/ccl.o
 .debug_ranges  0x00000118       0x10 src/clkctrl.o
 .debug_ranges  0x00000128       0x10 src/cpuint.o
 .debug_ranges  0x00000138       0x30 src/dac_basic.o
 .debug_ranges  0x00000168       0x40 src/driver_init.o
 .debug_ranges  0x000001a8       0x10 src/rtc.o
 .debug_ranges  0x000001b8       0x10 src/slpctrl.o
 .debug_ranges  0x000001c8       0x10 src/spi.o
 .debug_ranges  0x000001d8       0x10 src/tca.o
 .debug_ranges  0x000001e8       0x20 tinyCCLRGB/tinyCCLRGB.o
 .debug_ranges  0x00000208       0x28 tiny_DAC_axon/tiny_DAC_axon.o
 .debug_ranges  0x00000230       0x10 tiny_dendrites/tiny_ADC_dendrites.o
 .debug_ranges  0x00000240       0x20 tiny_timed_ISR/tiny_timed_ISR.o
 .debug_ranges  0x00000260       0x18 tiny_potential/tiny_potential.o

.debug_macro
 *(.debug_macro)
OUTPUT(Building_Brains_V3.elf elf32-avr)
LOAD linker stubs
