Archive member included to satisfy reference by file (symbol)

e:/programmer/atmel/7.0/toolchain/avr8/avr8-gnu-toolchain/bin/../lib/gcc/avr/5.4.0/../../../../avr/lib/avrxmega3/short-calls\libm.a(fixunssfsi.o)
                              tiny_dendrites/tiny_ADC_dendrites.o (__fixunssfsi)
e:/programmer/atmel/7.0/toolchain/avr8/avr8-gnu-toolchain/bin/../lib/gcc/avr/5.4.0/../../../../avr/lib/avrxmega3/short-calls\libm.a(floatsisf.o)
                              tiny_dendrites/tiny_ADC_dendrites.o (__floatsisf)
e:/programmer/atmel/7.0/toolchain/avr8/avr8-gnu-toolchain/bin/../lib/gcc/avr/5.4.0/../../../../avr/lib/avrxmega3/short-calls\libm.a(floor.o)
                              tiny_dendrites/tiny_ADC_dendrites.o (floor)
e:/programmer/atmel/7.0/toolchain/avr8/avr8-gnu-toolchain/bin/../lib/gcc/avr/5.4.0/../../../../avr/lib/avrxmega3/short-calls\libm.a(fp_mintl.o)
                              e:/programmer/atmel/7.0/toolchain/avr8/avr8-gnu-toolchain/bin/../lib/gcc/avr/5.4.0/../../../../avr/lib/avrxmega3/short-calls\libm.a(floor.o) (__fp_mintl)
e:/programmer/atmel/7.0/toolchain/avr8/avr8-gnu-toolchain/bin/../lib/gcc/avr/5.4.0/../../../../avr/lib/avrxmega3/short-calls\libm.a(fp_mpack.o)
                              e:/programmer/atmel/7.0/toolchain/avr8/avr8-gnu-toolchain/bin/../lib/gcc/avr/5.4.0/../../../../avr/lib/avrxmega3/short-calls\libm.a(floor.o) (__fp_mpack)
e:/programmer/atmel/7.0/toolchain/avr8/avr8-gnu-toolchain/bin/../lib/gcc/avr/5.4.0/../../../../avr/lib/avrxmega3/short-calls\libm.a(fp_split3.o)
                              e:/programmer/atmel/7.0/toolchain/avr8/avr8-gnu-toolchain/bin/../lib/gcc/avr/5.4.0/../../../../avr/lib/avrxmega3/short-calls\libm.a(fixunssfsi.o) (__fp_splitA)
e:/programmer/atmel/7.0/toolchain/avr8/avr8-gnu-toolchain/bin/../lib/gcc/avr/5.4.0/../../../../avr/lib/avrxmega3/short-calls\libm.a(fp_trunc.o)
                              e:/programmer/atmel/7.0/toolchain/avr8/avr8-gnu-toolchain/bin/../lib/gcc/avr/5.4.0/../../../../avr/lib/avrxmega3/short-calls\libm.a(floor.o) (__fp_trunc)
e:/programmer/atmel/7.0/toolchain/avr8/avr8-gnu-toolchain/bin/../lib/gcc/avr/5.4.0/../../../../avr/lib/avrxmega3/short-calls\libm.a(fp_zero.o)
                              e:/programmer/atmel/7.0/toolchain/avr8/avr8-gnu-toolchain/bin/../lib/gcc/avr/5.4.0/../../../../avr/lib/avrxmega3/short-calls\libm.a(fixunssfsi.o) (__fp_zero)
e:/programmer/atmel/7.0/toolchain/avr8/avr8-gnu-toolchain/bin/../lib/gcc/avr/5.4.0/avrxmega3/short-calls\libgcc.a(_exit.o)
                              E:/programmer/Atmel/7.0/Packs/Atmel/ATtiny_DFP/1.3.172/gcc/dev/attiny817/avrxmega3/short-calls/crtattiny817.o (exit)
e:/programmer/atmel/7.0/toolchain/avr8/avr8-gnu-toolchain/bin/../lib/gcc/avr/5.4.0/avrxmega3/short-calls\libgcc.a(_copy_data.o)
                              tiny_DAC_axon/tiny_DAC_axon.o (__do_copy_data)
e:/programmer/atmel/7.0/toolchain/avr8/avr8-gnu-toolchain/bin/../lib/gcc/avr/5.4.0/avrxmega3/short-calls\libgcc.a(_clear_bss.o)
                              examples/src/adc_basic_example.o (__do_clear_bss)

Allocating common symbols
Common symbol       size              file

ADC_measurement     0x2               examples/src/adc_basic_example.o
ADC_measurement_normalized
                    0x1               examples/src/adc_basic_example.o

Discarded input sections

 .data          0x00000000        0x0 E:/programmer/Atmel/7.0/Packs/Atmel/ATtiny_DFP/1.3.172/gcc/dev/attiny817/avrxmega3/short-calls/crtattiny817.o
 .bss           0x00000000        0x0 E:/programmer/Atmel/7.0/Packs/Atmel/ATtiny_DFP/1.3.172/gcc/dev/attiny817/avrxmega3/short-calls/crtattiny817.o
 .text          0x00000000        0x0 atmel_start.o
 .data          0x00000000        0x0 atmel_start.o
 .bss           0x00000000        0x0 atmel_start.o
 .text          0x00000000        0x0 colorman/rainbows.o
 .data          0x00000000        0x0 colorman/rainbows.o
 .bss           0x00000000        0x0 colorman/rainbows.o
 .text          0x00000000        0x0 driver_isr.o
 .data          0x00000000        0x0 driver_isr.o
 .bss           0x00000000        0x0 driver_isr.o
 .debug_info    0x00000000       0x5d driver_isr.o
 .debug_abbrev  0x00000000       0x26 driver_isr.o
 .debug_aranges
                0x00000000       0x18 driver_isr.o
 .debug_line    0x00000000       0x1a driver_isr.o
 .debug_str     0x00000000      0x181 driver_isr.o
 .comment       0x00000000       0x31 driver_isr.o
 .text          0x00000000        0x0 examples/src/adc_basic_example.o
 .data          0x00000000        0x0 examples/src/adc_basic_example.o
 .bss           0x00000000        0x0 examples/src/adc_basic_example.o
 .text.ADC_test_adc_basic
                0x00000000       0x32 examples/src/adc_basic_example.o
 .debug_info    0x00000000      0x10d examples/src/adc_basic_example.o
 .debug_abbrev  0x00000000       0xa3 examples/src/adc_basic_example.o
 .debug_loc     0x00000000       0x2f examples/src/adc_basic_example.o
 .debug_aranges
                0x00000000       0x20 examples/src/adc_basic_example.o
 .debug_ranges  0x00000000       0x10 examples/src/adc_basic_example.o
 .debug_line    0x00000000       0xcf examples/src/adc_basic_example.o
 .debug_str     0x00000000      0x215 examples/src/adc_basic_example.o
 .comment       0x00000000       0x31 examples/src/adc_basic_example.o
 .debug_frame   0x00000000       0x30 examples/src/adc_basic_example.o
 COMMON         0x00000000        0x3 examples/src/adc_basic_example.o
 .text          0x00000000        0x0 examples/src/dac_basic_example.o
 .data          0x00000000        0x0 examples/src/dac_basic_example.o
 .bss           0x00000000        0x0 examples/src/dac_basic_example.o
 .text.DAC_test_dac_basic
                0x00000000        0xc examples/src/dac_basic_example.o
 .debug_info    0x00000000       0xbf examples/src/dac_basic_example.o
 .debug_abbrev  0x00000000       0x72 examples/src/dac_basic_example.o
 .debug_aranges
                0x00000000       0x20 examples/src/dac_basic_example.o
 .debug_ranges  0x00000000       0x10 examples/src/dac_basic_example.o
 .debug_line    0x00000000       0xc9 examples/src/dac_basic_example.o
 .debug_str     0x00000000      0x1d0 examples/src/dac_basic_example.o
 .comment       0x00000000       0x31 examples/src/dac_basic_example.o
 .debug_frame   0x00000000       0x24 examples/src/dac_basic_example.o
 .text          0x00000000        0x0 main.o
 .data          0x00000000        0x0 main.o
 .bss           0x00000000        0x0 main.o
 .text          0x00000000        0x0 src/adc_basic.o
 .data          0x00000000        0x0 src/adc_basic.o
 .bss           0x00000000        0x0 src/adc_basic.o
 .text.ADC_enable
                0x00000000        0xc src/adc_basic.o
 .text.ADC_disable
                0x00000000        0xc src/adc_basic.o
 .text.ADC_start_conversion
                0x00000000        0xc src/adc_basic.o
 .text.ADC_is_conversion_done
                0x00000000        0x8 src/adc_basic.o
 .text.ADC_get_conversion_result
                0x00000000        0xa src/adc_basic.o
 .text.ADC_get_conversion
                0x00000000       0x22 src/adc_basic.o
 .text.ADC_get_resolution
                0x00000000       0x10 src/adc_basic.o
 .text          0x00000000        0x0 src/bod.o
 .data          0x00000000        0x0 src/bod.o
 .bss           0x00000000        0x0 src/bod.o
 .text          0x00000000        0x0 src/ccl.o
 .data          0x00000000        0x0 src/ccl.o
 .bss           0x00000000        0x0 src/ccl.o
 .text          0x00000000        0x0 src/clkctrl.o
 .data          0x00000000        0x0 src/clkctrl.o
 .bss           0x00000000        0x0 src/clkctrl.o
 .text          0x00000000        0x0 src/cpuint.o
 .data          0x00000000        0x0 src/cpuint.o
 .bss           0x00000000        0x0 src/cpuint.o
 .text          0x00000000        0x0 src/dac_basic.o
 .data          0x00000000        0x0 src/dac_basic.o
 .bss           0x00000000        0x0 src/dac_basic.o
 .text.DAC_enable
                0x00000000        0xc src/dac_basic.o
 .text.DAC_disable
                0x00000000        0xc src/dac_basic.o
 .text.DAC_set_output
                0x00000000        0x6 src/dac_basic.o
 .text.DAC_get_resolution
                0x00000000        0x4 src/dac_basic.o
 .text          0x00000000        0x0 src/driver_init.o
 .data          0x00000000        0x0 src/driver_init.o
 .bss           0x00000000        0x0 src/driver_init.o
 .text.DAC_initialization
                0x00000000        0x4 src/driver_init.o
 .text          0x00000000        0x0 src/protected_io.o
 .data          0x00000000        0x0 src/protected_io.o
 .bss           0x00000000        0x0 src/protected_io.o
 .text          0x00000000        0x0 src/slpctrl.o
 .data          0x00000000        0x0 src/slpctrl.o
 .bss           0x00000000        0x0 src/slpctrl.o
 .text          0x00000000        0x0 src/spi.o
 .data          0x00000000        0x0 src/spi.o
 .bss           0x00000000        0x0 src/spi.o
 .text          0x00000000        0x0 src/tca.o
 .data          0x00000000        0x0 src/tca.o
 .bss           0x00000000        0x0 src/tca.o
 .text          0x00000000        0x0 tinyCCLRGB/tinyCCLRGB.o
 .data          0x00000000        0x0 tinyCCLRGB/tinyCCLRGB.o
 .bss           0x00000000        0x0 tinyCCLRGB/tinyCCLRGB.o
 .text.tinyCCLRGB_init
                0x00000000        0x2 tinyCCLRGB/tinyCCLRGB.o
 .text          0x00000000        0x0 tiny_DAC_axon/tiny_DAC_axon.o
 .data          0x00000000        0x0 tiny_DAC_axon/tiny_DAC_axon.o
 .bss           0x00000000        0x0 tiny_DAC_axon/tiny_DAC_axon.o
 .text.tiny_DAC_set_neur_type
                0x00000000        0x6 tiny_DAC_axon/tiny_DAC_axon.o
 .text.tiny_DAC_update_axon
                0x00000000       0x40 tiny_DAC_axon/tiny_DAC_axon.o
 .text.tiny_DAC_axon_set_fire
                0x00000000        0x8 tiny_DAC_axon/tiny_DAC_axon.o
 .data.this_neurons_type
                0x00000000        0x1 tiny_DAC_axon/tiny_DAC_axon.o
 .bss.tiny_DAC_axon_fire
                0x00000000        0x1 tiny_DAC_axon/tiny_DAC_axon.o
 .bss.tiny_DAC_axon_prev
                0x00000000        0x1 tiny_DAC_axon/tiny_DAC_axon.o
 .debug_info    0x00000000      0x16a tiny_DAC_axon/tiny_DAC_axon.o
 .debug_abbrev  0x00000000       0xd2 tiny_DAC_axon/tiny_DAC_axon.o
 .debug_aranges
                0x00000000       0x30 tiny_DAC_axon/tiny_DAC_axon.o
 .debug_ranges  0x00000000       0x20 tiny_DAC_axon/tiny_DAC_axon.o
 .debug_line    0x00000000       0xca tiny_DAC_axon/tiny_DAC_axon.o
 .debug_str     0x00000000      0x243 tiny_DAC_axon/tiny_DAC_axon.o
 .comment       0x00000000       0x31 tiny_DAC_axon/tiny_DAC_axon.o
 .debug_frame   0x00000000       0x44 tiny_DAC_axon/tiny_DAC_axon.o
 .text          0x00000000        0x0 tiny_dendrites/tiny_ADC_dendrites.o
 .data          0x00000000        0x0 tiny_dendrites/tiny_ADC_dendrites.o
 .bss           0x00000000        0x0 tiny_dendrites/tiny_ADC_dendrites.o
 .text.tiny_ADC_dendrite_delta_potential
                0x00000000       0xee tiny_dendrites/tiny_ADC_dendrites.o
 .bss.tiny_ADC_dendrite_prev_signals
                0x00000000        0x5 tiny_dendrites/tiny_ADC_dendrites.o
 .bss.tiny_ADC_dendrite_cur_signals
                0x00000000        0x5 tiny_dendrites/tiny_ADC_dendrites.o
 .data.dendrite_ports
                0x00000000        0x5 tiny_dendrites/tiny_ADC_dendrites.o
 .bss.tiny_ADC_values
                0x00000000        0x5 tiny_dendrites/tiny_ADC_dendrites.o
 .debug_info    0x00000000      0x204 tiny_dendrites/tiny_ADC_dendrites.o
 .debug_abbrev  0x00000000      0x111 tiny_dendrites/tiny_ADC_dendrites.o
 .debug_loc     0x00000000      0x195 tiny_dendrites/tiny_ADC_dendrites.o
 .debug_aranges
                0x00000000       0x20 tiny_dendrites/tiny_ADC_dendrites.o
 .debug_ranges  0x00000000       0x10 tiny_dendrites/tiny_ADC_dendrites.o
 .debug_line    0x00000000      0x146 tiny_dendrites/tiny_ADC_dendrites.o
 .debug_str     0x00000000      0x2f9 tiny_dendrites/tiny_ADC_dendrites.o
 .comment       0x00000000       0x31 tiny_dendrites/tiny_ADC_dendrites.o
 .debug_frame   0x00000000       0x60 tiny_dendrites/tiny_ADC_dendrites.o
 .text          0x00000000        0x0 e:/programmer/atmel/7.0/toolchain/avr8/avr8-gnu-toolchain/bin/../lib/gcc/avr/5.4.0/../../../../avr/lib/avrxmega3/short-calls\libm.a(fixunssfsi.o)
 .data          0x00000000        0x0 e:/programmer/atmel/7.0/toolchain/avr8/avr8-gnu-toolchain/bin/../lib/gcc/avr/5.4.0/../../../../avr/lib/avrxmega3/short-calls\libm.a(fixunssfsi.o)
 .bss           0x00000000        0x0 e:/programmer/atmel/7.0/toolchain/avr8/avr8-gnu-toolchain/bin/../lib/gcc/avr/5.4.0/../../../../avr/lib/avrxmega3/short-calls\libm.a(fixunssfsi.o)
 .text.avr-libc.fplib
                0x00000000       0x5e e:/programmer/atmel/7.0/toolchain/avr8/avr8-gnu-toolchain/bin/../lib/gcc/avr/5.4.0/../../../../avr/lib/avrxmega3/short-calls\libm.a(fixunssfsi.o)
 .text          0x00000000        0x0 e:/programmer/atmel/7.0/toolchain/avr8/avr8-gnu-toolchain/bin/../lib/gcc/avr/5.4.0/../../../../avr/lib/avrxmega3/short-calls\libm.a(floatsisf.o)
 .data          0x00000000        0x0 e:/programmer/atmel/7.0/toolchain/avr8/avr8-gnu-toolchain/bin/../lib/gcc/avr/5.4.0/../../../../avr/lib/avrxmega3/short-calls\libm.a(floatsisf.o)
 .bss           0x00000000        0x0 e:/programmer/atmel/7.0/toolchain/avr8/avr8-gnu-toolchain/bin/../lib/gcc/avr/5.4.0/../../../../avr/lib/avrxmega3/short-calls\libm.a(floatsisf.o)
 .text.avr-libc.fplib
                0x00000000       0x7a e:/programmer/atmel/7.0/toolchain/avr8/avr8-gnu-toolchain/bin/../lib/gcc/avr/5.4.0/../../../../avr/lib/avrxmega3/short-calls\libm.a(floatsisf.o)
 .text          0x00000000        0x0 e:/programmer/atmel/7.0/toolchain/avr8/avr8-gnu-toolchain/bin/../lib/gcc/avr/5.4.0/../../../../avr/lib/avrxmega3/short-calls\libm.a(floor.o)
 .data          0x00000000        0x0 e:/programmer/atmel/7.0/toolchain/avr8/avr8-gnu-toolchain/bin/../lib/gcc/avr/5.4.0/../../../../avr/lib/avrxmega3/short-calls\libm.a(floor.o)
 .bss           0x00000000        0x0 e:/programmer/atmel/7.0/toolchain/avr8/avr8-gnu-toolchain/bin/../lib/gcc/avr/5.4.0/../../../../avr/lib/avrxmega3/short-calls\libm.a(floor.o)
 .text.avr-libc.fplib
                0x00000000       0x2e e:/programmer/atmel/7.0/toolchain/avr8/avr8-gnu-toolchain/bin/../lib/gcc/avr/5.4.0/../../../../avr/lib/avrxmega3/short-calls\libm.a(floor.o)
 .text          0x00000000        0x0 e:/programmer/atmel/7.0/toolchain/avr8/avr8-gnu-toolchain/bin/../lib/gcc/avr/5.4.0/../../../../avr/lib/avrxmega3/short-calls\libm.a(fp_mintl.o)
 .data          0x00000000        0x0 e:/programmer/atmel/7.0/toolchain/avr8/avr8-gnu-toolchain/bin/../lib/gcc/avr/5.4.0/../../../../avr/lib/avrxmega3/short-calls\libm.a(fp_mintl.o)
 .bss           0x00000000        0x0 e:/programmer/atmel/7.0/toolchain/avr8/avr8-gnu-toolchain/bin/../lib/gcc/avr/5.4.0/../../../../avr/lib/avrxmega3/short-calls\libm.a(fp_mintl.o)
 .text.avr-libc.fplib
                0x00000000       0x36 e:/programmer/atmel/7.0/toolchain/avr8/avr8-gnu-toolchain/bin/../lib/gcc/avr/5.4.0/../../../../avr/lib/avrxmega3/short-calls\libm.a(fp_mintl.o)
 .text          0x00000000        0x0 e:/programmer/atmel/7.0/toolchain/avr8/avr8-gnu-toolchain/bin/../lib/gcc/avr/5.4.0/../../../../avr/lib/avrxmega3/short-calls\libm.a(fp_mpack.o)
 .data          0x00000000        0x0 e:/programmer/atmel/7.0/toolchain/avr8/avr8-gnu-toolchain/bin/../lib/gcc/avr/5.4.0/../../../../avr/lib/avrxmega3/short-calls\libm.a(fp_mpack.o)
 .bss           0x00000000        0x0 e:/programmer/atmel/7.0/toolchain/avr8/avr8-gnu-toolchain/bin/../lib/gcc/avr/5.4.0/../../../../avr/lib/avrxmega3/short-calls\libm.a(fp_mpack.o)
 .text.avr-libc.fplib
                0x00000000       0x1c e:/programmer/atmel/7.0/toolchain/avr8/avr8-gnu-toolchain/bin/../lib/gcc/avr/5.4.0/../../../../avr/lib/avrxmega3/short-calls\libm.a(fp_mpack.o)
 .text          0x00000000        0x0 e:/programmer/atmel/7.0/toolchain/avr8/avr8-gnu-toolchain/bin/../lib/gcc/avr/5.4.0/../../../../avr/lib/avrxmega3/short-calls\libm.a(fp_split3.o)
 .data          0x00000000        0x0 e:/programmer/atmel/7.0/toolchain/avr8/avr8-gnu-toolchain/bin/../lib/gcc/avr/5.4.0/../../../../avr/lib/avrxmega3/short-calls\libm.a(fp_split3.o)
 .bss           0x00000000        0x0 e:/programmer/atmel/7.0/toolchain/avr8/avr8-gnu-toolchain/bin/../lib/gcc/avr/5.4.0/../../../../avr/lib/avrxmega3/short-calls\libm.a(fp_split3.o)
 .text.avr-libc.fplib
                0x00000000       0x44 e:/programmer/atmel/7.0/toolchain/avr8/avr8-gnu-toolchain/bin/../lib/gcc/avr/5.4.0/../../../../avr/lib/avrxmega3/short-calls\libm.a(fp_split3.o)
 .text          0x00000000        0x0 e:/programmer/atmel/7.0/toolchain/avr8/avr8-gnu-toolchain/bin/../lib/gcc/avr/5.4.0/../../../../avr/lib/avrxmega3/short-calls\libm.a(fp_trunc.o)
 .data          0x00000000        0x0 e:/programmer/atmel/7.0/toolchain/avr8/avr8-gnu-toolchain/bin/../lib/gcc/avr/5.4.0/../../../../avr/lib/avrxmega3/short-calls\libm.a(fp_trunc.o)
 .bss           0x00000000        0x0 e:/programmer/atmel/7.0/toolchain/avr8/avr8-gnu-toolchain/bin/../lib/gcc/avr/5.4.0/../../../../avr/lib/avrxmega3/short-calls\libm.a(fp_trunc.o)
 .text.avr-libc.fplib
                0x00000000       0x30 e:/programmer/atmel/7.0/toolchain/avr8/avr8-gnu-toolchain/bin/../lib/gcc/avr/5.4.0/../../../../avr/lib/avrxmega3/short-calls\libm.a(fp_trunc.o)
 .text          0x00000000        0x0 e:/programmer/atmel/7.0/toolchain/avr8/avr8-gnu-toolchain/bin/../lib/gcc/avr/5.4.0/../../../../avr/lib/avrxmega3/short-calls\libm.a(fp_zero.o)
 .data          0x00000000        0x0 e:/programmer/atmel/7.0/toolchain/avr8/avr8-gnu-toolchain/bin/../lib/gcc/avr/5.4.0/../../../../avr/lib/avrxmega3/short-calls\libm.a(fp_zero.o)
 .bss           0x00000000        0x0 e:/programmer/atmel/7.0/toolchain/avr8/avr8-gnu-toolchain/bin/../lib/gcc/avr/5.4.0/../../../../avr/lib/avrxmega3/short-calls\libm.a(fp_zero.o)
 .text.avr-libc.fplib
                0x00000000        0xe e:/programmer/atmel/7.0/toolchain/avr8/avr8-gnu-toolchain/bin/../lib/gcc/avr/5.4.0/../../../../avr/lib/avrxmega3/short-calls\libm.a(fp_zero.o)
 .text          0x00000000        0x0 e:/programmer/atmel/7.0/toolchain/avr8/avr8-gnu-toolchain/bin/../lib/gcc/avr/5.4.0/avrxmega3/short-calls\libgcc.a(_exit.o)
 .data          0x00000000        0x0 e:/programmer/atmel/7.0/toolchain/avr8/avr8-gnu-toolchain/bin/../lib/gcc/avr/5.4.0/avrxmega3/short-calls\libgcc.a(_exit.o)
 .bss           0x00000000        0x0 e:/programmer/atmel/7.0/toolchain/avr8/avr8-gnu-toolchain/bin/../lib/gcc/avr/5.4.0/avrxmega3/short-calls\libgcc.a(_exit.o)
 .text.libgcc.mul
                0x00000000        0x0 e:/programmer/atmel/7.0/toolchain/avr8/avr8-gnu-toolchain/bin/../lib/gcc/avr/5.4.0/avrxmega3/short-calls\libgcc.a(_exit.o)
 .text.libgcc.div
                0x00000000        0x0 e:/programmer/atmel/7.0/toolchain/avr8/avr8-gnu-toolchain/bin/../lib/gcc/avr/5.4.0/avrxmega3/short-calls\libgcc.a(_exit.o)
 .text.libgcc   0x00000000        0x0 e:/programmer/atmel/7.0/toolchain/avr8/avr8-gnu-toolchain/bin/../lib/gcc/avr/5.4.0/avrxmega3/short-calls\libgcc.a(_exit.o)
 .text.libgcc.prologue
                0x00000000        0x0 e:/programmer/atmel/7.0/toolchain/avr8/avr8-gnu-toolchain/bin/../lib/gcc/avr/5.4.0/avrxmega3/short-calls\libgcc.a(_exit.o)
 .text.libgcc.builtins
                0x00000000        0x0 e:/programmer/atmel/7.0/toolchain/avr8/avr8-gnu-toolchain/bin/../lib/gcc/avr/5.4.0/avrxmega3/short-calls\libgcc.a(_exit.o)
 .text.libgcc.fmul
                0x00000000        0x0 e:/programmer/atmel/7.0/toolchain/avr8/avr8-gnu-toolchain/bin/../lib/gcc/avr/5.4.0/avrxmega3/short-calls\libgcc.a(_exit.o)
 .text.libgcc.fixed
                0x00000000        0x0 e:/programmer/atmel/7.0/toolchain/avr8/avr8-gnu-toolchain/bin/../lib/gcc/avr/5.4.0/avrxmega3/short-calls\libgcc.a(_exit.o)
 .text          0x00000000        0x0 e:/programmer/atmel/7.0/toolchain/avr8/avr8-gnu-toolchain/bin/../lib/gcc/avr/5.4.0/avrxmega3/short-calls\libgcc.a(_copy_data.o)
 .data          0x00000000        0x0 e:/programmer/atmel/7.0/toolchain/avr8/avr8-gnu-toolchain/bin/../lib/gcc/avr/5.4.0/avrxmega3/short-calls\libgcc.a(_copy_data.o)
 .bss           0x00000000        0x0 e:/programmer/atmel/7.0/toolchain/avr8/avr8-gnu-toolchain/bin/../lib/gcc/avr/5.4.0/avrxmega3/short-calls\libgcc.a(_copy_data.o)
 .text.libgcc.mul
                0x00000000        0x0 e:/programmer/atmel/7.0/toolchain/avr8/avr8-gnu-toolchain/bin/../lib/gcc/avr/5.4.0/avrxmega3/short-calls\libgcc.a(_copy_data.o)
 .text.libgcc.div
                0x00000000        0x0 e:/programmer/atmel/7.0/toolchain/avr8/avr8-gnu-toolchain/bin/../lib/gcc/avr/5.4.0/avrxmega3/short-calls\libgcc.a(_copy_data.o)
 .text.libgcc   0x00000000        0x0 e:/programmer/atmel/7.0/toolchain/avr8/avr8-gnu-toolchain/bin/../lib/gcc/avr/5.4.0/avrxmega3/short-calls\libgcc.a(_copy_data.o)
 .text.libgcc.prologue
                0x00000000        0x0 e:/programmer/atmel/7.0/toolchain/avr8/avr8-gnu-toolchain/bin/../lib/gcc/avr/5.4.0/avrxmega3/short-calls\libgcc.a(_copy_data.o)
 .text.libgcc.builtins
                0x00000000        0x0 e:/programmer/atmel/7.0/toolchain/avr8/avr8-gnu-toolchain/bin/../lib/gcc/avr/5.4.0/avrxmega3/short-calls\libgcc.a(_copy_data.o)
 .text.libgcc.fmul
                0x00000000        0x0 e:/programmer/atmel/7.0/toolchain/avr8/avr8-gnu-toolchain/bin/../lib/gcc/avr/5.4.0/avrxmega3/short-calls\libgcc.a(_copy_data.o)
 .text.libgcc.fixed
                0x00000000        0x0 e:/programmer/atmel/7.0/toolchain/avr8/avr8-gnu-toolchain/bin/../lib/gcc/avr/5.4.0/avrxmega3/short-calls\libgcc.a(_copy_data.o)
 .text          0x00000000        0x0 e:/programmer/atmel/7.0/toolchain/avr8/avr8-gnu-toolchain/bin/../lib/gcc/avr/5.4.0/avrxmega3/short-calls\libgcc.a(_clear_bss.o)
 .data          0x00000000        0x0 e:/programmer/atmel/7.0/toolchain/avr8/avr8-gnu-toolchain/bin/../lib/gcc/avr/5.4.0/avrxmega3/short-calls\libgcc.a(_clear_bss.o)
 .bss           0x00000000        0x0 e:/programmer/atmel/7.0/toolchain/avr8/avr8-gnu-toolchain/bin/../lib/gcc/avr/5.4.0/avrxmega3/short-calls\libgcc.a(_clear_bss.o)
 .text.libgcc.mul
                0x00000000        0x0 e:/programmer/atmel/7.0/toolchain/avr8/avr8-gnu-toolchain/bin/../lib/gcc/avr/5.4.0/avrxmega3/short-calls\libgcc.a(_clear_bss.o)
 .text.libgcc.div
                0x00000000        0x0 e:/programmer/atmel/7.0/toolchain/avr8/avr8-gnu-toolchain/bin/../lib/gcc/avr/5.4.0/avrxmega3/short-calls\libgcc.a(_clear_bss.o)
 .text.libgcc   0x00000000        0x0 e:/programmer/atmel/7.0/toolchain/avr8/avr8-gnu-toolchain/bin/../lib/gcc/avr/5.4.0/avrxmega3/short-calls\libgcc.a(_clear_bss.o)
 .text.libgcc.prologue
                0x00000000        0x0 e:/programmer/atmel/7.0/toolchain/avr8/avr8-gnu-toolchain/bin/../lib/gcc/avr/5.4.0/avrxmega3/short-calls\libgcc.a(_clear_bss.o)
 .text.libgcc.builtins
                0x00000000        0x0 e:/programmer/atmel/7.0/toolchain/avr8/avr8-gnu-toolchain/bin/../lib/gcc/avr/5.4.0/avrxmega3/short-calls\libgcc.a(_clear_bss.o)
 .text.libgcc.fmul
                0x00000000        0x0 e:/programmer/atmel/7.0/toolchain/avr8/avr8-gnu-toolchain/bin/../lib/gcc/avr/5.4.0/avrxmega3/short-calls\libgcc.a(_clear_bss.o)
 .text.libgcc.fixed
                0x00000000        0x0 e:/programmer/atmel/7.0/toolchain/avr8/avr8-gnu-toolchain/bin/../lib/gcc/avr/5.4.0/avrxmega3/short-calls\libgcc.a(_clear_bss.o)

Memory Configuration

Name             Origin             Length             Attributes
text             0x00000000         0x00100000         xr
data             0x00802000         0x0000ffa0         rw !x
eeprom           0x00810000         0x00010000         rw !x
fuse             0x00820000         0x00000009         rw !x
lock             0x00830000         0x00000400         rw !x
signature        0x00840000         0x00000400         rw !x
user_signatures  0x00850000         0x00000400         rw !x
*default*        0x00000000         0xffffffff

Linker script and memory map

Address of section .data set to 0x803e00
                0x00008000                __RODATA_PM_OFFSET__ = 0x8000
LOAD E:/programmer/Atmel/7.0/Packs/Atmel/ATtiny_DFP/1.3.172/gcc/dev/attiny817/avrxmega3/short-calls/crtattiny817.o
LOAD atmel_start.o
LOAD colorman/rainbows.o
LOAD driver_isr.o
LOAD examples/src/adc_basic_example.o
LOAD examples/src/dac_basic_example.o
LOAD main.o
LOAD src/adc_basic.o
LOAD src/bod.o
LOAD src/ccl.o
LOAD src/clkctrl.o
LOAD src/cpuint.o
LOAD src/dac_basic.o
LOAD src/driver_init.o
LOAD src/protected_io.o
LOAD src/slpctrl.o
LOAD src/spi.o
LOAD src/tca.o
LOAD tinyCCLRGB/tinyCCLRGB.o
LOAD tiny_DAC_axon/tiny_DAC_axon.o
LOAD tiny_dendrites/tiny_ADC_dendrites.o
START GROUP
LOAD e:/programmer/atmel/7.0/toolchain/avr8/avr8-gnu-toolchain/bin/../lib/gcc/avr/5.4.0/../../../../avr/lib/avrxmega3/short-calls\libm.a
END GROUP
START GROUP
LOAD e:/programmer/atmel/7.0/toolchain/avr8/avr8-gnu-toolchain/bin/../lib/gcc/avr/5.4.0/avrxmega3/short-calls\libgcc.a
LOAD e:/programmer/atmel/7.0/toolchain/avr8/avr8-gnu-toolchain/bin/../lib/gcc/avr/5.4.0/../../../../avr/lib/avrxmega3/short-calls\libm.a
LOAD e:/programmer/atmel/7.0/toolchain/avr8/avr8-gnu-toolchain/bin/../lib/gcc/avr/5.4.0/../../../../avr/lib/avrxmega3/short-calls\libc.a
LOAD E:/programmer/Atmel/7.0/Packs/Atmel/ATtiny_DFP/1.3.172/gcc/dev/attiny817/avrxmega3/short-calls\libattiny817.a
END GROUP
                0x00100000                __TEXT_REGION_LENGTH__ = DEFINED (__TEXT_REGION_LENGTH__)?__TEXT_REGION_LENGTH__:0x100000
                0x0000ffa0                __DATA_REGION_LENGTH__ = DEFINED (__DATA_REGION_LENGTH__)?__DATA_REGION_LENGTH__:0xffa0
                0x00010000                __EEPROM_REGION_LENGTH__ = DEFINED (__EEPROM_REGION_LENGTH__)?__EEPROM_REGION_LENGTH__:0x10000
                [0x00000009]                __FUSE_REGION_LENGTH__ = DEFINED (__FUSE_REGION_LENGTH__)?__FUSE_REGION_LENGTH__:0x400
                0x00000400                __LOCK_REGION_LENGTH__ = DEFINED (__LOCK_REGION_LENGTH__)?__LOCK_REGION_LENGTH__:0x400
                0x00000400                __SIGNATURE_REGION_LENGTH__ = DEFINED (__SIGNATURE_REGION_LENGTH__)?__SIGNATURE_REGION_LENGTH__:0x400
                0x00000400                __USER_SIGNATURE_REGION_LENGTH__ = DEFINED (__USER_SIGNATURE_REGION_LENGTH__)?__USER_SIGNATURE_REGION_LENGTH__:0x400
                0x00008000                __RODATA_PM_OFFSET__ = DEFINED (__RODATA_PM_OFFSET__)?__RODATA_PM_OFFSET__:0x8000

.hash
 *(.hash)

.dynsym
 *(.dynsym)

.dynstr
 *(.dynstr)

.gnu.version
 *(.gnu.version)

.gnu.version_d
 *(.gnu.version_d)

.gnu.version_r
 *(.gnu.version_r)

.rel.init
 *(.rel.init)

.rela.init
 *(.rela.init)

.rel.text
 *(.rel.text)
 *(.rel.text.*)
 *(.rel.gnu.linkonce.t*)

.rela.text
 *(.rela.text)
 *(.rela.text.*)
 *(.rela.gnu.linkonce.t*)

.rel.fini
 *(.rel.fini)

.rela.fini
 *(.rela.fini)

.rel.rodata
 *(.rel.rodata)
 *(.rel.rodata.*)
 *(.rel.gnu.linkonce.r*)

.rela.rodata
 *(.rela.rodata)
 *(.rela.rodata.*)
 *(.rela.gnu.linkonce.r*)

.rel.data
 *(.rel.data)
 *(.rel.data.*)
 *(.rel.gnu.linkonce.d*)

.rela.data
 *(.rela.data)
 *(.rela.data.*)
 *(.rela.gnu.linkonce.d*)

.rel.ctors
 *(.rel.ctors)

.rela.ctors
 *(.rela.ctors)

.rel.dtors
 *(.rel.dtors)

.rela.dtors
 *(.rela.dtors)

.rel.got
 *(.rel.got)

.rela.got
 *(.rela.got)

.rel.bss
 *(.rel.bss)

.rela.bss
 *(.rela.bss)

.rel.plt
 *(.rel.plt)

.rela.plt
 *(.rela.plt)

.text           0x00000000      0x43e
 *(.vectors)
 .vectors       0x00000000       0x34 E:/programmer/Atmel/7.0/Packs/Atmel/ATtiny_DFP/1.3.172/gcc/dev/attiny817/avrxmega3/short-calls/crtattiny817.o
                0x00000000                __vector_default
                0x00000000                __vectors
 *(.vectors)
 *(.progmem.gcc*)
                0x00000034                . = ALIGN (0x2)
                0x00000034                __trampolines_start = .
 *(.trampolines)
 .trampolines   0x00000034        0x0 linker stubs
 *(.trampolines*)
                0x00000034                __trampolines_end = .
 *libprintf_flt.a:*(.progmem.data)
 *libc.a:*(.progmem.data)
 *(.progmem*)
                0x00000034                . = ALIGN (0x2)
 *(.jumptables)
 *(.jumptables*)
 *(.lowtext)
 *(.lowtext*)
                0x00000034                __ctors_start = .
 *(.ctors)
                0x00000034                __ctors_end = .
                0x00000034                __dtors_start = .
 *(.dtors)
                0x00000034                __dtors_end = .
 SORT(*)(.ctors)
 SORT(*)(.dtors)
 *(.init0)
 .init0         0x00000034        0x0 E:/programmer/Atmel/7.0/Packs/Atmel/ATtiny_DFP/1.3.172/gcc/dev/attiny817/avrxmega3/short-calls/crtattiny817.o
                0x00000034                __init
 *(.init0)
 *(.init1)
 *(.init1)
 *(.init2)
 .init2         0x00000034        0xc E:/programmer/Atmel/7.0/Packs/Atmel/ATtiny_DFP/1.3.172/gcc/dev/attiny817/avrxmega3/short-calls/crtattiny817.o
 *(.init2)
 *(.init3)
 *(.init3)
 *(.init4)
 .init4         0x00000040       0x16 e:/programmer/atmel/7.0/toolchain/avr8/avr8-gnu-toolchain/bin/../lib/gcc/avr/5.4.0/avrxmega3/short-calls\libgcc.a(_copy_data.o)
                0x00000040                __do_copy_data
 .init4         0x00000056       0x10 e:/programmer/atmel/7.0/toolchain/avr8/avr8-gnu-toolchain/bin/../lib/gcc/avr/5.4.0/avrxmega3/short-calls\libgcc.a(_clear_bss.o)
                0x00000056                __do_clear_bss
 *(.init4)
 *(.init5)
 *(.init5)
 *(.init6)
 *(.init6)
 *(.init7)
 *(.init7)
 *(.init8)
 *(.init8)
 *(.init9)
 .init9         0x00000066        0x4 E:/programmer/Atmel/7.0/Packs/Atmel/ATtiny_DFP/1.3.172/gcc/dev/attiny817/avrxmega3/short-calls/crtattiny817.o
 *(.init9)
 *(.text)
 .text          0x0000006a        0x2 E:/programmer/Atmel/7.0/Packs/Atmel/ATtiny_DFP/1.3.172/gcc/dev/attiny817/avrxmega3/short-calls/crtattiny817.o
                0x0000006a                __vector_22
                0x0000006a                __vector_1
                0x0000006a                __vector_24
                0x0000006a                __vector_12
                0x0000006a                __bad_interrupt
                0x0000006a                __vector_6
                0x0000006a                __vector_3
                0x0000006a                __vector_23
                0x0000006a                __vector_25
                0x0000006a                __vector_11
                0x0000006a                __vector_13
                0x0000006a                __vector_17
                0x0000006a                __vector_19
                0x0000006a                __vector_7
                0x0000006a                __vector_5
                0x0000006a                __vector_4
                0x0000006a                __vector_9
                0x0000006a                __vector_2
                0x0000006a                __vector_21
                0x0000006a                __vector_15
                0x0000006a                __vector_8
                0x0000006a                __vector_14
                0x0000006a                __vector_10
                0x0000006a                __vector_16
                0x0000006a                __vector_18
                0x0000006a                __vector_20
                0x0000006c                . = ALIGN (0x2)
 *(.text.*)
 .text.atmel_start_init
                0x0000006c        0x4 atmel_start.o
                0x0000006c                atmel_start_init
 .text.rainbows
                0x00000070      0x1e0 colorman/rainbows.o
                0x00000070                rainbows
 .text.main     0x00000250        0xc main.o
                0x00000250                main
 .text.ADC_init
                0x0000025c        0xa src/adc_basic.o
                0x0000025c                ADC_init
 .text.BOD_init
                0x00000266        0x4 src/bod.o
                0x00000266                BOD_init
 .text.DIGGSIGG_init
                0x0000026a       0x1c src/ccl.o
                0x0000026a                DIGGSIGG_init
 .text.CLKCTRL_init
                0x00000286        0xe src/clkctrl.o
                0x00000286                CLKCTRL_init
 .text.CPUINT_init
                0x00000294        0x4 src/cpuint.o
                0x00000294                CPUINT_init
 .text.DAC_init
                0x00000298        0xa src/dac_basic.o
                0x00000298                DAC_init
 .text.mcu_init
                0x000002a2       0x38 src/driver_init.o
                0x000002a2                mcu_init
 .text.ADC_initialization
                0x000002da       0x5e src/driver_init.o
                0x000002da                ADC_initialization
 .text.TIMER_0_initialization
                0x00000338       0x12 src/driver_init.o
                0x00000338                TIMER_0_initialization
 .text.DIGGSIGG_initialization
                0x0000034a       0x12 src/driver_init.o
                0x0000034a                DIGGSIGG_initialization
 .text.SPI_0_initialization
                0x0000035c       0x1c src/driver_init.o
                0x0000035c                SPI_0_initialization
 .text.system_init
                0x00000378       0x16 src/driver_init.o
                0x00000378                system_init
 .text.protected_write_io
                0x0000038e        0x8 src/protected_io.o
                0x0000038e                protected_write_io
 .text.SLPCTRL_init
                0x00000396        0x4 src/slpctrl.o
                0x00000396                SLPCTRL_init
 .text.SPI_0_init
                0x0000039a       0x10 src/spi.o
                0x0000039a                SPI_0_init
 .text.TIMER_0_init
                0x000003aa       0x20 src/tca.o
                0x000003aa                TIMER_0_init
 .text.tinyCCLRGB_SPIWriteByte
                0x000003ca       0x28 tinyCCLRGB/tinyCCLRGB.o
 .text.tinyCCLRGB_setColor
                0x000003f2       0x1a tinyCCLRGB/tinyCCLRGB.o
                0x000003f2                tinyCCLRGB_setColor
 .text.tinyCCLRGB_uploadColorsToLeds
                0x0000040c       0x2e tinyCCLRGB/tinyCCLRGB.o
                0x0000040c                tinyCCLRGB_uploadColorsToLeds
                0x0000043a                . = ALIGN (0x2)
 *(.fini9)
 .fini9         0x0000043a        0x0 e:/programmer/atmel/7.0/toolchain/avr8/avr8-gnu-toolchain/bin/../lib/gcc/avr/5.4.0/avrxmega3/short-calls\libgcc.a(_exit.o)
                0x0000043a                _exit
                0x0000043a                exit
 *(.fini9)
 *(.fini8)
 *(.fini8)
 *(.fini7)
 *(.fini7)
 *(.fini6)
 *(.fini6)
 *(.fini5)
 *(.fini5)
 *(.fini4)
 *(.fini4)
 *(.fini3)
 *(.fini3)
 *(.fini2)
 *(.fini2)
 *(.fini1)
 *(.fini1)
 *(.fini0)
 .fini0         0x0000043a        0x4 e:/programmer/atmel/7.0/toolchain/avr8/avr8-gnu-toolchain/bin/../lib/gcc/avr/5.4.0/avrxmega3/short-calls\libgcc.a(_exit.o)
 *(.fini0)
                0x0000043e                _etext = .

.rodata         0x0000843e       0x12 load address 0x0000043e
 *(.rodata)
 .rodata        0x0000843e       0x12 colorman/rainbows.o
 *(.rodata*)
 *(.gnu.linkonce.r*)

.data           0x00803e00        0x0 load address 0x00000450
                0x00803e00                PROVIDE (__data_start, .)
 *(.data)
 *(.data*)
 *(.gnu.linkonce.d*)
                0x00803e00                . = ALIGN (0x2)
                0x00803e00                _edata = .
                0x00803e00                PROVIDE (__data_end, .)

.bss            0x00803e00       0x12
                0x00803e00                PROVIDE (__bss_start, .)
 *(.bss)
 *(.bss*)
 .bss.tinyCCLRGB_colors
                0x00803e00       0x12 tinyCCLRGB/tinyCCLRGB.o
 *(COMMON)
                0x00803e12                PROVIDE (__bss_end, .)
                0x00000450                __data_load_start = LOADADDR (.data)
                0x00000450                __data_load_end = (__data_load_start + SIZEOF (.data))

.noinit         0x00803e12        0x0
                [!provide]                PROVIDE (__noinit_start, .)
 *(.noinit*)
                [!provide]                PROVIDE (__noinit_end, .)
                0x00803e12                _end = .
                [!provide]                PROVIDE (__heap_start, .)

.eeprom         0x00810000        0x0
 *(.eeprom*)
                0x00810000                __eeprom_end = .

.fuse
 *(.fuse)
 *(.lfuse)
 *(.hfuse)
 *(.efuse)

.lock
 *(.lock*)

.signature
 *(.signature*)

.user_signatures
 *(.user_signatures*)

.stab
 *(.stab)

.stabstr
 *(.stabstr)

.stab.excl
 *(.stab.excl)

.stab.exclstr
 *(.stab.exclstr)

.stab.index
 *(.stab.index)

.stab.indexstr
 *(.stab.indexstr)

.comment        0x00000000       0x30
 *(.comment)
 .comment       0x00000000       0x30 atmel_start.o
                                 0x31 (size before relaxing)
 .comment       0x00000030       0x31 colorman/rainbows.o
 .comment       0x00000030       0x31 main.o
 .comment       0x00000030       0x31 src/adc_basic.o
 .comment       0x00000030       0x31 src/bod.o
 .comment       0x00000030       0x31 src/ccl.o
 .comment       0x00000030       0x31 src/clkctrl.o
 .comment       0x00000030       0x31 src/cpuint.o
 .comment       0x00000030       0x31 src/dac_basic.o
 .comment       0x00000030       0x31 src/driver_init.o
 .comment       0x00000030       0x31 src/slpctrl.o
 .comment       0x00000030       0x31 src/spi.o
 .comment       0x00000030       0x31 src/tca.o
 .comment       0x00000030       0x31 tinyCCLRGB/tinyCCLRGB.o

.note.gnu.avr.deviceinfo
                0x00000000       0x3c
 .note.gnu.avr.deviceinfo
                0x00000000       0x3c E:/programmer/Atmel/7.0/Packs/Atmel/ATtiny_DFP/1.3.172/gcc/dev/attiny817/avrxmega3/short-calls/crtattiny817.o

.note.gnu.build-id
 *(.note.gnu.build-id)

.debug
 *(.debug)

.line
 *(.line)

.debug_srcinfo
 *(.debug_srcinfo)

.debug_sfnames
 *(.debug_sfnames)

.debug_aranges  0x00000000      0x280
 *(.debug_aranges)
 .debug_aranges
                0x00000000       0x20 atmel_start.o
 .debug_aranges
                0x00000020       0x20 colorman/rainbows.o
 .debug_aranges
                0x00000040       0x20 main.o
 .debug_aranges
                0x00000060       0x58 src/adc_basic.o
 .debug_aranges
                0x000000b8       0x20 src/bod.o
 .debug_aranges
                0x000000d8       0x20 src/ccl.o
 .debug_aranges
                0x000000f8       0x20 src/clkctrl.o
 .debug_aranges
                0x00000118       0x20 src/cpuint.o
 .debug_aranges
                0x00000138       0x40 src/dac_basic.o
 .debug_aranges
                0x00000178       0x50 src/driver_init.o
 .debug_aranges
                0x000001c8       0x20 src/protected_io.o
 .debug_aranges
                0x000001e8       0x20 src/slpctrl.o
 .debug_aranges
                0x00000208       0x20 src/spi.o
 .debug_aranges
                0x00000228       0x20 src/tca.o
 .debug_aranges
                0x00000248       0x38 tinyCCLRGB/tinyCCLRGB.o

.debug_pubnames
 *(.debug_pubnames)

.debug_info     0x00000000     0x51fc
 *(.debug_info .gnu.linkonce.wi.*)
 .debug_info    0x00000000     0x16bc E:/programmer/Atmel/7.0/Packs/Atmel/ATtiny_DFP/1.3.172/gcc/dev/attiny817/avrxmega3/short-calls/crtattiny817.o
 .debug_info    0x000016bc       0x9a atmel_start.o
 .debug_info    0x00001756      0x1ce colorman/rainbows.o
 .debug_info    0x00001924      0x108 main.o
 .debug_info    0x00001a2c      0x484 src/adc_basic.o
 .debug_info    0x00001eb0       0x8d src/bod.o
 .debug_info    0x00001f3d      0x2fd src/ccl.o
 .debug_info    0x0000223a      0x38e src/clkctrl.o
 .debug_info    0x000025c8       0x8d src/cpuint.o
 .debug_info    0x00002655      0x184 src/dac_basic.o
 .debug_info    0x000027d9     0x10e1 src/driver_init.o
 .debug_info    0x000038ba       0x7d src/protected_io.o
 .debug_info    0x00003937       0x8d src/slpctrl.o
 .debug_info    0x000039c4      0x18f src/spi.o
 .debug_info    0x00003b53      0xa74 src/tca.o
 .debug_info    0x000045c7      0xc35 tinyCCLRGB/tinyCCLRGB.o

.debug_abbrev   0x00000000     0x2259
 *(.debug_abbrev)
 .debug_abbrev  0x00000000     0x1582 E:/programmer/Atmel/7.0/Packs/Atmel/ATtiny_DFP/1.3.172/gcc/dev/attiny817/avrxmega3/short-calls/crtattiny817.o
 .debug_abbrev  0x00001582       0x63 atmel_start.o
 .debug_abbrev  0x000015e5      0x152 colorman/rainbows.o
 .debug_abbrev  0x00001737       0xa7 main.o
 .debug_abbrev  0x000017de      0x1bc src/adc_basic.o
 .debug_abbrev  0x0000199a       0x51 src/bod.o
 .debug_abbrev  0x000019eb       0x9f src/ccl.o
 .debug_abbrev  0x00001a8a      0x105 src/clkctrl.o
 .debug_abbrev  0x00001b8f       0x51 src/cpuint.o
 .debug_abbrev  0x00001be0       0xc2 src/dac_basic.o
 .debug_abbrev  0x00001ca2      0x1f2 src/driver_init.o
 .debug_abbrev  0x00001e94       0x14 src/protected_io.o
 .debug_abbrev  0x00001ea8       0x51 src/slpctrl.o
 .debug_abbrev  0x00001ef9       0x9f src/spi.o
 .debug_abbrev  0x00001f98       0xf0 src/tca.o
 .debug_abbrev  0x00002088      0x1d1 tinyCCLRGB/tinyCCLRGB.o

.debug_line     0x00000000     0x12c0
 *(.debug_line .debug_line.* .debug_line_end)
 .debug_line    0x00000000      0x136 E:/programmer/Atmel/7.0/Packs/Atmel/ATtiny_DFP/1.3.172/gcc/dev/attiny817/avrxmega3/short-calls/crtattiny817.o
 .debug_line    0x00000136       0x60 atmel_start.o
 .debug_line    0x00000196      0x1d9 colorman/rainbows.o
 .debug_line    0x0000036f      0x121 main.o
 .debug_line    0x00000490      0x1e3 src/adc_basic.o
 .debug_line    0x00000673       0x92 src/bod.o
 .debug_line    0x00000705      0x100 src/ccl.o
 .debug_line    0x00000805      0x116 src/clkctrl.o
 .debug_line    0x0000091b       0x95 src/cpuint.o
 .debug_line    0x000009b0      0x164 src/dac_basic.o
 .debug_line    0x00000b14      0x33f src/driver_init.o
 .debug_line    0x00000e53       0x55 src/protected_io.o
 .debug_line    0x00000ea8       0x96 src/slpctrl.o
 .debug_line    0x00000f3e       0xee src/spi.o
 .debug_line    0x0000102c       0xfa src/tca.o
 .debug_line    0x00001126      0x19a tinyCCLRGB/tinyCCLRGB.o

.debug_frame    0x00000000      0x35c
 *(.debug_frame)
 .debug_frame   0x00000000       0x24 atmel_start.o
 .debug_frame   0x00000024       0x34 colorman/rainbows.o
 .debug_frame   0x00000058       0x24 main.o
 .debug_frame   0x0000007c       0x94 src/adc_basic.o
 .debug_frame   0x00000110       0x24 src/bod.o
 .debug_frame   0x00000134       0x24 src/ccl.o
 .debug_frame   0x00000158       0x24 src/clkctrl.o
 .debug_frame   0x0000017c       0x24 src/cpuint.o
 .debug_frame   0x000001a0       0x64 src/dac_basic.o
 .debug_frame   0x00000204       0x84 src/driver_init.o
 .debug_frame   0x00000288       0x24 src/slpctrl.o
 .debug_frame   0x000002ac       0x24 src/spi.o
 .debug_frame   0x000002d0       0x24 src/tca.o
 .debug_frame   0x000002f4       0x68 tinyCCLRGB/tinyCCLRGB.o

.debug_str      0x00000000     0x20e8
 *(.debug_str)
 .debug_str     0x00000000      0x9a7 E:/programmer/Atmel/7.0/Packs/Atmel/ATtiny_DFP/1.3.172/gcc/dev/attiny817/avrxmega3/short-calls/crtattiny817.o
 .debug_str     0x000009a7      0x16b atmel_start.o
                                0x19f (size before relaxing)
 .debug_str     0x00000b12       0xba colorman/rainbows.o
                                0x229 (size before relaxing)
 .debug_str     0x00000bcc       0x30 main.o
                                0x1cd (size before relaxing)
 .debug_str     0x00000bfc      0x336 src/adc_basic.o
                                0x4d2 (size before relaxing)
 .debug_str     0x00000f32       0x16 src/bod.o
                                0x18c (size before relaxing)
 .debug_str     0x00000f48      0x41c src/ccl.o
                                0x5c8 (size before relaxing)
 .debug_str     0x00001364      0x2b6 src/clkctrl.o
                                0x4a0 (size before relaxing)
 .debug_str     0x0000161a       0x1c src/cpuint.o
                                0x192 (size before relaxing)
 .debug_str     0x00001636       0x7c src/dac_basic.o
                                0x237 (size before relaxing)
 .debug_str     0x000016b2      0x48d src/driver_init.o
                                0x7a4 (size before relaxing)
 .debug_str     0x00001b3f       0x11 src/slpctrl.o
                                0x194 (size before relaxing)
 .debug_str     0x00001b50       0xbf src/spi.o
                                0x2a0 (size before relaxing)
 .debug_str     0x00001c0f      0x37f src/tca.o
                                0x690 (size before relaxing)
 .debug_str     0x00001f8e      0x15a tinyCCLRGB/tinyCCLRGB.o
                                0x768 (size before relaxing)

.debug_loc      0x00000000      0x672
 *(.debug_loc)
 .debug_loc     0x00000000       0xce colorman/rainbows.o
 .debug_loc     0x000000ce       0x87 src/adc_basic.o
 .debug_loc     0x00000155       0x29 src/clkctrl.o
 .debug_loc     0x0000017e      0x448 src/driver_init.o
 .debug_loc     0x000005c6       0xac tinyCCLRGB/tinyCCLRGB.o

.debug_macinfo
 *(.debug_macinfo)

.debug_weaknames
 *(.debug_weaknames)

.debug_funcnames
 *(.debug_funcnames)

.debug_typenames
 *(.debug_typenames)

.debug_varnames
 *(.debug_varnames)

.debug_pubtypes
 *(.debug_pubtypes)

.debug_ranges   0x00000000      0x180
 *(.debug_ranges)
 .debug_ranges  0x00000000       0x10 atmel_start.o
 .debug_ranges  0x00000010       0x10 colorman/rainbows.o
 .debug_ranges  0x00000020       0x10 main.o
 .debug_ranges  0x00000030       0x48 src/adc_basic.o
 .debug_ranges  0x00000078       0x10 src/bod.o
 .debug_ranges  0x00000088       0x10 src/ccl.o
 .debug_ranges  0x00000098       0x10 src/clkctrl.o
 .debug_ranges  0x000000a8       0x10 src/cpuint.o
 .debug_ranges  0x000000b8       0x30 src/dac_basic.o
 .debug_ranges  0x000000e8       0x40 src/driver_init.o
 .debug_ranges  0x00000128       0x10 src/slpctrl.o
 .debug_ranges  0x00000138       0x10 src/spi.o
 .debug_ranges  0x00000148       0x10 src/tca.o
 .debug_ranges  0x00000158       0x28 tinyCCLRGB/tinyCCLRGB.o

.debug_macro
 *(.debug_macro)
OUTPUT(RGB_LED.elf elf32-avr)
LOAD linker stubs
